sha256 01d8af5cd1ac92409598abe13725e86cac03385515ba94c5d74c4a9042160e03 Makefile
sha256 4d98074bdbd7ec24e0d0aae4a0718c9913b315694f605d030c9647998a6b4974 attention.cu
sha256 e35258002dec8809bcba72c8b7537e539592f03d16004334a312c9132841a6c6 attention.cuh
sha256 27d710da211d259c85d64fbbd7db383565758285686f078ee7b90fea38a70c6d bench.cuh
sha256 6eb043b0deec41825720d6ba638468d9aec856a01cb2b9dec6c23a28ffe49a81 frontier.cuh
sha256 6c7816f88d3635a7a72d3db3eb5fb7b09dd04f5350db0b76e7769ec0b570e361 hopper.cuh
sha256 b19b1442ff2453dbd29a58e393af5bcf691e65402660267912d1da9e35c622ba megakernel.cuh
sha256 2cfe05bf690ca0783fddd52ff5337f292baff00fd328c5d851d55264aadddf36 qkv.cuh
sha256 cef57ceb07ba44e55effc962c75d7f96485a7f1b80a5555438c99016553708d9 quantize.cu
sha256 f2bff3dccf7c4d0f34cf0013fecc638bf73931d93eb069f5791551950ad2a43b tokenizer.cpp
sha256 6162af3343d30737858843abf1b3e930bee0e4af510aa75df73a810816d39da9 transport.cu
sha256 4c74b0dba9a3a754d4fff90f9cab402ed715067484f50079efdc703ddb8ef6fe validate.cu
$ nvidia-smi
Sat Sep 19 03:22:14 2026       
+-----------------------------------------------------------------------------------------+
| NVIDIA-SMI 580.95.05              Driver Version: 580.95.05      CUDA Version: 13.0     |
+-----------------------------------------+------------------------+----------------------+
| GPU  Name                 Persistence-M | Bus-Id          Disp.A | Volatile Uncorr. ECC |
| Fan  Temp   Perf          Pwr:Usage/Cap |           Memory-Usage | GPU-Util  Compute M. |
|                                         |                        |               MIG M. |
|=========================================+========================+======================|
|   0  NVIDIA H100 80GB HBM3          On  |   00000000:84:00.0 Off |                    0 |
| N/A   29C    P0             71W /  700W |       4MiB /  81559MiB |      0%      Default |
|                                         |                        |             Disabled |
+-----------------------------------------+------------------------+----------------------+

+-----------------------------------------------------------------------------------------+
| Processes:                                                                              |
|  GPU   GI   CI              PID   Type   Process name                        GPU Memory |
|        ID   ID                                                               Usage      |
|=========================================================================================|
|  No running processes found                                                             |
+-----------------------------------------------------------------------------------------+

$ nvcc --version
nvcc: NVIDIA (R) Cuda compiler driver
Copyright (c) 2005-2025 NVIDIA Corporation
Built on Fri_Feb_21_20:23:50_PST_2025
Cuda compilation tools, release 12.8, V12.8.93
Build cuda_12.8.r12.8/compiler.35583870_0

$ make -C /workspace/cuda attention
make: Entering directory '/workspace/cuda'
nvcc -std=c++17 -O3 -arch=sm_90a -lineinfo -Xptxas=-v,-warn-spills -DNANO_TRANSPOSE_PAD=4 -DNANO_REUSE_QUANT=1 -DNANO_MIN_BLOCKS=4 -DNANO_ALIGNED=1 -DNANO_K_LOOP=1 -DNANO_FRONTIER=1 attention.cu -o attention
ptxas info    : 0 bytes gmem
ptxas info    : Compiling entry function '_ZN4nano10megakernelILb0ELb0ELb1EEEvNS_5GraphE' for 'sm_90a'
ptxas info    : Function properties for _ZN4nano10megakernelILb0ELb0ELb1EEEvNS_5GraphE
    0 bytes stack frame, 0 bytes spill stores, 0 bytes spill loads
ptxas info    : Used 118 registers, used 1 barriers, 32776 bytes smem
ptxas info    : Compile time = 938.090 ms
ptxas info    : Compiling entry function '_ZN4nano10megakernelILb1ELb0ELb1EEEvNS_5GraphE' for 'sm_90a'
ptxas info    : Function properties for _ZN4nano10megakernelILb1ELb0ELb1EEEvNS_5GraphE
    0 bytes stack frame, 0 bytes spill stores, 0 bytes spill loads
ptxas info    : Used 118 registers, used 1 barriers, 32776 bytes smem
ptxas info    : Compile time = 900.668 ms
ptxas info    : Compiling entry function '_Z21reset_attention_statePiii' for 'sm_90a'
ptxas info    : Function properties for _Z21reset_attention_statePiii
    0 bytes stack frame, 0 bytes spill stores, 0 bytes spill loads
ptxas info    : Used 8 registers, used 0 barriers
ptxas info    : Compile time = 1.222 ms
ptxas info    : Compiling entry function '_Z16staged_attentionN4nano9AttentionENS_8TaskKindE' for 'sm_90a'
ptxas info    : Function properties for _Z16staged_attentionN4nano9AttentionENS_8TaskKindE
    0 bytes stack frame, 0 bytes spill stores, 0 bytes spill loads
ptxas info    : Used 48 registers, used 0 barriers
ptxas info    : Compile time = 95.107 ms
make: Leaving directory '/workspace/cuda'

$ /workspace/cuda/attention --profile --gradient-chunk=4096
GPU[0]=NVIDIA H100 80GB HBM3 SMs=132 runtime=12080
mixed worker resident_ctas_per_sm=4
timing scalar attention baseline tokens=16384 qk=64 v=128 window=384; no FA3 speed claim
staged_forward_backward median_ms=10.353664 samples_ms= 10.362400 10.343424 10.352672 10.351104 10.340480 10.371936 10.338816 10.354656 10.354656 10.370720
persistent_forward_backward_plus_reset_and_sentinel median_ms=20.313440 samples_ms= 20.056896 20.339041 19.973375 20.417215 20.330336 20.355040 20.153440 20.323744 20.044800 20.303137

Static SASS instruction counts for _ZN4nano10megakernelILb0ELb0ELb1EEEvNS_5GraphE: {'HMMA': 48, 'HGMMA': 0, 'LDGSTS': 12, 'LDL': 0, 'STL': 0}
$ ncu --set full --clock-control none --cache-control none --profile-from-start off --launch-count 1 --export /workspace/cuda/profile --force-overwrite /workspace/cuda/attention --profile --gradient-chunk=4096
exit_status=0
==WARNING== Note: Running with uncontrolled GPU caches. Profiling results may be inconsistent.
==WARNING== Note: Running with unmodified GPU clocks. If not controlled otherwise, profiling results may be inconsistent.
==PROF== Connected to process 87 (/workspace/cuda/attention)
==WARNING== Unable to access the following 6 metrics: ctc__rx_bytes_data_user.sum, ctc__rx_bytes_data_user.sum.pct_of_peak_sustained_elapsed, ctc__rx_bytes_data_user.sum.per_second, ctc__tx_bytes_data_user.sum, ctc__tx_bytes_data_user.sum.pct_of_peak_sustained_elapsed, ctc__tx_bytes_data_user.sum.per_second.


==PROF== Profiling "megakernel" - 0 (1/1): 0%
==WARNING== Launching the workload is taking more time than expected. If this continues to hang, terminate the profile and re-try by profiling the range of all related launches using '--replay-mode range'. See https://docs.nvidia.com/nsight-compute/ProfilingGuide/index.html#replay for more details.
....50%....100% - 39 passes
GPU[0]=NVIDIA H100 80GB HBM3 SMs=132 runtime=12080
mixed worker resident_ctas_per_sm=4
timing scalar attention baseline tokens=16384 qk=64 v=128 window=384; no FA3 speed claim
staged_forward_backward median_ms=10.473776 samples_ms= 10.478240 10.475328 10.451616 10.512512 10.471040 10.472224 10.479008 10.469824 10.471264 10.475680
persistent_forward_backward_plus_reset_and_sentinel median_ms=20.838545 samples_ms= 20.883360 20.899073 20.796097 20.772224 21.003967 20.863329 20.683905 20.802528 20.987488 20.813761
==PROF== Disconnected from process 87
==PROF== Report: /workspace/cuda/profile.ncu-rep
