sha256 22d493979c57dd2b5bd10f12f62bb24b38b71942d5a8e8f32ef6bec9fae41c78 Makefile
sha256 489a50ab144cd30e1e42d2029754c92de2ef09a2051f1a6034f9fe840fc8d2c2 anvil.cu
sha256 1dc9217e8b64c5b061aff94ec81e26279bf1a64c9d3cc8386cc97568adc41936 anvil.cuh
sha256 96d97e1fdc6596c83415a4d0ceff7138686ea3c1aecf1c99b8d8f28d38690409 anvil_graph.cuh
sha256 5a55ce388ca131f3fcac75df07010da61a2899a0889e3f04028c49b655639607 attention.cu
sha256 e812d0893018744a951d04067f35048daff4799b3f4404eb146ba669f81f4d45 attention.cuh
sha256 d7da3145311b4d6bba6374148acf89a9e1439abb07dd3f6af0218a5e0960b4df attention_layer.cu
sha256 5e23df96de295a12c6770293bb3724e58ffee06f6310f0dbf43293c5c377ffac attention_layer.cuh
sha256 e43b134f524130c5fcc5b7ea3dfca072fed7dfcb72ff0957dbb0bd2e7d4f7733 attention_layer_reference.cuh
sha256 e8c9d493882f43781cb0cf48e1ae59a39c3d87f2901a33c07d3b52c30e092220 attention_post.cuh
sha256 7bae7cc6d4defc9026d5882b9e970dc184b2ff492d6735c7f67f40403dcfc239 attention_reference.cuh
sha256 a3be2ab6c64f030ca01f7d30c6a6bb7604b3bbe62257ba0aad9bb72bca232c76 bench.cuh
sha256 a1239425b438fa85c0628a25decee76f394162bc6c3aae2cfa03cc6e5fd1c3d9 bf16.cu
sha256 a221a6525b5565df618f066c3a4267b1702a9bef96f183e104e7974f0ecf7e3a bf16_gemm.cuh
sha256 6eb043b0deec41825720d6ba638468d9aec856a01cb2b9dec6c23a28ffe49a81 frontier.cuh
sha256 6c7816f88d3635a7a72d3db3eb5fb7b09dd04f5350db0b76e7769ec0b570e361 hopper.cuh
sha256 1e00df85a3549a3f31a8074bf98ef117fcfcb895b6960eb65326eed83b94a817 megakernel.cuh
sha256 650935fbe0799cec650ebe91331f83e58b23a3461c0a9df0f01a27a6dcebaec7 mlp_evaluation.cuh
sha256 abc976abdeaa14db113f1e1c880af4aa6b3399bb04b70e1f3718ac8abbc3d888 mlp_evaluation_check.cuh
sha256 2cfe05bf690ca0783fddd52ff5337f292baff00fd328c5d851d55264aadddf36 qkv.cuh
sha256 cef57ceb07ba44e55effc962c75d7f96485a7f1b80a5555438c99016553708d9 quantize.cu
sha256 f2bff3dccf7c4d0f34cf0013fecc638bf73931d93eb069f5791551950ad2a43b tokenizer.cpp
sha256 6162af3343d30737858843abf1b3e930bee0e4af510aa75df73a810816d39da9 transport.cu
sha256 4c74b0dba9a3a754d4fff90f9cab402ed715067484f50079efdc703ddb8ef6fe validate.cu
$ nvidia-smi
Sat Sep 19 05:43:13 2026       
+-----------------------------------------------------------------------------------------+
| NVIDIA-SMI 580.95.05              Driver Version: 580.95.05      CUDA Version: 13.0     |
+-----------------------------------------+------------------------+----------------------+
| GPU  Name                 Persistence-M | Bus-Id          Disp.A | Volatile Uncorr. ECC |
| Fan  Temp   Perf          Pwr:Usage/Cap |           Memory-Usage | GPU-Util  Compute M. |
|                                         |                        |               MIG M. |
|=========================================+========================+======================|
|   0  NVIDIA H100 80GB HBM3          On  |   00000001:4E:00.0 Off |                    0 |
| N/A   35C    P0             73W /  700W |       4MiB /  81559MiB |      0%      Default |
|                                         |                        |             Disabled |
+-----------------------------------------+------------------------+----------------------+

+-----------------------------------------------------------------------------------------+
| Processes:                                                                              |
|  GPU   GI   CI              PID   Type   Process name                        GPU Memory |
|        ID   ID                                                               Usage      |
|=========================================================================================|
|  No running processes found                                                             |
+-----------------------------------------------------------------------------------------+

$ nvcc --version
nvcc: NVIDIA (R) Cuda compiler driver
Copyright (c) 2005-2025 NVIDIA Corporation
Built on Fri_Feb_21_20:23:50_PST_2025
Cuda compilation tools, release 12.8, V12.8.93
Build cuda_12.8.r12.8/compiler.35583870_0

$ make -C /workspace/cuda evaluation
make: Entering directory '/workspace/cuda'
nvcc -std=c++17 -O3 -arch=sm_90a -lineinfo -Xptxas=-v,-warn-spills -DNANO_TRANSPOSE_PAD=4 -DNANO_REUSE_QUANT=1 -DNANO_MIN_BLOCKS=4 -DNANO_ALIGNED=1 -DNANO_K_LOOP=1 -DNANO_FRONTIER=1 -DNANO_BF16_COALESCED=1 -DNANO_COOP_PUBLISH=1 -DNANO_EVALUATION_ONLY=1 attention_layer.cu -lcublas -o evaluation
ptxas warning : Registers are spilled to local memory in function '_ZN4nano10megakernelILb0ELb0ELb1ELb1ELb0ELb1EEEvNS_5GraphE', 4 bytes spill stores, 4 bytes spill loads
ptxas warning : Registers are spilled to local memory in function '_ZN4nano10megakernelILb0ELb0ELb1ELb1ELb1ELb1EEEvNS_5GraphE', 4 bytes spill stores, 4 bytes spill loads
ptxas warning : Registers are spilled to local memory in function '_ZN4nano10megakernelILb1ELb0ELb1ELb1ELb1ELb1EEEvNS_5GraphE', 4 bytes spill stores, 4 bytes spill loads
ptxas info    : 0 bytes gmem
ptxas info    : Compiling entry function '_ZN4nano10megakernelILb0ELb0ELb1ELb1ELb0ELb1EEEvNS_5GraphE' for 'sm_90a'
ptxas info    : Function properties for _ZN4nano10megakernelILb0ELb0ELb1ELb1ELb0ELb1EEEvNS_5GraphE
    8 bytes stack frame, 4 bytes spill stores, 4 bytes spill loads
ptxas info    : Used 128 registers, used 1 barriers, 8 bytes cumulative stack size, 32800 bytes smem
ptxas info    : Compile time = 1818.913 ms
ptxas info    : Compiling entry function '_ZN4nano10megakernelILb0ELb0ELb1ELb1ELb1ELb1EEEvNS_5GraphE' for 'sm_90a'
ptxas info    : Function properties for _ZN4nano10megakernelILb0ELb0ELb1ELb1ELb1ELb1EEEvNS_5GraphE
    8 bytes stack frame, 4 bytes spill stores, 4 bytes spill loads
ptxas info    : Used 128 registers, used 1 barriers, 8 bytes cumulative stack size, 32800 bytes smem
ptxas info    : Compile time = 2071.279 ms
ptxas info    : Compiling entry function '_ZN4nano10megakernelILb1ELb0ELb1ELb1ELb1ELb1EEEvNS_5GraphE' for 'sm_90a'
ptxas info    : Function properties for _ZN4nano10megakernelILb1ELb0ELb1ELb1ELb1ELb1EEEvNS_5GraphE
    8 bytes stack frame, 4 bytes spill stores, 4 bytes spill loads
ptxas info    : Used 128 registers, used 1 barriers, 8 bytes cumulative stack size, 32800 bytes smem
ptxas info    : Compile time = 2045.315 ms
ptxas info    : Compiling entry function '_Z12staged_layerILi4EEvN4nano5GraphEi' for 'sm_90a'
ptxas info    : Function properties for _Z12staged_layerILi4EEvN4nano5GraphEi
    0 bytes stack frame, 0 bytes spill stores, 0 bytes spill loads
ptxas info    : Used 126 registers, used 1 barriers, 32768 bytes smem
ptxas info    : Compile time = 1064.533 ms
ptxas info    : Compiling entry function '_Z9post_onlyN4nano13AttentionPostENS_18AttentionPostStageE' for 'sm_90a'
ptxas info    : Function properties for _Z9post_onlyN4nano13AttentionPostENS_18AttentionPostStageE
    0 bytes stack frame, 0 bytes spill stores, 0 bytes spill loads
ptxas info    : Used 42 registers, used 0 barriers
ptxas info    : Compile time = 43.976 ms
ptxas info    : Compiling entry function '_Z12staged_layerILi1EEvN4nano5GraphEi' for 'sm_90a'
ptxas info    : Function properties for _Z12staged_layerILi1EEvN4nano5GraphEi
    0 bytes stack frame, 0 bytes spill stores, 0 bytes spill loads
ptxas info    : Used 165 registers, used 1 barriers, 32768 bytes smem
ptxas info    : Compile time = 1034.062 ms
ptxas info    : Compiling entry function '_Z11reset_layerN4nano5GraphEi' for 'sm_90a'
ptxas info    : Function properties for _Z11reset_layerN4nano5GraphEi
    0 bytes stack frame, 0 bytes spill stores, 0 bytes spill loads
ptxas info    : Used 12 registers, used 0 barriers
ptxas info    : Compile time = 2.156 ms
make: Leaving directory '/workspace/cuda'

$ /workspace/cuda/evaluation
GPU[0]=NVIDIA H100 80GB HBM3 SMs=132 runtime=12080
LAYER step=0 grad_scale=nan qkv_gain=0.75 o_gain=0.875 extra_gain=1.125
LAYER BF16 projection/product rel_l2=3.62212013e-07 max_abs=5.96046448e-07
LAYER BF16 projection/product rel_l2=6.97134956e-07 max_abs=1.13248825e-06
LAYER BF16 projection/product rel_l2=7.01928343e-07 max_abs=1.1920929e-06
LAYER Q transform rel_l2=0 max_abs=0
LAYER K transform rel_l2=0 max_abs=0
LAYER V transform rel_l2=0 max_abs=0
LAYER attention Y rel_l2=5.45250676e-08 max_abs=1.01977317e-07
LAYER post Y rel_l2=0 max_abs=0
LAYER PASS evaluation=1 tokens=16 qk=64 v=64 paired=0 xsa=0 gate=0 tasks=103
LAYER step=1 grad_scale=nan qkv_gain=1.25 o_gain=0 extra_gain=0.875
LAYER BF16 projection/product rel_l2=0 max_abs=0
LAYER BF16 projection/product rel_l2=7.19729133e-07 max_abs=2.2649765e-06
LAYER BF16 projection/product rel_l2=7.21101942e-07 max_abs=2.02655792e-06
LAYER Q transform rel_l2=0 max_abs=0
LAYER K transform rel_l2=0 max_abs=0
LAYER V transform rel_l2=0 max_abs=0
LAYER attention Y rel_l2=5.23985545e-08 max_abs=1.91009988e-07
LAYER post Y rel_l2=0 max_abs=0
LAYER PASS evaluation=1 tokens=16 qk=64 v=64 paired=0 xsa=0 gate=0 tasks=103
LAYER step=2 grad_scale=nan qkv_gain=0 o_gain=-0.5 extra_gain=1.5
LAYER BF16 projection/product rel_l2=0 max_abs=0
LAYER BF16 projection/product rel_l2=0 max_abs=0
LAYER BF16 projection/product rel_l2=0 max_abs=0
LAYER Q transform rel_l2=0 max_abs=0
LAYER K transform rel_l2=0 max_abs=0
LAYER V transform rel_l2=0 max_abs=0
LAYER attention Y rel_l2=0 max_abs=0
LAYER post Y rel_l2=0 max_abs=0
LAYER PASS evaluation=1 tokens=16 qk=64 v=64 paired=0 xsa=0 gate=0 tasks=103
LAYER step=0 grad_scale=nan qkv_gain=0.75 o_gain=0.875 extra_gain=1.125
LAYER BF16 projection/product rel_l2=7.47512976e-07 max_abs=1.66893005e-06
LAYER BF16 projection/product rel_l2=6.89881458e-07 max_abs=1.66893005e-06
LAYER Q transform rel_l2=0 max_abs=0
LAYER K transform rel_l2=0 max_abs=0
LAYER V transform rel_l2=0 max_abs=0
LAYER attention Y rel_l2=8.57242289e-08 max_abs=2.82932609e-07
LAYER post Y rel_l2=0 max_abs=0
LAYER PASS evaluation=1 tokens=32 qk=64 v=128 paired=1 xsa=0 gate=0 tasks=181
LAYER step=1 grad_scale=nan qkv_gain=1.25 o_gain=0 extra_gain=0.875
LAYER BF16 projection/product rel_l2=0 max_abs=0
LAYER BF16 projection/product rel_l2=7.10713175e-07 max_abs=2.38418579e-06
LAYER Q transform rel_l2=3.52346883e-05 max_abs=0.00390625
LAYER K transform rel_l2=0 max_abs=0
LAYER V transform rel_l2=0 max_abs=0
LAYER attention Y rel_l2=8.66702451e-08 max_abs=2.85546693e-07
LAYER post Y rel_l2=0 max_abs=0
LAYER PASS evaluation=1 tokens=32 qk=64 v=128 paired=1 xsa=0 gate=0 tasks=181
LAYER step=2 grad_scale=nan qkv_gain=0 o_gain=-0.5 extra_gain=1.5
LAYER BF16 projection/product rel_l2=6.77155276e-07 max_abs=8.34465027e-07
LAYER BF16 projection/product rel_l2=0 max_abs=0
LAYER Q transform rel_l2=0 max_abs=0
LAYER K transform rel_l2=0 max_abs=0
LAYER V transform rel_l2=0 max_abs=0
LAYER attention Y rel_l2=1.69481163e-08 max_abs=2.64909532e-08
LAYER post Y rel_l2=0 max_abs=0
LAYER PASS evaluation=1 tokens=32 qk=64 v=128 paired=1 xsa=0 gate=0 tasks=181
LAYER step=0 grad_scale=nan qkv_gain=0.75 o_gain=0.875 extra_gain=1.125
LAYER BF16 projection/product rel_l2=7.86965598e-07 max_abs=8.94069672e-07
LAYER BF16 projection/product rel_l2=6.98774212e-07 max_abs=1.43051147e-06
LAYER Q transform rel_l2=4.15800479e-11 max_abs=6.51925802e-09
LAYER K transform rel_l2=0 max_abs=0
LAYER V transform rel_l2=0 max_abs=0
LAYER attention Y rel_l2=6.56990834e-08 max_abs=1.6538296e-07
LAYER post Y rel_l2=3.82444989e-08 max_abs=6.17943248e-08
LAYER PASS evaluation=1 tokens=32 qk=128 v=128 paired=0 xsa=1 gate=1 tasks=193
LAYER step=1 grad_scale=nan qkv_gain=1.25 o_gain=0 extra_gain=0.875
LAYER BF16 projection/product rel_l2=0 max_abs=0
LAYER BF16 projection/product rel_l2=7.15326355e-07 max_abs=2.14576721e-06
LAYER Q transform rel_l2=1.24574891e-05 max_abs=0.001953125
LAYER K transform rel_l2=0 max_abs=0
LAYER V transform rel_l2=0 max_abs=0
LAYER attention Y rel_l2=6.63532368e-08 max_abs=3.39632521e-07
LAYER post Y rel_l2=3.78231804e-08 max_abs=9.74095504e-08
LAYER PASS evaluation=1 tokens=32 qk=128 v=128 paired=0 xsa=1 gate=1 tasks=193
LAYER step=2 grad_scale=nan qkv_gain=0 o_gain=-0.5 extra_gain=1.5
LAYER BF16 projection/product rel_l2=7.41820413e-07 max_abs=3.87430191e-07
LAYER BF16 projection/product rel_l2=0 max_abs=0
LAYER Q transform rel_l2=0 max_abs=0
LAYER K transform rel_l2=0 max_abs=0
LAYER V transform rel_l2=0 max_abs=0
LAYER attention Y rel_l2=1.45899384e-08 max_abs=2.38418579e-08
LAYER post Y rel_l2=3.78894041e-08 max_abs=4.83904765e-08
LAYER PASS evaluation=1 tokens=32 qk=128 v=128 paired=0 xsa=1 gate=1 tasks=193
LAYER step=0 grad_scale=nan qkv_gain=0.75 o_gain=0.875 extra_gain=1.125
LAYER BF16 projection/product rel_l2=3.68982209e-07 max_abs=9.53674316e-07
LAYER BF16 projection/product rel_l2=6.98394062e-07 max_abs=1.43051147e-06
LAYER BF16 projection/product rel_l2=6.95235843e-07 max_abs=1.49011612e-06
LAYER Q transform rel_l2=0 max_abs=0
LAYER K transform rel_l2=0 max_abs=0
LAYER V transform rel_l2=0 max_abs=0
LAYER attention Y rel_l2=9.38066734e-08 max_abs=2.32525844e-07
LAYER post Y rel_l2=2.88285533e-08 max_abs=1.29678063e-07
LAYER PASS evaluation=1 tokens=80 qk=64 v=64 paired=0 xsa=1 gate=0 tasks=421
LAYER step=1 grad_scale=nan qkv_gain=1.25 o_gain=0 extra_gain=0.875
LAYER BF16 projection/product rel_l2=0 max_abs=0
LAYER BF16 projection/product rel_l2=7.1895069e-07 max_abs=2.38418579e-06
LAYER BF16 projection/product rel_l2=7.16640763e-07 max_abs=2.62260437e-06
LAYER Q transform rel_l2=2.22845089e-05 max_abs=0.00390625
LAYER K transform rel_l2=4.35243455e-08 max_abs=7.62939453e-06
LAYER V transform rel_l2=0 max_abs=0
LAYER attention Y rel_l2=9.35606873e-08 max_abs=3.32973498e-07
LAYER post Y rel_l2=3.02759863e-08 max_abs=1.87279879e-07
LAYER PASS evaluation=1 tokens=80 qk=64 v=64 paired=0 xsa=1 gate=0 tasks=421
LAYER step=2 grad_scale=nan qkv_gain=0 o_gain=-0.5 extra_gain=1.5
LAYER BF16 projection/product rel_l2=3.60353579e-07 max_abs=4.76837158e-07
LAYER BF16 projection/product rel_l2=0 max_abs=0
LAYER BF16 projection/product rel_l2=0 max_abs=0
LAYER Q transform rel_l2=0 max_abs=0
LAYER K transform rel_l2=0 max_abs=0
LAYER V transform rel_l2=0 max_abs=0
LAYER attention Y rel_l2=1.71338264e-08 max_abs=2.64909532e-08
LAYER post Y rel_l2=2.95364934e-08 max_abs=6.5532169e-08
LAYER PASS evaluation=1 tokens=80 qk=64 v=64 paired=0 xsa=1 gate=0 tasks=421
LAYER step=0 grad_scale=nan qkv_gain=0.75 o_gain=0.875 extra_gain=1.125
LAYER BF16 projection/product rel_l2=8.12529427e-07 max_abs=4.76837158e-07
LAYER BF16 projection/product rel_l2=6.98774212e-07 max_abs=1.43051147e-06
LAYER Q transform rel_l2=4.15800479e-11 max_abs=6.51925802e-09
LAYER K transform rel_l2=0 max_abs=0
LAYER V transform rel_l2=0 max_abs=0
LAYER attention Y rel_l2=6.63437186e-08 max_abs=1.35583862e-07
LAYER post Y rel_l2=0 max_abs=0
LAYER PASS evaluation=1 tokens=32 qk=128 v=128 paired=0 xsa=0 gate=1 tasks=193
LAYER step=1 grad_scale=nan qkv_gain=1.25 o_gain=0 extra_gain=0.875
LAYER BF16 projection/product rel_l2=0 max_abs=0
LAYER BF16 projection/product rel_l2=7.15326355e-07 max_abs=2.14576721e-06
LAYER Q transform rel_l2=1.24574891e-05 max_abs=0.001953125
LAYER K transform rel_l2=0 max_abs=0
LAYER V transform rel_l2=0 max_abs=0
LAYER attention Y rel_l2=6.70066392e-08 max_abs=2.50015665e-07
LAYER post Y rel_l2=0 max_abs=0
LAYER PASS evaluation=1 tokens=32 qk=128 v=128 paired=0 xsa=0 gate=1 tasks=193
LAYER step=2 grad_scale=nan qkv_gain=0 o_gain=-0.5 extra_gain=1.5
LAYER BF16 projection/product rel_l2=0 max_abs=0
LAYER BF16 projection/product rel_l2=0 max_abs=0
LAYER Q transform rel_l2=0 max_abs=0
LAYER K transform rel_l2=0 max_abs=0
LAYER V transform rel_l2=0 max_abs=0
LAYER attention Y rel_l2=0 max_abs=0
LAYER post Y rel_l2=0 max_abs=0
LAYER PASS evaluation=1 tokens=32 qk=128 v=128 paired=0 xsa=0 gate=1 tasks=193
LAYER BF16 projection/product rel_l2=7.28271504e-07 max_abs=1.90734863e-06
LAYER BF16 projection/product rel_l2=2.98697076e-06 max_abs=7.03334808e-06
EVAL MLP PASS tokens=16 step=0 tasks=56 roots=44 row_dependencies=1
LAYER BF16 projection/product rel_l2=7.26243493e-07 max_abs=2.02655792e-06
LAYER BF16 projection/product rel_l2=3.00288773e-06 max_abs=7.39097595e-06
EVAL MLP PASS tokens=16 step=1 tasks=56 roots=44 row_dependencies=1
LAYER BF16 projection/product rel_l2=7.26243493e-07 max_abs=2.02655792e-06
LAYER BF16 projection/product rel_l2=0 max_abs=0
EVAL MLP PASS tokens=16 step=2 tasks=56 roots=44 row_dependencies=1
LAYER BF16 projection/product rel_l2=7.31736516e-07 max_abs=2.14576721e-06
LAYER BF16 projection/product rel_l2=3.03555667e-06 max_abs=7.15255737e-06
EVAL MLP PASS tokens=80 step=0 tasks=112 roots=88 row_dependencies=2
LAYER BF16 projection/product rel_l2=7.31820741e-07 max_abs=2.14576721e-06
LAYER BF16 projection/product rel_l2=3.04009382e-06 max_abs=8.10623169e-06
EVAL MLP PASS tokens=80 step=1 tasks=112 roots=88 row_dependencies=2
LAYER BF16 projection/product rel_l2=7.31820741e-07 max_abs=2.14576721e-06
LAYER BF16 projection/product rel_l2=0 max_abs=0
EVAL MLP PASS tokens=80 step=2 tasks=112 roots=88 row_dependencies=2
PASS: connected attention layer, independent stage references and exact replay
LAYER BENCH evaluation=1 tokens=16384 qk=64 v=128 paired=1 window=128 documents=19 workers=528 tasks=82945 stages=6
LAYER BF16 evaluation bitwise replay PASS; normalized input supplied externally
LAYER separate stages median_ms=3.125520 samples_ms= 3.125024 3.124960 3.126016 3.123456 3.122560 3.124736 3.126336 3.126048 3.126240 3.127200
LAYER CUDA Graph median_ms=3.120112 samples_ms= 3.120064 3.120448 3.118912 3.119680 3.119744 3.120992 3.120160 3.121056 3.119968 3.120800
LAYER CUDA Graph four-block occupancy median_ms=2.485120 samples_ms= 2.484960 2.485408 2.484160 2.485088 2.484512 2.485440 2.485568 2.483968 2.485152 2.485376
LAYER persistent+reset workers=132 median_ms=10.125920 samples_ms= 10.127840 10.130560 10.127488 10.123072 10.124352 10.127616 10.123744 10.121280 10.122944 10.130752
LAYER persistent+reset workers=264 median_ms=5.286960 samples_ms= 5.287840 5.292128 5.286272 5.287904 5.285760 5.285888 5.286016 5.287776 5.285024 5.287648
LAYER persistent+reset workers=528 median_ms=2.950032 samples_ms= 2.950240 2.950016 2.947840 2.949792 2.948384 2.951648 2.951168 2.950048 2.951104 2.947776
LAYER BENCH evaluation=1 tokens=16384 qk=64 v=64 paired=0 window=128 documents=19 workers=528 tasks=81409 stages=6
LAYER BF16 evaluation bitwise replay PASS; normalized input supplied externally
LAYER separate stages median_ms=2.806704 samples_ms= 2.806208 2.806560 2.806848 2.806912 2.805952 2.807008 2.804928 2.807808 2.806368 2.810720
LAYER CUDA Graph median_ms=2.802624 samples_ms= 2.801696 2.802144 2.803520 2.800832 2.802720 2.802880 2.802528 2.803200 2.800800 2.802880
LAYER CUDA Graph four-block occupancy median_ms=2.204576 samples_ms= 2.203712 2.204800 2.204960 2.204896 2.204352 2.203392 2.203200 2.204128 2.205696 2.204864
LAYER persistent+reset workers=132 median_ms=9.479072 samples_ms= 9.479680 9.469920 9.470336 9.477056 9.478464 9.469664 9.483744 9.480064 9.487136 9.484128
LAYER persistent+reset workers=264 median_ms=4.893680 samples_ms= 4.893920 4.894048 4.892992 4.893824 4.894848 4.893024 4.893504 4.894464 4.893536 4.893248
LAYER persistent+reset workers=528 median_ms=2.663008 samples_ms= 2.660032 2.662944 2.661440 2.664128 2.663808 2.664288 2.660320 2.663072 2.661760 2.666592
LAYER BENCH evaluation=1 tokens=16384 qk=128 v=128 paired=0 window=384 documents=19 workers=528 tasks=86017 stages=6
LAYER BF16 evaluation bitwise replay PASS; normalized input supplied externally
LAYER separate stages median_ms=10.811952 samples_ms= 10.808672 10.818144 10.815360 10.808192 10.810880 10.811712 10.801472 10.814368 10.812192 10.817600
LAYER CUDA Graph median_ms=10.808112 samples_ms= 10.806400 10.806048 10.808640 10.809568 10.808192 10.817472 10.806816 10.807360 10.808032 10.809984
LAYER CUDA Graph four-block occupancy median_ms=9.476768 samples_ms= 9.474144 9.471744 9.485408 9.470080 9.475392 9.478144 9.465184 9.478496 9.478624 9.480192
LAYER persistent+reset workers=132 median_ms=28.353969 samples_ms= 28.354849 28.353088 28.352448 28.358112 28.352863 28.380064 28.351423 28.348448 28.355167 28.388927
LAYER persistent+reset workers=264 median_ms=14.612656 samples_ms= 14.616032 14.617760 14.609600 14.609088 14.610368 14.612448 14.627648 14.607424 14.617056 14.612864
LAYER persistent+reset workers=528 median_ms=9.950592 samples_ms= 9.947680 9.953024 9.949600 9.949184 9.952928 9.946592 9.956512 9.954880 9.951584 9.947584
EVAL MLP BENCH tokens=16384 hidden=2816 tasks=14336 roots=11264 row_dependencies=256
EVAL MLP CUDA Graph median_ms=6.570672 samples_ms= 6.536416 6.563424 6.583424 6.600416 6.547488 6.530976 6.599456 6.577920 6.540544 6.585344
EVAL MLP CUDA Graph four-block occupancy median_ms=4.921552 samples_ms= 4.986624 4.985536 4.893728 4.909280 4.908640 4.943072 4.923168 4.919936 4.899936 4.942592
EVAL MLP persistent+reset workers=132 median_ms=13.511056 samples_ms= 13.568640 13.500256 13.555264 13.406848 13.530976 13.494208 13.521856 13.579072 13.461152 13.429376
EVAL MLP persistent+reset workers=264 median_ms=6.990768 samples_ms= 7.016224 7.009600 6.985120 7.013728 6.973344 6.981632 6.996416 6.969504 6.980992 7.004000
EVAL MLP persistent+reset workers=528 median_ms=4.300288 samples_ms= 4.343264 4.234240 4.269216 4.306368 4.339392 4.258336 4.294208 4.320096 4.347168 4.244128
EVAL MLP BENCH tokens=262144 hidden=2816 tasks=229376 roots=180224 row_dependencies=4096
EVAL MLP CUDA Graph median_ms=100.782303 samples_ms= 100.722206 100.663681 100.885117 100.943619 100.773277 100.521828 100.878563 100.815521 100.791328 100.751389
EVAL MLP CUDA Graph four-block occupancy median_ms=76.844032 samples_ms= 76.758820 76.889252 76.754051 76.913155 76.934723 76.818878 76.590561 76.762428 76.869186 77.009155
EVAL MLP persistent+reset workers=132 median_ms=212.293587 samples_ms= 212.348190 211.993057 212.369308 211.693726 212.880890 212.238983 212.468414 212.008667 212.791687 211.978714
EVAL MLP persistent+reset workers=264 median_ms=107.569153 samples_ms= 107.616066 107.606590 107.547646 107.522781 107.460609 107.544830 107.642685 107.625153 107.560608 107.577698
EVAL MLP persistent+reset workers=528 median_ms=67.567459 samples_ms= 67.980095 66.897789 67.253441 67.783203 67.368866 67.793503 67.749924 67.014877 67.384995 67.930275

$ make -C /workspace/cuda sanitize BIN=evaluation CHECK_FLAGS=
make: Entering directory '/workspace/cuda'
compute-sanitizer --tool memcheck --error-exitcode 1 ./evaluation --quick 
========= COMPUTE-SANITIZER
GPU[0]=NVIDIA H100 80GB HBM3 SMs=132 runtime=12080
LAYER step=0 grad_scale=nan qkv_gain=0.75 o_gain=0.875 extra_gain=1.125
LAYER BF16 projection/product rel_l2=3.62212013e-07 max_abs=5.96046448e-07
LAYER BF16 projection/product rel_l2=6.97134956e-07 max_abs=1.13248825e-06
LAYER BF16 projection/product rel_l2=7.01928343e-07 max_abs=1.1920929e-06
LAYER Q transform rel_l2=0 max_abs=0
LAYER K transform rel_l2=0 max_abs=0
LAYER V transform rel_l2=0 max_abs=0
LAYER attention Y rel_l2=5.45250676e-08 max_abs=1.01977317e-07
LAYER post Y rel_l2=0 max_abs=0
LAYER PASS evaluation=1 tokens=16 qk=64 v=64 paired=0 xsa=0 gate=0 tasks=103
LAYER step=1 grad_scale=nan qkv_gain=1.25 o_gain=0 extra_gain=0.875
LAYER BF16 projection/product rel_l2=0 max_abs=0
LAYER BF16 projection/product rel_l2=7.19729133e-07 max_abs=2.2649765e-06
LAYER BF16 projection/product rel_l2=7.21101942e-07 max_abs=2.02655792e-06
LAYER Q transform rel_l2=0 max_abs=0
LAYER K transform rel_l2=0 max_abs=0
LAYER V transform rel_l2=0 max_abs=0
LAYER attention Y rel_l2=5.23985545e-08 max_abs=1.91009988e-07
LAYER post Y rel_l2=0 max_abs=0
LAYER PASS evaluation=1 tokens=16 qk=64 v=64 paired=0 xsa=0 gate=0 tasks=103
LAYER step=0 grad_scale=nan qkv_gain=0.75 o_gain=0.875 extra_gain=1.125
LAYER BF16 projection/product rel_l2=7.47512976e-07 max_abs=1.66893005e-06
LAYER BF16 projection/product rel_l2=6.89881458e-07 max_abs=1.66893005e-06
LAYER Q transform rel_l2=0 max_abs=0
LAYER K transform rel_l2=0 max_abs=0
LAYER V transform rel_l2=0 max_abs=0
LAYER attention Y rel_l2=8.57242289e-08 max_abs=2.82932609e-07
LAYER post Y rel_l2=0 max_abs=0
LAYER PASS evaluation=1 tokens=32 qk=64 v=128 paired=1 xsa=0 gate=0 tasks=181
LAYER step=1 grad_scale=nan qkv_gain=1.25 o_gain=0 extra_gain=0.875
LAYER BF16 projection/product rel_l2=0 max_abs=0
LAYER BF16 projection/product rel_l2=7.10713175e-07 max_abs=2.38418579e-06
LAYER Q transform rel_l2=3.52346883e-05 max_abs=0.00390625
LAYER K transform rel_l2=0 max_abs=0
LAYER V transform rel_l2=0 max_abs=0
LAYER attention Y rel_l2=8.66702451e-08 max_abs=2.85546693e-07
LAYER post Y rel_l2=0 max_abs=0
LAYER PASS evaluation=1 tokens=32 qk=64 v=128 paired=1 xsa=0 gate=0 tasks=181
LAYER step=0 grad_scale=nan qkv_gain=0.75 o_gain=0.875 extra_gain=1.125
LAYER BF16 projection/product rel_l2=7.86965598e-07 max_abs=8.94069672e-07
LAYER BF16 projection/product rel_l2=6.98774212e-07 max_abs=1.43051147e-06
LAYER Q transform rel_l2=4.15800479e-11 max_abs=6.51925802e-09
LAYER K transform rel_l2=0 max_abs=0
LAYER V transform rel_l2=0 max_abs=0
LAYER attention Y rel_l2=6.56990834e-08 max_abs=1.6538296e-07
LAYER post Y rel_l2=3.82444989e-08 max_abs=6.17943248e-08
LAYER PASS evaluation=1 tokens=32 qk=128 v=128 paired=0 xsa=1 gate=1 tasks=193
LAYER step=1 grad_scale=nan qkv_gain=1.25 o_gain=0 extra_gain=0.875
LAYER BF16 projection/product rel_l2=0 max_abs=0
LAYER BF16 projection/product rel_l2=7.15326355e-07 max_abs=2.14576721e-06
LAYER Q transform rel_l2=1.24574891e-05 max_abs=0.001953125
LAYER K transform rel_l2=0 max_abs=0
LAYER V transform rel_l2=0 max_abs=0
LAYER attention Y rel_l2=6.63532368e-08 max_abs=3.39632521e-07
LAYER post Y rel_l2=3.78231804e-08 max_abs=9.74095504e-08
LAYER PASS evaluation=1 tokens=32 qk=128 v=128 paired=0 xsa=1 gate=1 tasks=193
LAYER step=0 grad_scale=nan qkv_gain=0.75 o_gain=0.875 extra_gain=1.125
LAYER BF16 projection/product rel_l2=3.68982209e-07 max_abs=9.53674316e-07
LAYER BF16 projection/product rel_l2=6.98394062e-07 max_abs=1.43051147e-06
LAYER BF16 projection/product rel_l2=6.95235843e-07 max_abs=1.49011612e-06
LAYER Q transform rel_l2=0 max_abs=0
LAYER K transform rel_l2=0 max_abs=0
LAYER V transform rel_l2=0 max_abs=0
LAYER attention Y rel_l2=9.38066734e-08 max_abs=2.32525844e-07
LAYER post Y rel_l2=2.88285533e-08 max_abs=1.29678063e-07
LAYER PASS evaluation=1 tokens=80 qk=64 v=64 paired=0 xsa=1 gate=0 tasks=421
LAYER step=1 grad_scale=nan qkv_gain=1.25 o_gain=0 extra_gain=0.875
LAYER BF16 projection/product rel_l2=0 max_abs=0
LAYER BF16 projection/product rel_l2=7.1895069e-07 max_abs=2.38418579e-06
LAYER BF16 projection/product rel_l2=7.16640763e-07 max_abs=2.62260437e-06
LAYER Q transform rel_l2=2.22845089e-05 max_abs=0.00390625
LAYER K transform rel_l2=4.35243455e-08 max_abs=7.62939453e-06
LAYER V transform rel_l2=0 max_abs=0
LAYER attention Y rel_l2=9.35606873e-08 max_abs=3.32973498e-07
LAYER post Y rel_l2=3.02759863e-08 max_abs=1.87279879e-07
LAYER PASS evaluation=1 tokens=80 qk=64 v=64 paired=0 xsa=1 gate=0 tasks=421
LAYER BF16 projection/product rel_l2=7.28271504e-07 max_abs=1.90734863e-06
LAYER BF16 projection/product rel_l2=2.98697076e-06 max_abs=7.03334808e-06
EVAL MLP PASS tokens=16 step=0 tasks=56 roots=44 row_dependencies=1
LAYER BF16 projection/product rel_l2=7.26243493e-07 max_abs=2.02655792e-06
LAYER BF16 projection/product rel_l2=3.00288773e-06 max_abs=7.39097595e-06
EVAL MLP PASS tokens=16 step=1 tasks=56 roots=44 row_dependencies=1
LAYER BF16 projection/product rel_l2=7.31736516e-07 max_abs=2.14576721e-06
LAYER BF16 projection/product rel_l2=3.03555667e-06 max_abs=7.15255737e-06
EVAL MLP PASS tokens=80 step=0 tasks=112 roots=88 row_dependencies=2
LAYER BF16 projection/product rel_l2=7.31820741e-07 max_abs=2.14576721e-06
LAYER BF16 projection/product rel_l2=3.04009382e-06 max_abs=8.10623169e-06
EVAL MLP PASS tokens=80 step=1 tasks=112 roots=88 row_dependencies=2
PASS: connected attention layer, independent stage references and exact replay
========= ERROR SUMMARY: 0 errors
compute-sanitizer --tool initcheck --error-exitcode 1 ./evaluation --quick 
========= COMPUTE-SANITIZER
GPU[0]=NVIDIA H100 80GB HBM3 SMs=132 runtime=12080
LAYER step=0 grad_scale=nan qkv_gain=0.75 o_gain=0.875 extra_gain=1.125
LAYER BF16 projection/product rel_l2=3.62212013e-07 max_abs=5.96046448e-07
LAYER BF16 projection/product rel_l2=6.97134956e-07 max_abs=1.13248825e-06
LAYER BF16 projection/product rel_l2=7.01928343e-07 max_abs=1.1920929e-06
LAYER Q transform rel_l2=0 max_abs=0
LAYER K transform rel_l2=0 max_abs=0
LAYER V transform rel_l2=0 max_abs=0
LAYER attention Y rel_l2=5.45250676e-08 max_abs=1.01977317e-07
LAYER post Y rel_l2=0 max_abs=0
LAYER PASS evaluation=1 tokens=16 qk=64 v=64 paired=0 xsa=0 gate=0 tasks=103
LAYER step=1 grad_scale=nan qkv_gain=1.25 o_gain=0 extra_gain=0.875
LAYER BF16 projection/product rel_l2=0 max_abs=0
LAYER BF16 projection/product rel_l2=7.19729133e-07 max_abs=2.2649765e-06
LAYER BF16 projection/product rel_l2=7.21101942e-07 max_abs=2.02655792e-06
LAYER Q transform rel_l2=0 max_abs=0
LAYER K transform rel_l2=0 max_abs=0
LAYER V transform rel_l2=0 max_abs=0
LAYER attention Y rel_l2=5.23985545e-08 max_abs=1.91009988e-07
LAYER post Y rel_l2=0 max_abs=0
LAYER PASS evaluation=1 tokens=16 qk=64 v=64 paired=0 xsa=0 gate=0 tasks=103
LAYER step=0 grad_scale=nan qkv_gain=0.75 o_gain=0.875 extra_gain=1.125
LAYER BF16 projection/product rel_l2=7.47512976e-07 max_abs=1.66893005e-06
LAYER BF16 projection/product rel_l2=6.89881458e-07 max_abs=1.66893005e-06
LAYER Q transform rel_l2=0 max_abs=0
LAYER K transform rel_l2=0 max_abs=0
LAYER V transform rel_l2=0 max_abs=0
LAYER attention Y rel_l2=8.57242289e-08 max_abs=2.82932609e-07
LAYER post Y rel_l2=0 max_abs=0
LAYER PASS evaluation=1 tokens=32 qk=64 v=128 paired=1 xsa=0 gate=0 tasks=181
LAYER step=1 grad_scale=nan qkv_gain=1.25 o_gain=0 extra_gain=0.875
LAYER BF16 projection/product rel_l2=0 max_abs=0
LAYER BF16 projection/product rel_l2=7.10713175e-07 max_abs=2.38418579e-06
LAYER Q transform rel_l2=3.52346883e-05 max_abs=0.00390625
LAYER K transform rel_l2=0 max_abs=0
LAYER V transform rel_l2=0 max_abs=0
LAYER attention Y rel_l2=8.66702451e-08 max_abs=2.85546693e-07
LAYER post Y rel_l2=0 max_abs=0
LAYER PASS evaluation=1 tokens=32 qk=64 v=128 paired=1 xsa=0 gate=0 tasks=181
LAYER step=0 grad_scale=nan qkv_gain=0.75 o_gain=0.875 extra_gain=1.125
LAYER BF16 projection/product rel_l2=7.86965598e-07 max_abs=8.94069672e-07
LAYER BF16 projection/product rel_l2=6.98774212e-07 max_abs=1.43051147e-06
LAYER Q transform rel_l2=4.15800479e-11 max_abs=6.51925802e-09
LAYER K transform rel_l2=0 max_abs=0
LAYER V transform rel_l2=0 max_abs=0
LAYER attention Y rel_l2=6.56990834e-08 max_abs=1.6538296e-07
LAYER post Y rel_l2=3.82444989e-08 max_abs=6.17943248e-08
LAYER PASS evaluation=1 tokens=32 qk=128 v=128 paired=0 xsa=1 gate=1 tasks=193
LAYER step=1 grad_scale=nan qkv_gain=1.25 o_gain=0 extra_gain=0.875
LAYER BF16 projection/product rel_l2=0 max_abs=0
LAYER BF16 projection/product rel_l2=7.15326355e-07 max_abs=2.14576721e-06
LAYER Q transform rel_l2=1.24574891e-05 max_abs=0.001953125
LAYER K transform rel_l2=0 max_abs=0
LAYER V transform rel_l2=0 max_abs=0
LAYER attention Y rel_l2=6.63532368e-08 max_abs=3.39632521e-07
LAYER post Y rel_l2=3.78231804e-08 max_abs=9.74095504e-08
LAYER PASS evaluation=1 tokens=32 qk=128 v=128 paired=0 xsa=1 gate=1 tasks=193
LAYER step=0 grad_scale=nan qkv_gain=0.75 o_gain=0.875 extra_gain=1.125
LAYER BF16 projection/product rel_l2=3.68982209e-07 max_abs=9.53674316e-07
LAYER BF16 projection/product rel_l2=6.98394062e-07 max_abs=1.43051147e-06
LAYER BF16 projection/product rel_l2=6.95235843e-07 max_abs=1.49011612e-06
LAYER Q transform rel_l2=0 max_abs=0
LAYER K transform rel_l2=0 max_abs=0
LAYER V transform rel_l2=0 max_abs=0
LAYER attention Y rel_l2=9.38066734e-08 max_abs=2.32525844e-07
LAYER post Y rel_l2=2.88285533e-08 max_abs=1.29678063e-07
LAYER PASS evaluation=1 tokens=80 qk=64 v=64 paired=0 xsa=1 gate=0 tasks=421
LAYER step=1 grad_scale=nan qkv_gain=1.25 o_gain=0 extra_gain=0.875
LAYER BF16 projection/product rel_l2=0 max_abs=0
LAYER BF16 projection/product rel_l2=7.1895069e-07 max_abs=2.38418579e-06
LAYER BF16 projection/product rel_l2=7.16640763e-07 max_abs=2.62260437e-06
LAYER Q transform rel_l2=2.22845089e-05 max_abs=0.00390625
LAYER K transform rel_l2=4.35243455e-08 max_abs=7.62939453e-06
LAYER V transform rel_l2=0 max_abs=0
LAYER attention Y rel_l2=9.35606873e-08 max_abs=3.32973498e-07
LAYER post Y rel_l2=3.02759863e-08 max_abs=1.87279879e-07
LAYER PASS evaluation=1 tokens=80 qk=64 v=64 paired=0 xsa=1 gate=0 tasks=421
LAYER BF16 projection/product rel_l2=7.28271504e-07 max_abs=1.90734863e-06
LAYER BF16 projection/product rel_l2=2.98697076e-06 max_abs=7.03334808e-06
EVAL MLP PASS tokens=16 step=0 tasks=56 roots=44 row_dependencies=1
LAYER BF16 projection/product rel_l2=7.26243493e-07 max_abs=2.02655792e-06
LAYER BF16 projection/product rel_l2=3.00288773e-06 max_abs=7.39097595e-06
EVAL MLP PASS tokens=16 step=1 tasks=56 roots=44 row_dependencies=1
LAYER BF16 projection/product rel_l2=7.31736516e-07 max_abs=2.14576721e-06
LAYER BF16 projection/product rel_l2=3.03555667e-06 max_abs=7.15255737e-06
EVAL MLP PASS tokens=80 step=0 tasks=112 roots=88 row_dependencies=2
LAYER BF16 projection/product rel_l2=7.31820741e-07 max_abs=2.14576721e-06
LAYER BF16 projection/product rel_l2=3.04009382e-06 max_abs=8.10623169e-06
EVAL MLP PASS tokens=80 step=1 tasks=112 roots=88 row_dependencies=2
PASS: connected attention layer, independent stage references and exact replay
========= ERROR SUMMARY: 0 errors
compute-sanitizer --tool racecheck --error-exitcode 1 ./evaluation --quick 
========= COMPUTE-SANITIZER
GPU[0]=NVIDIA H100 80GB HBM3 SMs=132 runtime=12080
LAYER step=0 grad_scale=nan qkv_gain=0.75 o_gain=0.875 extra_gain=1.125
LAYER BF16 projection/product rel_l2=3.62212013e-07 max_abs=5.96046448e-07
LAYER BF16 projection/product rel_l2=6.97134956e-07 max_abs=1.13248825e-06
LAYER BF16 projection/product rel_l2=7.01928343e-07 max_abs=1.1920929e-06
LAYER Q transform rel_l2=0 max_abs=0
LAYER K transform rel_l2=0 max_abs=0
LAYER V transform rel_l2=0 max_abs=0
LAYER attention Y rel_l2=5.45250676e-08 max_abs=1.01977317e-07
LAYER post Y rel_l2=0 max_abs=0
LAYER PASS evaluation=1 tokens=16 qk=64 v=64 paired=0 xsa=0 gate=0 tasks=103
LAYER step=1 grad_scale=nan qkv_gain=1.25 o_gain=0 extra_gain=0.875
LAYER BF16 projection/product rel_l2=0 max_abs=0
LAYER BF16 projection/product rel_l2=7.19729133e-07 max_abs=2.2649765e-06
LAYER BF16 projection/product rel_l2=7.21101942e-07 max_abs=2.02655792e-06
LAYER Q transform rel_l2=0 max_abs=0
LAYER K transform rel_l2=0 max_abs=0
LAYER V transform rel_l2=0 max_abs=0
LAYER attention Y rel_l2=5.23985545e-08 max_abs=1.91009988e-07
LAYER post Y rel_l2=0 max_abs=0
LAYER PASS evaluation=1 tokens=16 qk=64 v=64 paired=0 xsa=0 gate=0 tasks=103
LAYER step=0 grad_scale=nan qkv_gain=0.75 o_gain=0.875 extra_gain=1.125
LAYER BF16 projection/product rel_l2=7.47512976e-07 max_abs=1.66893005e-06
LAYER BF16 projection/product rel_l2=6.89881458e-07 max_abs=1.66893005e-06
LAYER Q transform rel_l2=0 max_abs=0
LAYER K transform rel_l2=0 max_abs=0
LAYER V transform rel_l2=0 max_abs=0
LAYER attention Y rel_l2=8.57242289e-08 max_abs=2.82932609e-07
LAYER post Y rel_l2=0 max_abs=0
LAYER PASS evaluation=1 tokens=32 qk=64 v=128 paired=1 xsa=0 gate=0 tasks=181
LAYER step=1 grad_scale=nan qkv_gain=1.25 o_gain=0 extra_gain=0.875
LAYER BF16 projection/product rel_l2=0 max_abs=0
LAYER BF16 projection/product rel_l2=7.10713175e-07 max_abs=2.38418579e-06
LAYER Q transform rel_l2=3.52346883e-05 max_abs=0.00390625
LAYER K transform rel_l2=0 max_abs=0
LAYER V transform rel_l2=0 max_abs=0
LAYER attention Y rel_l2=8.66702451e-08 max_abs=2.85546693e-07
LAYER post Y rel_l2=0 max_abs=0
LAYER PASS evaluation=1 tokens=32 qk=64 v=128 paired=1 xsa=0 gate=0 tasks=181
LAYER step=0 grad_scale=nan qkv_gain=0.75 o_gain=0.875 extra_gain=1.125
LAYER BF16 projection/product rel_l2=7.86965598e-07 max_abs=8.94069672e-07
LAYER BF16 projection/product rel_l2=6.98774212e-07 max_abs=1.43051147e-06
LAYER Q transform rel_l2=4.15800479e-11 max_abs=6.51925802e-09
LAYER K transform rel_l2=0 max_abs=0
LAYER V transform rel_l2=0 max_abs=0
LAYER attention Y rel_l2=6.56990834e-08 max_abs=1.6538296e-07
LAYER post Y rel_l2=3.82444989e-08 max_abs=6.17943248e-08
LAYER PASS evaluation=1 tokens=32 qk=128 v=128 paired=0 xsa=1 gate=1 tasks=193
LAYER step=1 grad_scale=nan qkv_gain=1.25 o_gain=0 extra_gain=0.875
LAYER BF16 projection/product rel_l2=0 max_abs=0
LAYER BF16 projection/product rel_l2=7.15326355e-07 max_abs=2.14576721e-06
LAYER Q transform rel_l2=1.24574891e-05 max_abs=0.001953125
LAYER K transform rel_l2=0 max_abs=0
LAYER V transform rel_l2=0 max_abs=0
LAYER attention Y rel_l2=6.63532368e-08 max_abs=3.39632521e-07
LAYER post Y rel_l2=3.78231804e-08 max_abs=9.74095504e-08
LAYER PASS evaluation=1 tokens=32 qk=128 v=128 paired=0 xsa=1 gate=1 tasks=193
LAYER step=0 grad_scale=nan qkv_gain=0.75 o_gain=0.875 extra_gain=1.125
LAYER BF16 projection/product rel_l2=3.68982209e-07 max_abs=9.53674316e-07
LAYER BF16 projection/product rel_l2=6.98394062e-07 max_abs=1.43051147e-06
LAYER BF16 projection/product rel_l2=6.95235843e-07 max_abs=1.49011612e-06
LAYER Q transform rel_l2=0 max_abs=0
LAYER K transform rel_l2=0 max_abs=0
LAYER V transform rel_l2=0 max_abs=0
LAYER attention Y rel_l2=9.38066734e-08 max_abs=2.32525844e-07
LAYER post Y rel_l2=2.88285533e-08 max_abs=1.29678063e-07
LAYER PASS evaluation=1 tokens=80 qk=64 v=64 paired=0 xsa=1 gate=0 tasks=421
LAYER step=1 grad_scale=nan qkv_gain=1.25 o_gain=0 extra_gain=0.875
LAYER BF16 projection/product rel_l2=0 max_abs=0
LAYER BF16 projection/product rel_l2=7.1895069e-07 max_abs=2.38418579e-06
LAYER BF16 projection/product rel_l2=7.16640763e-07 max_abs=2.62260437e-06
LAYER Q transform rel_l2=2.22845089e-05 max_abs=0.00390625
LAYER K transform rel_l2=4.35243455e-08 max_abs=7.62939453e-06
LAYER V transform rel_l2=0 max_abs=0
LAYER attention Y rel_l2=9.35606873e-08 max_abs=3.32973498e-07
LAYER post Y rel_l2=3.02759863e-08 max_abs=1.87279879e-07
LAYER PASS evaluation=1 tokens=80 qk=64 v=64 paired=0 xsa=1 gate=0 tasks=421
LAYER BF16 projection/product rel_l2=7.28271504e-07 max_abs=1.90734863e-06
LAYER BF16 projection/product rel_l2=2.98697076e-06 max_abs=7.03334808e-06
EVAL MLP PASS tokens=16 step=0 tasks=56 roots=44 row_dependencies=1
LAYER BF16 projection/product rel_l2=7.26243493e-07 max_abs=2.02655792e-06
LAYER BF16 projection/product rel_l2=3.00288773e-06 max_abs=7.39097595e-06
EVAL MLP PASS tokens=16 step=1 tasks=56 roots=44 row_dependencies=1
LAYER BF16 projection/product rel_l2=7.31736516e-07 max_abs=2.14576721e-06
LAYER BF16 projection/product rel_l2=3.03555667e-06 max_abs=7.15255737e-06
EVAL MLP PASS tokens=80 step=0 tasks=112 roots=88 row_dependencies=2
LAYER BF16 projection/product rel_l2=7.31820741e-07 max_abs=2.14576721e-06
LAYER BF16 projection/product rel_l2=3.04009382e-06 max_abs=8.10623169e-06
EVAL MLP PASS tokens=80 step=1 tasks=112 roots=88 row_dependencies=2
PASS: connected attention layer, independent stage references and exact replay
========= RACECHECK SUMMARY: 0 hazards displayed (0 errors, 0 warnings)
compute-sanitizer --tool synccheck --error-exitcode 1 ./evaluation --quick 
========= COMPUTE-SANITIZER
GPU[0]=NVIDIA H100 80GB HBM3 SMs=132 runtime=12080
LAYER step=0 grad_scale=nan qkv_gain=0.75 o_gain=0.875 extra_gain=1.125
LAYER BF16 projection/product rel_l2=3.62212013e-07 max_abs=5.96046448e-07
LAYER BF16 projection/product rel_l2=6.97134956e-07 max_abs=1.13248825e-06
LAYER BF16 projection/product rel_l2=7.01928343e-07 max_abs=1.1920929e-06
LAYER Q transform rel_l2=0 max_abs=0
LAYER K transform rel_l2=0 max_abs=0
LAYER V transform rel_l2=0 max_abs=0
LAYER attention Y rel_l2=5.45250676e-08 max_abs=1.01977317e-07
LAYER post Y rel_l2=0 max_abs=0
LAYER PASS evaluation=1 tokens=16 qk=64 v=64 paired=0 xsa=0 gate=0 tasks=103
LAYER step=1 grad_scale=nan qkv_gain=1.25 o_gain=0 extra_gain=0.875
LAYER BF16 projection/product rel_l2=0 max_abs=0
LAYER BF16 projection/product rel_l2=7.19729133e-07 max_abs=2.2649765e-06
LAYER BF16 projection/product rel_l2=7.21101942e-07 max_abs=2.02655792e-06
LAYER Q transform rel_l2=0 max_abs=0
LAYER K transform rel_l2=0 max_abs=0
LAYER V transform rel_l2=0 max_abs=0
LAYER attention Y rel_l2=5.23985545e-08 max_abs=1.91009988e-07
LAYER post Y rel_l2=0 max_abs=0
LAYER PASS evaluation=1 tokens=16 qk=64 v=64 paired=0 xsa=0 gate=0 tasks=103
LAYER step=0 grad_scale=nan qkv_gain=0.75 o_gain=0.875 extra_gain=1.125
LAYER BF16 projection/product rel_l2=7.47512976e-07 max_abs=1.66893005e-06
LAYER BF16 projection/product rel_l2=6.89881458e-07 max_abs=1.66893005e-06
LAYER Q transform rel_l2=0 max_abs=0
LAYER K transform rel_l2=0 max_abs=0
LAYER V transform rel_l2=0 max_abs=0
LAYER attention Y rel_l2=8.57242289e-08 max_abs=2.82932609e-07
LAYER post Y rel_l2=0 max_abs=0
LAYER PASS evaluation=1 tokens=32 qk=64 v=128 paired=1 xsa=0 gate=0 tasks=181
LAYER step=1 grad_scale=nan qkv_gain=1.25 o_gain=0 extra_gain=0.875
LAYER BF16 projection/product rel_l2=0 max_abs=0
LAYER BF16 projection/product rel_l2=7.10713175e-07 max_abs=2.38418579e-06
LAYER Q transform rel_l2=3.52346883e-05 max_abs=0.00390625
LAYER K transform rel_l2=0 max_abs=0
LAYER V transform rel_l2=0 max_abs=0
LAYER attention Y rel_l2=8.66702451e-08 max_abs=2.85546693e-07
LAYER post Y rel_l2=0 max_abs=0
LAYER PASS evaluation=1 tokens=32 qk=64 v=128 paired=1 xsa=0 gate=0 tasks=181
LAYER step=0 grad_scale=nan qkv_gain=0.75 o_gain=0.875 extra_gain=1.125
LAYER BF16 projection/product rel_l2=7.86965598e-07 max_abs=8.94069672e-07
LAYER BF16 projection/product rel_l2=6.98774212e-07 max_abs=1.43051147e-06
LAYER Q transform rel_l2=4.15800479e-11 max_abs=6.51925802e-09
LAYER K transform rel_l2=0 max_abs=0
LAYER V transform rel_l2=0 max_abs=0
LAYER attention Y rel_l2=6.56990834e-08 max_abs=1.6538296e-07
LAYER post Y rel_l2=3.82444989e-08 max_abs=6.17943248e-08
LAYER PASS evaluation=1 tokens=32 qk=128 v=128 paired=0 xsa=1 gate=1 tasks=193
LAYER step=1 grad_scale=nan qkv_gain=1.25 o_gain=0 extra_gain=0.875
LAYER BF16 projection/product rel_l2=0 max_abs=0
LAYER BF16 projection/product rel_l2=7.15326355e-07 max_abs=2.14576721e-06
LAYER Q transform rel_l2=1.24574891e-05 max_abs=0.001953125
LAYER K transform rel_l2=0 max_abs=0
LAYER V transform rel_l2=0 max_abs=0
LAYER attention Y rel_l2=6.63532368e-08 max_abs=3.39632521e-07
LAYER post Y rel_l2=3.78231804e-08 max_abs=9.74095504e-08
LAYER PASS evaluation=1 tokens=32 qk=128 v=128 paired=0 xsa=1 gate=1 tasks=193
LAYER step=0 grad_scale=nan qkv_gain=0.75 o_gain=0.875 extra_gain=1.125
LAYER BF16 projection/product rel_l2=3.68982209e-07 max_abs=9.53674316e-07
LAYER BF16 projection/product rel_l2=6.98394062e-07 max_abs=1.43051147e-06
LAYER BF16 projection/product rel_l2=6.95235843e-07 max_abs=1.49011612e-06
LAYER Q transform rel_l2=0 max_abs=0
LAYER K transform rel_l2=0 max_abs=0
LAYER V transform rel_l2=0 max_abs=0
LAYER attention Y rel_l2=9.38066734e-08 max_abs=2.32525844e-07
LAYER post Y rel_l2=2.88285533e-08 max_abs=1.29678063e-07
LAYER PASS evaluation=1 tokens=80 qk=64 v=64 paired=0 xsa=1 gate=0 tasks=421
LAYER step=1 grad_scale=nan qkv_gain=1.25 o_gain=0 extra_gain=0.875
LAYER BF16 projection/product rel_l2=0 max_abs=0
LAYER BF16 projection/product rel_l2=7.1895069e-07 max_abs=2.38418579e-06
LAYER BF16 projection/product rel_l2=7.16640763e-07 max_abs=2.62260437e-06
LAYER Q transform rel_l2=2.22845089e-05 max_abs=0.00390625
LAYER K transform rel_l2=4.35243455e-08 max_abs=7.62939453e-06
LAYER V transform rel_l2=0 max_abs=0
LAYER attention Y rel_l2=9.35606873e-08 max_abs=3.32973498e-07
LAYER post Y rel_l2=3.02759863e-08 max_abs=1.87279879e-07
LAYER PASS evaluation=1 tokens=80 qk=64 v=64 paired=0 xsa=1 gate=0 tasks=421
LAYER BF16 projection/product rel_l2=7.28271504e-07 max_abs=1.90734863e-06
LAYER BF16 projection/product rel_l2=2.98697076e-06 max_abs=7.03334808e-06
EVAL MLP PASS tokens=16 step=0 tasks=56 roots=44 row_dependencies=1
LAYER BF16 projection/product rel_l2=7.26243493e-07 max_abs=2.02655792e-06
LAYER BF16 projection/product rel_l2=3.00288773e-06 max_abs=7.39097595e-06
EVAL MLP PASS tokens=16 step=1 tasks=56 roots=44 row_dependencies=1
LAYER BF16 projection/product rel_l2=7.31736516e-07 max_abs=2.14576721e-06
LAYER BF16 projection/product rel_l2=3.03555667e-06 max_abs=7.15255737e-06
EVAL MLP PASS tokens=80 step=0 tasks=112 roots=88 row_dependencies=2
LAYER BF16 projection/product rel_l2=7.31820741e-07 max_abs=2.14576721e-06
LAYER BF16 projection/product rel_l2=3.04009382e-06 max_abs=8.10623169e-06
EVAL MLP PASS tokens=80 step=1 tasks=112 roots=88 row_dependencies=2
PASS: connected attention layer, independent stage references and exact replay
========= ERROR SUMMARY: 0 errors
make: Leaving directory '/workspace/cuda'

Static SASS instruction counts for _ZN4nano10megakernelILb0ELb0ELb1ELb1ELb0ELb1EEEvNS_5GraphE: {'HMMA': 56, 'HGMMA': 0, 'LDGSTS': 56, 'LDL': 1, 'STL': 1}
Static SASS instruction counts for _ZN4nano10megakernelILb0ELb0ELb1ELb1ELb1ELb1EEEvNS_5GraphE: {'HMMA': 56, 'HGMMA': 0, 'LDGSTS': 56, 'LDL': 1, 'STL': 1}