sha256 b780f57878463a48e95dc479ca13675bc88a475fa2516b5c863daf20d08ba944 Makefile
sha256 b9465689873b36fa885d0ca6e03355d5088793f80d78a77d82d7e13b889aa712 anvil.cu
sha256 fc0eb2d92d2a84ecaad78bcdabf0f9b5ef2bf20a4939cec8ebf675caa12a184a anvil.cuh
sha256 0eff93cd2819ffc2e9cecef5adcc2181d395303ad2dd1b98b76d6454c3ae8d7f anvil_graph.cuh
sha256 1a7b328be13871a9f3641b9453803076aba41ab4f1890320fa58e59d21689522 attention.cu
sha256 41d4e4e2266895923076142f0b72a161964ea7c28e8227aca4ea58d49539aae2 attention.cuh
sha256 27d710da211d259c85d64fbbd7db383565758285686f078ee7b90fea38a70c6d bench.cuh
sha256 a1239425b438fa85c0628a25decee76f394162bc6c3aae2cfa03cc6e5fd1c3d9 bf16.cu
sha256 538793c348108ea29c361401d86cd7855e8b16db9f441ec824bbd6b4f927e12b bf16_gemm.cuh
sha256 6eb043b0deec41825720d6ba638468d9aec856a01cb2b9dec6c23a28ffe49a81 frontier.cuh
sha256 6c7816f88d3635a7a72d3db3eb5fb7b09dd04f5350db0b76e7769ec0b570e361 hopper.cuh
sha256 a4e461cf4218403902f2b00df8c0a51b0e7f4bc15685830682a5ff24514239e3 megakernel.cuh
sha256 2cfe05bf690ca0783fddd52ff5337f292baff00fd328c5d851d55264aadddf36 qkv.cuh
sha256 cef57ceb07ba44e55effc962c75d7f96485a7f1b80a5555438c99016553708d9 quantize.cu
sha256 f2bff3dccf7c4d0f34cf0013fecc638bf73931d93eb069f5791551950ad2a43b tokenizer.cpp
sha256 6162af3343d30737858843abf1b3e930bee0e4af510aa75df73a810816d39da9 transport.cu
sha256 4c74b0dba9a3a754d4fff90f9cab402ed715067484f50079efdc703ddb8ef6fe validate.cu
$ nvidia-smi
Sat Sep 19 04:10:14 2026       
+-----------------------------------------------------------------------------------------+
| NVIDIA-SMI 580.95.05              Driver Version: 580.95.05      CUDA Version: 13.0     |
+-----------------------------------------+------------------------+----------------------+
| GPU  Name                 Persistence-M | Bus-Id          Disp.A | Volatile Uncorr. ECC |
| Fan  Temp   Perf          Pwr:Usage/Cap |           Memory-Usage | GPU-Util  Compute M. |
|                                         |                        |               MIG M. |
|=========================================+========================+======================|
|   0  NVIDIA H100 80GB HBM3          On  |   00000000:8B:00.0 Off |                    0 |
| N/A   41C    P0             72W /  700W |       4MiB /  81559MiB |      0%      Default |
|                                         |                        |             Disabled |
+-----------------------------------------+------------------------+----------------------+

+-----------------------------------------------------------------------------------------+
| Processes:                                                                              |
|  GPU   GI   CI              PID   Type   Process name                        GPU Memory |
|        ID   ID                                                               Usage      |
|=========================================================================================|
|  No running processes found                                                             |
+-----------------------------------------------------------------------------------------+

$ nvcc --version
nvcc: NVIDIA (R) Cuda compiler driver
Copyright (c) 2005-2025 NVIDIA Corporation
Built on Fri_Feb_21_20:23:50_PST_2025
Cuda compilation tools, release 12.8, V12.8.93
Build cuda_12.8.r12.8/compiler.35583870_0

$ make -C /workspace/cuda bf16
make: Entering directory '/workspace/cuda'
nvcc -std=c++17 -O3 -arch=sm_90a -lineinfo -Xptxas=-v,-warn-spills -DNANO_TRANSPOSE_PAD=4 -DNANO_REUSE_QUANT=1 -DNANO_MIN_BLOCKS=4 -DNANO_ALIGNED=1 -DNANO_K_LOOP=1 -DNANO_FRONTIER=1 -DNANO_BF16_COALESCED=1 bf16.cu -lcublas -o bf16
ptxas warning : Registers are spilled to local memory in function '_ZN4nano10megakernelILb0ELb0ELb1ELb1ELb0EEEvNS_5GraphE', 4 bytes spill stores, 4 bytes spill loads
ptxas info    : 0 bytes gmem
ptxas info    : Compiling entry function '_ZN4nano10megakernelILb0ELb0ELb1ELb1ELb0EEEvNS_5GraphE' for 'sm_90a'
ptxas info    : Function properties for _ZN4nano10megakernelILb0ELb0ELb1ELb1ELb0EEEvNS_5GraphE
    8 bytes stack frame, 4 bytes spill stores, 4 bytes spill loads
ptxas info    : Used 128 registers, used 1 barriers, 8 bytes cumulative stack size, 32776 bytes smem
ptxas info    : Compile time = 1084.044 ms
ptxas info    : Compiling entry function '_ZN4nano10megakernelILb0ELb0ELb0ELb1ELb0EEEvNS_5GraphE' for 'sm_90a'
ptxas info    : Function properties for _ZN4nano10megakernelILb0ELb0ELb0ELb1ELb0EEEvNS_5GraphE
    0 bytes stack frame, 0 bytes spill stores, 0 bytes spill loads
ptxas info    : Used 128 registers, used 1 barriers, 32776 bytes smem
ptxas info    : Compile time = 4263.765 ms
ptxas info    : Compiling entry function '_ZN4nano10megakernelILb1ELb0ELb0ELb1ELb0EEEvNS_5GraphE' for 'sm_90a'
ptxas info    : Function properties for _ZN4nano10megakernelILb1ELb0ELb0ELb1ELb0EEEvNS_5GraphE
    0 bytes stack frame, 0 bytes spill stores, 0 bytes spill loads
ptxas info    : Used 128 registers, used 1 barriers, 32776 bytes smem
ptxas info    : Compile time = 4509.694 ms
ptxas info    : Compiling entry function '_Z16reset_bf16_queuePiS_S_PKiii' for 'sm_90a'
ptxas info    : Function properties for _Z16reset_bf16_queuePiS_S_PKiii
    0 bytes stack frame, 0 bytes spill stores, 0 bytes spill loads
ptxas info    : Used 12 registers, used 0 barriers
ptxas info    : Compile time = 2.456 ms
ptxas info    : Compiling entry function '_Z11staged_bf16N4nano10BF16MatmulE' for 'sm_90a'
ptxas info    : Function properties for _Z11staged_bf16N4nano10BF16MatmulE
    0 bytes stack frame, 0 bytes spill stores, 0 bytes spill loads
ptxas info    : Used 128 registers, used 1 barriers, 32768 bytes smem
ptxas info    : Compile time = 429.952 ms
ptxas info    : Compiling entry function '_Z19reference_bf16_postN4nano10BF16MatmulEPf' for 'sm_90a'
ptxas info    : Function properties for _Z19reference_bf16_postN4nano10BF16MatmulEPf
    0 bytes stack frame, 0 bytes spill stores, 0 bytes spill loads
ptxas info    : Used 10 registers, used 0 barriers
ptxas info    : Compile time = 2.750 ms
ptxas info    : Compiling entry function '_Z11unpack_bf16N4nano10BF16MatmulEPfS1_' for 'sm_90a'
ptxas info    : Function properties for _Z11unpack_bf16N4nano10BF16MatmulEPfS1_
    0 bytes stack frame, 0 bytes spill stores, 0 bytes spill loads
ptxas info    : Used 22 registers, used 0 barriers
ptxas info    : Compile time = 10.747 ms
make: Leaving directory '/workspace/cuda'

$ /workspace/cuda/bf16
GPU[0]=NVIDIA H100 80GB HBM3 SMs=132 runtime=12080
BF16 resident_ctas_per_sm=4
BF16 shape M=1 N=1 K=1 trans_a=0 trans_b=0 b_scale=0.7 alpha=1 beta=0 split=1 symmetric=0 workers=1
BF16 GEMM rel_l2=0 max_abs=0
BF16 shape M=7 N=17 K=33 trans_a=0 trans_b=1 b_scale=1 alpha=0.9 beta=0.3 split=0 symmetric=0 workers=7
BF16 GEMM rel_l2=5.9289151e-08 max_abs=5.96046448e-08
BF16 shape M=7 N=17 K=33 trans_a=0 trans_b=0 b_scale=-0.37 alpha=0.9 beta=0.3 split=0 symmetric=0 workers=1
BF16 GEMM rel_l2=6.99287322e-08 max_abs=5.96046448e-08
BF16 shape M=7 N=17 K=33 trans_a=1 trans_b=0 b_scale=-0.37 alpha=0.9 beta=0.3 split=1 symmetric=0 workers=7
BF16 GEMM rel_l2=0 max_abs=0
BF16 shape M=7 N=17 K=33 trans_a=0 trans_b=1 b_scale=-0.37 alpha=0.9 beta=0.3 split=0 symmetric=0 workers=7
BF16 GEMM rel_l2=6.09603427e-08 max_abs=2.98023224e-08
BF16 shape M=7 N=17 K=33 trans_a=1 trans_b=1 b_scale=-0.37 alpha=0.9 beta=0.3 split=1 symmetric=0 workers=7
BF16 GEMM rel_l2=0 max_abs=0
BF16 shape M=65 N=65 K=71 trans_a=0 trans_b=0 b_scale=1 alpha=3.90523 beta=-6.09503 split=0 symmetric=1 workers=7
BF16 GEMM rel_l2=8.85160204e-08 max_abs=2.86102295e-06
BF16 shape M=64 N=64 K=128 trans_a=1 trans_b=1 b_scale=1 alpha=1 beta=0 split=0 symmetric=1 workers=1
BF16 GEMM rel_l2=1.79430543e-07 max_abs=1.90734863e-06
BF16 shape M=129 N=96 K=72 trans_a=0 trans_b=0 b_scale=0.625 alpha=1 beta=0 split=0 symmetric=0 workers=7
BF16 GEMM rel_l2=8.64948429e-08 max_abs=1.78813934e-07
BF16 shape M=257 N=129 K=273 trans_a=1 trans_b=1 b_scale=1 alpha=1 beta=0 split=1 symmetric=0 workers=1056
BF16 GEMM rel_l2=5.73522881e-07 max_abs=6.10351562e-05
BF16 shape M=16384 N=768 K=768 trans_a=0 trans_b=0 b_scale=0.875 alpha=1 beta=0 split=0 symmetric=0 workers=528
BF16 GEMM rel_l2=7.37193939e-07 max_abs=7.15255737e-06
bf16_staged median_ms=0.182496 samples_ms= 0.182272 0.184736 0.182240 0.182496 0.182912 0.181856 0.182176 0.182496 0.183264 0.182944
bf16_persistent_with_reset median_ms=0.204384 samples_ms= 0.204352 0.204416 0.204672 0.203872 0.204608 0.205632 0.203584 0.204032 0.204000 0.205824
BF16 shape M=16384 N=768 K=384 trans_a=0 trans_b=0 b_scale=0.875 alpha=1 beta=0 split=0 symmetric=0 workers=528
BF16 GEMM rel_l2=3.62417134e-07 max_abs=3.09944153e-06
bf16_staged median_ms=0.112976 samples_ms= 0.111968 0.124704 0.112384 0.113088 0.115008 0.111136 0.113568 0.111680 0.112864 0.113696
bf16_persistent_with_reset median_ms=0.146336 samples_ms= 0.146176 0.146400 0.145888 0.146208 0.147488 0.145312 0.147136 0.146464 0.146272 0.146880
BF16 shape M=768 N=768 K=2816 trans_a=1 trans_b=1 b_scale=1 alpha=1 beta=0 split=0 symmetric=1 workers=528
BF16 GEMM rel_l2=6.84664843e-06 max_abs=0.0009765625
bf16_staged median_ms=0.259936 samples_ms= 0.259488 0.257984 0.259648 0.258336 0.261184 0.260224 0.256512 0.261056 0.266688 0.261600
bf16_persistent_with_reset median_ms=0.539152 samples_ms= 0.537792 0.539680 0.529504 0.543872 0.531360 0.539936 0.538624 0.541024 0.532384 0.543296
BF16 shape M=2816 N=768 K=768 trans_a=0 trans_b=1 b_scale=1 alpha=1 beta=3.9238 split=1 symmetric=0 workers=528
BF16 GEMM rel_l2=5.64413038e-05 max_abs=0.015625
bf16_staged median_ms=0.102000 samples_ms= 0.102080 0.101792 0.102752 0.103200 0.101920 0.101408 0.100608 0.106816 0.102880 0.100800
bf16_persistent_with_reset median_ms=0.167552 samples_ms= 0.167648 0.167168 0.167328 0.168160 0.167392 0.167328 0.168160 0.167456 0.167968 0.168384
PASS: native BF16 GEMM, scaled weights, split epilogues, symmetric Gram and dependent scheduling

$ make -C /workspace/cuda sanitize BIN=bf16 CHECK_FLAGS=
make: Entering directory '/workspace/cuda'
compute-sanitizer --tool memcheck --error-exitcode 1 ./bf16 --quick 
========= COMPUTE-SANITIZER
GPU[0]=NVIDIA H100 80GB HBM3 SMs=132 runtime=12080
BF16 resident_ctas_per_sm=4
BF16 shape M=1 N=1 K=1 trans_a=0 trans_b=0 b_scale=0.7 alpha=1 beta=0 split=1 symmetric=0 workers=1
BF16 GEMM rel_l2=0 max_abs=0
BF16 shape M=7 N=17 K=33 trans_a=0 trans_b=1 b_scale=1 alpha=0.9 beta=0.3 split=0 symmetric=0 workers=7
BF16 GEMM rel_l2=5.9289151e-08 max_abs=5.96046448e-08
BF16 shape M=7 N=17 K=33 trans_a=0 trans_b=0 b_scale=-0.37 alpha=0.9 beta=0.3 split=0 symmetric=0 workers=1
BF16 GEMM rel_l2=6.99287322e-08 max_abs=5.96046448e-08
BF16 shape M=7 N=17 K=33 trans_a=1 trans_b=0 b_scale=-0.37 alpha=0.9 beta=0.3 split=1 symmetric=0 workers=7
BF16 GEMM rel_l2=0 max_abs=0
BF16 shape M=7 N=17 K=33 trans_a=0 trans_b=1 b_scale=-0.37 alpha=0.9 beta=0.3 split=0 symmetric=0 workers=7
BF16 GEMM rel_l2=6.09603427e-08 max_abs=2.98023224e-08
BF16 shape M=7 N=17 K=33 trans_a=1 trans_b=1 b_scale=-0.37 alpha=0.9 beta=0.3 split=1 symmetric=0 workers=7
BF16 GEMM rel_l2=0 max_abs=0
BF16 shape M=65 N=65 K=71 trans_a=0 trans_b=0 b_scale=1 alpha=3.90523 beta=-6.09503 split=0 symmetric=1 workers=7
BF16 GEMM rel_l2=8.85160204e-08 max_abs=2.86102295e-06
BF16 shape M=64 N=64 K=128 trans_a=1 trans_b=1 b_scale=1 alpha=1 beta=0 split=0 symmetric=1 workers=1
BF16 GEMM rel_l2=1.79430543e-07 max_abs=1.90734863e-06
BF16 shape M=129 N=96 K=72 trans_a=0 trans_b=0 b_scale=0.625 alpha=1 beta=0 split=0 symmetric=0 workers=7
BF16 GEMM rel_l2=8.64948429e-08 max_abs=1.78813934e-07
PASS: native BF16 GEMM, scaled weights, split epilogues, symmetric Gram and dependent scheduling
========= ERROR SUMMARY: 0 errors
compute-sanitizer --tool initcheck --error-exitcode 1 ./bf16 --quick 
========= COMPUTE-SANITIZER
GPU[0]=NVIDIA H100 80GB HBM3 SMs=132 runtime=12080
BF16 resident_ctas_per_sm=4
BF16 shape M=1 N=1 K=1 trans_a=0 trans_b=0 b_scale=0.7 alpha=1 beta=0 split=1 symmetric=0 workers=1
BF16 GEMM rel_l2=0 max_abs=0
BF16 shape M=7 N=17 K=33 trans_a=0 trans_b=1 b_scale=1 alpha=0.9 beta=0.3 split=0 symmetric=0 workers=7
BF16 GEMM rel_l2=5.9289151e-08 max_abs=5.96046448e-08
BF16 shape M=7 N=17 K=33 trans_a=0 trans_b=0 b_scale=-0.37 alpha=0.9 beta=0.3 split=0 symmetric=0 workers=1
BF16 GEMM rel_l2=6.99287322e-08 max_abs=5.96046448e-08
BF16 shape M=7 N=17 K=33 trans_a=1 trans_b=0 b_scale=-0.37 alpha=0.9 beta=0.3 split=1 symmetric=0 workers=7
BF16 GEMM rel_l2=0 max_abs=0
BF16 shape M=7 N=17 K=33 trans_a=0 trans_b=1 b_scale=-0.37 alpha=0.9 beta=0.3 split=0 symmetric=0 workers=7
BF16 GEMM rel_l2=6.09603427e-08 max_abs=2.98023224e-08
BF16 shape M=7 N=17 K=33 trans_a=1 trans_b=1 b_scale=-0.37 alpha=0.9 beta=0.3 split=1 symmetric=0 workers=7
BF16 GEMM rel_l2=0 max_abs=0
BF16 shape M=65 N=65 K=71 trans_a=0 trans_b=0 b_scale=1 alpha=3.90523 beta=-6.09503 split=0 symmetric=1 workers=7
BF16 GEMM rel_l2=8.85160204e-08 max_abs=2.86102295e-06
BF16 shape M=64 N=64 K=128 trans_a=1 trans_b=1 b_scale=1 alpha=1 beta=0 split=0 symmetric=1 workers=1
BF16 GEMM rel_l2=1.79430543e-07 max_abs=1.90734863e-06
BF16 shape M=129 N=96 K=72 trans_a=0 trans_b=0 b_scale=0.625 alpha=1 beta=0 split=0 symmetric=0 workers=7
BF16 GEMM rel_l2=8.64948429e-08 max_abs=1.78813934e-07
PASS: native BF16 GEMM, scaled weights, split epilogues, symmetric Gram and dependent scheduling
========= ERROR SUMMARY: 0 errors
compute-sanitizer --tool racecheck --error-exitcode 1 ./bf16 --quick 
========= COMPUTE-SANITIZER
GPU[0]=NVIDIA H100 80GB HBM3 SMs=132 runtime=12080
BF16 resident_ctas_per_sm=4
BF16 shape M=1 N=1 K=1 trans_a=0 trans_b=0 b_scale=0.7 alpha=1 beta=0 split=1 symmetric=0 workers=1
BF16 GEMM rel_l2=0 max_abs=0
BF16 shape M=7 N=17 K=33 trans_a=0 trans_b=1 b_scale=1 alpha=0.9 beta=0.3 split=0 symmetric=0 workers=7
BF16 GEMM rel_l2=5.9289151e-08 max_abs=5.96046448e-08
BF16 shape M=7 N=17 K=33 trans_a=0 trans_b=0 b_scale=-0.37 alpha=0.9 beta=0.3 split=0 symmetric=0 workers=1
BF16 GEMM rel_l2=6.99287322e-08 max_abs=5.96046448e-08
BF16 shape M=7 N=17 K=33 trans_a=1 trans_b=0 b_scale=-0.37 alpha=0.9 beta=0.3 split=1 symmetric=0 workers=7
BF16 GEMM rel_l2=0 max_abs=0
BF16 shape M=7 N=17 K=33 trans_a=0 trans_b=1 b_scale=-0.37 alpha=0.9 beta=0.3 split=0 symmetric=0 workers=7
BF16 GEMM rel_l2=6.09603427e-08 max_abs=2.98023224e-08
BF16 shape M=7 N=17 K=33 trans_a=1 trans_b=1 b_scale=-0.37 alpha=0.9 beta=0.3 split=1 symmetric=0 workers=7
BF16 GEMM rel_l2=0 max_abs=0
BF16 shape M=65 N=65 K=71 trans_a=0 trans_b=0 b_scale=1 alpha=3.90523 beta=-6.09503 split=0 symmetric=1 workers=7
BF16 GEMM rel_l2=8.85160204e-08 max_abs=2.86102295e-06
BF16 shape M=64 N=64 K=128 trans_a=1 trans_b=1 b_scale=1 alpha=1 beta=0 split=0 symmetric=1 workers=1
BF16 GEMM rel_l2=1.79430543e-07 max_abs=1.90734863e-06
BF16 shape M=129 N=96 K=72 trans_a=0 trans_b=0 b_scale=0.625 alpha=1 beta=0 split=0 symmetric=0 workers=7
BF16 GEMM rel_l2=8.64948429e-08 max_abs=1.78813934e-07
PASS: native BF16 GEMM, scaled weights, split epilogues, symmetric Gram and dependent scheduling
========= RACECHECK SUMMARY: 0 hazards displayed (0 errors, 0 warnings)
compute-sanitizer --tool synccheck --error-exitcode 1 ./bf16 --quick 
========= COMPUTE-SANITIZER
GPU[0]=NVIDIA H100 80GB HBM3 SMs=132 runtime=12080
BF16 resident_ctas_per_sm=4
BF16 shape M=1 N=1 K=1 trans_a=0 trans_b=0 b_scale=0.7 alpha=1 beta=0 split=1 symmetric=0 workers=1
BF16 GEMM rel_l2=0 max_abs=0
BF16 shape M=7 N=17 K=33 trans_a=0 trans_b=1 b_scale=1 alpha=0.9 beta=0.3 split=0 symmetric=0 workers=7
BF16 GEMM rel_l2=5.9289151e-08 max_abs=5.96046448e-08
BF16 shape M=7 N=17 K=33 trans_a=0 trans_b=0 b_scale=-0.37 alpha=0.9 beta=0.3 split=0 symmetric=0 workers=1
BF16 GEMM rel_l2=6.99287322e-08 max_abs=5.96046448e-08
BF16 shape M=7 N=17 K=33 trans_a=1 trans_b=0 b_scale=-0.37 alpha=0.9 beta=0.3 split=1 symmetric=0 workers=7
BF16 GEMM rel_l2=0 max_abs=0
BF16 shape M=7 N=17 K=33 trans_a=0 trans_b=1 b_scale=-0.37 alpha=0.9 beta=0.3 split=0 symmetric=0 workers=7
BF16 GEMM rel_l2=6.09603427e-08 max_abs=2.98023224e-08
BF16 shape M=7 N=17 K=33 trans_a=1 trans_b=1 b_scale=-0.37 alpha=0.9 beta=0.3 split=1 symmetric=0 workers=7
BF16 GEMM rel_l2=0 max_abs=0
BF16 shape M=65 N=65 K=71 trans_a=0 trans_b=0 b_scale=1 alpha=3.90523 beta=-6.09503 split=0 symmetric=1 workers=7
BF16 GEMM rel_l2=8.85160204e-08 max_abs=2.86102295e-06
BF16 shape M=64 N=64 K=128 trans_a=1 trans_b=1 b_scale=1 alpha=1 beta=0 split=0 symmetric=1 workers=1
BF16 GEMM rel_l2=1.79430543e-07 max_abs=1.90734863e-06
BF16 shape M=129 N=96 K=72 trans_a=0 trans_b=0 b_scale=0.625 alpha=1 beta=0 split=0 symmetric=0 workers=7
BF16 GEMM rel_l2=8.64948429e-08 max_abs=1.78813934e-07
PASS: native BF16 GEMM, scaled weights, split epilogues, symmetric Gram and dependent scheduling
========= ERROR SUMMARY: 0 errors
make: Leaving directory '/workspace/cuda'

Static SASS instruction counts for _ZN4nano10megakernelILb0ELb0ELb1ELb1ELb0EEEvNS_5GraphE: {'HMMA': 56, 'HGMMA': 0, 'LDGSTS': 56, 'LDL': 1, 'STL': 1}
Static SASS instruction counts for _ZN4nano10megakernelILb0ELb0ELb0ELb1ELb0EEEvNS_5GraphE: {'HMMA': 56, 'HGMMA': 0, 'LDGSTS': 56, 'LDL': 0, 'STL': 0}