sha256 82dcdb0d2a9e052fa17c0996bdccebbc9f0b73505c3dfbb50f40605cd0d3fe73 Makefile
sha256 489a50ab144cd30e1e42d2029754c92de2ef09a2051f1a6034f9fe840fc8d2c2 anvil.cu
sha256 1dc9217e8b64c5b061aff94ec81e26279bf1a64c9d3cc8386cc97568adc41936 anvil.cuh
sha256 96d97e1fdc6596c83415a4d0ceff7138686ea3c1aecf1c99b8d8f28d38690409 anvil_graph.cuh
sha256 5a55ce388ca131f3fcac75df07010da61a2899a0889e3f04028c49b655639607 attention.cu
sha256 e812d0893018744a951d04067f35048daff4799b3f4404eb146ba669f81f4d45 attention.cuh
sha256 aeb035bb0d57610b498e50c9c6dbc9346437daee2bfdb60620e036515f8e27b8 attention_layer.cu
sha256 5e23df96de295a12c6770293bb3724e58ffee06f6310f0dbf43293c5c377ffac attention_layer.cuh
sha256 9e3750d7dd691e4c50f630688e2e6a52af495ef18e64e0b8ac5b70a16ff96cef attention_layer_reference.cuh
sha256 e8c9d493882f43781cb0cf48e1ae59a39c3d87f2901a33c07d3b52c30e092220 attention_post.cuh
sha256 7bae7cc6d4defc9026d5882b9e970dc184b2ff492d6735c7f67f40403dcfc239 attention_reference.cuh
sha256 a3be2ab6c64f030ca01f7d30c6a6bb7604b3bbe62257ba0aad9bb72bca232c76 bench.cuh
sha256 a1239425b438fa85c0628a25decee76f394162bc6c3aae2cfa03cc6e5fd1c3d9 bf16.cu
sha256 538793c348108ea29c361401d86cd7855e8b16db9f441ec824bbd6b4f927e12b bf16_gemm.cuh
sha256 6eb043b0deec41825720d6ba638468d9aec856a01cb2b9dec6c23a28ffe49a81 frontier.cuh
sha256 6c7816f88d3635a7a72d3db3eb5fb7b09dd04f5350db0b76e7769ec0b570e361 hopper.cuh
sha256 1e00df85a3549a3f31a8074bf98ef117fcfcb895b6960eb65326eed83b94a817 megakernel.cuh
sha256 2cfe05bf690ca0783fddd52ff5337f292baff00fd328c5d851d55264aadddf36 qkv.cuh
sha256 cef57ceb07ba44e55effc962c75d7f96485a7f1b80a5555438c99016553708d9 quantize.cu
sha256 f2bff3dccf7c4d0f34cf0013fecc638bf73931d93eb069f5791551950ad2a43b tokenizer.cpp
sha256 6162af3343d30737858843abf1b3e930bee0e4af510aa75df73a810816d39da9 transport.cu
sha256 4c74b0dba9a3a754d4fff90f9cab402ed715067484f50079efdc703ddb8ef6fe validate.cu
$ nvidia-smi
Sat Sep 19 05:37:28 2026       
+-----------------------------------------------------------------------------------------+
| NVIDIA-SMI 580.95.05              Driver Version: 580.95.05      CUDA Version: 13.0     |
+-----------------------------------------+------------------------+----------------------+
| GPU  Name                 Persistence-M | Bus-Id          Disp.A | Volatile Uncorr. ECC |
| Fan  Temp   Perf          Pwr:Usage/Cap |           Memory-Usage | GPU-Util  Compute M. |
|                                         |                        |               MIG M. |
|=========================================+========================+======================|
|   0  NVIDIA H100 80GB HBM3          On  |   00000000:85:00.0 Off |                    0 |
| N/A   38C    P0             74W /  700W |       4MiB /  81559MiB |      0%      Default |
|                                         |                        |             Disabled |
+-----------------------------------------+------------------------+----------------------+

+-----------------------------------------------------------------------------------------+
| Processes:                                                                              |
|  GPU   GI   CI              PID   Type   Process name                        GPU Memory |
|        ID   ID                                                               Usage      |
|=========================================================================================|
|  No running processes found                                                             |
+-----------------------------------------------------------------------------------------+

$ nvcc --version
nvcc: NVIDIA (R) Cuda compiler driver
Copyright (c) 2005-2025 NVIDIA Corporation
Built on Fri_Feb_21_20:23:50_PST_2025
Cuda compilation tools, release 12.8, V12.8.93
Build cuda_12.8.r12.8/compiler.35583870_0

$ make -C /workspace/cuda evaluation
make: Entering directory '/workspace/cuda'
nvcc -std=c++17 -O3 -arch=sm_90a -lineinfo -Xptxas=-v,-warn-spills -DNANO_TRANSPOSE_PAD=4 -DNANO_REUSE_QUANT=1 -DNANO_MIN_BLOCKS=4 -DNANO_ALIGNED=1 -DNANO_K_LOOP=1 -DNANO_FRONTIER=1 -DNANO_BF16_COALESCED=1 -DNANO_COOP_PUBLISH=1 -DNANO_EVALUATION_ONLY=1 attention_layer.cu -lcublas -o evaluation
ptxas warning : Registers are spilled to local memory in function '_ZN4nano10megakernelILb0ELb0ELb1ELb1ELb0ELb1EEEvNS_5GraphE', 4 bytes spill stores, 4 bytes spill loads
ptxas info    : 0 bytes gmem
ptxas info    : Compiling entry function '_ZN4nano10megakernelILb0ELb0ELb1ELb1ELb0ELb1EEEvNS_5GraphE' for 'sm_90a'
ptxas info    : Function properties for _ZN4nano10megakernelILb0ELb0ELb1ELb1ELb0ELb1EEEvNS_5GraphE
    8 bytes stack frame, 4 bytes spill stores, 4 bytes spill loads
ptxas info    : Used 128 registers, used 1 barriers, 8 bytes cumulative stack size, 32800 bytes smem
ptxas info    : Compile time = 1579.610 ms
ptxas info    : Compiling entry function '_ZN4nano10megakernelILb0ELb0ELb1ELb1ELb1ELb1EEEvNS_5GraphE' for 'sm_90a'
ptxas info    : Function properties for _ZN4nano10megakernelILb0ELb0ELb1ELb1ELb1ELb1EEEvNS_5GraphE
    0 bytes stack frame, 0 bytes spill stores, 0 bytes spill loads
ptxas info    : Used 128 registers, used 1 barriers, 32800 bytes smem
ptxas info    : Compile time = 1833.635 ms
ptxas info    : Compiling entry function '_ZN4nano10megakernelILb1ELb0ELb1ELb1ELb1ELb1EEEvNS_5GraphE' for 'sm_90a'
ptxas info    : Function properties for _ZN4nano10megakernelILb1ELb0ELb1ELb1ELb1ELb1EEEvNS_5GraphE
    0 bytes stack frame, 0 bytes spill stores, 0 bytes spill loads
ptxas info    : Used 128 registers, used 1 barriers, 32800 bytes smem
ptxas info    : Compile time = 1755.474 ms
ptxas info    : Compiling entry function '_Z9post_onlyN4nano13AttentionPostENS_18AttentionPostStageE' for 'sm_90a'
ptxas info    : Function properties for _Z9post_onlyN4nano13AttentionPostENS_18AttentionPostStageE
    0 bytes stack frame, 0 bytes spill stores, 0 bytes spill loads
ptxas info    : Used 42 registers, used 0 barriers
ptxas info    : Compile time = 45.831 ms
ptxas info    : Compiling entry function '_Z12staged_layerILi4EEvN4nano5GraphEi' for 'sm_90a'
ptxas info    : Function properties for _Z12staged_layerILi4EEvN4nano5GraphEi
    0 bytes stack frame, 0 bytes spill stores, 0 bytes spill loads
ptxas info    : Used 126 registers, used 1 barriers, 32768 bytes smem
ptxas info    : Compile time = 963.276 ms
ptxas info    : Compiling entry function '_Z12staged_layerILi1EEvN4nano5GraphEi' for 'sm_90a'
ptxas info    : Function properties for _Z12staged_layerILi1EEvN4nano5GraphEi
    0 bytes stack frame, 0 bytes spill stores, 0 bytes spill loads
ptxas info    : Used 165 registers, used 1 barriers, 32768 bytes smem
ptxas info    : Compile time = 985.232 ms
ptxas info    : Compiling entry function '_Z11reset_layerN4nano5GraphEi' for 'sm_90a'
ptxas info    : Function properties for _Z11reset_layerN4nano5GraphEi
    0 bytes stack frame, 0 bytes spill stores, 0 bytes spill loads
ptxas info    : Used 12 registers, used 0 barriers
ptxas info    : Compile time = 2.272 ms
make: Leaving directory '/workspace/cuda'

$ /workspace/cuda/evaluation
GPU[0]=NVIDIA H100 80GB HBM3 SMs=132 runtime=12080
LAYER step=0 grad_scale=nan qkv_gain=0.75 o_gain=0.875 extra_gain=1.125
LAYER BF16 projection/product rel_l2=3.62212013e-07 max_abs=5.96046448e-07
LAYER BF16 projection/product rel_l2=6.97134956e-07 max_abs=1.13248825e-06
LAYER BF16 projection/product rel_l2=7.01928343e-07 max_abs=1.1920929e-06
LAYER Q transform rel_l2=0 max_abs=0
LAYER K transform rel_l2=0 max_abs=0
LAYER V transform rel_l2=0 max_abs=0
LAYER attention Y rel_l2=5.45250676e-08 max_abs=1.01977317e-07
LAYER post Y rel_l2=0 max_abs=0
LAYER PASS evaluation=1 tokens=16 qk=64 v=64 paired=0 xsa=0 gate=0 tasks=103
LAYER step=1 grad_scale=nan qkv_gain=1.25 o_gain=0 extra_gain=0.875
LAYER BF16 projection/product rel_l2=0 max_abs=0
LAYER BF16 projection/product rel_l2=7.19729133e-07 max_abs=2.2649765e-06
LAYER BF16 projection/product rel_l2=7.21101942e-07 max_abs=2.02655792e-06
LAYER Q transform rel_l2=0 max_abs=0
LAYER K transform rel_l2=0 max_abs=0
LAYER V transform rel_l2=0 max_abs=0
LAYER attention Y rel_l2=5.23985545e-08 max_abs=1.91009988e-07
LAYER post Y rel_l2=0 max_abs=0
LAYER PASS evaluation=1 tokens=16 qk=64 v=64 paired=0 xsa=0 gate=0 tasks=103
LAYER step=2 grad_scale=nan qkv_gain=0 o_gain=-0.5 extra_gain=1.5
LAYER BF16 projection/product rel_l2=0 max_abs=0
LAYER BF16 projection/product rel_l2=0 max_abs=0
LAYER BF16 projection/product rel_l2=0 max_abs=0
LAYER Q transform rel_l2=0 max_abs=0
LAYER K transform rel_l2=0 max_abs=0
LAYER V transform rel_l2=0 max_abs=0
LAYER attention Y rel_l2=0 max_abs=0
LAYER post Y rel_l2=0 max_abs=0
LAYER PASS evaluation=1 tokens=16 qk=64 v=64 paired=0 xsa=0 gate=0 tasks=103
LAYER step=0 grad_scale=nan qkv_gain=0.75 o_gain=0.875 extra_gain=1.125
LAYER BF16 projection/product rel_l2=7.47512976e-07 max_abs=1.66893005e-06
LAYER BF16 projection/product rel_l2=6.89881458e-07 max_abs=1.66893005e-06
LAYER Q transform rel_l2=0 max_abs=0
LAYER K transform rel_l2=0 max_abs=0
LAYER V transform rel_l2=0 max_abs=0
LAYER attention Y rel_l2=8.57242289e-08 max_abs=2.82932609e-07
LAYER post Y rel_l2=0 max_abs=0
LAYER PASS evaluation=1 tokens=32 qk=64 v=128 paired=1 xsa=0 gate=0 tasks=181
LAYER step=1 grad_scale=nan qkv_gain=1.25 o_gain=0 extra_gain=0.875
LAYER BF16 projection/product rel_l2=0 max_abs=0
LAYER BF16 projection/product rel_l2=7.10713175e-07 max_abs=2.38418579e-06
LAYER Q transform rel_l2=3.52346883e-05 max_abs=0.00390625
LAYER K transform rel_l2=0 max_abs=0
LAYER V transform rel_l2=0 max_abs=0
LAYER attention Y rel_l2=8.66702451e-08 max_abs=2.85546693e-07
LAYER post Y rel_l2=0 max_abs=0
LAYER PASS evaluation=1 tokens=32 qk=64 v=128 paired=1 xsa=0 gate=0 tasks=181
LAYER step=2 grad_scale=nan qkv_gain=0 o_gain=-0.5 extra_gain=1.5
LAYER BF16 projection/product rel_l2=6.77155276e-07 max_abs=8.34465027e-07
LAYER BF16 projection/product rel_l2=0 max_abs=0
LAYER Q transform rel_l2=0 max_abs=0
LAYER K transform rel_l2=0 max_abs=0
LAYER V transform rel_l2=0 max_abs=0
LAYER attention Y rel_l2=1.69481163e-08 max_abs=2.64909532e-08
LAYER post Y rel_l2=0 max_abs=0
LAYER PASS evaluation=1 tokens=32 qk=64 v=128 paired=1 xsa=0 gate=0 tasks=181
LAYER step=0 grad_scale=nan qkv_gain=0.75 o_gain=0.875 extra_gain=1.125
LAYER BF16 projection/product rel_l2=7.86965598e-07 max_abs=8.94069672e-07
LAYER BF16 projection/product rel_l2=6.98774212e-07 max_abs=1.43051147e-06
LAYER Q transform rel_l2=4.15800479e-11 max_abs=6.51925802e-09
LAYER K transform rel_l2=0 max_abs=0
LAYER V transform rel_l2=0 max_abs=0
LAYER attention Y rel_l2=6.56990834e-08 max_abs=1.6538296e-07
LAYER post Y rel_l2=3.82444989e-08 max_abs=6.17943248e-08
LAYER PASS evaluation=1 tokens=32 qk=128 v=128 paired=0 xsa=1 gate=1 tasks=193
LAYER step=1 grad_scale=nan qkv_gain=1.25 o_gain=0 extra_gain=0.875
LAYER BF16 projection/product rel_l2=0 max_abs=0
LAYER BF16 projection/product rel_l2=7.15326355e-07 max_abs=2.14576721e-06
LAYER Q transform rel_l2=1.24574891e-05 max_abs=0.001953125
LAYER K transform rel_l2=0 max_abs=0
LAYER V transform rel_l2=0 max_abs=0
LAYER attention Y rel_l2=6.63532368e-08 max_abs=3.39632521e-07
LAYER post Y rel_l2=3.78231804e-08 max_abs=9.74095504e-08
LAYER PASS evaluation=1 tokens=32 qk=128 v=128 paired=0 xsa=1 gate=1 tasks=193
LAYER step=2 grad_scale=nan qkv_gain=0 o_gain=-0.5 extra_gain=1.5
LAYER BF16 projection/product rel_l2=7.41820413e-07 max_abs=3.87430191e-07
LAYER BF16 projection/product rel_l2=0 max_abs=0
LAYER Q transform rel_l2=0 max_abs=0
LAYER K transform rel_l2=0 max_abs=0
LAYER V transform rel_l2=0 max_abs=0
LAYER attention Y rel_l2=1.45899384e-08 max_abs=2.38418579e-08
LAYER post Y rel_l2=3.78894041e-08 max_abs=4.83904765e-08
LAYER PASS evaluation=1 tokens=32 qk=128 v=128 paired=0 xsa=1 gate=1 tasks=193
LAYER step=0 grad_scale=nan qkv_gain=0.75 o_gain=0.875 extra_gain=1.125
LAYER BF16 projection/product rel_l2=3.68982209e-07 max_abs=9.53674316e-07
LAYER BF16 projection/product rel_l2=6.98394062e-07 max_abs=1.43051147e-06
LAYER BF16 projection/product rel_l2=6.95235843e-07 max_abs=1.49011612e-06
LAYER Q transform rel_l2=0 max_abs=0
LAYER K transform rel_l2=0 max_abs=0
LAYER V transform rel_l2=0 max_abs=0
LAYER attention Y rel_l2=9.38066734e-08 max_abs=2.32525844e-07
LAYER post Y rel_l2=2.88285533e-08 max_abs=1.29678063e-07
LAYER PASS evaluation=1 tokens=80 qk=64 v=64 paired=0 xsa=1 gate=0 tasks=421
LAYER step=1 grad_scale=nan qkv_gain=1.25 o_gain=0 extra_gain=0.875
LAYER BF16 projection/product rel_l2=0 max_abs=0
LAYER BF16 projection/product rel_l2=7.1895069e-07 max_abs=2.38418579e-06
LAYER BF16 projection/product rel_l2=7.16640763e-07 max_abs=2.62260437e-06
LAYER Q transform rel_l2=2.22845089e-05 max_abs=0.00390625
LAYER K transform rel_l2=4.35243455e-08 max_abs=7.62939453e-06
LAYER V transform rel_l2=0 max_abs=0
LAYER attention Y rel_l2=9.35606873e-08 max_abs=3.32973498e-07
LAYER post Y rel_l2=3.02759863e-08 max_abs=1.87279879e-07
LAYER PASS evaluation=1 tokens=80 qk=64 v=64 paired=0 xsa=1 gate=0 tasks=421
LAYER step=2 grad_scale=nan qkv_gain=0 o_gain=-0.5 extra_gain=1.5
LAYER BF16 projection/product rel_l2=3.60353579e-07 max_abs=4.76837158e-07
LAYER BF16 projection/product rel_l2=0 max_abs=0
LAYER BF16 projection/product rel_l2=0 max_abs=0
LAYER Q transform rel_l2=0 max_abs=0
LAYER K transform rel_l2=0 max_abs=0
LAYER V transform rel_l2=0 max_abs=0
LAYER attention Y rel_l2=1.71338264e-08 max_abs=2.64909532e-08
LAYER post Y rel_l2=2.95364934e-08 max_abs=6.5532169e-08
LAYER PASS evaluation=1 tokens=80 qk=64 v=64 paired=0 xsa=1 gate=0 tasks=421
LAYER step=0 grad_scale=nan qkv_gain=0.75 o_gain=0.875 extra_gain=1.125
LAYER BF16 projection/product rel_l2=8.12529427e-07 max_abs=4.76837158e-07
LAYER BF16 projection/product rel_l2=6.98774212e-07 max_abs=1.43051147e-06
LAYER Q transform rel_l2=4.15800479e-11 max_abs=6.51925802e-09
LAYER K transform rel_l2=0 max_abs=0
LAYER V transform rel_l2=0 max_abs=0
LAYER attention Y rel_l2=6.63437186e-08 max_abs=1.35583862e-07
LAYER post Y rel_l2=0 max_abs=0
LAYER PASS evaluation=1 tokens=32 qk=128 v=128 paired=0 xsa=0 gate=1 tasks=193
LAYER step=1 grad_scale=nan qkv_gain=1.25 o_gain=0 extra_gain=0.875
LAYER BF16 projection/product rel_l2=0 max_abs=0
LAYER BF16 projection/product rel_l2=7.15326355e-07 max_abs=2.14576721e-06
LAYER Q transform rel_l2=1.24574891e-05 max_abs=0.001953125
LAYER K transform rel_l2=0 max_abs=0
LAYER V transform rel_l2=0 max_abs=0
LAYER attention Y rel_l2=6.70066392e-08 max_abs=2.50015665e-07
LAYER post Y rel_l2=0 max_abs=0
LAYER PASS evaluation=1 tokens=32 qk=128 v=128 paired=0 xsa=0 gate=1 tasks=193
LAYER step=2 grad_scale=nan qkv_gain=0 o_gain=-0.5 extra_gain=1.5
LAYER BF16 projection/product rel_l2=0 max_abs=0
LAYER BF16 projection/product rel_l2=0 max_abs=0
LAYER Q transform rel_l2=0 max_abs=0
LAYER K transform rel_l2=0 max_abs=0
LAYER V transform rel_l2=0 max_abs=0
LAYER attention Y rel_l2=0 max_abs=0
LAYER post Y rel_l2=0 max_abs=0
LAYER PASS evaluation=1 tokens=32 qk=128 v=128 paired=0 xsa=0 gate=1 tasks=193
PASS: connected attention layer, independent stage references and exact replay
LAYER BENCH evaluation=1 tokens=16384 qk=64 v=128 paired=1 window=128 documents=19 workers=528 tasks=82945 stages=6
LAYER BF16 evaluation bitwise replay PASS; normalized input supplied externally
LAYER separate stages median_ms=3.101024 samples_ms= 3.104768 3.100224 3.100256 3.100832 3.103136 3.101216 3.099424 3.102176 3.103520 3.099648
LAYER CUDA Graph median_ms=3.092688 samples_ms= 3.093568 3.092320 3.092608 3.091776 3.094016 3.091104 3.092768 3.093120 3.093184 3.091264
LAYER CUDA Graph four-block occupancy median_ms=2.476624 samples_ms= 2.479040 2.478432 2.477344 2.477280 2.476128 2.475232 2.476192 2.477056 2.475264 2.475360
LAYER persistent+reset workers=132 median_ms=9.992656 samples_ms= 10.000928 10.001600 9.992288 9.996480 9.991744 9.992256 9.991808 9.995040 9.993024 9.988800
LAYER persistent+reset workers=264 median_ms=5.228304 samples_ms= 5.226944 5.228672 5.234240 5.227232 5.225664 5.230112 5.229024 5.225792 5.228640 5.227968
LAYER persistent+reset workers=528 median_ms=2.924864 samples_ms= 2.925344 2.923808 2.927200 2.923264 2.924608 2.925120 2.926304 2.927040 2.920800 2.919392
LAYER BENCH evaluation=1 tokens=16384 qk=64 v=64 paired=0 window=128 documents=19 workers=528 tasks=81409 stages=6
LAYER BF16 evaluation bitwise replay PASS; normalized input supplied externally
LAYER separate stages median_ms=2.810128 samples_ms= 2.809856 2.809728 2.811456 2.810144 2.810112 2.807424 2.813600 2.811424 2.810848 2.808576
LAYER CUDA Graph median_ms=2.802304 samples_ms= 2.802944 2.801856 2.801856 2.802752 2.799840 2.801536 2.802944 2.802752 2.800960 2.803392
LAYER CUDA Graph four-block occupancy median_ms=2.202560 samples_ms= 2.201120 2.202112 2.203008 2.203680 2.201888 2.201568 2.204288 2.204544 2.203264 2.202112
LAYER persistent+reset workers=132 median_ms=9.487312 samples_ms= 9.491392 9.484000 9.484800 9.494528 9.497632 9.488448 9.486176 9.484448 9.489920 9.481248
LAYER persistent+reset workers=264 median_ms=4.911632 samples_ms= 4.913312 4.912288 4.911104 4.913120 4.912736 4.912160 4.895328 4.889184 4.889984 4.892096
LAYER persistent+reset workers=528 median_ms=2.660544 samples_ms= 2.661760 2.659776 2.665856 2.659968 2.659776 2.660640 2.663968 2.659296 2.663200 2.660448
LAYER BENCH evaluation=1 tokens=16384 qk=128 v=128 paired=0 window=384 documents=19 workers=528 tasks=86017 stages=6
LAYER BF16 evaluation bitwise replay PASS; normalized input supplied externally
LAYER separate stages median_ms=10.787104 samples_ms= 10.780992 10.785376 10.786080 10.791872 10.780512 10.797984 10.788128 10.793760 10.784960 10.789568
LAYER CUDA Graph median_ms=10.774896 samples_ms= 10.777408 10.774688 10.769536 10.772352 10.773728 10.775520 10.786240 10.781248 10.775104 10.771968
LAYER CUDA Graph four-block occupancy median_ms=9.492656 samples_ms= 9.486400 9.489504 9.492416 9.495264 9.496640 9.495200 9.489216 9.490816 9.492896 9.501408
LAYER persistent+reset workers=132 median_ms=28.141537 samples_ms= 28.143871 28.142241 28.143423 28.137856 28.140833 28.139904 28.139616 28.139233 28.146816 28.152927
LAYER persistent+reset workers=264 median_ms=14.535744 samples_ms= 14.540256 14.535872 14.535616 14.540352 14.532896 14.534624 14.540864 14.542432 14.532640 14.527424
LAYER persistent+reset workers=528 median_ms=9.906512 samples_ms= 9.904992 9.912928 9.906304 9.913728 9.901952 9.911360 9.912544 9.901408 9.906720 9.905024

$ make -C /workspace/cuda sanitize BIN=evaluation CHECK_FLAGS=
make: Entering directory '/workspace/cuda'
compute-sanitizer --tool memcheck --error-exitcode 1 ./evaluation --quick 
========= COMPUTE-SANITIZER
GPU[0]=NVIDIA H100 80GB HBM3 SMs=132 runtime=12080
LAYER step=0 grad_scale=nan qkv_gain=0.75 o_gain=0.875 extra_gain=1.125
LAYER BF16 projection/product rel_l2=3.62212013e-07 max_abs=5.96046448e-07
LAYER BF16 projection/product rel_l2=6.97134956e-07 max_abs=1.13248825e-06
LAYER BF16 projection/product rel_l2=7.01928343e-07 max_abs=1.1920929e-06
LAYER Q transform rel_l2=0 max_abs=0
LAYER K transform rel_l2=0 max_abs=0
LAYER V transform rel_l2=0 max_abs=0
LAYER attention Y rel_l2=5.45250676e-08 max_abs=1.01977317e-07
LAYER post Y rel_l2=0 max_abs=0
LAYER PASS evaluation=1 tokens=16 qk=64 v=64 paired=0 xsa=0 gate=0 tasks=103
LAYER step=1 grad_scale=nan qkv_gain=1.25 o_gain=0 extra_gain=0.875
LAYER BF16 projection/product rel_l2=0 max_abs=0
LAYER BF16 projection/product rel_l2=7.19729133e-07 max_abs=2.2649765e-06
LAYER BF16 projection/product rel_l2=7.21101942e-07 max_abs=2.02655792e-06
LAYER Q transform rel_l2=0 max_abs=0
LAYER K transform rel_l2=0 max_abs=0
LAYER V transform rel_l2=0 max_abs=0
LAYER attention Y rel_l2=5.23985545e-08 max_abs=1.91009988e-07
LAYER post Y rel_l2=0 max_abs=0
LAYER PASS evaluation=1 tokens=16 qk=64 v=64 paired=0 xsa=0 gate=0 tasks=103
LAYER step=0 grad_scale=nan qkv_gain=0.75 o_gain=0.875 extra_gain=1.125
LAYER BF16 projection/product rel_l2=7.47512976e-07 max_abs=1.66893005e-06
LAYER BF16 projection/product rel_l2=6.89881458e-07 max_abs=1.66893005e-06
LAYER Q transform rel_l2=0 max_abs=0
LAYER K transform rel_l2=0 max_abs=0
LAYER V transform rel_l2=0 max_abs=0
LAYER attention Y rel_l2=8.57242289e-08 max_abs=2.82932609e-07
LAYER post Y rel_l2=0 max_abs=0
LAYER PASS evaluation=1 tokens=32 qk=64 v=128 paired=1 xsa=0 gate=0 tasks=181
LAYER step=1 grad_scale=nan qkv_gain=1.25 o_gain=0 extra_gain=0.875
LAYER BF16 projection/product rel_l2=0 max_abs=0
LAYER BF16 projection/product rel_l2=7.10713175e-07 max_abs=2.38418579e-06
LAYER Q transform rel_l2=3.52346883e-05 max_abs=0.00390625
LAYER K transform rel_l2=0 max_abs=0
LAYER V transform rel_l2=0 max_abs=0
LAYER attention Y rel_l2=8.66702451e-08 max_abs=2.85546693e-07
LAYER post Y rel_l2=0 max_abs=0
LAYER PASS evaluation=1 tokens=32 qk=64 v=128 paired=1 xsa=0 gate=0 tasks=181
LAYER step=0 grad_scale=nan qkv_gain=0.75 o_gain=0.875 extra_gain=1.125
LAYER BF16 projection/product rel_l2=7.86965598e-07 max_abs=8.94069672e-07
LAYER BF16 projection/product rel_l2=6.98774212e-07 max_abs=1.43051147e-06
LAYER Q transform rel_l2=4.15800479e-11 max_abs=6.51925802e-09
LAYER K transform rel_l2=0 max_abs=0
LAYER V transform rel_l2=0 max_abs=0
LAYER attention Y rel_l2=6.56990834e-08 max_abs=1.6538296e-07
LAYER post Y rel_l2=3.82444989e-08 max_abs=6.17943248e-08
LAYER PASS evaluation=1 tokens=32 qk=128 v=128 paired=0 xsa=1 gate=1 tasks=193
LAYER step=1 grad_scale=nan qkv_gain=1.25 o_gain=0 extra_gain=0.875
LAYER BF16 projection/product rel_l2=0 max_abs=0
LAYER BF16 projection/product rel_l2=7.15326355e-07 max_abs=2.14576721e-06
LAYER Q transform rel_l2=1.24574891e-05 max_abs=0.001953125
LAYER K transform rel_l2=0 max_abs=0
LAYER V transform rel_l2=0 max_abs=0
LAYER attention Y rel_l2=6.63532368e-08 max_abs=3.39632521e-07
LAYER post Y rel_l2=3.78231804e-08 max_abs=9.74095504e-08
LAYER PASS evaluation=1 tokens=32 qk=128 v=128 paired=0 xsa=1 gate=1 tasks=193
LAYER step=0 grad_scale=nan qkv_gain=0.75 o_gain=0.875 extra_gain=1.125
LAYER BF16 projection/product rel_l2=3.68982209e-07 max_abs=9.53674316e-07
LAYER BF16 projection/product rel_l2=6.98394062e-07 max_abs=1.43051147e-06
LAYER BF16 projection/product rel_l2=6.95235843e-07 max_abs=1.49011612e-06
LAYER Q transform rel_l2=0 max_abs=0
LAYER K transform rel_l2=0 max_abs=0
LAYER V transform rel_l2=0 max_abs=0
LAYER attention Y rel_l2=9.38066734e-08 max_abs=2.32525844e-07
LAYER post Y rel_l2=2.88285533e-08 max_abs=1.29678063e-07
LAYER PASS evaluation=1 tokens=80 qk=64 v=64 paired=0 xsa=1 gate=0 tasks=421
LAYER step=1 grad_scale=nan qkv_gain=1.25 o_gain=0 extra_gain=0.875
LAYER BF16 projection/product rel_l2=0 max_abs=0
LAYER BF16 projection/product rel_l2=7.1895069e-07 max_abs=2.38418579e-06
LAYER BF16 projection/product rel_l2=7.16640763e-07 max_abs=2.62260437e-06
LAYER Q transform rel_l2=2.22845089e-05 max_abs=0.00390625
LAYER K transform rel_l2=4.35243455e-08 max_abs=7.62939453e-06
LAYER V transform rel_l2=0 max_abs=0
LAYER attention Y rel_l2=9.35606873e-08 max_abs=3.32973498e-07
LAYER post Y rel_l2=3.02759863e-08 max_abs=1.87279879e-07
LAYER PASS evaluation=1 tokens=80 qk=64 v=64 paired=0 xsa=1 gate=0 tasks=421
PASS: connected attention layer, independent stage references and exact replay
========= ERROR SUMMARY: 0 errors
compute-sanitizer --tool initcheck --error-exitcode 1 ./evaluation --quick 
========= COMPUTE-SANITIZER
GPU[0]=NVIDIA H100 80GB HBM3 SMs=132 runtime=12080
LAYER step=0 grad_scale=nan qkv_gain=0.75 o_gain=0.875 extra_gain=1.125
LAYER BF16 projection/product rel_l2=3.62212013e-07 max_abs=5.96046448e-07
LAYER BF16 projection/product rel_l2=6.97134956e-07 max_abs=1.13248825e-06
LAYER BF16 projection/product rel_l2=7.01928343e-07 max_abs=1.1920929e-06
LAYER Q transform rel_l2=0 max_abs=0
LAYER K transform rel_l2=0 max_abs=0
LAYER V transform rel_l2=0 max_abs=0
LAYER attention Y rel_l2=5.45250676e-08 max_abs=1.01977317e-07
LAYER post Y rel_l2=0 max_abs=0
LAYER PASS evaluation=1 tokens=16 qk=64 v=64 paired=0 xsa=0 gate=0 tasks=103
LAYER step=1 grad_scale=nan qkv_gain=1.25 o_gain=0 extra_gain=0.875
LAYER BF16 projection/product rel_l2=0 max_abs=0
LAYER BF16 projection/product rel_l2=7.19729133e-07 max_abs=2.2649765e-06
LAYER BF16 projection/product rel_l2=7.21101942e-07 max_abs=2.02655792e-06
LAYER Q transform rel_l2=0 max_abs=0
LAYER K transform rel_l2=0 max_abs=0
LAYER V transform rel_l2=0 max_abs=0
LAYER attention Y rel_l2=5.23985545e-08 max_abs=1.91009988e-07
LAYER post Y rel_l2=0 max_abs=0
LAYER PASS evaluation=1 tokens=16 qk=64 v=64 paired=0 xsa=0 gate=0 tasks=103
LAYER step=0 grad_scale=nan qkv_gain=0.75 o_gain=0.875 extra_gain=1.125
LAYER BF16 projection/product rel_l2=7.47512976e-07 max_abs=1.66893005e-06
LAYER BF16 projection/product rel_l2=6.89881458e-07 max_abs=1.66893005e-06
LAYER Q transform rel_l2=0 max_abs=0
LAYER K transform rel_l2=0 max_abs=0
LAYER V transform rel_l2=0 max_abs=0
LAYER attention Y rel_l2=8.57242289e-08 max_abs=2.82932609e-07
LAYER post Y rel_l2=0 max_abs=0
LAYER PASS evaluation=1 tokens=32 qk=64 v=128 paired=1 xsa=0 gate=0 tasks=181
LAYER step=1 grad_scale=nan qkv_gain=1.25 o_gain=0 extra_gain=0.875
LAYER BF16 projection/product rel_l2=0 max_abs=0
LAYER BF16 projection/product rel_l2=7.10713175e-07 max_abs=2.38418579e-06
LAYER Q transform rel_l2=3.52346883e-05 max_abs=0.00390625
LAYER K transform rel_l2=0 max_abs=0
LAYER V transform rel_l2=0 max_abs=0
LAYER attention Y rel_l2=8.66702451e-08 max_abs=2.85546693e-07
LAYER post Y rel_l2=0 max_abs=0
LAYER PASS evaluation=1 tokens=32 qk=64 v=128 paired=1 xsa=0 gate=0 tasks=181
LAYER step=0 grad_scale=nan qkv_gain=0.75 o_gain=0.875 extra_gain=1.125
LAYER BF16 projection/product rel_l2=7.86965598e-07 max_abs=8.94069672e-07
LAYER BF16 projection/product rel_l2=6.98774212e-07 max_abs=1.43051147e-06
LAYER Q transform rel_l2=4.15800479e-11 max_abs=6.51925802e-09
LAYER K transform rel_l2=0 max_abs=0
LAYER V transform rel_l2=0 max_abs=0
LAYER attention Y rel_l2=6.56990834e-08 max_abs=1.6538296e-07
LAYER post Y rel_l2=3.82444989e-08 max_abs=6.17943248e-08
LAYER PASS evaluation=1 tokens=32 qk=128 v=128 paired=0 xsa=1 gate=1 tasks=193
LAYER step=1 grad_scale=nan qkv_gain=1.25 o_gain=0 extra_gain=0.875
LAYER BF16 projection/product rel_l2=0 max_abs=0
LAYER BF16 projection/product rel_l2=7.15326355e-07 max_abs=2.14576721e-06
LAYER Q transform rel_l2=1.24574891e-05 max_abs=0.001953125
LAYER K transform rel_l2=0 max_abs=0
LAYER V transform rel_l2=0 max_abs=0
LAYER attention Y rel_l2=6.63532368e-08 max_abs=3.39632521e-07
LAYER post Y rel_l2=3.78231804e-08 max_abs=9.74095504e-08
LAYER PASS evaluation=1 tokens=32 qk=128 v=128 paired=0 xsa=1 gate=1 tasks=193
LAYER step=0 grad_scale=nan qkv_gain=0.75 o_gain=0.875 extra_gain=1.125
LAYER BF16 projection/product rel_l2=3.68982209e-07 max_abs=9.53674316e-07
LAYER BF16 projection/product rel_l2=6.98394062e-07 max_abs=1.43051147e-06
LAYER BF16 projection/product rel_l2=6.95235843e-07 max_abs=1.49011612e-06
LAYER Q transform rel_l2=0 max_abs=0
LAYER K transform rel_l2=0 max_abs=0
LAYER V transform rel_l2=0 max_abs=0
LAYER attention Y rel_l2=9.38066734e-08 max_abs=2.32525844e-07
LAYER post Y rel_l2=2.88285533e-08 max_abs=1.29678063e-07
LAYER PASS evaluation=1 tokens=80 qk=64 v=64 paired=0 xsa=1 gate=0 tasks=421
LAYER step=1 grad_scale=nan qkv_gain=1.25 o_gain=0 extra_gain=0.875
LAYER BF16 projection/product rel_l2=0 max_abs=0
LAYER BF16 projection/product rel_l2=7.1895069e-07 max_abs=2.38418579e-06
LAYER BF16 projection/product rel_l2=7.16640763e-07 max_abs=2.62260437e-06
LAYER Q transform rel_l2=2.22845089e-05 max_abs=0.00390625
LAYER K transform rel_l2=4.35243455e-08 max_abs=7.62939453e-06
LAYER V transform rel_l2=0 max_abs=0
LAYER attention Y rel_l2=9.35606873e-08 max_abs=3.32973498e-07
LAYER post Y rel_l2=3.02759863e-08 max_abs=1.87279879e-07
LAYER PASS evaluation=1 tokens=80 qk=64 v=64 paired=0 xsa=1 gate=0 tasks=421
PASS: connected attention layer, independent stage references and exact replay
========= ERROR SUMMARY: 0 errors
compute-sanitizer --tool racecheck --error-exitcode 1 ./evaluation --quick 
========= COMPUTE-SANITIZER
GPU[0]=NVIDIA H100 80GB HBM3 SMs=132 runtime=12080
LAYER step=0 grad_scale=nan qkv_gain=0.75 o_gain=0.875 extra_gain=1.125
LAYER BF16 projection/product rel_l2=3.62212013e-07 max_abs=5.96046448e-07
LAYER BF16 projection/product rel_l2=6.97134956e-07 max_abs=1.13248825e-06
LAYER BF16 projection/product rel_l2=7.01928343e-07 max_abs=1.1920929e-06
LAYER Q transform rel_l2=0 max_abs=0
LAYER K transform rel_l2=0 max_abs=0
LAYER V transform rel_l2=0 max_abs=0
LAYER attention Y rel_l2=5.45250676e-08 max_abs=1.01977317e-07
LAYER post Y rel_l2=0 max_abs=0
LAYER PASS evaluation=1 tokens=16 qk=64 v=64 paired=0 xsa=0 gate=0 tasks=103
LAYER step=1 grad_scale=nan qkv_gain=1.25 o_gain=0 extra_gain=0.875
LAYER BF16 projection/product rel_l2=0 max_abs=0
LAYER BF16 projection/product rel_l2=7.19729133e-07 max_abs=2.2649765e-06
LAYER BF16 projection/product rel_l2=7.21101942e-07 max_abs=2.02655792e-06
LAYER Q transform rel_l2=0 max_abs=0
LAYER K transform rel_l2=0 max_abs=0
LAYER V transform rel_l2=0 max_abs=0
LAYER attention Y rel_l2=5.23985545e-08 max_abs=1.91009988e-07
LAYER post Y rel_l2=0 max_abs=0
LAYER PASS evaluation=1 tokens=16 qk=64 v=64 paired=0 xsa=0 gate=0 tasks=103
LAYER step=0 grad_scale=nan qkv_gain=0.75 o_gain=0.875 extra_gain=1.125
LAYER BF16 projection/product rel_l2=7.47512976e-07 max_abs=1.66893005e-06
LAYER BF16 projection/product rel_l2=6.89881458e-07 max_abs=1.66893005e-06
LAYER Q transform rel_l2=0 max_abs=0
LAYER K transform rel_l2=0 max_abs=0
LAYER V transform rel_l2=0 max_abs=0
LAYER attention Y rel_l2=8.57242289e-08 max_abs=2.82932609e-07
LAYER post Y rel_l2=0 max_abs=0
LAYER PASS evaluation=1 tokens=32 qk=64 v=128 paired=1 xsa=0 gate=0 tasks=181
LAYER step=1 grad_scale=nan qkv_gain=1.25 o_gain=0 extra_gain=0.875
LAYER BF16 projection/product rel_l2=0 max_abs=0
LAYER BF16 projection/product rel_l2=7.10713175e-07 max_abs=2.38418579e-06
LAYER Q transform rel_l2=3.52346883e-05 max_abs=0.00390625
LAYER K transform rel_l2=0 max_abs=0
LAYER V transform rel_l2=0 max_abs=0
LAYER attention Y rel_l2=8.66702451e-08 max_abs=2.85546693e-07
LAYER post Y rel_l2=0 max_abs=0
LAYER PASS evaluation=1 tokens=32 qk=64 v=128 paired=1 xsa=0 gate=0 tasks=181
LAYER step=0 grad_scale=nan qkv_gain=0.75 o_gain=0.875 extra_gain=1.125
LAYER BF16 projection/product rel_l2=7.86965598e-07 max_abs=8.94069672e-07
LAYER BF16 projection/product rel_l2=6.98774212e-07 max_abs=1.43051147e-06
LAYER Q transform rel_l2=4.15800479e-11 max_abs=6.51925802e-09
LAYER K transform rel_l2=0 max_abs=0
LAYER V transform rel_l2=0 max_abs=0
LAYER attention Y rel_l2=6.56990834e-08 max_abs=1.6538296e-07
LAYER post Y rel_l2=3.82444989e-08 max_abs=6.17943248e-08
LAYER PASS evaluation=1 tokens=32 qk=128 v=128 paired=0 xsa=1 gate=1 tasks=193
LAYER step=1 grad_scale=nan qkv_gain=1.25 o_gain=0 extra_gain=0.875
LAYER BF16 projection/product rel_l2=0 max_abs=0
LAYER BF16 projection/product rel_l2=7.15326355e-07 max_abs=2.14576721e-06
LAYER Q transform rel_l2=1.24574891e-05 max_abs=0.001953125
LAYER K transform rel_l2=0 max_abs=0
LAYER V transform rel_l2=0 max_abs=0
LAYER attention Y rel_l2=6.63532368e-08 max_abs=3.39632521e-07
LAYER post Y rel_l2=3.78231804e-08 max_abs=9.74095504e-08
LAYER PASS evaluation=1 tokens=32 qk=128 v=128 paired=0 xsa=1 gate=1 tasks=193
LAYER step=0 grad_scale=nan qkv_gain=0.75 o_gain=0.875 extra_gain=1.125
LAYER BF16 projection/product rel_l2=3.68982209e-07 max_abs=9.53674316e-07
LAYER BF16 projection/product rel_l2=6.98394062e-07 max_abs=1.43051147e-06
LAYER BF16 projection/product rel_l2=6.95235843e-07 max_abs=1.49011612e-06
LAYER Q transform rel_l2=0 max_abs=0
LAYER K transform rel_l2=0 max_abs=0
LAYER V transform rel_l2=0 max_abs=0
LAYER attention Y rel_l2=9.38066734e-08 max_abs=2.32525844e-07
LAYER post Y rel_l2=2.88285533e-08 max_abs=1.29678063e-07
LAYER PASS evaluation=1 tokens=80 qk=64 v=64 paired=0 xsa=1 gate=0 tasks=421
LAYER step=1 grad_scale=nan qkv_gain=1.25 o_gain=0 extra_gain=0.875
LAYER BF16 projection/product rel_l2=0 max_abs=0
LAYER BF16 projection/product rel_l2=7.1895069e-07 max_abs=2.38418579e-06
LAYER BF16 projection/product rel_l2=7.16640763e-07 max_abs=2.62260437e-06
LAYER Q transform rel_l2=2.22845089e-05 max_abs=0.00390625
LAYER K transform rel_l2=4.35243455e-08 max_abs=7.62939453e-06
LAYER V transform rel_l2=0 max_abs=0
LAYER attention Y rel_l2=9.35606873e-08 max_abs=3.32973498e-07
LAYER post Y rel_l2=3.02759863e-08 max_abs=1.87279879e-07
LAYER PASS evaluation=1 tokens=80 qk=64 v=64 paired=0 xsa=1 gate=0 tasks=421
PASS: connected attention layer, independent stage references and exact replay
========= RACECHECK SUMMARY: 0 hazards displayed (0 errors, 0 warnings)
compute-sanitizer --tool synccheck --error-exitcode 1 ./evaluation --quick 
========= COMPUTE-SANITIZER
GPU[0]=NVIDIA H100 80GB HBM3 SMs=132 runtime=12080
LAYER step=0 grad_scale=nan qkv_gain=0.75 o_gain=0.875 extra_gain=1.125
LAYER BF16 projection/product rel_l2=3.62212013e-07 max_abs=5.96046448e-07
LAYER BF16 projection/product rel_l2=6.97134956e-07 max_abs=1.13248825e-06
LAYER BF16 projection/product rel_l2=7.01928343e-07 max_abs=1.1920929e-06
LAYER Q transform rel_l2=0 max_abs=0
LAYER K transform rel_l2=0 max_abs=0
LAYER V transform rel_l2=0 max_abs=0
LAYER attention Y rel_l2=5.45250676e-08 max_abs=1.01977317e-07
LAYER post Y rel_l2=0 max_abs=0
LAYER PASS evaluation=1 tokens=16 qk=64 v=64 paired=0 xsa=0 gate=0 tasks=103
LAYER step=1 grad_scale=nan qkv_gain=1.25 o_gain=0 extra_gain=0.875
LAYER BF16 projection/product rel_l2=0 max_abs=0
LAYER BF16 projection/product rel_l2=7.19729133e-07 max_abs=2.2649765e-06
LAYER BF16 projection/product rel_l2=7.21101942e-07 max_abs=2.02655792e-06
LAYER Q transform rel_l2=0 max_abs=0
LAYER K transform rel_l2=0 max_abs=0
LAYER V transform rel_l2=0 max_abs=0
LAYER attention Y rel_l2=5.23985545e-08 max_abs=1.91009988e-07
LAYER post Y rel_l2=0 max_abs=0
LAYER PASS evaluation=1 tokens=16 qk=64 v=64 paired=0 xsa=0 gate=0 tasks=103
LAYER step=0 grad_scale=nan qkv_gain=0.75 o_gain=0.875 extra_gain=1.125
LAYER BF16 projection/product rel_l2=7.47512976e-07 max_abs=1.66893005e-06
LAYER BF16 projection/product rel_l2=6.89881458e-07 max_abs=1.66893005e-06
LAYER Q transform rel_l2=0 max_abs=0
LAYER K transform rel_l2=0 max_abs=0
LAYER V transform rel_l2=0 max_abs=0
LAYER attention Y rel_l2=8.57242289e-08 max_abs=2.82932609e-07
LAYER post Y rel_l2=0 max_abs=0
LAYER PASS evaluation=1 tokens=32 qk=64 v=128 paired=1 xsa=0 gate=0 tasks=181
LAYER step=1 grad_scale=nan qkv_gain=1.25 o_gain=0 extra_gain=0.875
LAYER BF16 projection/product rel_l2=0 max_abs=0
LAYER BF16 projection/product rel_l2=7.10713175e-07 max_abs=2.38418579e-06
LAYER Q transform rel_l2=3.52346883e-05 max_abs=0.00390625
LAYER K transform rel_l2=0 max_abs=0
LAYER V transform rel_l2=0 max_abs=0
LAYER attention Y rel_l2=8.66702451e-08 max_abs=2.85546693e-07
LAYER post Y rel_l2=0 max_abs=0
LAYER PASS evaluation=1 tokens=32 qk=64 v=128 paired=1 xsa=0 gate=0 tasks=181
LAYER step=0 grad_scale=nan qkv_gain=0.75 o_gain=0.875 extra_gain=1.125
LAYER BF16 projection/product rel_l2=7.86965598e-07 max_abs=8.94069672e-07
LAYER BF16 projection/product rel_l2=6.98774212e-07 max_abs=1.43051147e-06
LAYER Q transform rel_l2=4.15800479e-11 max_abs=6.51925802e-09
LAYER K transform rel_l2=0 max_abs=0
LAYER V transform rel_l2=0 max_abs=0
LAYER attention Y rel_l2=6.56990834e-08 max_abs=1.6538296e-07
LAYER post Y rel_l2=3.82444989e-08 max_abs=6.17943248e-08
LAYER PASS evaluation=1 tokens=32 qk=128 v=128 paired=0 xsa=1 gate=1 tasks=193
LAYER step=1 grad_scale=nan qkv_gain=1.25 o_gain=0 extra_gain=0.875
LAYER BF16 projection/product rel_l2=0 max_abs=0
LAYER BF16 projection/product rel_l2=7.15326355e-07 max_abs=2.14576721e-06
LAYER Q transform rel_l2=1.24574891e-05 max_abs=0.001953125
LAYER K transform rel_l2=0 max_abs=0
LAYER V transform rel_l2=0 max_abs=0
LAYER attention Y rel_l2=6.63532368e-08 max_abs=3.39632521e-07
LAYER post Y rel_l2=3.78231804e-08 max_abs=9.74095504e-08
LAYER PASS evaluation=1 tokens=32 qk=128 v=128 paired=0 xsa=1 gate=1 tasks=193
LAYER step=0 grad_scale=nan qkv_gain=0.75 o_gain=0.875 extra_gain=1.125
LAYER BF16 projection/product rel_l2=3.68982209e-07 max_abs=9.53674316e-07
LAYER BF16 projection/product rel_l2=6.98394062e-07 max_abs=1.43051147e-06
LAYER BF16 projection/product rel_l2=6.95235843e-07 max_abs=1.49011612e-06
LAYER Q transform rel_l2=0 max_abs=0
LAYER K transform rel_l2=0 max_abs=0
LAYER V transform rel_l2=0 max_abs=0
LAYER attention Y rel_l2=9.38066734e-08 max_abs=2.32525844e-07
LAYER post Y rel_l2=2.88285533e-08 max_abs=1.29678063e-07
LAYER PASS evaluation=1 tokens=80 qk=64 v=64 paired=0 xsa=1 gate=0 tasks=421
LAYER step=1 grad_scale=nan qkv_gain=1.25 o_gain=0 extra_gain=0.875
LAYER BF16 projection/product rel_l2=0 max_abs=0
LAYER BF16 projection/product rel_l2=7.1895069e-07 max_abs=2.38418579e-06
LAYER BF16 projection/product rel_l2=7.16640763e-07 max_abs=2.62260437e-06
LAYER Q transform rel_l2=2.22845089e-05 max_abs=0.00390625
LAYER K transform rel_l2=4.35243455e-08 max_abs=7.62939453e-06
LAYER V transform rel_l2=0 max_abs=0
LAYER attention Y rel_l2=9.35606873e-08 max_abs=3.32973498e-07
LAYER post Y rel_l2=3.02759863e-08 max_abs=1.87279879e-07
LAYER PASS evaluation=1 tokens=80 qk=64 v=64 paired=0 xsa=1 gate=0 tasks=421
PASS: connected attention layer, independent stage references and exact replay
========= ERROR SUMMARY: 0 errors
make: Leaving directory '/workspace/cuda'

Static SASS instruction counts for _ZN4nano10megakernelILb0ELb0ELb1ELb1ELb0ELb1EEEvNS_5GraphE: {'HMMA': 56, 'HGMMA': 0, 'LDGSTS': 56, 'LDL': 1, 'STL': 1}
Static SASS instruction counts for _ZN4nano10megakernelILb0ELb0ELb1ELb1ELb1ELb1EEEvNS_5GraphE: {'HMMA': 56, 'HGMMA': 0, 'LDGSTS': 56, 'LDL': 0, 'STL': 0}