sha256 75a35e31f8122ff89769ae174127c502cb32b7803b548fe24b870585e502ab17 Makefile
sha256 6170632b1567cf4e03524d93fe328c2aa2ecfba01dc5090e3e53861cb5f4f626 anvil.cu
sha256 1dc9217e8b64c5b061aff94ec81e26279bf1a64c9d3cc8386cc97568adc41936 anvil.cuh
sha256 0eff93cd2819ffc2e9cecef5adcc2181d395303ad2dd1b98b76d6454c3ae8d7f anvil_graph.cuh
sha256 1a7b328be13871a9f3641b9453803076aba41ab4f1890320fa58e59d21689522 attention.cu
sha256 41d4e4e2266895923076142f0b72a161964ea7c28e8227aca4ea58d49539aae2 attention.cuh
sha256 27d710da211d259c85d64fbbd7db383565758285686f078ee7b90fea38a70c6d bench.cuh
sha256 a1239425b438fa85c0628a25decee76f394162bc6c3aae2cfa03cc6e5fd1c3d9 bf16.cu
sha256 538793c348108ea29c361401d86cd7855e8b16db9f441ec824bbd6b4f927e12b bf16_gemm.cuh
sha256 6eb043b0deec41825720d6ba638468d9aec856a01cb2b9dec6c23a28ffe49a81 frontier.cuh
sha256 6c7816f88d3635a7a72d3db3eb5fb7b09dd04f5350db0b76e7769ec0b570e361 hopper.cuh
sha256 e25152d0b255f937a96464150f6f60f189393c370ede80270561df6b0ab3f6cd megakernel.cuh
sha256 2cfe05bf690ca0783fddd52ff5337f292baff00fd328c5d851d55264aadddf36 qkv.cuh
sha256 cef57ceb07ba44e55effc962c75d7f96485a7f1b80a5555438c99016553708d9 quantize.cu
sha256 f2bff3dccf7c4d0f34cf0013fecc638bf73931d93eb069f5791551950ad2a43b tokenizer.cpp
sha256 6162af3343d30737858843abf1b3e930bee0e4af510aa75df73a810816d39da9 transport.cu
sha256 4c74b0dba9a3a754d4fff90f9cab402ed715067484f50079efdc703ddb8ef6fe validate.cu
$ nvidia-smi
Sat Sep 19 04:18:45 2026       
+-----------------------------------------------------------------------------------------+
| NVIDIA-SMI 580.95.05              Driver Version: 580.95.05      CUDA Version: 13.0     |
+-----------------------------------------+------------------------+----------------------+
| GPU  Name                 Persistence-M | Bus-Id          Disp.A | Volatile Uncorr. ECC |
| Fan  Temp   Perf          Pwr:Usage/Cap |           Memory-Usage | GPU-Util  Compute M. |
|                                         |                        |               MIG M. |
|=========================================+========================+======================|
|   0  NVIDIA H100 80GB HBM3          On  |   00000001:24:00.0 Off |                    0 |
| N/A   31C    P0             69W /  700W |       4MiB /  81559MiB |      0%      Default |
|                                         |                        |             Disabled |
+-----------------------------------------+------------------------+----------------------+

+-----------------------------------------------------------------------------------------+
| Processes:                                                                              |
|  GPU   GI   CI              PID   Type   Process name                        GPU Memory |
|        ID   ID                                                               Usage      |
|=========================================================================================|
|  No running processes found                                                             |
+-----------------------------------------------------------------------------------------+

$ nvcc --version
nvcc: NVIDIA (R) Cuda compiler driver
Copyright (c) 2005-2025 NVIDIA Corporation
Built on Fri_Feb_21_20:23:50_PST_2025
Cuda compilation tools, release 12.8, V12.8.93
Build cuda_12.8.r12.8/compiler.35583870_0

$ make -C /workspace/cuda anvil
make: Entering directory '/workspace/cuda'
nvcc -std=c++17 -O3 -arch=sm_90a -lineinfo -Xptxas=-v,-warn-spills -DNANO_TRANSPOSE_PAD=4 -DNANO_REUSE_QUANT=1 -DNANO_MIN_BLOCKS=4 -DNANO_ALIGNED=1 -DNANO_K_LOOP=1 -DNANO_FRONTIER=1 -DNANO_BF16_COALESCED=1 anvil.cu -lcublas -o anvil
ptxas info    : 0 bytes gmem
ptxas info    : Compiling entry function '_ZN4nano10megakernelILb0ELb0ELb0ELb1ELb1EEEvNS_5GraphE' for 'sm_90a'
ptxas info    : Function properties for _ZN4nano10megakernelILb0ELb0ELb0ELb1ELb1EEEvNS_5GraphE
    0 bytes stack frame, 0 bytes spill stores, 0 bytes spill loads
ptxas info    : Used 128 registers, used 1 barriers, 32776 bytes smem
ptxas info    : Compile time = 1240.034 ms
ptxas info    : Compiling entry function '_ZN4nano10megakernelILb0ELb0ELb1ELb1ELb1EEEvNS_5GraphE' for 'sm_90a'
ptxas info    : Function properties for _ZN4nano10megakernelILb0ELb0ELb1ELb1ELb1EEEvNS_5GraphE
    0 bytes stack frame, 0 bytes spill stores, 0 bytes spill loads
ptxas info    : Used 128 registers, used 1 barriers, 32776 bytes smem
ptxas info    : Compile time = 1731.100 ms
ptxas info    : Compiling entry function '_ZN4nano10megakernelILb1ELb0ELb0ELb1ELb1EEEvNS_5GraphE' for 'sm_90a'
ptxas info    : Function properties for _ZN4nano10megakernelILb1ELb0ELb0ELb1ELb1EEEvNS_5GraphE
    0 bytes stack frame, 0 bytes spill stores, 0 bytes spill loads
ptxas info    : Used 128 registers, used 1 barriers, 32776 bytes smem
ptxas info    : Compile time = 1154.751 ms
ptxas info    : Compiling entry function '_Z12staged_anvilN4nano5GraphEi' for 'sm_90a'
ptxas info    : Function properties for _Z12staged_anvilN4nano5GraphEi
    0 bytes stack frame, 0 bytes spill stores, 0 bytes spill loads
ptxas info    : Used 96 registers, used 1 barriers, 32768 bytes smem
ptxas info    : Compile time = 506.739 ms
ptxas info    : Compiling entry function '_Z11reset_anvilN4nano5GraphEPKii' for 'sm_90a'
ptxas info    : Function properties for _Z11reset_anvilN4nano5GraphEPKii
    0 bytes stack frame, 0 bytes spill stores, 0 bytes spill loads
ptxas info    : Used 12 registers, used 0 barriers
ptxas info    : Compile time = 2.219 ms
make: Leaving directory '/workspace/cuda'

$ /workspace/cuda/anvil
GPU[0]=NVIDIA H100 80GB HBM3 SMs=132 runtime=12080
ANVIL idle_ns=1024
ANVIL batch=3 workers=3 pattern=0
ANVIL matrix rows=17 cols=33 split=0
ANVIL matrix rows=33 cols=17 split=0
ANVIL matrix rows=17 cols=17 split=0
ANVIL tasks=152 dependencies=69 roots=3 products=54
ANVIL step=0
ANVIL equalized update rel_l2=0 max_abs=0
ANVIL lane energy rel_l2=5.20318378e-08 max_abs=4.65661287e-10
ANVIL parameter shadow rel_l2=0 max_abs=0
ANVIL equalized update rel_l2=0 max_abs=0
ANVIL lane energy rel_l2=2.93558859e-08 max_abs=4.65661287e-10
ANVIL parameter shadow rel_l2=0 max_abs=0
ANVIL equalized update rel_l2=0 max_abs=0
ANVIL lane energy rel_l2=3.83463464e-08 max_abs=4.65661287e-10
ANVIL parameter shadow rel_l2=0 max_abs=0
ANVIL step=1
ANVIL equalized update rel_l2=0 max_abs=0
ANVIL lane energy rel_l2=2.74051453e-08 max_abs=4.65661287e-10
ANVIL parameter shadow rel_l2=0 max_abs=0
ANVIL equalized update rel_l2=0 max_abs=0
ANVIL lane energy rel_l2=3.09008785e-08 max_abs=4.65661287e-10
ANVIL parameter shadow rel_l2=0 max_abs=0
ANVIL equalized update rel_l2=0 max_abs=0
ANVIL lane energy rel_l2=0 max_abs=0
ANVIL parameter shadow rel_l2=0 max_abs=0
ANVIL step=2
ANVIL equalized update rel_l2=0 max_abs=0
ANVIL lane energy rel_l2=9.53933353e-09 max_abs=4.65661287e-10
ANVIL parameter shadow rel_l2=0 max_abs=0
ANVIL equalized update rel_l2=0 max_abs=0
ANVIL lane energy rel_l2=1.94294596e-08 max_abs=9.31322575e-10
ANVIL parameter shadow rel_l2=0 max_abs=0
ANVIL equalized update rel_l2=0.00817729591 max_abs=0.00634765625
ANVIL lane energy rel_l2=0.00228436415 max_abs=7.97100365e-05
ANVIL parameter shadow rel_l2=0.000451144754 max_abs=7.61672854e-05
ANVIL PASS: independent numerical oracle, exact state update, task visits, staged/production/all-family replay
ANVIL batch=1 workers=1 pattern=1
ANVIL matrix rows=31 cols=65 split=0
ANVIL tasks=98 dependencies=23 roots=2 products=18
ANVIL step=0
ANVIL equalized update rel_l2=0 max_abs=0
ANVIL lane energy rel_l2=0 max_abs=0
ANVIL parameter shadow rel_l2=0 max_abs=0
ANVIL step=1
ANVIL equalized update rel_l2=0 max_abs=0
ANVIL lane energy rel_l2=0 max_abs=0
ANVIL parameter shadow rel_l2=0 max_abs=0
ANVIL step=2
ANVIL equalized update rel_l2=0 max_abs=0
ANVIL lane energy rel_l2=0 max_abs=0
ANVIL parameter shadow rel_l2=0 max_abs=0
ANVIL PASS: independent numerical oracle, exact state update, task visits, staged/production/all-family replay
ANVIL RECIPE LIMITATION rows=1 cols=1 pattern=0: native and independent reference both produce 1/1 non-finite updates; no clamp applied
ANVIL RECIPE LIMITATION rows=17 cols=33 pattern=2: native and independent reference both produce 561/561 non-finite updates; no clamp applied
ANVIL equalized update rel_l2=0 max_abs=0
ANVIL lane energy rel_l2=0 max_abs=0
ANVIL parameter shadow rel_l2=0 max_abs=0
ANVIL batch=2 workers=17 pattern=0
ANVIL matrix rows=1024 cols=17 split=0
ANVIL matrix rows=1025 cols=17 split=1
ANVIL tasks=2381 dependencies=46 roots=35 products=36
ANVIL step=0
ANVIL equalized update rel_l2=0.000568586622 max_abs=0.00048828125
ANVIL lane energy rel_l2=0.000203256371 max_abs=3.80074198e-07
ANVIL parameter shadow rel_l2=8.14349317e-06 max_abs=1.12354755e-05
ANVIL equalized update rel_l2=0.00730047284 max_abs=0.00512695312
ANVIL lane energy rel_l2=0.00475073883 max_abs=7.20110256e-06
ANVIL parameter shadow rel_l2=0.00010538983 max_abs=0.000117920339
ANVIL step=1
ANVIL equalized update rel_l2=0.00500108127 max_abs=0.0009765625
ANVIL lane energy rel_l2=0.00180307109 max_abs=1.79035123e-06
ANVIL parameter shadow rel_l2=2.80408695e-05 max_abs=8.7916851e-06
ANVIL equalized update rel_l2=0 max_abs=0
ANVIL lane energy rel_l2=2.70510967e-08 max_abs=2.91038305e-11
ANVIL parameter shadow rel_l2=0 max_abs=0
ANVIL step=2
ANVIL equalized update rel_l2=0.000354944 max_abs=0.00048828125
ANVIL lane energy rel_l2=7.29807229e-05 max_abs=4.55795089e-07
ANVIL parameter shadow rel_l2=8.84623229e-07 max_abs=1.95391476e-06
ANVIL equalized update rel_l2=3.95125101e-05 max_abs=0.000122070312
ANVIL lane energy rel_l2=3.18696482e-06 max_abs=2.86090653e-08
ANVIL parameter shadow rel_l2=1.98715898e-07 max_abs=9.76026058e-07
ANVIL PASS: independent numerical oracle, exact state update, task visits, staged/production/all-family replay
ANVIL batch=1 workers=528 pattern=0
ANVIL matrix rows=256 cols=768 split=0
ANVIL tasks=1818 dependencies=23 roots=192 products=18
ANVIL step=0
ANVIL equalized update rel_l2=0.0043587749 max_abs=0.00146484375
ANVIL lane energy rel_l2=0.000722074853 max_abs=3.06346919e-07
ANVIL parameter shadow rel_l2=7.24349851e-05 max_abs=3.36915255e-05
ANVIL step=1
ANVIL equalized update rel_l2=0.00480235504 max_abs=0.001953125
ANVIL lane energy rel_l2=0.000421177622 max_abs=3.64118023e-07
ANVIL parameter shadow rel_l2=3.12236557e-05 max_abs=1.75796449e-05
ANVIL step=2
ANVIL equalized update rel_l2=0.00410800777 max_abs=0.00146484375
ANVIL lane energy rel_l2=0.000252270706 max_abs=3.1341915e-07
ANVIL parameter shadow rel_l2=1.18629854e-05 max_abs=5.85988164e-06
ANVIL timing_workers=132
ANVIL persistent+reset repeated_steps median_ms=1.043312 samples_ms= 1.062336 1.043456 1.048416 1.048000 1.043840 1.042080 1.043168 1.042336 1.028224 1.041824
ANVIL timing_workers=264
ANVIL persistent+reset repeated_steps median_ms=1.070576 samples_ms= 1.070656 1.074208 1.062144 1.059424 1.063968 1.087264 1.070496 1.074304 1.060064 1.079936
ANVIL timing_workers=528
ANVIL persistent+reset repeated_steps median_ms=1.084704 samples_ms= 1.094560 1.082016 1.078816 1.082784 1.096768 1.086784 1.078848 1.086624 1.075680 1.092352
ANVIL separate repeated_steps median_ms=0.536128 samples_ms= 0.537120 0.538720 0.535648 0.536000 0.536256 0.536736 0.535424 0.534880 0.536448 0.535424
ANVIL serial CUDA-graph repeated_steps median_ms=0.514896 samples_ms= 0.514272 0.514016 0.514912 0.515552 0.514880 0.513984 0.515232 0.514912 0.515008 0.513696
ANVIL concurrent CUDA-graph repeated_steps median_ms=0.513200 samples_ms= 0.514144 0.513376 0.513024 0.514592 0.514656 0.512032 0.512960 0.513728 0.511936 0.512160
ANVIL PASS: independent numerical oracle, exact state update, task visits, staged/production/all-family replay
ANVIL batch=1 workers=528 pattern=0
ANVIL matrix rows=768 cols=768 split=0
ANVIL tasks=4874 dependencies=23 roots=576 products=18
ANVIL step=0
ANVIL equalized update rel_l2=0.00387288628 max_abs=0.00146484375
ANVIL lane energy rel_l2=0.00269568349 max_abs=1.69726263e-06
ANVIL parameter shadow rel_l2=6.35369301e-05 max_abs=3.36915255e-05
ANVIL step=1
ANVIL equalized update rel_l2=0.0039120179 max_abs=0.00146484375
ANVIL lane energy rel_l2=0.00125915058 max_abs=1.65401434e-06
ANVIL parameter shadow rel_l2=2.51110108e-05 max_abs=1.31838024e-05
ANVIL step=2
ANVIL equalized update rel_l2=0.00414385732 max_abs=0.00146484375
ANVIL lane energy rel_l2=0.000835784342 max_abs=1.54480222e-06
ANVIL parameter shadow rel_l2=1.172694e-05 max_abs=5.86360693e-06
ANVIL timing_workers=132
ANVIL persistent+reset repeated_steps median_ms=3.175040 samples_ms= 3.173152 3.193472 3.216480 3.193440 3.190016 3.166720 3.132704 3.176928 3.142848 3.161376
ANVIL timing_workers=264
ANVIL persistent+reset repeated_steps median_ms=2.615792 samples_ms= 2.643424 2.623040 2.629600 2.596032 2.606784 2.612704 2.604768 2.614976 2.632640 2.616608
ANVIL timing_workers=528
ANVIL persistent+reset repeated_steps median_ms=2.616736 samples_ms= 2.630912 2.613472 2.620000 2.605888 2.598912 2.624128 2.611680 2.599040 2.624544 2.639264
ANVIL separate repeated_steps median_ms=1.162368 samples_ms= 1.161536 1.158688 1.165216 1.162976 1.161984 1.142048 1.162752 1.163680 1.158688 1.163264
ANVIL serial CUDA-graph repeated_steps median_ms=1.140576 samples_ms= 1.141664 1.140512 1.140864 1.139264 1.139520 1.140640 1.141024 1.142880 1.140224 1.120704
ANVIL concurrent CUDA-graph repeated_steps median_ms=1.140768 samples_ms= 1.122752 1.135968 1.138464 1.139392 1.140736 1.142400 1.140800 1.140960 1.141504 1.141536
ANVIL PASS: independent numerical oracle, exact state update, task visits, staged/production/all-family replay
ANVIL batch=1 workers=528 pattern=0
ANVIL matrix rows=2816 cols=768 split=1
ANVIL tasks=13834 dependencies=23 roots=2112 products=18
ANVIL step=0
ANVIL equalized update rel_l2=0.0056073797 max_abs=0.001953125
ANVIL lane energy rel_l2=0.000521315162 max_abs=7.26868166e-08
ANVIL parameter shadow rel_l2=4.86334686e-05 max_abs=4.4927001e-05
ANVIL step=1
ANVIL equalized update rel_l2=0.00565382865 max_abs=0.00219726562
ANVIL lane energy rel_l2=0.000276716307 max_abs=9.31249815e-08
ANVIL parameter shadow rel_l2=1.91913171e-05 max_abs=1.97775662e-05
ANVIL step=2
ANVIL equalized update rel_l2=0.00436526328 max_abs=0.001953125
ANVIL lane energy rel_l2=0.000147170553 max_abs=5.41476766e-08
ANVIL parameter shadow rel_l2=6.59032186e-06 max_abs=7.81565905e-06
ANVIL timing_workers=132
ANVIL persistent+reset repeated_steps median_ms=7.481200 samples_ms= 7.462208 7.510304 7.382560 7.546720 7.359872 7.496032 7.370240 7.482656 7.479744 7.504192
ANVIL timing_workers=264
ANVIL persistent+reset repeated_steps median_ms=7.358816 samples_ms= 7.411264 7.336992 7.371008 7.365568 7.312608 7.345056 7.460352 7.353312 7.364320 7.230048
ANVIL timing_workers=528
ANVIL persistent+reset repeated_steps median_ms=7.323456 samples_ms= 7.360608 7.427712 7.303776 7.317216 7.244480 7.361568 7.266688 7.329760 7.264576 7.329696
ANVIL separate repeated_steps median_ms=3.557392 samples_ms= 3.571936 3.636224 3.544224 3.577248 3.541376 3.571488 3.538784 3.570048 3.544288 3.544736
ANVIL serial CUDA-graph repeated_steps median_ms=3.549488 samples_ms= 3.548000 3.557696 3.635296 3.545184 3.515872 3.550976 3.518272 3.622048 3.551232 3.514688
ANVIL concurrent CUDA-graph repeated_steps median_ms=3.527888 samples_ms= 3.527840 3.528064 3.522880 3.545728 3.525344 3.525024 3.527936 3.527680 3.537568 3.617760
ANVIL PASS: independent numerical oracle, exact state update, task visits, staged/production/all-family replay
ANVIL batch=3 workers=528 pattern=0
ANVIL matrix rows=256 cols=768 split=0
ANVIL matrix rows=768 cols=768 split=0
ANVIL matrix rows=2816 cols=768 split=1
ANVIL tasks=20526 dependencies=69 roots=2880 products=54
ANVIL step=0
ANVIL equalized update rel_l2=0.0043587749 max_abs=0.00146484375
ANVIL lane energy rel_l2=0.000722074853 max_abs=3.06346919e-07
ANVIL parameter shadow rel_l2=7.24349851e-05 max_abs=3.36915255e-05
ANVIL equalized update rel_l2=0.00397612578 max_abs=0.00146484375
ANVIL lane energy rel_l2=0.00251395348 max_abs=1.64628727e-06
ANVIL parameter shadow rel_l2=6.52118961e-05 max_abs=3.36915255e-05
ANVIL equalized update rel_l2=0.00539795511 max_abs=0.001953125
ANVIL lane energy rel_l2=0.000481601372 max_abs=7.23957783e-08
ANVIL parameter shadow rel_l2=4.67897769e-05 max_abs=4.49232757e-05
ANVIL step=1
ANVIL equalized update rel_l2=0.00480235504 max_abs=0.001953125
ANVIL lane energy rel_l2=0.000421177622 max_abs=3.64118023e-07
ANVIL parameter shadow rel_l2=3.12236557e-05 max_abs=1.75796449e-05
ANVIL equalized update rel_l2=0.00390282471 max_abs=0.001953125
ANVIL lane energy rel_l2=0.00149914223 max_abs=1.74152956e-06
ANVIL parameter shadow rel_l2=5.00901716e-05 max_abs=3.51592898e-05
ANVIL equalized update rel_l2=0.00536004872 max_abs=0.00219726562
ANVIL lane energy rel_l2=0.000263637925 max_abs=7.34071364e-08
ANVIL parameter shadow rel_l2=5.45489345e-05 max_abs=5.93289733e-05
ANVIL step=2
ANVIL equalized update rel_l2=0.00410800777 max_abs=0.00146484375
ANVIL lane energy rel_l2=0.000252270706 max_abs=3.1341915e-07
ANVIL parameter shadow rel_l2=1.18629854e-05 max_abs=5.85988164e-06
ANVIL equalized update rel_l2=0.0040393766 max_abs=0.00146484375
ANVIL lane energy rel_l2=0.00076069439 max_abs=1.58548937e-06
ANVIL parameter shadow rel_l2=2.28548348e-05 max_abs=1.17197633e-05
ANVIL equalized update rel_l2=0.00447735078 max_abs=0.001953125
ANVIL lane energy rel_l2=0.00015153321 max_abs=5.97792678e-08
ANVIL parameter shadow rel_l2=2.02729126e-05 max_abs=2.34395266e-05
ANVIL timing_workers=132
ANVIL persistent+reset repeated_steps median_ms=7.782688 samples_ms= 7.794592 8.051776 7.859104 7.709792 7.690048 7.874912 7.764512 7.759872 8.067776 7.770784
ANVIL timing_workers=264
ANVIL persistent+reset repeated_steps median_ms=7.499760 samples_ms= 7.503264 7.549952 7.535808 7.464032 7.458304 7.589952 7.477376 7.476832 7.541728 7.496256
ANVIL timing_workers=528
ANVIL persistent+reset repeated_steps median_ms=7.447232 samples_ms= 7.454336 7.538976 7.408704 7.497664 7.432448 7.402048 7.453856 7.390592 7.498816 7.440608
ANVIL separate repeated_steps median_ms=5.272240 samples_ms= 5.337568 5.254496 5.243776 5.254848 5.266048 5.331584 5.283104 5.236224 5.340608 5.278432
ANVIL serial CUDA-graph repeated_steps median_ms=5.174448 samples_ms= 5.162976 5.161472 5.165984 5.163616 5.259200 5.183008 5.205632 5.165312 5.182912 5.197120
ANVIL concurrent CUDA-graph repeated_steps median_ms=3.612144 samples_ms= 3.653504 3.572032 3.623616 3.581600 3.650240 3.611072 3.628320 3.590368 3.607936 3.613216
ANVIL PASS: independent numerical oracle, exact state update, task visits, staged/production/all-family replay
ANVIL batch=11 workers=528 pattern=0
ANVIL matrix rows=256 cols=768 split=0
ANVIL matrix rows=256 cols=768 split=0
ANVIL matrix rows=256 cols=768 split=0
ANVIL matrix rows=256 cols=768 split=0
ANVIL matrix rows=256 cols=768 split=0
ANVIL matrix rows=256 cols=768 split=0
ANVIL matrix rows=768 cols=768 split=0
ANVIL matrix rows=768 cols=768 split=0
ANVIL matrix rows=2816 cols=768 split=1
ANVIL matrix rows=2816 cols=768 split=1
ANVIL matrix rows=2816 cols=768 split=1
ANVIL tasks=62158 dependencies=253 roots=8640 products=198
ANVIL step=0
ANVIL equalized update rel_l2=0.0043587749 max_abs=0.00146484375
ANVIL lane energy rel_l2=0.000722074853 max_abs=3.06346919e-07
ANVIL parameter shadow rel_l2=7.24349851e-05 max_abs=3.36915255e-05
ANVIL equalized update rel_l2=0.00436991454 max_abs=0.001953125
ANVIL lane energy rel_l2=0.000687571235 max_abs=2.6714406e-07
ANVIL parameter shadow rel_l2=7.27853427e-05 max_abs=4.49232757e-05
ANVIL equalized update rel_l2=0.00464773762 max_abs=0.001953125
ANVIL lane energy rel_l2=0.000758217267 max_abs=3.67072062e-07
ANVIL parameter shadow rel_l2=7.72084618e-05 max_abs=4.49232757e-05
ANVIL equalized update rel_l2=0.00443391537 max_abs=0.00146484375
ANVIL lane energy rel_l2=0.000715752044 max_abs=2.87618604e-07
ANVIL parameter shadow rel_l2=7.36081987e-05 max_abs=3.36915255e-05
ANVIL equalized update rel_l2=0.00418653675 max_abs=0.00244140625
ANVIL lane energy rel_l2=0.000686101909 max_abs=2.86105205e-07
ANVIL parameter shadow rel_l2=6.95757387e-05 max_abs=5.61531633e-05
ANVIL equalized update rel_l2=0.00417773605 max_abs=0.00146484375
ANVIL lane energy rel_l2=0.000694108173 max_abs=4.20361175e-07
ANVIL parameter shadow rel_l2=6.94596112e-05 max_abs=3.36915255e-05
ANVIL equalized update rel_l2=0.00389782895 max_abs=0.00146484375
ANVIL lane energy rel_l2=0.00284170209 max_abs=1.75507739e-06
ANVIL parameter shadow rel_l2=6.38384267e-05 max_abs=3.36915255e-05
ANVIL equalized update rel_l2=0.00398222695 max_abs=0.00146484375
ANVIL lane energy rel_l2=0.00297117848 max_abs=2.18000787e-06
ANVIL parameter shadow rel_l2=6.52990207e-05 max_abs=3.36915255e-05
ANVIL equalized update rel_l2=0.00574524685 max_abs=0.001953125
ANVIL lane energy rel_l2=0.000556417069 max_abs=7.19810487e-08
ANVIL parameter shadow rel_l2=4.97670315e-05 max_abs=4.4927001e-05
ANVIL equalized update rel_l2=0.00552890236 max_abs=0.001953125
ANVIL lane energy rel_l2=0.000549472835 max_abs=7.54807843e-08
ANVIL parameter shadow rel_l2=4.79184193e-05 max_abs=4.4927001e-05
ANVIL equalized update rel_l2=0.00545986014 max_abs=0.001953125
ANVIL lane energy rel_l2=0.000502936467 max_abs=6.79683581e-08
ANVIL parameter shadow rel_l2=4.72927336e-05 max_abs=4.49232757e-05
ANVIL step=1
ANVIL equalized update rel_l2=0.00480235504 max_abs=0.001953125
ANVIL lane energy rel_l2=0.000421177622 max_abs=3.64118023e-07
ANVIL parameter shadow rel_l2=3.12236557e-05 max_abs=1.75796449e-05
ANVIL equalized update rel_l2=0.00439782588 max_abs=0.001953125
ANVIL lane energy rel_l2=0.000378213641 max_abs=2.68715667e-07
ANVIL parameter shadow rel_l2=5.73216413e-05 max_abs=3.51555645e-05
ANVIL equalized update rel_l2=0.00441267471 max_abs=0.00146484375
ANVIL lane energy rel_l2=0.000376611482 max_abs=2.91678589e-07
ANVIL parameter shadow rel_l2=8.60294286e-05 max_abs=3.95551324e-05
ANVIL equalized update rel_l2=0.00419465845 max_abs=0.001953125
ANVIL lane energy rel_l2=0.000367611257 max_abs=3.2549724e-07
ANVIL parameter shadow rel_l2=0.000108951368 max_abs=7.03111291e-05
ANVIL equalized update rel_l2=0.0043183998 max_abs=0.001953125
ANVIL lane energy rel_l2=0.000359504703 max_abs=3.09868483e-07
ANVIL parameter shadow rel_l2=0.000140327822 max_abs=8.7890774e-05
ANVIL equalized update rel_l2=0.00431117465 max_abs=0.001953125
ANVIL lane energy rel_l2=0.000374915406 max_abs=3.71481292e-07
ANVIL parameter shadow rel_l2=0.000168117634 max_abs=0.000105466694
ANVIL equalized update rel_l2=0.00392745043 max_abs=0.00146484375
ANVIL lane energy rel_l2=0.00141133741 max_abs=1.64554513e-06
ANVIL parameter shadow rel_l2=0.000176059694 max_abs=9.22866166e-05
ANVIL equalized update rel_l2=0.00387462703 max_abs=0.00146484375
ANVIL lane energy rel_l2=0.00138436028 max_abs=1.682929e-06
ANVIL parameter shadow rel_l2=0.000198656468 max_abs=0.000105468556
ANVIL equalized update rel_l2=0.00540746148 max_abs=0.001953125
ANVIL lane energy rel_l2=0.000275436584 max_abs=6.5920176e-08
ANVIL parameter shadow rel_l2=0.000165047755 max_abs=0.000158205628
ANVIL equalized update rel_l2=0.00524073216 max_abs=0.00219726562
ANVIL lane energy rel_l2=0.000253169891 max_abs=6.40502549e-08
ANVIL parameter shadow rel_l2=0.000177802524 max_abs=0.000197754009
ANVIL equalized update rel_l2=0.00531620766 max_abs=0.00219726562
ANVIL lane energy rel_l2=0.000251411742 max_abs=6.28642738e-08
ANVIL parameter shadow rel_l2=0.000198304492 max_abs=0.000217530876
ANVIL step=2
ANVIL equalized update rel_l2=0.00410800777 max_abs=0.00146484375
ANVIL lane energy rel_l2=0.000252270706 max_abs=3.1341915e-07
ANVIL parameter shadow rel_l2=1.18629854e-05 max_abs=5.85988164e-06
ANVIL equalized update rel_l2=0.00443405342 max_abs=0.001953125
ANVIL lane energy rel_l2=0.000323915778 max_abs=4.58210707e-07
ANVIL parameter shadow rel_l2=2.56688849e-05 max_abs=1.56275928e-05
ANVIL equalized update rel_l2=0.00448807553 max_abs=0.001953125
ANVIL lane energy rel_l2=0.000288009494 max_abs=4.44008037e-07
ANVIL parameter shadow rel_l2=3.88540801e-05 max_abs=2.34376639e-05
ANVIL equalized update rel_l2=0.0043787578 max_abs=0.00146484375
ANVIL lane energy rel_l2=0.000264370359 max_abs=3.94298695e-07
ANVIL parameter shadow rel_l2=5.0491984e-05 max_abs=2.34395266e-05
ANVIL equalized update rel_l2=0.00436917641 max_abs=0.001953125
ANVIL lane energy rel_l2=0.000285954948 max_abs=4.83851181e-07
ANVIL parameter shadow rel_l2=6.30380377e-05 max_abs=3.90633941e-05
ANVIL equalized update rel_l2=0.0043544259 max_abs=0.001953125
ANVIL lane energy rel_l2=0.000268022572 max_abs=3.88856279e-07
ANVIL parameter shadow rel_l2=7.53862583e-05 max_abs=4.68753278e-05
ANVIL equalized update rel_l2=0.00398274891 max_abs=0.00146484375
ANVIL lane energy rel_l2=0.000837379602 max_abs=1.65388337e-06
ANVIL parameter shadow rel_l2=7.87020466e-05 max_abs=4.10228968e-05
ANVIL equalized update rel_l2=0.00408520355 max_abs=0.00146484375
ANVIL lane energy rel_l2=0.000858471038 max_abs=1.67434337e-06
ANVIL parameter shadow rel_l2=9.22964204e-05 max_abs=4.68753278e-05
ANVIL equalized update rel_l2=0.00450423806 max_abs=0.00219726562
ANVIL lane energy rel_l2=0.000155661544 max_abs=6.23258529e-08
ANVIL parameter shadow rel_l2=6.11525171e-05 max_abs=7.90953636e-05
ANVIL equalized update rel_l2=0.00438480744 max_abs=0.00219726562
ANVIL lane energy rel_l2=0.000150575515 max_abs=6.00048224e-08
ANVIL parameter shadow rel_l2=6.61674267e-05 max_abs=8.7890774e-05
ANVIL equalized update rel_l2=0.00428615935 max_abs=0.00219726562
ANVIL lane energy rel_l2=0.00014618567 max_abs=5.1673851e-08
ANVIL parameter shadow rel_l2=7.11041009e-05 max_abs=9.66796651e-05
ANVIL timing_workers=132
ANVIL persistent+reset repeated_steps median_ms=16.220943 samples_ms= 16.811264 16.284096 16.155775 16.381760 16.688543 16.304768 16.157791 15.964832 15.883392 15.984032
ANVIL timing_workers=264
ANVIL persistent+reset repeated_steps median_ms=10.893088 samples_ms= 9.682368 9.864256 11.100800 9.654304 10.876992 10.915872 10.816608 11.150464 10.909184 11.292160
ANVIL timing_workers=528
ANVIL persistent+reset repeated_steps median_ms=9.546208 samples_ms= 9.557376 8.786272 9.554144 9.538272 8.770976 8.825408 9.583264 9.608736 9.654560 8.922080
ANVIL separate repeated_steps median_ms=16.219920 samples_ms= 16.183680 16.174623 16.233473 16.184065 16.211744 16.381697 16.342112 16.228096 16.297184 16.140736
ANVIL serial CUDA-graph repeated_steps median_ms=15.970064 samples_ms= 15.988384 15.866368 16.102272 15.971200 15.968928 15.847328 16.066656 15.900416 15.868992 15.977376
ANVIL concurrent CUDA-graph repeated_steps median_ms=4.276944 samples_ms= 4.272896 4.275872 4.253568 4.277184 4.267680 4.301792 4.305280 4.299040 4.301760 4.276704
ANVIL PASS: independent numerical oracle, exact state update, task visits, staged/production/all-family replay

$ make -C /workspace/cuda sanitize BIN=anvil CHECK_FLAGS=
make: Entering directory '/workspace/cuda'
compute-sanitizer --tool memcheck --error-exitcode 1 ./anvil --quick 
========= COMPUTE-SANITIZER
GPU[0]=NVIDIA H100 80GB HBM3 SMs=132 runtime=12080
ANVIL idle_ns=1024
ANVIL batch=3 workers=3 pattern=0
ANVIL matrix rows=17 cols=33 split=0
ANVIL matrix rows=33 cols=17 split=0
ANVIL matrix rows=17 cols=17 split=0
ANVIL tasks=152 dependencies=69 roots=3 products=54
ANVIL step=0
ANVIL equalized update rel_l2=0 max_abs=0
ANVIL lane energy rel_l2=5.20318378e-08 max_abs=4.65661287e-10
ANVIL parameter shadow rel_l2=0 max_abs=0
ANVIL equalized update rel_l2=0 max_abs=0
ANVIL lane energy rel_l2=2.93558859e-08 max_abs=4.65661287e-10
ANVIL parameter shadow rel_l2=0 max_abs=0
ANVIL equalized update rel_l2=0 max_abs=0
ANVIL lane energy rel_l2=3.83463464e-08 max_abs=4.65661287e-10
ANVIL parameter shadow rel_l2=0 max_abs=0
ANVIL step=1
ANVIL equalized update rel_l2=0 max_abs=0
ANVIL lane energy rel_l2=2.74051453e-08 max_abs=4.65661287e-10
ANVIL parameter shadow rel_l2=0 max_abs=0
ANVIL equalized update rel_l2=0 max_abs=0
ANVIL lane energy rel_l2=3.09008785e-08 max_abs=4.65661287e-10
ANVIL parameter shadow rel_l2=0 max_abs=0
ANVIL equalized update rel_l2=0 max_abs=0
ANVIL lane energy rel_l2=0 max_abs=0
ANVIL parameter shadow rel_l2=0 max_abs=0
ANVIL step=2
ANVIL equalized update rel_l2=0 max_abs=0
ANVIL lane energy rel_l2=9.53933353e-09 max_abs=4.65661287e-10
ANVIL parameter shadow rel_l2=0 max_abs=0
ANVIL equalized update rel_l2=0 max_abs=0
ANVIL lane energy rel_l2=1.94294596e-08 max_abs=9.31322575e-10
ANVIL parameter shadow rel_l2=0 max_abs=0
ANVIL equalized update rel_l2=0.00817729591 max_abs=0.00634765625
ANVIL lane energy rel_l2=0.00228436415 max_abs=7.97100365e-05
ANVIL parameter shadow rel_l2=0.000451144754 max_abs=7.61672854e-05
ANVIL PASS: independent numerical oracle, exact state update, task visits, staged/production/all-family replay
ANVIL batch=1 workers=1 pattern=1
ANVIL matrix rows=31 cols=65 split=0
ANVIL tasks=98 dependencies=23 roots=2 products=18
ANVIL step=0
ANVIL equalized update rel_l2=0 max_abs=0
ANVIL lane energy rel_l2=0 max_abs=0
ANVIL parameter shadow rel_l2=0 max_abs=0
ANVIL step=1
ANVIL equalized update rel_l2=0 max_abs=0
ANVIL lane energy rel_l2=0 max_abs=0
ANVIL parameter shadow rel_l2=0 max_abs=0
ANVIL step=2
ANVIL equalized update rel_l2=0 max_abs=0
ANVIL lane energy rel_l2=0 max_abs=0
ANVIL parameter shadow rel_l2=0 max_abs=0
ANVIL PASS: independent numerical oracle, exact state update, task visits, staged/production/all-family replay
ANVIL RECIPE LIMITATION rows=1 cols=1 pattern=0: native and independent reference both produce 1/1 non-finite updates; no clamp applied
ANVIL RECIPE LIMITATION rows=17 cols=33 pattern=2: native and independent reference both produce 561/561 non-finite updates; no clamp applied
ANVIL equalized update rel_l2=0 max_abs=0
ANVIL lane energy rel_l2=0 max_abs=0
ANVIL parameter shadow rel_l2=0 max_abs=0
ANVIL batch=2 workers=17 pattern=0
ANVIL matrix rows=1024 cols=17 split=0
ANVIL matrix rows=1025 cols=17 split=1
ANVIL tasks=2381 dependencies=46 roots=35 products=36
ANVIL step=0
ANVIL equalized update rel_l2=0.000568586622 max_abs=0.00048828125
ANVIL lane energy rel_l2=0.000203256371 max_abs=3.80074198e-07
ANVIL parameter shadow rel_l2=8.14349317e-06 max_abs=1.12354755e-05
ANVIL equalized update rel_l2=0.00730047284 max_abs=0.00512695312
ANVIL lane energy rel_l2=0.00475073883 max_abs=7.20110256e-06
ANVIL parameter shadow rel_l2=0.00010538983 max_abs=0.000117920339
ANVIL step=1
ANVIL equalized update rel_l2=0.00500108127 max_abs=0.0009765625
ANVIL lane energy rel_l2=0.00180307109 max_abs=1.79035123e-06
ANVIL parameter shadow rel_l2=2.80408695e-05 max_abs=8.7916851e-06
ANVIL equalized update rel_l2=0 max_abs=0
ANVIL lane energy rel_l2=2.70510967e-08 max_abs=2.91038305e-11
ANVIL parameter shadow rel_l2=0 max_abs=0
ANVIL step=2
ANVIL equalized update rel_l2=0.000354944 max_abs=0.00048828125
ANVIL lane energy rel_l2=7.29807229e-05 max_abs=4.55795089e-07
ANVIL parameter shadow rel_l2=8.84623229e-07 max_abs=1.95391476e-06
ANVIL equalized update rel_l2=3.95125101e-05 max_abs=0.000122070312
ANVIL lane energy rel_l2=3.18696482e-06 max_abs=2.86090653e-08
ANVIL parameter shadow rel_l2=1.98715898e-07 max_abs=9.76026058e-07
ANVIL PASS: independent numerical oracle, exact state update, task visits, staged/production/all-family replay
========= ERROR SUMMARY: 0 errors
compute-sanitizer --tool initcheck --error-exitcode 1 ./anvil --quick 
========= COMPUTE-SANITIZER
GPU[0]=NVIDIA H100 80GB HBM3 SMs=132 runtime=12080
ANVIL idle_ns=1024
ANVIL batch=3 workers=3 pattern=0
ANVIL matrix rows=17 cols=33 split=0
ANVIL matrix rows=33 cols=17 split=0
ANVIL matrix rows=17 cols=17 split=0
ANVIL tasks=152 dependencies=69 roots=3 products=54
ANVIL step=0
ANVIL equalized update rel_l2=0 max_abs=0
ANVIL lane energy rel_l2=5.20318378e-08 max_abs=4.65661287e-10
ANVIL parameter shadow rel_l2=0 max_abs=0
ANVIL equalized update rel_l2=0 max_abs=0
ANVIL lane energy rel_l2=2.93558859e-08 max_abs=4.65661287e-10
ANVIL parameter shadow rel_l2=0 max_abs=0
ANVIL equalized update rel_l2=0 max_abs=0
ANVIL lane energy rel_l2=3.83463464e-08 max_abs=4.65661287e-10
ANVIL parameter shadow rel_l2=0 max_abs=0
ANVIL step=1
ANVIL equalized update rel_l2=0 max_abs=0
ANVIL lane energy rel_l2=2.74051453e-08 max_abs=4.65661287e-10
ANVIL parameter shadow rel_l2=0 max_abs=0
ANVIL equalized update rel_l2=0 max_abs=0
ANVIL lane energy rel_l2=3.09008785e-08 max_abs=4.65661287e-10
ANVIL parameter shadow rel_l2=0 max_abs=0
ANVIL equalized update rel_l2=0 max_abs=0
ANVIL lane energy rel_l2=0 max_abs=0
ANVIL parameter shadow rel_l2=0 max_abs=0
ANVIL step=2
ANVIL equalized update rel_l2=0 max_abs=0
ANVIL lane energy rel_l2=9.53933353e-09 max_abs=4.65661287e-10
ANVIL parameter shadow rel_l2=0 max_abs=0
ANVIL equalized update rel_l2=0 max_abs=0
ANVIL lane energy rel_l2=1.94294596e-08 max_abs=9.31322575e-10
ANVIL parameter shadow rel_l2=0 max_abs=0
ANVIL equalized update rel_l2=0.00817729591 max_abs=0.00634765625
ANVIL lane energy rel_l2=0.00228436415 max_abs=7.97100365e-05
ANVIL parameter shadow rel_l2=0.000451144754 max_abs=7.61672854e-05
ANVIL PASS: independent numerical oracle, exact state update, task visits, staged/production/all-family replay
ANVIL batch=1 workers=1 pattern=1
ANVIL matrix rows=31 cols=65 split=0
ANVIL tasks=98 dependencies=23 roots=2 products=18
ANVIL step=0
ANVIL equalized update rel_l2=0 max_abs=0
ANVIL lane energy rel_l2=0 max_abs=0
ANVIL parameter shadow rel_l2=0 max_abs=0
ANVIL step=1
ANVIL equalized update rel_l2=0 max_abs=0
ANVIL lane energy rel_l2=0 max_abs=0
ANVIL parameter shadow rel_l2=0 max_abs=0
ANVIL step=2
ANVIL equalized update rel_l2=0 max_abs=0
ANVIL lane energy rel_l2=0 max_abs=0
ANVIL parameter shadow rel_l2=0 max_abs=0
ANVIL PASS: independent numerical oracle, exact state update, task visits, staged/production/all-family replay
ANVIL RECIPE LIMITATION rows=1 cols=1 pattern=0: native and independent reference both produce 1/1 non-finite updates; no clamp applied
ANVIL RECIPE LIMITATION rows=17 cols=33 pattern=2: native and independent reference both produce 561/561 non-finite updates; no clamp applied
ANVIL equalized update rel_l2=0 max_abs=0
ANVIL lane energy rel_l2=0 max_abs=0
ANVIL parameter shadow rel_l2=0 max_abs=0
ANVIL batch=2 workers=17 pattern=0
ANVIL matrix rows=1024 cols=17 split=0
ANVIL matrix rows=1025 cols=17 split=1
ANVIL tasks=2381 dependencies=46 roots=35 products=36
ANVIL step=0
ANVIL equalized update rel_l2=0.000568586622 max_abs=0.00048828125
ANVIL lane energy rel_l2=0.000203256371 max_abs=3.80074198e-07
ANVIL parameter shadow rel_l2=8.14349317e-06 max_abs=1.12354755e-05
ANVIL equalized update rel_l2=0.00730047284 max_abs=0.00512695312
ANVIL lane energy rel_l2=0.00475073883 max_abs=7.20110256e-06
ANVIL parameter shadow rel_l2=0.00010538983 max_abs=0.000117920339
ANVIL step=1
ANVIL equalized update rel_l2=0.00500108127 max_abs=0.0009765625
ANVIL lane energy rel_l2=0.00180307109 max_abs=1.79035123e-06
ANVIL parameter shadow rel_l2=2.80408695e-05 max_abs=8.7916851e-06
ANVIL equalized update rel_l2=0 max_abs=0
ANVIL lane energy rel_l2=2.70510967e-08 max_abs=2.91038305e-11
ANVIL parameter shadow rel_l2=0 max_abs=0
ANVIL step=2
ANVIL equalized update rel_l2=0.000354944 max_abs=0.00048828125
ANVIL lane energy rel_l2=7.29807229e-05 max_abs=4.55795089e-07
ANVIL parameter shadow rel_l2=8.84623229e-07 max_abs=1.95391476e-06
ANVIL equalized update rel_l2=3.95125101e-05 max_abs=0.000122070312
ANVIL lane energy rel_l2=3.18696482e-06 max_abs=2.86090653e-08
ANVIL parameter shadow rel_l2=1.98715898e-07 max_abs=9.76026058e-07
ANVIL PASS: independent numerical oracle, exact state update, task visits, staged/production/all-family replay
========= ERROR SUMMARY: 0 errors
compute-sanitizer --tool racecheck --error-exitcode 1 ./anvil --quick 
========= COMPUTE-SANITIZER
GPU[0]=NVIDIA H100 80GB HBM3 SMs=132 runtime=12080
ANVIL idle_ns=1024
ANVIL batch=3 workers=3 pattern=0
ANVIL matrix rows=17 cols=33 split=0
ANVIL matrix rows=33 cols=17 split=0
ANVIL matrix rows=17 cols=17 split=0
ANVIL tasks=152 dependencies=69 roots=3 products=54
ANVIL step=0
ANVIL equalized update rel_l2=0 max_abs=0
ANVIL lane energy rel_l2=5.20318378e-08 max_abs=4.65661287e-10
ANVIL parameter shadow rel_l2=0 max_abs=0
ANVIL equalized update rel_l2=0 max_abs=0
ANVIL lane energy rel_l2=2.93558859e-08 max_abs=4.65661287e-10
ANVIL parameter shadow rel_l2=0 max_abs=0
ANVIL equalized update rel_l2=0 max_abs=0
ANVIL lane energy rel_l2=3.83463464e-08 max_abs=4.65661287e-10
ANVIL parameter shadow rel_l2=0 max_abs=0
ANVIL step=1
ANVIL equalized update rel_l2=0 max_abs=0
ANVIL lane energy rel_l2=2.74051453e-08 max_abs=4.65661287e-10
ANVIL parameter shadow rel_l2=0 max_abs=0
ANVIL equalized update rel_l2=0 max_abs=0
ANVIL lane energy rel_l2=3.09008785e-08 max_abs=4.65661287e-10
ANVIL parameter shadow rel_l2=0 max_abs=0
ANVIL equalized update rel_l2=0 max_abs=0
ANVIL lane energy rel_l2=0 max_abs=0
ANVIL parameter shadow rel_l2=0 max_abs=0
ANVIL step=2
ANVIL equalized update rel_l2=0 max_abs=0
ANVIL lane energy rel_l2=9.53933353e-09 max_abs=4.65661287e-10
ANVIL parameter shadow rel_l2=0 max_abs=0
ANVIL equalized update rel_l2=0 max_abs=0
ANVIL lane energy rel_l2=1.94294596e-08 max_abs=9.31322575e-10
ANVIL parameter shadow rel_l2=0 max_abs=0
ANVIL equalized update rel_l2=0.00817729591 max_abs=0.00634765625
ANVIL lane energy rel_l2=0.00228436415 max_abs=7.97100365e-05
ANVIL parameter shadow rel_l2=0.000451144754 max_abs=7.61672854e-05
ANVIL PASS: independent numerical oracle, exact state update, task visits, staged/production/all-family replay
ANVIL batch=1 workers=1 pattern=1
ANVIL matrix rows=31 cols=65 split=0
ANVIL tasks=98 dependencies=23 roots=2 products=18
ANVIL step=0
ANVIL equalized update rel_l2=0 max_abs=0
ANVIL lane energy rel_l2=0 max_abs=0
ANVIL parameter shadow rel_l2=0 max_abs=0
ANVIL step=1
ANVIL equalized update rel_l2=0 max_abs=0
ANVIL lane energy rel_l2=0 max_abs=0
ANVIL parameter shadow rel_l2=0 max_abs=0
ANVIL step=2
ANVIL equalized update rel_l2=0 max_abs=0
ANVIL lane energy rel_l2=0 max_abs=0
ANVIL parameter shadow rel_l2=0 max_abs=0
ANVIL PASS: independent numerical oracle, exact state update, task visits, staged/production/all-family replay
ANVIL RECIPE LIMITATION rows=1 cols=1 pattern=0: native and independent reference both produce 1/1 non-finite updates; no clamp applied
ANVIL RECIPE LIMITATION rows=17 cols=33 pattern=2: native and independent reference both produce 561/561 non-finite updates; no clamp applied
ANVIL equalized update rel_l2=0 max_abs=0
ANVIL lane energy rel_l2=0 max_abs=0
ANVIL parameter shadow rel_l2=0 max_abs=0
ANVIL batch=2 workers=17 pattern=0
ANVIL matrix rows=1024 cols=17 split=0
ANVIL matrix rows=1025 cols=17 split=1
ANVIL tasks=2381 dependencies=46 roots=35 products=36
ANVIL step=0
ANVIL equalized update rel_l2=0.000568586622 max_abs=0.00048828125
ANVIL lane energy rel_l2=0.000203256371 max_abs=3.80074198e-07
ANVIL parameter shadow rel_l2=8.14349317e-06 max_abs=1.12354755e-05
ANVIL equalized update rel_l2=0.00730047284 max_abs=0.00512695312
ANVIL lane energy rel_l2=0.00475073883 max_abs=7.20110256e-06
ANVIL parameter shadow rel_l2=0.00010538983 max_abs=0.000117920339
ANVIL step=1
ANVIL equalized update rel_l2=0.00500108127 max_abs=0.0009765625
ANVIL lane energy rel_l2=0.00180307109 max_abs=1.79035123e-06
ANVIL parameter shadow rel_l2=2.80408695e-05 max_abs=8.7916851e-06
ANVIL equalized update rel_l2=0 max_abs=0
ANVIL lane energy rel_l2=2.70510967e-08 max_abs=2.91038305e-11
ANVIL parameter shadow rel_l2=0 max_abs=0
ANVIL step=2
ANVIL equalized update rel_l2=0.000354944 max_abs=0.00048828125
ANVIL lane energy rel_l2=7.29807229e-05 max_abs=4.55795089e-07
ANVIL parameter shadow rel_l2=8.84623229e-07 max_abs=1.95391476e-06
ANVIL equalized update rel_l2=3.95125101e-05 max_abs=0.000122070312
ANVIL lane energy rel_l2=3.18696482e-06 max_abs=2.86090653e-08
ANVIL parameter shadow rel_l2=1.98715898e-07 max_abs=9.76026058e-07
ANVIL PASS: independent numerical oracle, exact state update, task visits, staged/production/all-family replay
========= RACECHECK SUMMARY: 0 hazards displayed (0 errors, 0 warnings)
compute-sanitizer --tool synccheck --error-exitcode 1 ./anvil --quick 
========= COMPUTE-SANITIZER
GPU[0]=NVIDIA H100 80GB HBM3 SMs=132 runtime=12080
ANVIL idle_ns=1024
ANVIL batch=3 workers=3 pattern=0
ANVIL matrix rows=17 cols=33 split=0
ANVIL matrix rows=33 cols=17 split=0
ANVIL matrix rows=17 cols=17 split=0
ANVIL tasks=152 dependencies=69 roots=3 products=54
ANVIL step=0
ANVIL equalized update rel_l2=0 max_abs=0
ANVIL lane energy rel_l2=5.20318378e-08 max_abs=4.65661287e-10
ANVIL parameter shadow rel_l2=0 max_abs=0
ANVIL equalized update rel_l2=0 max_abs=0
ANVIL lane energy rel_l2=2.93558859e-08 max_abs=4.65661287e-10
ANVIL parameter shadow rel_l2=0 max_abs=0
ANVIL equalized update rel_l2=0 max_abs=0
ANVIL lane energy rel_l2=3.83463464e-08 max_abs=4.65661287e-10
ANVIL parameter shadow rel_l2=0 max_abs=0
ANVIL step=1
ANVIL equalized update rel_l2=0 max_abs=0
ANVIL lane energy rel_l2=2.74051453e-08 max_abs=4.65661287e-10
ANVIL parameter shadow rel_l2=0 max_abs=0
ANVIL equalized update rel_l2=0 max_abs=0
ANVIL lane energy rel_l2=3.09008785e-08 max_abs=4.65661287e-10
ANVIL parameter shadow rel_l2=0 max_abs=0
ANVIL equalized update rel_l2=0 max_abs=0
ANVIL lane energy rel_l2=0 max_abs=0
ANVIL parameter shadow rel_l2=0 max_abs=0
ANVIL step=2
ANVIL equalized update rel_l2=0 max_abs=0
ANVIL lane energy rel_l2=9.53933353e-09 max_abs=4.65661287e-10
ANVIL parameter shadow rel_l2=0 max_abs=0
ANVIL equalized update rel_l2=0 max_abs=0
ANVIL lane energy rel_l2=1.94294596e-08 max_abs=9.31322575e-10
ANVIL parameter shadow rel_l2=0 max_abs=0
ANVIL equalized update rel_l2=0.00817729591 max_abs=0.00634765625
ANVIL lane energy rel_l2=0.00228436415 max_abs=7.97100365e-05
ANVIL parameter shadow rel_l2=0.000451144754 max_abs=7.61672854e-05
ANVIL PASS: independent numerical oracle, exact state update, task visits, staged/production/all-family replay
ANVIL batch=1 workers=1 pattern=1
ANVIL matrix rows=31 cols=65 split=0
ANVIL tasks=98 dependencies=23 roots=2 products=18
ANVIL step=0
ANVIL equalized update rel_l2=0 max_abs=0
ANVIL lane energy rel_l2=0 max_abs=0
ANVIL parameter shadow rel_l2=0 max_abs=0
ANVIL step=1
ANVIL equalized update rel_l2=0 max_abs=0
ANVIL lane energy rel_l2=0 max_abs=0
ANVIL parameter shadow rel_l2=0 max_abs=0
ANVIL step=2
ANVIL equalized update rel_l2=0 max_abs=0
ANVIL lane energy rel_l2=0 max_abs=0
ANVIL parameter shadow rel_l2=0 max_abs=0
ANVIL PASS: independent numerical oracle, exact state update, task visits, staged/production/all-family replay
ANVIL RECIPE LIMITATION rows=1 cols=1 pattern=0: native and independent reference both produce 1/1 non-finite updates; no clamp applied
ANVIL RECIPE LIMITATION rows=17 cols=33 pattern=2: native and independent reference both produce 561/561 non-finite updates; no clamp applied
ANVIL equalized update rel_l2=0 max_abs=0
ANVIL lane energy rel_l2=0 max_abs=0
ANVIL parameter shadow rel_l2=0 max_abs=0
ANVIL batch=2 workers=17 pattern=0
ANVIL matrix rows=1024 cols=17 split=0
ANVIL matrix rows=1025 cols=17 split=1
ANVIL tasks=2381 dependencies=46 roots=35 products=36
ANVIL step=0
ANVIL equalized update rel_l2=0.000568586622 max_abs=0.00048828125
ANVIL lane energy rel_l2=0.000203256371 max_abs=3.80074198e-07
ANVIL parameter shadow rel_l2=8.14349317e-06 max_abs=1.12354755e-05
ANVIL equalized update rel_l2=0.00730047284 max_abs=0.00512695312
ANVIL lane energy rel_l2=0.00475073883 max_abs=7.20110256e-06
ANVIL parameter shadow rel_l2=0.00010538983 max_abs=0.000117920339
ANVIL step=1
ANVIL equalized update rel_l2=0.00500108127 max_abs=0.0009765625
ANVIL lane energy rel_l2=0.00180307109 max_abs=1.79035123e-06
ANVIL parameter shadow rel_l2=2.80408695e-05 max_abs=8.7916851e-06
ANVIL equalized update rel_l2=0 max_abs=0
ANVIL lane energy rel_l2=2.70510967e-08 max_abs=2.91038305e-11
ANVIL parameter shadow rel_l2=0 max_abs=0
ANVIL step=2
ANVIL equalized update rel_l2=0.000354944 max_abs=0.00048828125
ANVIL lane energy rel_l2=7.29807229e-05 max_abs=4.55795089e-07
ANVIL parameter shadow rel_l2=8.84623229e-07 max_abs=1.95391476e-06
ANVIL equalized update rel_l2=3.95125101e-05 max_abs=0.000122070312
ANVIL lane energy rel_l2=3.18696482e-06 max_abs=2.86090653e-08
ANVIL parameter shadow rel_l2=1.98715898e-07 max_abs=9.76026058e-07
ANVIL PASS: independent numerical oracle, exact state update, task visits, staged/production/all-family replay
========= ERROR SUMMARY: 0 errors
make: Leaving directory '/workspace/cuda'

Static SASS instruction counts for _ZN4nano10megakernelILb0ELb0ELb0ELb1ELb1EEEvNS_5GraphE: {'HMMA': 56, 'HGMMA': 0, 'LDGSTS': 56, 'LDL': 0, 'STL': 0}
Static SASS instruction counts for _ZN4nano10megakernelILb0ELb0ELb1ELb1ELb1EEEvNS_5GraphE: {'HMMA': 56, 'HGMMA': 0, 'LDGSTS': 56, 'LDL': 0, 'STL': 0}