sha256 6108403faeaf7cc9558767c84a63c2df37d3f67496d2ad19ac292c5bd75a4cf8 Makefile
sha256 27d710da211d259c85d64fbbd7db383565758285686f078ee7b90fea38a70c6d bench.cuh
sha256 6c7816f88d3635a7a72d3db3eb5fb7b09dd04f5350db0b76e7769ec0b570e361 hopper.cuh
sha256 26ab14a983e3b8f062e5bbf449c718e67feae948d6bb8458aa27cebe71c1487e megakernel.cuh
sha256 cef57ceb07ba44e55effc962c75d7f96485a7f1b80a5555438c99016553708d9 quantize.cu
sha256 f2bff3dccf7c4d0f34cf0013fecc638bf73931d93eb069f5791551950ad2a43b tokenizer.cpp
sha256 6162af3343d30737858843abf1b3e930bee0e4af510aa75df73a810816d39da9 transport.cu
sha256 183cbea539692c90d14366932c7f3fb43bc321056002e6883e2eb008056aa95e validate.cu
$ nvidia-smi
Sat Sep 19 01:29:54 2026       
+-----------------------------------------------------------------------------------------+
| NVIDIA-SMI 580.95.05              Driver Version: 580.95.05      CUDA Version: 13.0     |
+-----------------------------------------+------------------------+----------------------+
| GPU  Name                 Persistence-M | Bus-Id          Disp.A | Volatile Uncorr. ECC |
| Fan  Temp   Perf          Pwr:Usage/Cap |           Memory-Usage | GPU-Util  Compute M. |
|                                         |                        |               MIG M. |
|=========================================+========================+======================|
|   0  NVIDIA H100 80GB HBM3          On  |   00000000:8A:00.0 Off |                    0 |
| N/A   31C    P0             68W /  700W |       4MiB /  81559MiB |      0%      Default |
|                                         |                        |             Disabled |
+-----------------------------------------+------------------------+----------------------+

+-----------------------------------------------------------------------------------------+
| Processes:                                                                              |
|  GPU   GI   CI              PID   Type   Process name                        GPU Memory |
|        ID   ID                                                               Usage      |
|=========================================================================================|
|  No running processes found                                                             |
+-----------------------------------------------------------------------------------------+

$ nvcc --version
nvcc: NVIDIA (R) Cuda compiler driver
Copyright (c) 2005-2025 NVIDIA Corporation
Built on Fri_Feb_21_20:23:50_PST_2025
Cuda compilation tools, release 12.8, V12.8.93
Build cuda_12.8.r12.8/compiler.35583870_0

$ make -C /workspace/cuda validate
make: Entering directory '/workspace/cuda'
nvcc -std=c++17 -O3 -arch=sm_90a -lineinfo -Xptxas=-v,-warn-spills -DNANO_TRANSPOSE_PAD=4 -DNANO_REUSE_QUANT=1 -DNANO_MIN_BLOCKS=4 -DNANO_ALIGNED=1 -DNANO_K_LOOP=1 validate.cu -lcublas -o validate
ptxas warning : Registers are spilled to local memory in function '_ZN4nano10megakernelILb1ELb1EEEvNS_5GraphE', 8 bytes spill stores, 8 bytes spill loads
ptxas warning : Registers are spilled to local memory in function '_ZN4nano10megakernelILb0ELb1EEEvNS_5GraphE', 8 bytes spill stores, 8 bytes spill loads
ptxas warning : Registers are spilled to local memory in function '_ZN4nano10megakernelILb1ELb0EEEvNS_5GraphE', 24 bytes spill stores, 24 bytes spill loads
ptxas warning : Registers are spilled to local memory in function '_ZN4nano10megakernelILb0ELb0EEEvNS_5GraphE', 8 bytes spill stores, 8 bytes spill loads
ptxas info    : 0 bytes gmem
ptxas info    : Compiling entry function '_ZN4nano10megakernelILb1ELb1EEEvNS_5GraphE' for 'sm_90a'
ptxas info    : Function properties for _ZN4nano10megakernelILb1ELb1EEEvNS_5GraphE
    8 bytes stack frame, 8 bytes spill stores, 8 bytes spill loads
ptxas info    : Used 128 registers, used 1 barriers, 8 bytes cumulative stack size, 32776 bytes smem
ptxas info    : Compile time = 1340.716 ms
ptxas info    : Compiling entry function '_ZN4nano10megakernelILb0ELb1EEEvNS_5GraphE' for 'sm_90a'
ptxas info    : Function properties for _ZN4nano10megakernelILb0ELb1EEEvNS_5GraphE
    8 bytes stack frame, 8 bytes spill stores, 8 bytes spill loads
ptxas info    : Used 128 registers, used 1 barriers, 8 bytes cumulative stack size, 32776 bytes smem
ptxas info    : Compile time = 1322.074 ms
ptxas info    : Compiling entry function '_ZN4nano10megakernelILb1ELb0EEEvNS_5GraphE' for 'sm_90a'
ptxas info    : Function properties for _ZN4nano10megakernelILb1ELb0EEEvNS_5GraphE
    16 bytes stack frame, 24 bytes spill stores, 24 bytes spill loads
ptxas info    : Used 128 registers, used 1 barriers, 16 bytes cumulative stack size, 32776 bytes smem
ptxas info    : Compile time = 1518.211 ms
ptxas info    : Compiling entry function '_ZN4nano10megakernelILb0ELb0EEEvNS_5GraphE' for 'sm_90a'
ptxas info    : Function properties for _ZN4nano10megakernelILb0ELb0EEEvNS_5GraphE
    8 bytes stack frame, 8 bytes spill stores, 8 bytes spill loads
ptxas info    : Used 128 registers, used 1 barriers, 8 bytes cumulative stack size, 32776 bytes smem
ptxas info    : Compile time = 1514.547 ms
ptxas info    : Compiling entry function '_Z13staged_kernelILb0EEvN4nano6MatmulE' for 'sm_90a'
ptxas info    : Function properties for _Z13staged_kernelILb0EEvN4nano6MatmulE
    0 bytes stack frame, 0 bytes spill stores, 0 bytes spill loads
ptxas info    : Used 130 registers, used 1 barriers, 32768 bytes smem
ptxas info    : Compile time = 1583.788 ms
ptxas info    : Compiling entry function '_Z13staged_kernelILb1EEvN4nano6MatmulE' for 'sm_90a'
ptxas info    : Function properties for _Z13staged_kernelILb1EEvN4nano6MatmulE
    0 bytes stack frame, 0 bytes spill stores, 0 bytes spill loads
ptxas info    : Used 117 registers, used 1 barriers, 32768 bytes smem
ptxas info    : Compile time = 1233.147 ms
ptxas info    : Compiling entry function '_Z18reference_epiloguePKfN4nano6MatmulE' for 'sm_90a'
ptxas info    : Function properties for _Z18reference_epiloguePKfN4nano6MatmulE
    0 bytes stack frame, 0 bytes spill stores, 0 bytes spill loads
ptxas info    : Used 17 registers, used 0 barriers
ptxas info    : Compile time = 12.823 ms
ptxas info    : Compiling entry function '_Z6unpackPK13__nv_fp8_e4m3Pfi' for 'sm_90a'
ptxas info    : Function properties for _Z6unpackPK13__nv_fp8_e4m3Pfi
    0 bytes stack frame, 0 bytes spill stores, 0 bytes spill loads
ptxas info    : Used 10 registers, used 0 barriers
ptxas info    : Compile time = 1.605 ms
make: Leaving directory '/workspace/cuda'

$ /workspace/cuda/validate --profile --gradient-chunk=4096
GPU=NVIDIA H100 80GB HBM3 SMs=132 CUDA_runtime=12080
megakernel registers=128 static_shared=32776 local_bytes=8
resident_blocks_per_SM=4
operand_K=128
scheduler=ready_first
operand_stages=2
shape M=16384 C=768 H=3072 workers=528 seed=42 zeros=0 gradient_chunk=4096
audit: every task executed once; gradient_tasks_before_all_roots=3644
  post   rel_l2=0 max_abs=0 different=0/50331648
  dpre   rel_l2=0 max_abs=0 different=0/50331648
  post.T rel_l2=0 max_abs=0 different=0/50331648
  dpre.T rel_l2=0 max_abs=0 different=0/50331648
  y      rel_l2=1.2675079e-05 max_abs=0.0078125 different=254/12582912
  dx     rel_l2=3.7223649e-06 max_abs=0.001953125 different=44/12582912
  dw1    rel_l2=2.588453e-05 max_abs=0.125 different=257/2359296
  dw2    rel_l2=2.3801588e-05 max_abs=0.0625 different=429/2359296
  dw1.chunk rel_l2=0 max_abs=0 different=0/2359296
  dw2.chunk rel_l2=0 max_abs=0 different=0/2359296
production specialization after reset:
  post   rel_l2=0 max_abs=0 different=0/50331648
  dpre   rel_l2=0 max_abs=0 different=0/50331648
  post.T rel_l2=0 max_abs=0 different=0/50331648
  dpre.T rel_l2=0 max_abs=0 different=0/50331648
  y      rel_l2=1.2675079e-05 max_abs=0.0078125 different=254/12582912
  dx     rel_l2=3.7223649e-06 max_abs=0.001953125 different=44/12582912
  dw1    rel_l2=2.588453e-05 max_abs=0.125 different=257/2359296
  dw2    rel_l2=2.3801588e-05 max_abs=0.0625 different=429/2359296
  post   rel_l2=0 max_abs=0 different=0/50331648
  dpre   rel_l2=0 max_abs=0 different=0/50331648
  post.T rel_l2=0 max_abs=0 different=0/50331648
  dpre.T rel_l2=0 max_abs=0 different=0/50331648
  y      rel_l2=1.2675079e-05 max_abs=0.0078125 different=254/12582912
  dx     rel_l2=3.7223649e-06 max_abs=0.001953125 different=44/12582912
  dw1    rel_l2=2.588453e-05 max_abs=0.125 different=257/2359296
  dw2    rel_l2=2.3801588e-05 max_abs=0.0625 different=429/2359296
timing median_ms fused=2.739056 staged_same_tiles=2.488272 graph_same_tiles=2.473408 fused_with_reset=2.744688 tasks=35328 (warm cache)
samples_ms: 2.731232 2.722720 2.735840 2.740224 2.728672 2.741120 2.737888 2.742912 2.787008 2.777856
samples_ms: 2.487072 2.485184 2.488608 2.487936 2.486176 2.489344 2.487360 2.509696 2.531360 2.531264
samples_ms: 2.473472 2.472416 2.473888 2.473248 2.473344 2.471360 2.472864 2.515264 2.515520 2.516000
samples_ms: 2.734144 2.745664 2.749856 2.739808 2.743712 2.736576 2.737696 2.781280 2.781056 2.781888
PASS: profile-region output validation

Static SASS instruction counts for _ZN4nano10megakernelILb0ELb1EEEvNS_5GraphE: {'HMMA': 16, 'HGMMA': 0, 'LDGSTS': 28, 'LDL': 2, 'STL': 2}
Static SASS instruction counts for _ZN4nano10megakernelILb0ELb0EEEvNS_5GraphE: {'HMMA': 16, 'HGMMA': 0, 'LDGSTS': 28, 'LDL': 2, 'STL': 2}
$ ncu --set full --clock-control none --cache-control none --profile-from-start off --launch-count 1 --export /workspace/cuda/profile --force-overwrite /workspace/cuda/validate --profile --gradient-chunk=4096
exit_status=0
==WARNING== Note: Running with uncontrolled GPU caches. Profiling results may be inconsistent.
==WARNING== Note: Running with unmodified GPU clocks. If not controlled otherwise, profiling results may be inconsistent.
==PROF== Connected to process 87 (/workspace/cuda/validate)
==WARNING== Unable to access the following 6 metrics: ctc__rx_bytes_data_user.sum, ctc__rx_bytes_data_user.sum.pct_of_peak_sustained_elapsed, ctc__rx_bytes_data_user.sum.per_second, ctc__tx_bytes_data_user.sum, ctc__tx_bytes_data_user.sum.pct_of_peak_sustained_elapsed, ctc__tx_bytes_data_user.sum.per_second.


==PROF== Profiling "megakernel" - 0 (1/1): 0%....50%....100% - 39 passes
GPU=NVIDIA H100 80GB HBM3 SMs=132 CUDA_runtime=12080
megakernel registers=128 static_shared=32776 local_bytes=8
resident_blocks_per_SM=4
operand_K=128
scheduler=ready_first
operand_stages=2
shape M=16384 C=768 H=3072 workers=528 seed=42 zeros=0 gradient_chunk=4096
audit: every task executed once; gradient_tasks_before_all_roots=3604
  post   rel_l2=0 max_abs=0 different=0/50331648
  dpre   rel_l2=0 max_abs=0 different=0/50331648
  post.T rel_l2=0 max_abs=0 different=0/50331648
  dpre.T rel_l2=0 max_abs=0 different=0/50331648
  y      rel_l2=1.2675079e-05 max_abs=0.0078125 different=254/12582912
  dx     rel_l2=3.7223649e-06 max_abs=0.001953125 different=44/12582912
  dw1    rel_l2=2.588453e-05 max_abs=0.125 different=257/2359296
  dw2    rel_l2=2.3801588e-05 max_abs=0.0625 different=429/2359296
  dw1.chunk rel_l2=0 max_abs=0 different=0/2359296
  dw2.chunk rel_l2=0 max_abs=0 different=0/2359296
production specialization after reset:
  post   rel_l2=0 max_abs=0 different=0/50331648
  dpre   rel_l2=0 max_abs=0 different=0/50331648
  post.T rel_l2=0 max_abs=0 different=0/50331648
  dpre.T rel_l2=0 max_abs=0 different=0/50331648
  y      rel_l2=1.2675079e-05 max_abs=0.0078125 different=254/12582912
  dx     rel_l2=3.7223649e-06 max_abs=0.001953125 different=44/12582912
  dw1    rel_l2=2.588453e-05 max_abs=0.125 different=257/2359296
  dw2    rel_l2=2.3801588e-05 max_abs=0.0625 different=429/2359296
  post   rel_l2=0 max_abs=0 different=0/50331648
  dpre   rel_l2=0 max_abs=0 different=0/50331648
  post.T rel_l2=0 max_abs=0 different=0/50331648
  dpre.T rel_l2=0 max_abs=0 different=0/50331648
  y      rel_l2=1.2675079e-05 max_abs=0.0078125 different=254/12582912
  dx     rel_l2=3.7223649e-06 max_abs=0.001953125 different=44/12582912
  dw1    rel_l2=2.588453e-05 max_abs=0.125 different=257/2359296
  dw2    rel_l2=2.3801588e-05 max_abs=0.0625 different=429/2359296
timing median_ms fused=2.853376 staged_same_tiles=2.596272 graph_same_tiles=2.610832 fused_with_reset=2.963952 tasks=35328 (warm cache)
samples_ms: 2.857312 2.816704 2.856288 2.871744 2.850464 2.879360 2.827776 2.837408 2.844672 2.891840
samples_ms: 2.608640 2.594432 2.608032 2.569856 2.584576 2.583456 2.615360 2.598112 2.566016 2.639968
samples_ms: 2.611264 2.578880 2.614240 2.610400 2.605728 2.620064 2.606368 2.572896 2.614688 2.651168
samples_ms: 2.926816 2.984672 3.009408 2.948352 3.020288 2.943424 2.956960 2.970944 2.935040 3.019008
PASS: profile-region output validation
==PROF== Disconnected from process 87
==PROF== Report: /workspace/cuda/profile.ncu-rep
