sha256 cfc65f871439d22c2a5b5853f44ecbf3aeabe03a58021415b701e03f445c0a25 Makefile
sha256 29c234eb274a221b576a3d724595d56b4c7115f297f312e6f46a23bbca6cbae6 attention.cu
sha256 7683cc050be3b695be82d06554dc2c147f79cc8352e7d125d5ad4b4e45924aa3 attention.cuh
sha256 27d710da211d259c85d64fbbd7db383565758285686f078ee7b90fea38a70c6d bench.cuh
sha256 6eb043b0deec41825720d6ba638468d9aec856a01cb2b9dec6c23a28ffe49a81 frontier.cuh
sha256 6c7816f88d3635a7a72d3db3eb5fb7b09dd04f5350db0b76e7769ec0b570e361 hopper.cuh
sha256 0f1a2d09ed30492228dee22e12771071b0009615902506f4e12de42034359c01 megakernel.cuh
sha256 cef57ceb07ba44e55effc962c75d7f96485a7f1b80a5555438c99016553708d9 quantize.cu
sha256 f2bff3dccf7c4d0f34cf0013fecc638bf73931d93eb069f5791551950ad2a43b tokenizer.cpp
sha256 6162af3343d30737858843abf1b3e930bee0e4af510aa75df73a810816d39da9 transport.cu
sha256 4c74b0dba9a3a754d4fff90f9cab402ed715067484f50079efdc703ddb8ef6fe validate.cu
$ nvidia-smi
Sat Sep 19 03:13:39 2026       
+-----------------------------------------------------------------------------------------+
| NVIDIA-SMI 580.95.05              Driver Version: 580.95.05      CUDA Version: 13.0     |
+-----------------------------------------+------------------------+----------------------+
| GPU  Name                 Persistence-M | Bus-Id          Disp.A | Volatile Uncorr. ECC |
| Fan  Temp   Perf          Pwr:Usage/Cap |           Memory-Usage | GPU-Util  Compute M. |
|                                         |                        |               MIG M. |
|=========================================+========================+======================|
|   0  NVIDIA H100 80GB HBM3          On  |   00000000:00:0E.0 Off |                    0 |
| N/A   24C    P0             71W /  700W |       4MiB /  81559MiB |      0%      Default |
|                                         |                        |             Disabled |
+-----------------------------------------+------------------------+----------------------+

+-----------------------------------------------------------------------------------------+
| Processes:                                                                              |
|  GPU   GI   CI              PID   Type   Process name                        GPU Memory |
|        ID   ID                                                               Usage      |
|=========================================================================================|
|  No running processes found                                                             |
+-----------------------------------------------------------------------------------------+

$ nvcc --version
nvcc: NVIDIA (R) Cuda compiler driver
Copyright (c) 2005-2025 NVIDIA Corporation
Built on Fri_Feb_21_20:23:50_PST_2025
Cuda compilation tools, release 12.8, V12.8.93
Build cuda_12.8.r12.8/compiler.35583870_0

$ make -C /workspace/cuda attention
make: Entering directory '/workspace/cuda'
nvcc -std=c++17 -O3 -arch=sm_90a -lineinfo -Xptxas=-v,-warn-spills -DNANO_TRANSPOSE_PAD=4 -DNANO_REUSE_QUANT=1 -DNANO_MIN_BLOCKS=4 -DNANO_ALIGNED=1 -DNANO_K_LOOP=1 -DNANO_FRONTIER=1 attention.cu -o attention
ptxas info    : 0 bytes gmem
ptxas info    : Compiling entry function '_ZN4nano10megakernelILb0ELb0ELb1EEEvNS_5GraphE' for 'sm_90a'
ptxas info    : Function properties for _ZN4nano10megakernelILb0ELb0ELb1EEEvNS_5GraphE
    0 bytes stack frame, 0 bytes spill stores, 0 bytes spill loads
ptxas info    : Used 114 registers, used 1 barriers, 32776 bytes smem
ptxas info    : Compile time = 507.731 ms
ptxas info    : Compiling entry function '_ZN4nano10megakernelILb1ELb0ELb1EEEvNS_5GraphE' for 'sm_90a'
ptxas info    : Function properties for _ZN4nano10megakernelILb1ELb0ELb1EEEvNS_5GraphE
    0 bytes stack frame, 0 bytes spill stores, 0 bytes spill loads
ptxas info    : Used 112 registers, used 1 barriers, 32776 bytes smem
ptxas info    : Compile time = 514.888 ms
ptxas info    : Compiling entry function '_Z21reset_attention_statePiii' for 'sm_90a'
ptxas info    : Function properties for _Z21reset_attention_statePiii
    0 bytes stack frame, 0 bytes spill stores, 0 bytes spill loads
ptxas info    : Used 8 registers, used 0 barriers
ptxas info    : Compile time = 1.048 ms
ptxas info    : Compiling entry function '_Z16staged_attentionN4nano9AttentionENS_8TaskKindE' for 'sm_90a'
ptxas info    : Function properties for _Z16staged_attentionN4nano9AttentionENS_8TaskKindE
    0 bytes stack frame, 0 bytes spill stores, 0 bytes spill loads
ptxas info    : Used 48 registers, used 0 barriers
ptxas info    : Compile time = 78.394 ms
make: Leaving directory '/workspace/cuda'

$ /workspace/cuda/attention
GPU[0]=NVIDIA H100 80GB HBM3 SMs=132 runtime=12080
mixed worker resident_ctas_per_sm=4
attention tokens=21 heads=6 qk=64 v=128 window=8 documents=3 workers=1
y rel_l2=5.19099562e-08 max_abs=1.45459774e-07
dq rel_l2=1.22753782e-07 max_abs=3.88527195e-08
dk rel_l2=1.25158928e-07 max_abs=3.44619012e-08
dv rel_l2=8.44370887e-08 max_abs=2.3878643e-07
lse rel_l2=4.3127804e-08 max_abs=2.4613334e-07
delta rel_l2=4.42511945e-08 max_abs=1.69500709e-07
attention tokens=46 heads=3 qk=64 v=128 window=5 documents=3 workers=7
y rel_l2=1.79775712e-08 max_abs=1.98682151e-08
dq rel_l2=0 max_abs=0
dk rel_l2=0 max_abs=0
dv rel_l2=6.03352672e-08 max_abs=1.27156576e-07
lse rel_l2=1.23797799e-08 max_abs=3.00707825e-08
delta rel_l2=4.73227084e-08 max_abs=2.14204192e-07
attention tokens=257 heads=6 qk=64 v=128 window=128 documents=4 workers=132
y rel_l2=1.06161226e-07 max_abs=1.06942625e-07
dq rel_l2=7.68917801e-07 max_abs=6.95953887e-07
dk rel_l2=8.19787603e-07 max_abs=1.34808205e-07
dv rel_l2=2.36441915e-07 max_abs=1.09028284e-06
lse rel_l2=4.96717571e-08 max_abs=8.16691089e-07
delta rel_l2=5.44650319e-06 max_abs=6.53387979e-05
attention tokens=23 heads=6 qk=64 v=128 window=0 documents=3 workers=7
y rel_l2=0 max_abs=0
dq rel_l2=0 max_abs=0
dk rel_l2=0 max_abs=0
dv rel_l2=0 max_abs=0
lse rel_l2=4.08752058e-08 max_abs=2.98023224e-08
delta rel_l2=4.26892547e-08 max_abs=3.27825546e-07
attention tokens=1026 heads=3 qk=64 v=128 window=1536 documents=3 workers=528
y rel_l2=3.59621858e-07 max_abs=1.9920451e-06
dq rel_l2=5.55155317e-05 max_abs=0.00080115041
dk rel_l2=5.08726438e-05 max_abs=0.000848313598
dv rel_l2=8.28631426e-07 max_abs=4.05848741e-06
lse rel_l2=3.94309684e-08 max_abs=4.71619276e-06
delta rel_l2=1.93269873e-05 max_abs=0.000919464976
timing scalar attention baseline tokens=16384 qk=64 v=128 window=384; no FA3 speed claim
staged_forward_backward median_ms=10.425520 samples_ms= 10.441984 10.434912 10.420704 10.430336 10.471392 10.479808 10.355712 10.372672 10.362976 10.371040
persistent_forward_backward_plus_reset_and_sentinel median_ms=20.251633 samples_ms= 20.384319 20.031008 19.987488 20.410976 20.269344 19.911743 20.243937 20.005760 20.259329 20.413631
attention tokens=21 heads=6 qk=64 v=64 window=8 documents=3 workers=1
y rel_l2=4.87575511e-08 max_abs=7.15218416e-08
dq rel_l2=1.22200408e-07 max_abs=2.15261837e-08
dk rel_l2=1.30881539e-07 max_abs=3.01705728e-08
dv rel_l2=8.73331872e-08 max_abs=2.5393623e-07
lse rel_l2=4.62613856e-08 max_abs=1.85387653e-07
delta rel_l2=3.51125342e-08 max_abs=1.32247806e-07
attention tokens=46 heads=3 qk=64 v=64 window=5 documents=3 workers=7
y rel_l2=1.81983313e-08 max_abs=2.38418578e-08
dq rel_l2=0 max_abs=0
dk rel_l2=0 max_abs=0
dv rel_l2=6.15681073e-08 max_abs=1.03314718e-07
lse rel_l2=1.23797799e-08 max_abs=3.00707825e-08
delta rel_l2=3.67432921e-08 max_abs=7.07805157e-08
attention tokens=257 heads=6 qk=64 v=64 window=128 documents=4 workers=132
y rel_l2=1.05074105e-07 max_abs=8.53820033e-08
dq rel_l2=2.26969745e-06 max_abs=1.97810751e-06
dk rel_l2=2.48530743e-06 max_abs=3.16826907e-07
dv rel_l2=2.33815063e-07 max_abs=9.19668677e-07
lse rel_l2=4.83116934e-08 max_abs=7.11586424e-07
delta rel_l2=1.69828315e-05 max_abs=0.000201215968
attention tokens=23 heads=6 qk=64 v=64 window=0 documents=3 workers=7
y rel_l2=0 max_abs=0
dq rel_l2=0 max_abs=0
dk rel_l2=0 max_abs=0
dv rel_l2=0 max_abs=0
lse rel_l2=3.4147705e-08 max_abs=2.14204192e-08
delta rel_l2=4.35595964e-08 max_abs=1.97440386e-07
attention tokens=1026 heads=3 qk=64 v=64 window=1536 documents=3 workers=528
y rel_l2=3.53968558e-07 max_abs=1.73166956e-06
dq rel_l2=7.9601201e-05 max_abs=0.00111724073
dk rel_l2=6.36989037e-05 max_abs=0.000718278926
dv rel_l2=8.51603572e-07 max_abs=4.85583446e-06
lse rel_l2=4.06212106e-08 max_abs=5.05681407e-06
delta rel_l2=2.76285647e-05 max_abs=0.00106814504
timing scalar attention baseline tokens=16384 qk=64 v=64 window=384; no FA3 speed claim
staged_forward_backward median_ms=9.237088 samples_ms= 9.236704 9.239552 9.253120 9.232032 9.234560 9.236896 9.231616 9.238560 9.237280 9.252864
persistent_forward_backward_plus_reset_and_sentinel median_ms=18.115984 samples_ms= 18.128384 18.095232 18.143808 18.131777 18.045471 18.103584 18.023935 18.255169 17.952736 18.141088
attention tokens=21 heads=6 qk=128 v=128 window=8 documents=3 workers=1
y rel_l2=4.92053218e-08 max_abs=9.37230658e-08
dq rel_l2=1.2001674e-07 max_abs=2.41661762e-08
dk rel_l2=1.25844541e-07 max_abs=3.69883471e-08
dv rel_l2=8.90233771e-08 max_abs=2.1136021e-07
lse rel_l2=4.51374566e-08 max_abs=2.29083469e-07
delta rel_l2=5.31958945e-08 max_abs=2.23517418e-07
attention tokens=46 heads=3 qk=128 v=128 window=5 documents=3 workers=7
y rel_l2=1.79464725e-08 max_abs=2.38418579e-08
dq rel_l2=0 max_abs=0
dk rel_l2=0 max_abs=0
dv rel_l2=6.14660331e-08 max_abs=1.27156576e-07
lse rel_l2=1.23797799e-08 max_abs=3.00707825e-08
delta rel_l2=5.21817387e-08 max_abs=2.75671482e-07
attention tokens=257 heads=6 qk=128 v=128 window=128 documents=4 workers=132
y rel_l2=1.04456306e-07 max_abs=9.83811316e-08
dq rel_l2=1.51121036e-06 max_abs=1.69122697e-06
dk rel_l2=1.48486816e-06 max_abs=3.18292899e-07
dv rel_l2=2.36179634e-07 max_abs=1.19474767e-06
lse rel_l2=4.88056194e-08 max_abs=7.75526141e-07
delta rel_l2=7.87559337e-06 max_abs=0.000130675733
attention tokens=23 heads=6 qk=128 v=128 window=0 documents=3 workers=7
y rel_l2=0 max_abs=0
dq rel_l2=0 max_abs=0
dk rel_l2=0 max_abs=0
dv rel_l2=0 max_abs=0
lse rel_l2=5.11959403e-08 max_abs=4.85074898e-08
delta rel_l2=5.33326546e-08 max_abs=2.83122063e-07
attention tokens=1026 heads=3 qk=128 v=128 window=1536 documents=3 workers=528
y rel_l2=4.30949768e-07 max_abs=2.72380175e-06
dq rel_l2=8.64136997e-05 max_abs=0.00119681417
dk rel_l2=7.82091436e-05 max_abs=0.000715846219
dv rel_l2=1.07967456e-06 max_abs=5.24388751e-06
lse rel_l2=4.77971086e-08 max_abs=6.28370879e-06
delta rel_l2=2.85497239e-05 max_abs=0.0012588799
timing scalar attention baseline tokens=16384 qk=128 v=128 window=384; no FA3 speed claim
staged_forward_backward median_ms=12.612352 samples_ms= 12.626240 12.610976 12.612000 12.620000 12.614848 12.613632 12.599616 12.612704 12.607168 12.600320
persistent_forward_backward_plus_reset_and_sentinel median_ms=24.932992 samples_ms= 24.270975 24.907808 25.007328 24.571264 25.073856 24.905760 25.047840 25.011488 24.958176 24.351648
PASS: native attention math and mixed persistent scheduling; full model and FA3 parity remain unverified

$ make -C /workspace/cuda sanitize BIN=attention CHECK_FLAGS=
make: Entering directory '/workspace/cuda'
compute-sanitizer --tool memcheck --error-exitcode 1 ./attention --quick 
========= COMPUTE-SANITIZER
GPU[0]=NVIDIA H100 80GB HBM3 SMs=132 runtime=12080
mixed worker resident_ctas_per_sm=4
attention tokens=21 heads=6 qk=64 v=128 window=8 documents=3 workers=1
y rel_l2=5.19099562e-08 max_abs=1.45459774e-07
dq rel_l2=1.22753782e-07 max_abs=3.88527195e-08
dk rel_l2=1.25158928e-07 max_abs=3.44619012e-08
dv rel_l2=8.44370887e-08 max_abs=2.3878643e-07
lse rel_l2=4.3127804e-08 max_abs=2.4613334e-07
delta rel_l2=4.42511945e-08 max_abs=1.69500709e-07
attention tokens=46 heads=3 qk=64 v=128 window=5 documents=3 workers=7
y rel_l2=1.79775712e-08 max_abs=1.98682151e-08
dq rel_l2=0 max_abs=0
dk rel_l2=0 max_abs=0
dv rel_l2=6.03352672e-08 max_abs=1.27156576e-07
lse rel_l2=1.23797799e-08 max_abs=3.00707825e-08
delta rel_l2=4.73227084e-08 max_abs=2.14204192e-07
attention tokens=21 heads=6 qk=64 v=64 window=8 documents=3 workers=1
y rel_l2=4.87575511e-08 max_abs=7.15218416e-08
dq rel_l2=1.22200408e-07 max_abs=2.15261837e-08
dk rel_l2=1.30881539e-07 max_abs=3.01705728e-08
dv rel_l2=8.73331872e-08 max_abs=2.5393623e-07
lse rel_l2=4.62613856e-08 max_abs=1.85387653e-07
delta rel_l2=3.51125342e-08 max_abs=1.32247806e-07
attention tokens=46 heads=3 qk=64 v=64 window=5 documents=3 workers=7
y rel_l2=1.81983313e-08 max_abs=2.38418578e-08
dq rel_l2=0 max_abs=0
dk rel_l2=0 max_abs=0
dv rel_l2=6.15681073e-08 max_abs=1.03314718e-07
lse rel_l2=1.23797799e-08 max_abs=3.00707825e-08
delta rel_l2=3.67432921e-08 max_abs=7.07805157e-08
attention tokens=21 heads=6 qk=128 v=128 window=8 documents=3 workers=1
y rel_l2=4.92053218e-08 max_abs=9.37230658e-08
dq rel_l2=1.2001674e-07 max_abs=2.41661762e-08
dk rel_l2=1.25844541e-07 max_abs=3.69883471e-08
dv rel_l2=8.90233771e-08 max_abs=2.1136021e-07
lse rel_l2=4.51374566e-08 max_abs=2.29083469e-07
delta rel_l2=5.31958945e-08 max_abs=2.23517418e-07
attention tokens=46 heads=3 qk=128 v=128 window=5 documents=3 workers=7
y rel_l2=1.79464725e-08 max_abs=2.38418579e-08
dq rel_l2=0 max_abs=0
dk rel_l2=0 max_abs=0
dv rel_l2=6.14660331e-08 max_abs=1.27156576e-07
lse rel_l2=1.23797799e-08 max_abs=3.00707825e-08
delta rel_l2=5.21817387e-08 max_abs=2.75671482e-07
PASS: native attention math and mixed persistent scheduling; full model and FA3 parity remain unverified
========= ERROR SUMMARY: 0 errors
compute-sanitizer --tool initcheck --error-exitcode 1 ./attention --quick 
========= COMPUTE-SANITIZER
GPU[0]=NVIDIA H100 80GB HBM3 SMs=132 runtime=12080
mixed worker resident_ctas_per_sm=4
attention tokens=21 heads=6 qk=64 v=128 window=8 documents=3 workers=1
y rel_l2=5.19099562e-08 max_abs=1.45459774e-07
dq rel_l2=1.22753782e-07 max_abs=3.88527195e-08
dk rel_l2=1.25158928e-07 max_abs=3.44619012e-08
dv rel_l2=8.44370887e-08 max_abs=2.3878643e-07
lse rel_l2=4.3127804e-08 max_abs=2.4613334e-07
delta rel_l2=4.42511945e-08 max_abs=1.69500709e-07
attention tokens=46 heads=3 qk=64 v=128 window=5 documents=3 workers=7
y rel_l2=1.79775712e-08 max_abs=1.98682151e-08
dq rel_l2=0 max_abs=0
dk rel_l2=0 max_abs=0
dv rel_l2=6.03352672e-08 max_abs=1.27156576e-07
lse rel_l2=1.23797799e-08 max_abs=3.00707825e-08
delta rel_l2=4.73227084e-08 max_abs=2.14204192e-07
attention tokens=21 heads=6 qk=64 v=64 window=8 documents=3 workers=1
y rel_l2=4.87575511e-08 max_abs=7.15218416e-08
dq rel_l2=1.22200408e-07 max_abs=2.15261837e-08
dk rel_l2=1.30881539e-07 max_abs=3.01705728e-08
dv rel_l2=8.73331872e-08 max_abs=2.5393623e-07
lse rel_l2=4.62613856e-08 max_abs=1.85387653e-07
delta rel_l2=3.51125342e-08 max_abs=1.32247806e-07
attention tokens=46 heads=3 qk=64 v=64 window=5 documents=3 workers=7
y rel_l2=1.81983313e-08 max_abs=2.38418578e-08
dq rel_l2=0 max_abs=0
dk rel_l2=0 max_abs=0
dv rel_l2=6.15681073e-08 max_abs=1.03314718e-07
lse rel_l2=1.23797799e-08 max_abs=3.00707825e-08
delta rel_l2=3.67432921e-08 max_abs=7.07805157e-08
attention tokens=21 heads=6 qk=128 v=128 window=8 documents=3 workers=1
y rel_l2=4.92053218e-08 max_abs=9.37230658e-08
dq rel_l2=1.2001674e-07 max_abs=2.41661762e-08
dk rel_l2=1.25844541e-07 max_abs=3.69883471e-08
dv rel_l2=8.90233771e-08 max_abs=2.1136021e-07
lse rel_l2=4.51374566e-08 max_abs=2.29083469e-07
delta rel_l2=5.31958945e-08 max_abs=2.23517418e-07
attention tokens=46 heads=3 qk=128 v=128 window=5 documents=3 workers=7
y rel_l2=1.79464725e-08 max_abs=2.38418579e-08
dq rel_l2=0 max_abs=0
dk rel_l2=0 max_abs=0
dv rel_l2=6.14660331e-08 max_abs=1.27156576e-07
lse rel_l2=1.23797799e-08 max_abs=3.00707825e-08
delta rel_l2=5.21817387e-08 max_abs=2.75671482e-07
PASS: native attention math and mixed persistent scheduling; full model and FA3 parity remain unverified
========= ERROR SUMMARY: 0 errors
compute-sanitizer --tool racecheck --error-exitcode 1 ./attention --quick 
========= COMPUTE-SANITIZER
GPU[0]=NVIDIA H100 80GB HBM3 SMs=132 runtime=12080
mixed worker resident_ctas_per_sm=4
attention tokens=21 heads=6 qk=64 v=128 window=8 documents=3 workers=1
y rel_l2=5.19099562e-08 max_abs=1.45459774e-07
dq rel_l2=1.22753782e-07 max_abs=3.88527195e-08
dk rel_l2=1.25158928e-07 max_abs=3.44619012e-08
dv rel_l2=8.44370887e-08 max_abs=2.3878643e-07
lse rel_l2=4.3127804e-08 max_abs=2.4613334e-07
delta rel_l2=4.42511945e-08 max_abs=1.69500709e-07
attention tokens=46 heads=3 qk=64 v=128 window=5 documents=3 workers=7
y rel_l2=1.79775712e-08 max_abs=1.98682151e-08
dq rel_l2=0 max_abs=0
dk rel_l2=0 max_abs=0
dv rel_l2=6.03352672e-08 max_abs=1.27156576e-07
lse rel_l2=1.23797799e-08 max_abs=3.00707825e-08
delta rel_l2=4.73227084e-08 max_abs=2.14204192e-07
attention tokens=21 heads=6 qk=64 v=64 window=8 documents=3 workers=1
y rel_l2=4.87575511e-08 max_abs=7.15218416e-08
dq rel_l2=1.22200408e-07 max_abs=2.15261837e-08
dk rel_l2=1.30881539e-07 max_abs=3.01705728e-08
dv rel_l2=8.73331872e-08 max_abs=2.5393623e-07
lse rel_l2=4.62613856e-08 max_abs=1.85387653e-07
delta rel_l2=3.51125342e-08 max_abs=1.32247806e-07
attention tokens=46 heads=3 qk=64 v=64 window=5 documents=3 workers=7
y rel_l2=1.81983313e-08 max_abs=2.38418578e-08
dq rel_l2=0 max_abs=0
dk rel_l2=0 max_abs=0
dv rel_l2=6.15681073e-08 max_abs=1.03314718e-07
lse rel_l2=1.23797799e-08 max_abs=3.00707825e-08
delta rel_l2=3.67432921e-08 max_abs=7.07805157e-08
attention tokens=21 heads=6 qk=128 v=128 window=8 documents=3 workers=1
y rel_l2=4.92053218e-08 max_abs=9.37230658e-08
dq rel_l2=1.2001674e-07 max_abs=2.41661762e-08
dk rel_l2=1.25844541e-07 max_abs=3.69883471e-08
dv rel_l2=8.90233771e-08 max_abs=2.1136021e-07
lse rel_l2=4.51374566e-08 max_abs=2.29083469e-07
delta rel_l2=5.31958945e-08 max_abs=2.23517418e-07
attention tokens=46 heads=3 qk=128 v=128 window=5 documents=3 workers=7
y rel_l2=1.79464725e-08 max_abs=2.38418579e-08
dq rel_l2=0 max_abs=0
dk rel_l2=0 max_abs=0
dv rel_l2=6.14660331e-08 max_abs=1.27156576e-07
lse rel_l2=1.23797799e-08 max_abs=3.00707825e-08
delta rel_l2=5.21817387e-08 max_abs=2.75671482e-07
PASS: native attention math and mixed persistent scheduling; full model and FA3 parity remain unverified
========= RACECHECK SUMMARY: 0 hazards displayed (0 errors, 0 warnings)
compute-sanitizer --tool synccheck --error-exitcode 1 ./attention --quick 
========= COMPUTE-SANITIZER
GPU[0]=NVIDIA H100 80GB HBM3 SMs=132 runtime=12080
mixed worker resident_ctas_per_sm=4
attention tokens=21 heads=6 qk=64 v=128 window=8 documents=3 workers=1
y rel_l2=5.19099562e-08 max_abs=1.45459774e-07
dq rel_l2=1.22753782e-07 max_abs=3.88527195e-08
dk rel_l2=1.25158928e-07 max_abs=3.44619012e-08
dv rel_l2=8.44370887e-08 max_abs=2.3878643e-07
lse rel_l2=4.3127804e-08 max_abs=2.4613334e-07
delta rel_l2=4.42511945e-08 max_abs=1.69500709e-07
attention tokens=46 heads=3 qk=64 v=128 window=5 documents=3 workers=7
y rel_l2=1.79775712e-08 max_abs=1.98682151e-08
dq rel_l2=0 max_abs=0
dk rel_l2=0 max_abs=0
dv rel_l2=6.03352672e-08 max_abs=1.27156576e-07
lse rel_l2=1.23797799e-08 max_abs=3.00707825e-08
delta rel_l2=4.73227084e-08 max_abs=2.14204192e-07
attention tokens=21 heads=6 qk=64 v=64 window=8 documents=3 workers=1
y rel_l2=4.87575511e-08 max_abs=7.15218416e-08
dq rel_l2=1.22200408e-07 max_abs=2.15261837e-08
dk rel_l2=1.30881539e-07 max_abs=3.01705728e-08
dv rel_l2=8.73331872e-08 max_abs=2.5393623e-07
lse rel_l2=4.62613856e-08 max_abs=1.85387653e-07
delta rel_l2=3.51125342e-08 max_abs=1.32247806e-07
attention tokens=46 heads=3 qk=64 v=64 window=5 documents=3 workers=7
y rel_l2=1.81983313e-08 max_abs=2.38418578e-08
dq rel_l2=0 max_abs=0
dk rel_l2=0 max_abs=0
dv rel_l2=6.15681073e-08 max_abs=1.03314718e-07
lse rel_l2=1.23797799e-08 max_abs=3.00707825e-08
delta rel_l2=3.67432921e-08 max_abs=7.07805157e-08
attention tokens=21 heads=6 qk=128 v=128 window=8 documents=3 workers=1
y rel_l2=4.92053218e-08 max_abs=9.37230658e-08
dq rel_l2=1.2001674e-07 max_abs=2.41661762e-08
dk rel_l2=1.25844541e-07 max_abs=3.69883471e-08
dv rel_l2=8.90233771e-08 max_abs=2.1136021e-07
lse rel_l2=4.51374566e-08 max_abs=2.29083469e-07
delta rel_l2=5.31958945e-08 max_abs=2.23517418e-07
attention tokens=46 heads=3 qk=128 v=128 window=5 documents=3 workers=7
y rel_l2=1.79464725e-08 max_abs=2.38418579e-08
dq rel_l2=0 max_abs=0
dk rel_l2=0 max_abs=0
dv rel_l2=6.14660331e-08 max_abs=1.27156576e-07
lse rel_l2=1.23797799e-08 max_abs=3.00707825e-08
delta rel_l2=5.21817387e-08 max_abs=2.75671482e-07
PASS: native attention math and mixed persistent scheduling; full model and FA3 parity remain unverified
========= ERROR SUMMARY: 0 errors
make: Leaving directory '/workspace/cuda'

Static SASS instruction counts for _ZN4nano10megakernelILb0ELb0ELb1EEEvNS_5GraphE: {'HMMA': 48, 'HGMMA': 0, 'LDGSTS': 12, 'LDL': 0, 'STL': 0}