sha256 c6f723a910eb20d061845afcc39fcecc43a576db4168dbd4a20d158c223f5337 Makefile
sha256 489a50ab144cd30e1e42d2029754c92de2ef09a2051f1a6034f9fe840fc8d2c2 anvil.cu
sha256 1dc9217e8b64c5b061aff94ec81e26279bf1a64c9d3cc8386cc97568adc41936 anvil.cuh
sha256 96d97e1fdc6596c83415a4d0ceff7138686ea3c1aecf1c99b8d8f28d38690409 anvil_graph.cuh
sha256 5a55ce388ca131f3fcac75df07010da61a2899a0889e3f04028c49b655639607 attention.cu
sha256 05b62efa083ac6aff34fb15d7566560fd16098746f7f6a5fc5f63ddebef859fb attention.cuh
sha256 a8a2155c83ae275021b9cb0626865ae047eb205e067b710a6671d97ddc53633b attention_layer.cu
sha256 5e23df96de295a12c6770293bb3724e58ffee06f6310f0dbf43293c5c377ffac attention_layer.cuh
sha256 e43b134f524130c5fcc5b7ea3dfca072fed7dfcb72ff0957dbb0bd2e7d4f7733 attention_layer_reference.cuh
sha256 e8c9d493882f43781cb0cf48e1ae59a39c3d87f2901a33c07d3b52c30e092220 attention_post.cuh
sha256 7bae7cc6d4defc9026d5882b9e970dc184b2ff492d6735c7f67f40403dcfc239 attention_reference.cuh
sha256 a3be2ab6c64f030ca01f7d30c6a6bb7604b3bbe62257ba0aad9bb72bca232c76 bench.cuh
sha256 9dddb4cda1b99b427d6a5726c8a69513deb50cb06a97e36cdeac0893a600ac26 bf16.cu
sha256 6e99a879dfa2957f3ef9ba1bab8065f3a66191b157b6129b191b86265fd962f6 bf16_gemm.cuh
sha256 b6013fa23a801d8e288bf261029957d6931556cc18d7e7fc2de9974ad7887d6d embeddings.cuh
sha256 dd38c6d6039e09b954f14669ec4cd0877700ba1011719e8d784a5629f1a728d1 evaluation_head.cuh
sha256 ec94fd114bd2b8b97e2e890697973afe316a7ce5e2535476815f9db9e12a4778 evaluation_head_check.cuh
sha256 d4b3c092f09347b8d6cefd89d84d64bc7bea040a24b64c0dd8614fbfe7c8b621 frontier.cuh
sha256 75c4137f95d8b352fb02671ea4995ab6d8857390eb27d11479f7d6e628f02ce5 gates.cuh
sha256 acb42b1055ea9b02dc5e738c6f83b14a442784287dbd42d3e8a17a1b47aa33c8 head.cu
sha256 6c7816f88d3635a7a72d3db3eb5fb7b09dd04f5350db0b76e7769ec0b570e361 hopper.cuh
sha256 2b5e51d0612d34780b53c7033528f27d3463ee423a66444408bc5a388f04ef57 loss.cu
sha256 faf9bd8535e5fe774dcb4113d46aa9b9d9d534e45ce6ed0a82bee4defc8cfef0 megakernel.cuh
sha256 650935fbe0799cec650ebe91331f83e58b23a3461c0a9df0f01a27a6dcebaec7 mlp_evaluation.cuh
sha256 abc976abdeaa14db113f1e1c880af4aa6b3399bb04b70e1f3718ac8abbc3d888 mlp_evaluation_check.cuh
sha256 130c9720933bf2a28d2114d5533a153971d9684d2be27fb4c962a67fe98ad357 mlp_training.cuh
sha256 960256e6097b5eb5a2a3e5505c14fabf62213b218441a16405ed0adceaa9ea9f model_evaluation.cuh
sha256 eafe6723a2b8a770528517590aa92e014ae315d4d9cbd9dea25bdd3139db22c4 model_evaluation_check.cuh
sha256 2cfe05bf690ca0783fddd52ff5337f292baff00fd328c5d851d55264aadddf36 qkv.cuh
sha256 cef57ceb07ba44e55effc962c75d7f96485a7f1b80a5555438c99016553708d9 quantize.cu
sha256 9075da55b9c101c83b3683c723f318808b2655b7b2b7219976b812520dc6deb2 routing.cu
sha256 ca484b3e8d99319779949171f011f533443b6cd387ad8d5459fdb676e072f33a routing.cuh
sha256 366691d3d63c7408727f71e068c17592e36542ed15e05eda7712254cf4936b1a suffix.cu
sha256 a7e11fd9d0b2c99162b82641a9512b574dc46161e36e7f50585bed85d99f6ef8 tail.cu
sha256 0d560717a19a59e5505d3567890ca1e93d0fe3b4aeec191cbd711e3d28988e4c tail_backward.cuh
sha256 0621799b3cb02485e39460b3fef825966fe42cf436ebcf76275a8cad3919dd79 tail_reference.cpp
sha256 0ebd41279767d6a31a504734fa15929f9502c2558209aac93e31b8444c498221 tail_reference.h
sha256 f2bff3dccf7c4d0f34cf0013fecc638bf73931d93eb069f5791551950ad2a43b tokenizer.cpp
sha256 5de4df83cf0040e94b7189fdc2752e58710298b69a71d7cb160ed09b0b471154 training_loss.cuh
sha256 15b680ed94a53c4bfe715d9a1a763a5bff7f9b071581ee54c5d76bfbe636a685 training_loss_reference.cu
sha256 8ef77ab459d54d276bc463c5a69582bf9ead100a8f5b41b137b03afa3742ee5a training_pack.cuh
sha256 6162af3343d30737858843abf1b3e930bee0e4af510aa75df73a810816d39da9 transport.cu
sha256 4c74b0dba9a3a754d4fff90f9cab402ed715067484f50079efdc703ddb8ef6fe validate.cu
$ nvidia-smi
Sat Sep 19 09:05:28 2026       
+-----------------------------------------------------------------------------------------+
| NVIDIA-SMI 580.95.05              Driver Version: 580.95.05      CUDA Version: 13.0     |
+-----------------------------------------+------------------------+----------------------+
| GPU  Name                 Persistence-M | Bus-Id          Disp.A | Volatile Uncorr. ECC |
| Fan  Temp   Perf          Pwr:Usage/Cap |           Memory-Usage | GPU-Util  Compute M. |
|                                         |                        |               MIG M. |
|=========================================+========================+======================|
|   0  NVIDIA H100 80GB HBM3          On  |   00000000:0A:00.0 Off |                    0 |
| N/A   32C    P0             67W /  700W |       4MiB /  81559MiB |      0%      Default |
|                                         |                        |             Disabled |
+-----------------------------------------+------------------------+----------------------+

+-----------------------------------------------------------------------------------------+
| Processes:                                                                              |
|  GPU   GI   CI              PID   Type   Process name                        GPU Memory |
|        ID   ID                                                               Usage      |
|=========================================================================================|
|  No running processes found                                                             |
+-----------------------------------------------------------------------------------------+

$ nvcc --version
nvcc: NVIDIA (R) Cuda compiler driver
Copyright (c) 2005-2025 NVIDIA Corporation
Built on Fri_Feb_21_20:23:50_PST_2025
Cuda compilation tools, release 12.8, V12.8.93
Build cuda_12.8.r12.8/compiler.35583870_0

$ make -C /workspace/cuda suffix
make: Entering directory '/workspace/cuda'
g++ -std=c++17 -O2 -D_GLIBCXX_USE_CXX11_ABI=1 -I/usr/local/lib/python3.12/site-packages/torch/include -I/usr/local/lib/python3.12/site-packages/torch/include/torch/csrc/api/include -c tail_reference.cpp -o tail_reference.o
nvcc -std=c++17 -O3 -arch=sm_90a -lineinfo -Xptxas=-v,-warn-spills --use_fast_math -c training_loss_reference.cu -o training_loss_reference.o
training_loss_reference.cu(207): warning #177-D: variable "result" was declared but never referenced
      __nv_fp8_e5m28 result;
                     ^
          detected during instantiation of "void reference_loss<Vocabulary>(const nano::TrainingLoss &, const float *) [with Vocabulary=2048]" at line 301

Remark: The warnings can be suppressed with "-diag-suppress <warning-number>"

training_loss_reference.cu(207): warning #177-D: variable "result" was declared but never referenced
      __nv_fp8_e5m28 result;
                     ^
          detected during instantiation of "void reference_loss<Vocabulary>(const nano::TrainingLoss &, const float *) [with Vocabulary=2048]" at line 301

Remark: The warnings can be suppressed with "-diag-suppress <warning-number>"

ptxas info    : 0 bytes gmem
ptxas info    : Compiling entry function '_ZN23frontier_loss_reference17ce_fwd_bwd_kernelILi50304EEEvPKhPKxPKfS4_PfPciidddddd' for 'sm_90a'
ptxas info    : Function properties for _ZN23frontier_loss_reference17ce_fwd_bwd_kernelILi50304EEEvPKhPKxPKfS4_PfPciidddddd
    0 bytes stack frame, 0 bytes spill stores, 0 bytes spill loads
ptxas info    : Used 128 registers, used 1 barriers, 32 bytes smem
ptxas info    : Compile time = 208.999 ms
ptxas info    : Compiling entry function '_ZN23frontier_loss_reference17ce_fwd_bwd_kernelILi24576EEEvPKhPKxPKfS4_PfPciidddddd' for 'sm_90a'
ptxas info    : Function properties for _ZN23frontier_loss_reference17ce_fwd_bwd_kernelILi24576EEEvPKhPKxPKfS4_PfPciidddddd
    0 bytes stack frame, 0 bytes spill stores, 0 bytes spill loads
ptxas info    : Used 122 registers, used 1 barriers, 32 bytes smem
ptxas info    : Compile time = 81.511 ms
ptxas info    : Compiling entry function '_ZN23frontier_loss_reference17ce_fwd_bwd_kernelILi14336EEEvPKhPKxPKfS4_PfPciidddddd' for 'sm_90a'
ptxas info    : Function properties for _ZN23frontier_loss_reference17ce_fwd_bwd_kernelILi14336EEEvPKhPKxPKfS4_PfPciidddddd
    0 bytes stack frame, 0 bytes spill stores, 0 bytes spill loads
ptxas info    : Used 80 registers, used 1 barriers, 32 bytes smem
ptxas info    : Compile time = 60.889 ms
ptxas info    : Compiling entry function '_ZN23frontier_loss_reference17ce_fwd_bwd_kernelILi10240EEEvPKhPKxPKfS4_PfPciidddddd' for 'sm_90a'
ptxas info    : Function properties for _ZN23frontier_loss_reference17ce_fwd_bwd_kernelILi10240EEEvPKhPKxPKfS4_PfPciidddddd
    0 bytes stack frame, 0 bytes spill stores, 0 bytes spill loads
ptxas info    : Used 63 registers, used 1 barriers, 32 bytes smem
ptxas info    : Compile time = 47.741 ms
ptxas info    : Compiling entry function '_ZN23frontier_loss_reference17ce_fwd_bwd_kernelILi2048EEEvPKhPKxPKfS4_PfPciidddddd' for 'sm_90a'
ptxas info    : Function properties for _ZN23frontier_loss_reference17ce_fwd_bwd_kernelILi2048EEEvPKhPKxPKfS4_PfPciidddddd
    0 bytes stack frame, 0 bytes spill stores, 0 bytes spill loads
ptxas info    : Used 32 registers, used 1 barriers, 32 bytes smem
ptxas info    : Compile time = 22.605 ms
nvcc -std=c++17 -O3 -arch=sm_90a -lineinfo -Xptxas=-v,-warn-spills -DNANO_TRANSPOSE_PAD=4 -DNANO_REUSE_QUANT=1 -DNANO_MIN_BLOCKS=4 -DNANO_ALIGNED=1 -DNANO_K_LOOP=1 -DNANO_FRONTIER=1 -DNANO_BF16_COALESCED=1 -DNANO_COOP_PUBLISH=1 suffix.cu tail_reference.o training_loss_reference.o -lcublas -L/usr/local/lib/python3.12/site-packages/torch/lib -Xlinker -rpath -Xlinker /usr/local/lib/python3.12/site-packages/torch/lib -ltorch -ltorch_cpu -ltorch_cuda -lc10 -lc10_cuda -o suffix
ptxas warning : Registers are spilled to local memory in function '_ZN4nano10megakernelILb0ELb0ELb0ELb1ELb0ELb0ELb0ELb1EEEvNS_5GraphE', 28 bytes spill stores, 48 bytes spill loads
ptxas warning : Registers are spilled to local memory in function '_ZN4nano10megakernelILb1ELb0ELb0ELb1ELb0ELb0ELb0ELb1EEEvNS_5GraphE', 28 bytes spill stores, 48 bytes spill loads
ptxas info    : 0 bytes gmem
ptxas info    : Compiling entry function '_ZN4nano10megakernelILb0ELb0ELb0ELb1ELb0ELb0ELb1ELb1EEEvNS_5GraphE' for 'sm_90a'
ptxas info    : Function properties for _ZN4nano10megakernelILb0ELb0ELb0ELb1ELb0ELb0ELb1ELb1EEEvNS_5GraphE
    0 bytes stack frame, 0 bytes spill stores, 0 bytes spill loads
ptxas info    : Used 128 registers, used 1 barriers, 32800 bytes smem
ptxas info    : Compile time = 2096.981 ms
ptxas info    : Compiling entry function '_ZN4nano10megakernelILb1ELb0ELb0ELb1ELb0ELb0ELb1ELb1EEEvNS_5GraphE' for 'sm_90a'
ptxas info    : Function properties for _ZN4nano10megakernelILb1ELb0ELb0ELb1ELb0ELb0ELb1ELb1EEEvNS_5GraphE
    0 bytes stack frame, 0 bytes spill stores, 0 bytes spill loads
ptxas info    : Used 128 registers, used 1 barriers, 32800 bytes smem
ptxas info    : Compile time = 2041.781 ms
ptxas info    : Compiling entry function '_ZN4nano10megakernelILb0ELb0ELb0ELb1ELb0ELb0ELb0ELb1EEEvNS_5GraphE' for 'sm_90a'
ptxas info    : Function properties for _ZN4nano10megakernelILb0ELb0ELb0ELb1ELb0ELb0ELb0ELb1EEEvNS_5GraphE
    24 bytes stack frame, 28 bytes spill stores, 48 bytes spill loads
ptxas info    : Used 128 registers, used 1 barriers, 24 bytes cumulative stack size, 32800 bytes smem
ptxas info    : Compile time = 1677.256 ms
ptxas info    : Compiling entry function '_ZN4nano10megakernelILb1ELb0ELb0ELb1ELb0ELb0ELb0ELb1EEEvNS_5GraphE' for 'sm_90a'
ptxas info    : Function properties for _ZN4nano10megakernelILb1ELb0ELb0ELb1ELb0ELb0ELb0ELb1EEEvNS_5GraphE
    24 bytes stack frame, 28 bytes spill stores, 48 bytes spill loads
ptxas info    : Used 128 registers, used 1 barriers, 24 bytes cumulative stack size, 32800 bytes smem
ptxas info    : Compile time = 1661.149 ms
ptxas info    : Compiling entry function '_Z12suffix_stageILi1EEvN4nano5GraphEi' for 'sm_90a'
ptxas info    : Function properties for _Z12suffix_stageILi1EEvN4nano5GraphEi
    0 bytes stack frame, 0 bytes spill stores, 0 bytes spill loads
ptxas info    : Used 96 registers, used 1 barriers, 32768 bytes smem
ptxas info    : Compile time = 1749.838 ms
ptxas info    : Compiling entry function '_Z12suffix_stageILi4EEvN4nano5GraphEi' for 'sm_90a'
ptxas info    : Function properties for _Z12suffix_stageILi4EEvN4nano5GraphEi
    0 bytes stack frame, 0 bytes spill stores, 0 bytes spill loads
ptxas info    : Used 96 registers, used 1 barriers, 32768 bytes smem
ptxas info    : Compile time = 1728.341 ms
ptxas info    : Compiling entry function '_Z10tail_stageILi1EEvN4nano5GraphEi' for 'sm_90a'
ptxas info    : Function properties for _Z10tail_stageILi1EEvN4nano5GraphEi
    0 bytes stack frame, 0 bytes spill stores, 0 bytes spill loads
ptxas info    : Used 96 registers, used 1 barriers, 32768 bytes smem
ptxas info    : Compile time = 1697.161 ms
ptxas info    : Compiling entry function '_Z10tail_stageILi4EEvN4nano5GraphEi' for 'sm_90a'
ptxas info    : Function properties for _Z10tail_stageILi4EEvN4nano5GraphEi
    0 bytes stack frame, 0 bytes spill stores, 0 bytes spill loads
ptxas info    : Used 96 registers, used 1 barriers, 32768 bytes smem
ptxas info    : Compile time = 1691.707 ms
ptxas info    : Compiling entry function '_Z10head_stageILi1EEvN4nano5GraphEi' for 'sm_90a'
ptxas info    : Function properties for _Z10head_stageILi1EEvN4nano5GraphEi
    0 bytes stack frame, 0 bytes spill stores, 0 bytes spill loads
ptxas info    : Used 92 registers, used 1 barriers, 32768 bytes smem
ptxas info    : Compile time = 872.788 ms
ptxas info    : Compiling entry function '_Z10head_stageILi4EEvN4nano5GraphEi' for 'sm_90a'
ptxas info    : Function properties for _Z10head_stageILi4EEvN4nano5GraphEi
    0 bytes stack frame, 0 bytes spill stores, 0 bytes spill loads
ptxas info    : Used 92 registers, used 1 barriers, 32768 bytes smem
ptxas info    : Compile time = 855.548 ms
ptxas info    : Compiling entry function '_Z10loss_stageN4nano5GraphEi' for 'sm_90a'
ptxas info    : Function properties for _Z10loss_stageN4nano5GraphEi
    0 bytes stack frame, 0 bytes spill stores, 0 bytes spill loads
ptxas info    : Used 39 registers, used 0 barriers
ptxas info    : Compile time = 29.144 ms
ptxas info    : Compiling entry function '_Z10reset_lossN4nano5GraphEi' for 'sm_90a'
ptxas info    : Function properties for _Z10reset_lossN4nano5GraphEi
    0 bytes stack frame, 0 bytes spill stores, 0 bytes spill loads
ptxas info    : Used 12 registers, used 0 barriers
ptxas info    : Compile time = 1.961 ms
make: Leaving directory '/workspace/cuda'

$ /workspace/cuda/suffix
GPU[0]=NVIDIA H100 80GB HBM3 SMs=132 runtime=12080
LOSS FP64 max_loss=1.31866784e-06 max_raw_gradient=0.000360219162
LOSS FP64 max_descaled_gradient=4.7112928e-09 gradient_rel_l2=7.32638395e-08
LOSS pinned CUDA max_loss=0 gradient_rel_l2=0 changed_codes=0/32768
HEAD product=0 M=16 N=2048 K=768 rel_l2=2.08165544e-08 max_abs=4.76837158e-07
HEAD product=1 M=16 N=768 K=2048 rel_l2=1.0913523e-07 max_abs=2.79396772e-09
HEAD product=2 M=768 N=2048 K=16 rel_l2=1.92346334e-08 max_abs=2.98023224e-08
LAYER BF16 projection/product rel_l2=7.63859944e-07 max_abs=1.07288361e-06
LAYER BF16 projection/product rel_l2=1.13701972e-07 max_abs=5.96046448e-08
LAYER BF16 projection/product rel_l2=8.01849184e-08 max_abs=4.47034836e-08
LAYER BF16 projection/product rel_l2=2.80482159e-08 max_abs=2.32830644e-10
LAYER BF16 projection/product rel_l2=1.06664424e-07 max_abs=6.98491931e-10
LAYER BF16 projection/product rel_l2=9.57400515e-08 max_abs=2.32830644e-10
LAYER BF16 projection/product rel_l2=4.40148172e-08 max_abs=4.65661287e-10
LAYER BF16 projection/product rel_l2=2.8358166e-08 max_abs=9.31322575e-10
LAYER BF16 projection/product rel_l2=3.44168329e-08 max_abs=9.31322575e-10
LAYER tail forward gate rel_l2=4.18849246e-08 max_abs=5.63392253e-08
LAYER tail forward gate rel_l2=1.84412766e-08 max_abs=1.94213499e-08
LAYER tail forward gate rel_l2=2.44262811e-08 max_abs=8.80390871e-10
LAYER tail coefficient adjoints rel_l2=3.66976817e-08 max_abs=1.87719706e-09
LAYER tail coefficient adjoints rel_l2=4.3102747e-08 max_abs=3.25962901e-09
LAYER tail coefficient adjoints rel_l2=4.40109888e-08 max_abs=2.32830644e-09
LAYER tail coefficient adjoints rel_l2=3.53796015e-08 max_abs=1.86264515e-09
LAYER tail coefficient adjoints rel_l2=3.97711111e-08 max_abs=1.74622983e-09
LAYER tail coefficient adjoints rel_l2=3.96779164e-08 max_abs=3.7252903e-09
LAYER tail coefficient adjoints rel_l2=4.25914041e-08 max_abs=1.97906047e-09
LAYER tail coefficient adjoints rel_l2=3.81289487e-08 max_abs=1.86264515e-09
LAYER tail coefficient adjoints rel_l2=3.53396824e-08 max_abs=9.48784873e-09
LAYER tail coefficient adjoints rel_l2=3.66027805e-08 max_abs=2.0081643e-09
LAYER tail mixing rel_l2=5.99909903e-08 max_abs=1.43074431e-07
LAYER tail RMS rel_l2=4.84637637e-08 max_abs=4.65962361e-07
LAYER tail RMS backward rel_l2=5.53395195e-08 max_abs=3.68510853e-09
LAYER tail shared GELU gradient rel_l2=4.36245416e-08 max_abs=2.68972354e-10
LAYER suffix FP8 MLP product rel_l2=2.77422026e-08 max_abs=2.38418579e-07
LAYER suffix FP8 MLP product rel_l2=1.31094356e-07 max_abs=2.98023224e-07
LAYER suffix FP8 MLP product rel_l2=2.16746244e-08 max_abs=1.39698386e-09
LAYER suffix FP8 MLP product rel_l2=7.39330868e-08 max_abs=6.98491931e-10
LAYER suffix FP8 MLP product rel_l2=4.68311056e-09 max_abs=7.4505806e-09
LAYER suffix FP8 MLP product rel_l2=7.30436833e-09 max_abs=5.58793545e-09
LAYER suffix RMS rel_l2=5.30314797e-08 max_abs=3.59386477e-07
LAYER suffix RMS backward rel_l2=5.91299471e-08 max_abs=3.23628679e-09
LAYER suffix residual rel_l2=2.2931356e-09 max_abs=2.98023224e-08
LAYER suffix residual coefficient rel_l2=9.79788758e-08 max_abs=4.2055035e-09
LAYER suffix MLP coefficient rel_l2=5.80052256e-08 max_abs=3.5361154e-09
TAIL ATen eager diagnostic mu rel_l2=0.00239974608 max_abs=0.00390625 changed=36/160
TAIL ATen eager diagnostic mug rel_l2=0 max_abs=0 changed=0/1920
TAIL ATen eager diagnostic mixed rel_l2=0.00524558604 max_abs=0.009765625 changed=7762/12288
TAIL ATen eager diagnostic RMS from native mixed rel_l2=0 max_abs=0 changed=0/12288
TAIL ATen eager diagnostic output rel_l2=0.00546941694 max_abs=0.0390625 changed=7680/12288
TAIL ATen eager diagnostic dx rel_l2=0.00175231628 max_abs=0.000122070312 changed=2555/12288
TAIL ATen eager diagnostic source_0 rel_l2=0.003421695 max_abs=7.62939453e-06 changed=5072/12288
TAIL ATen eager diagnostic source_1 rel_l2=0.00381823737 max_abs=0.000122070312 changed=5200/12288
TAIL ATen eager diagnostic source_2 rel_l2=0.00385748537 max_abs=3.81469727e-06 changed=4925/12288
TAIL ATen eager diagnostic source_3 rel_l2=0.00321594124 max_abs=3.81469727e-06 changed=4876/12288
TAIL ATen eager diagnostic source_4 rel_l2=0.00460981017 max_abs=7.62939453e-06 changed=4990/12288
TAIL ATen eager diagnostic source_5 rel_l2=0.00352535174 max_abs=3.81469727e-06 changed=4457/12288
TAIL ATen eager diagnostic source_6 rel_l2=0.00377980259 max_abs=3.81469727e-06 changed=5225/12288
TAIL ATen eager diagnostic source_7 rel_l2=0.00372768362 max_abs=7.62939453e-06 changed=4716/12288
TAIL ATen eager diagnostic source_8 rel_l2=0.00332872363 max_abs=3.81469727e-06 changed=4298/12288
TAIL ATen eager diagnostic source_9 rel_l2=0.00341863718 max_abs=3.81469727e-06 changed=4113/12288
TAIL ATen eager diagnostic dw1 rel_l2=0.00767006144 max_abs=3.14712524e-05 changed=37517/49152
TAIL ATen eager diagnostic dw2 rel_l2=0.00927838297 max_abs=0.000274658203 changed=427/896
TAIL ATen eager diagnostic dbias rel_l2=0.0106214939 max_abs=0.000732421875 changed=5/14
TAIL ATen eager diagnostic dwg rel_l2=0.00482245335 max_abs=0.000122070312 changed=4252/10752
SUFFIX PASS tokens=16 vocabulary=2048 workers=17 step=0 tasks=1814 phases=45
LOSS FP64 max_loss=6.50449616e-07 max_raw_gradient=0.00033894416
LOSS FP64 max_descaled_gradient=4.43303785e-09 gradient_rel_l2=6.93073561e-08
LOSS pinned CUDA max_loss=0 gradient_rel_l2=0 changed_codes=0/32768
HEAD product=0 M=16 N=2048 K=768 rel_l2=2.06368009e-08 max_abs=4.76837158e-07
HEAD product=1 M=16 N=768 K=2048 rel_l2=1.11253898e-07 max_abs=2.32830644e-09
HEAD product=2 M=768 N=2048 K=16 rel_l2=1.99315883e-08 max_abs=2.98023224e-08
LAYER BF16 projection/product rel_l2=7.0325975e-07 max_abs=8.94069672e-07
LAYER BF16 projection/product rel_l2=0 max_abs=0
LAYER BF16 projection/product rel_l2=0 max_abs=0
LAYER BF16 projection/product rel_l2=0 max_abs=0
LAYER BF16 projection/product rel_l2=0 max_abs=0
LAYER BF16 projection/product rel_l2=0 max_abs=0
LAYER BF16 projection/product rel_l2=0 max_abs=0
LAYER BF16 projection/product rel_l2=2.91884722e-08 max_abs=9.31322575e-10
LAYER BF16 projection/product rel_l2=3.82008096e-08 max_abs=9.31322575e-10
LAYER tail forward gate rel_l2=3.86955998e-08 max_abs=5.63392253e-08
LAYER tail forward gate rel_l2=1.49280825e-08 max_abs=7.4505806e-09
LAYER tail forward gate rel_l2=0 max_abs=0
LAYER tail coefficient adjoints rel_l2=3.41883292e-08 max_abs=1.62981451e-09
LAYER tail coefficient adjoints rel_l2=4.20401051e-08 max_abs=1.86264515e-09
LAYER tail coefficient adjoints rel_l2=4.01829659e-08 max_abs=1.62981451e-09
LAYER tail coefficient adjoints rel_l2=3.79264411e-08 max_abs=2.21189111e-09
LAYER tail coefficient adjoints rel_l2=4.63627512e-08 max_abs=2.56113708e-09
LAYER tail coefficient adjoints rel_l2=3.98284266e-08 max_abs=2.79396772e-09
LAYER tail coefficient adjoints rel_l2=3.55183599e-08 max_abs=1.62981451e-09
LAYER tail coefficient adjoints rel_l2=3.63874018e-08 max_abs=2.59024091e-09
LAYER tail coefficient adjoints rel_l2=4.02132528e-08 max_abs=1.11758709e-08
LAYER tail coefficient adjoints rel_l2=4.47123331e-08 max_abs=2.09547579e-09
LAYER tail mixing rel_l2=5.46031592e-08 max_abs=1.1920929e-07
LAYER tail RMS rel_l2=5.44834166e-08 max_abs=3.86098874e-07
LAYER tail RMS backward rel_l2=6.27167118e-08 max_abs=3.9840983e-09
LAYER tail shared GELU gradient rel_l2=0 max_abs=0
LAYER suffix FP8 MLP product rel_l2=2.77574662e-08 max_abs=2.38418579e-07
LAYER suffix FP8 MLP product rel_l2=0 max_abs=0
LAYER suffix FP8 MLP product rel_l2=0 max_abs=0
LAYER suffix FP8 MLP product rel_l2=0 max_abs=0
LAYER suffix FP8 MLP product rel_l2=0 max_abs=0
LAYER suffix FP8 MLP product rel_l2=1.05117131e-08 max_abs=1.49011612e-08
LAYER suffix RMS rel_l2=5.7006084e-08 max_abs=5.58916324e-07
LAYER suffix RMS backward rel_l2=6.2976464e-08 max_abs=7.71314584e-11
LAYER suffix residual rel_l2=0 max_abs=0
LAYER suffix residual coefficient rel_l2=1.21999828e-07 max_abs=5.12227416e-09
LAYER suffix MLP coefficient rel_l2=0 max_abs=0
TAIL ATen eager diagnostic mu rel_l2=0 max_abs=0 changed=0/160
TAIL ATen eager diagnostic mug rel_l2=0 max_abs=0 changed=0/1920
TAIL ATen eager diagnostic mixed rel_l2=0.0047887171 max_abs=0.01171875 changed=7262/12288
TAIL ATen eager diagnostic RMS from native mixed rel_l2=0 max_abs=0 changed=0/12288
TAIL ATen eager diagnostic output rel_l2=0.00501764794 max_abs=0.0625 changed=7139/12288
TAIL ATen eager diagnostic dx rel_l2=0.0012961473 max_abs=0.000122070312 changed=1434/12288
TAIL ATen eager diagnostic source_0 rel_l2=0.00135885211 max_abs=4.76837158e-07 changed=1321/12288
TAIL ATen eager diagnostic source_1 rel_l2=0.0012961473 max_abs=6.10351562e-05 changed=1434/12288
TAIL ATen eager diagnostic source_2 rel_l2=0.00134846413 max_abs=2.38418579e-07 changed=1347/12288
TAIL ATen eager diagnostic source_3 rel_l2=0.00139980467 max_abs=9.53674316e-07 changed=1297/12288
TAIL ATen eager diagnostic source_4 rel_l2=0.0013780693 max_abs=5.96046448e-08 changed=1407/12288
TAIL ATen eager diagnostic source_5 rel_l2=0.0012961473 max_abs=9.53674316e-07 changed=1434/12288
TAIL ATen eager diagnostic source_6 rel_l2=0.00152173848 max_abs=1.90734863e-06 changed=1264/12288
TAIL ATen eager diagnostic source_7 rel_l2=0.00134779179 max_abs=4.76837158e-07 changed=1305/12288
TAIL ATen eager diagnostic source_8 rel_l2=0.001404438 max_abs=9.53674316e-07 changed=1276/12288
TAIL ATen eager diagnostic source_9 rel_l2=0.00147260248 max_abs=4.76837158e-07 changed=1287/12288
TAIL ATen eager diagnostic dw1 rel_l2=0 max_abs=0 changed=0/49152
TAIL ATen eager diagnostic dw2 rel_l2=0.00933714075 max_abs=0.000213623047 changed=422/896
TAIL ATen eager diagnostic dbias rel_l2=0.0143435515 max_abs=0.000854492188 changed=6/14
TAIL ATen eager diagnostic dwg rel_l2=0.00444153398 max_abs=6.10351562e-05 changed=4439/10752
SUFFIX PASS tokens=16 vocabulary=2048 workers=17 step=1 tasks=1814 phases=45
LOSS FP64 max_loss=1.40505711e-06 max_raw_gradient=0.000254385983
LOSS FP64 max_descaled_gradient=6.65420931e-09 gradient_rel_l2=9.94774971e-08
LOSS pinned CUDA max_loss=0 gradient_rel_l2=0 changed_codes=0/32768
HEAD product=0 M=16 N=2048 K=768 rel_l2=0 max_abs=0
HEAD product=1 M=16 N=768 K=2048 rel_l2=3.73385649e-08 max_abs=9.31322575e-10
HEAD product=2 M=768 N=2048 K=16 rel_l2=0 max_abs=0
LAYER BF16 projection/product rel_l2=0 max_abs=0
LAYER BF16 projection/product rel_l2=0 max_abs=0
LAYER BF16 projection/product rel_l2=0 max_abs=0
LAYER BF16 projection/product rel_l2=0 max_abs=0
LAYER BF16 projection/product rel_l2=0 max_abs=0
LAYER BF16 projection/product rel_l2=0 max_abs=0
LAYER BF16 projection/product rel_l2=0 max_abs=0
LAYER BF16 projection/product rel_l2=0 max_abs=0
LAYER BF16 projection/product rel_l2=0 max_abs=0
LAYER tail forward gate rel_l2=0 max_abs=0
LAYER tail forward gate rel_l2=1.49199646e-08 max_abs=7.4505806e-09
LAYER tail forward gate rel_l2=0 max_abs=0
LAYER tail coefficient adjoints rel_l2=0 max_abs=0
LAYER tail coefficient adjoints rel_l2=0 max_abs=0
LAYER tail coefficient adjoints rel_l2=0 max_abs=0
LAYER tail coefficient adjoints rel_l2=0 max_abs=0
LAYER tail coefficient adjoints rel_l2=0 max_abs=0
LAYER tail coefficient adjoints rel_l2=0 max_abs=0
LAYER tail coefficient adjoints rel_l2=0 max_abs=0
LAYER tail coefficient adjoints rel_l2=0 max_abs=0
LAYER tail coefficient adjoints rel_l2=0 max_abs=0
LAYER tail coefficient adjoints rel_l2=0 max_abs=0
LAYER tail mixing rel_l2=0 max_abs=0
LAYER tail RMS rel_l2=0 max_abs=0
LAYER tail RMS backward rel_l2=1.03375596e-07 max_abs=2.38859006e-06
LAYER tail shared GELU gradient rel_l2=0 max_abs=0
LAYER suffix FP8 MLP product rel_l2=0 max_abs=0
LAYER suffix FP8 MLP product rel_l2=0 max_abs=0
LAYER suffix FP8 MLP product rel_l2=2.59950356e-08 max_abs=9.53674316e-07
LAYER suffix FP8 MLP product rel_l2=0 max_abs=0
LAYER suffix FP8 MLP product rel_l2=0 max_abs=0
LAYER suffix FP8 MLP product rel_l2=0 max_abs=0
LAYER suffix RMS rel_l2=0 max_abs=0
LAYER suffix RMS backward rel_l2=1.02414611e-07 max_abs=4.29955246e-07
LAYER suffix residual rel_l2=0 max_abs=0
LAYER suffix residual coefficient rel_l2=0 max_abs=0
LAYER suffix MLP coefficient rel_l2=0 max_abs=0
TAIL ATen eager diagnostic mu rel_l2=0 max_abs=0 changed=0/160
TAIL ATen eager diagnostic mug rel_l2=0 max_abs=0 changed=0/1920
TAIL ATen eager diagnostic mixed rel_l2=0 max_abs=0 changed=0/12288
TAIL ATen eager diagnostic RMS from native mixed rel_l2=0 max_abs=0 changed=0/12288
TAIL ATen eager diagnostic output rel_l2=0 max_abs=0 changed=0/12288
TAIL ATen eager diagnostic dx rel_l2=0 max_abs=0 changed=0/12288
TAIL ATen eager diagnostic source_0 rel_l2=0 max_abs=0 changed=0/12288
TAIL ATen eager diagnostic source_1 rel_l2=0 max_abs=0 changed=0/12288
TAIL ATen eager diagnostic source_2 rel_l2=0 max_abs=0 changed=0/12288
TAIL ATen eager diagnostic source_3 rel_l2=0 max_abs=0 changed=0/12288
TAIL ATen eager diagnostic source_4 rel_l2=0 max_abs=0 changed=0/12288
TAIL ATen eager diagnostic source_5 rel_l2=0 max_abs=0 changed=0/12288
TAIL ATen eager diagnostic source_6 rel_l2=0 max_abs=0 changed=0/12288
TAIL ATen eager diagnostic source_7 rel_l2=0 max_abs=0 changed=0/12288
TAIL ATen eager diagnostic source_8 rel_l2=0 max_abs=0 changed=0/12288
TAIL ATen eager diagnostic source_9 rel_l2=0 max_abs=0 changed=0/12288
TAIL ATen eager diagnostic dw1 rel_l2=0 max_abs=0 changed=0/49152
TAIL ATen eager diagnostic dw2 rel_l2=0 max_abs=0 changed=0/896
TAIL ATen eager diagnostic dbias rel_l2=0 max_abs=0 changed=0/14
TAIL ATen eager diagnostic dwg rel_l2=0 max_abs=0 changed=0/10752
SUFFIX PASS tokens=16 vocabulary=2048 workers=17 step=2 tasks=1814 phases=45
LOSS FP64 max_loss=1.03660811e-06 max_raw_gradient=0.000350118493
LOSS FP64 max_descaled_gradient=4.57918653e-09 gradient_rel_l2=7.09648721e-08
LOSS pinned CUDA max_loss=1.90734863e-06 gradient_rel_l2=0 changed_codes=0/32768
HEAD product=0 M=16 N=2048 K=768 rel_l2=2.17501464e-08 max_abs=4.76837158e-07
HEAD product=1 M=16 N=768 K=2048 rel_l2=1.08984069e-07 max_abs=2.32830644e-09
HEAD product=2 M=768 N=2048 K=16 rel_l2=2.02716882e-08 max_abs=1.49011612e-08
LAYER BF16 projection/product rel_l2=7.11390577e-07 max_abs=1.07288361e-06
LAYER BF16 projection/product rel_l2=8.3104523e-08 max_abs=1.86264515e-08
LAYER BF16 projection/product rel_l2=7.79161646e-08 max_abs=5.96046448e-08
LAYER BF16 projection/product rel_l2=2.09823532e-08 max_abs=2.32830644e-10
LAYER BF16 projection/product rel_l2=1.05723207e-07 max_abs=9.31322575e-10
LAYER BF16 projection/product rel_l2=8.77122886e-08 max_abs=2.32830644e-10
LAYER BF16 projection/product rel_l2=3.82786582e-08 max_abs=4.65661287e-10
LAYER BF16 projection/product rel_l2=2.70848435e-08 max_abs=9.31322575e-10
LAYER BF16 projection/product rel_l2=3.35771699e-08 max_abs=9.31322575e-10
LAYER tail forward gate rel_l2=4.39255777e-08 max_abs=6.45967018e-08
LAYER tail forward gate rel_l2=2.67559531e-08 max_abs=2.82125256e-08
LAYER tail forward gate rel_l2=2.40229534e-08 max_abs=8.51287041e-10
LAYER tail coefficient adjoints rel_l2=4.11529018e-08 max_abs=2.61934474e-09
LAYER tail coefficient adjoints rel_l2=3.65365246e-08 max_abs=1.62981451e-09
LAYER tail coefficient adjoints rel_l2=3.87701178e-08 max_abs=2.03726813e-09
LAYER tail coefficient adjoints rel_l2=3.81060153e-08 max_abs=2.79396772e-09
LAYER tail coefficient adjoints rel_l2=4.33175557e-08 max_abs=1.92085281e-09
LAYER tail coefficient adjoints rel_l2=3.89811011e-08 max_abs=1.68802217e-09
LAYER tail coefficient adjoints rel_l2=3.965206e-08 max_abs=2.32830644e-09
LAYER tail coefficient adjoints rel_l2=3.68390254e-08 max_abs=2.3865141e-09
LAYER tail coefficient adjoints rel_l2=3.87814474e-08 max_abs=9.31322575e-09
LAYER tail coefficient adjoints rel_l2=3.70752315e-08 max_abs=1.74622983e-09
LAYER tail mixing rel_l2=6.10473322e-08 max_abs=1.4109537e-07
LAYER tail RMS rel_l2=6.22794756e-08 max_abs=6.15734279e-07
LAYER tail RMS backward rel_l2=6.52262359e-08 max_abs=3.7758484e-09
LAYER tail shared GELU gradient rel_l2=4.70472393e-08 max_abs=3.24053626e-10
LAYER suffix FP8 MLP product rel_l2=2.45864559e-08 max_abs=2.38418579e-07
LAYER suffix FP8 MLP product rel_l2=1.15509894e-07 max_abs=1.78813934e-07
LAYER suffix FP8 MLP product rel_l2=0 max_abs=0
LAYER suffix FP8 MLP product rel_l2=0 max_abs=0
LAYER suffix FP8 MLP product rel_l2=0 max_abs=0
LAYER suffix FP8 MLP product rel_l2=0 max_abs=0
LAYER suffix RMS rel_l2=3.62760632e-08 max_abs=2.51141456e-07
LAYER suffix RMS backward rel_l2=4.60421768e-08 max_abs=2.02630031e-10
LAYER suffix residual rel_l2=0 max_abs=0
LAYER suffix residual coefficient rel_l2=1.31137788e-07 max_abs=6.51925802e-09
LAYER suffix MLP coefficient rel_l2=6.05492976e-08 max_abs=5.23868948e-09
TAIL ATen eager diagnostic mu rel_l2=0.00277144667 max_abs=0.00390625 changed=25/160
TAIL ATen eager diagnostic mug rel_l2=0 max_abs=0 changed=0/1920
TAIL ATen eager diagnostic mixed rel_l2=0.00530039813 max_abs=0.0078125 changed=7812/12288
TAIL ATen eager diagnostic RMS from native mixed rel_l2=0 max_abs=0 changed=0/12288
TAIL ATen eager diagnostic output rel_l2=0.00549667549 max_abs=0.046875 changed=7810/12288
TAIL ATen eager diagnostic dx rel_l2=0.00209311097 max_abs=0.000244140625 changed=2829/12288
TAIL ATen eager diagnostic source_0 rel_l2=0.0038664759 max_abs=3.81469727e-06 changed=4823/12288
TAIL ATen eager diagnostic source_1 rel_l2=0.00386431809 max_abs=0.000122070312 changed=5439/12288
TAIL ATen eager diagnostic source_2 rel_l2=0.00290270957 max_abs=1.90734863e-06 changed=4215/12288
TAIL ATen eager diagnostic source_3 rel_l2=0.00415393486 max_abs=3.81469727e-06 changed=5277/12288
TAIL ATen eager diagnostic source_4 rel_l2=0.00393123986 max_abs=3.81469727e-06 changed=4250/12288
TAIL ATen eager diagnostic source_5 rel_l2=0.00364045398 max_abs=3.81469727e-06 changed=4420/12288
TAIL ATen eager diagnostic source_6 rel_l2=0.00356163831 max_abs=3.81469727e-06 changed=4526/12288
TAIL ATen eager diagnostic source_7 rel_l2=0.00321224502 max_abs=3.81469727e-06 changed=3942/12288
TAIL ATen eager diagnostic source_8 rel_l2=0.00325435036 max_abs=1.90734863e-06 changed=4276/12288
TAIL ATen eager diagnostic source_9 rel_l2=0.00395940935 max_abs=3.81469727e-06 changed=4972/12288
TAIL ATen eager diagnostic dw1 rel_l2=0.00869756639 max_abs=5.34057617e-05 changed=37947/49152
TAIL ATen eager diagnostic dw2 rel_l2=0.012780498 max_abs=0.000366210938 changed=431/896
TAIL ATen eager diagnostic dbias rel_l2=0.00553739705 max_abs=0.000183105469 changed=7/14
TAIL ATen eager diagnostic dwg rel_l2=0.00437875704 max_abs=6.10351562e-05 changed=4441/10752
SUFFIX PASS tokens=16 vocabulary=2048 workers=17 step=3 tasks=1814 phases=45
LOSS FP64 max_loss=1.51032131e-07 max_raw_gradient=0.000111232209
LOSS FP64 max_descaled_gradient=1.45480185e-09 gradient_rel_l2=2.87503124e-08
LOSS pinned CUDA max_loss=0 gradient_rel_l2=0 changed_codes=0/163840
HEAD product=0 M=80 N=2048 K=768 rel_l2=2.11295858e-08 max_abs=7.15255737e-07
HEAD product=1 M=80 N=768 K=2048 rel_l2=1.22167953e-07 max_abs=2.79396772e-09
HEAD product=2 M=768 N=2048 K=80 rel_l2=3.11230707e-08 max_abs=5.96046448e-08
LAYER BF16 projection/product rel_l2=7.2193823e-07 max_abs=1.31130219e-06
LAYER BF16 projection/product rel_l2=8.5081598e-08 max_abs=5.96046448e-08
LAYER BF16 projection/product rel_l2=7.99847626e-08 max_abs=8.94069672e-08
LAYER BF16 projection/product rel_l2=2.60072745e-08 max_abs=2.32830644e-10
LAYER BF16 projection/product rel_l2=1.00967321e-07 max_abs=9.31322575e-10
LAYER BF16 projection/product rel_l2=9.54495372e-08 max_abs=3.49245965e-10
LAYER BF16 projection/product rel_l2=1.15229423e-07 max_abs=1.86264515e-09
LAYER BF16 projection/product rel_l2=8.81349335e-08 max_abs=3.7252903e-09
LAYER BF16 projection/product rel_l2=1.06110347e-07 max_abs=8.38190317e-09
LAYER tail forward gate rel_l2=3.87056045e-08 max_abs=7.95827844e-08
LAYER tail forward gate rel_l2=2.73795097e-08 max_abs=2.8310069e-08
LAYER tail forward gate rel_l2=2.55393888e-08 max_abs=1.74622983e-09
LAYER tail coefficient adjoints rel_l2=4.04471866e-08 max_abs=2.32830644e-09
LAYER tail coefficient adjoints rel_l2=3.88150706e-08 max_abs=2.32830644e-09
LAYER tail coefficient adjoints rel_l2=3.97324227e-08 max_abs=3.7252903e-09
LAYER tail coefficient adjoints rel_l2=3.76377551e-08 max_abs=2.50292942e-09
LAYER tail coefficient adjoints rel_l2=3.9307004e-08 max_abs=3.25962901e-09
LAYER tail coefficient adjoints rel_l2=4.13732975e-08 max_abs=3.57977115e-09
LAYER tail coefficient adjoints rel_l2=4.03131876e-08 max_abs=3.7252903e-09
LAYER tail coefficient adjoints rel_l2=4.0242788e-08 max_abs=3.7252903e-09
LAYER tail coefficient adjoints rel_l2=4.16425156e-08 max_abs=1.35041773e-08
LAYER tail coefficient adjoints rel_l2=4.11504594e-08 max_abs=3.0559022e-09
LAYER tail mixing rel_l2=6.19592799e-08 max_abs=2.01165676e-07
LAYER tail RMS rel_l2=4.67881305e-08 max_abs=4.84699471e-07
LAYER tail RMS backward rel_l2=5.29112589e-08 max_abs=3.78480558e-09
LAYER tail shared GELU gradient rel_l2=4.6278401e-08 max_abs=2.99860739e-10
LAYER suffix FP8 MLP product rel_l2=2.85633493e-08 max_abs=2.38418579e-07
LAYER suffix FP8 MLP product rel_l2=1.19773681e-07 max_abs=2.38418579e-07
LAYER suffix FP8 MLP product rel_l2=2.08406914e-08 max_abs=1.86264515e-09
LAYER suffix FP8 MLP product rel_l2=7.07801637e-08 max_abs=9.31322575e-10
LAYER suffix FP8 MLP product rel_l2=1.11931727e-08 max_abs=1.11758709e-08
LAYER suffix FP8 MLP product rel_l2=1.85421744e-08 max_abs=1.49011612e-08
LAYER suffix RMS rel_l2=4.7756767e-08 max_abs=3.73543761e-07
LAYER suffix RMS backward rel_l2=5.6052609e-08 max_abs=3.30530452e-09
LAYER suffix residual rel_l2=3.50731025e-09 max_abs=2.98023224e-08
LAYER suffix residual coefficient rel_l2=1.08637151e-07 max_abs=7.01402314e-09
LAYER suffix MLP coefficient rel_l2=6.13292056e-08 max_abs=4.88944352e-09
TAIL ATen eager diagnostic mu rel_l2=0.00288717074 max_abs=0.00390625 changed=133/800
TAIL ATen eager diagnostic mug rel_l2=0 max_abs=0 changed=0/9600
TAIL ATen eager diagnostic mixed rel_l2=0.0052457591 max_abs=0.01171875 changed=38637/61440
TAIL ATen eager diagnostic RMS from native mixed rel_l2=0 max_abs=0 changed=0/61440
TAIL ATen eager diagnostic output rel_l2=0.00552907959 max_abs=0.046875 changed=38090/61440
TAIL ATen eager diagnostic dx rel_l2=0.00195049861 max_abs=0.000244140625 changed=13062/61440
TAIL ATen eager diagnostic source_0 rel_l2=0.00386372532 max_abs=7.62939453e-06 changed=22676/61440
TAIL ATen eager diagnostic source_1 rel_l2=0.00402220795 max_abs=0.000183105469 changed=26413/61440
TAIL ATen eager diagnostic source_2 rel_l2=0.00411047385 max_abs=7.62939453e-06 changed=25875/61440
TAIL ATen eager diagnostic source_3 rel_l2=0.00382019469 max_abs=7.62939453e-06 changed=22672/61440
TAIL ATen eager diagnostic source_4 rel_l2=0.00408125169 max_abs=5.7220459e-06 changed=23565/61440
TAIL ATen eager diagnostic source_5 rel_l2=0.00395471546 max_abs=7.62939453e-06 changed=22970/61440
TAIL ATen eager diagnostic source_6 rel_l2=0.00374998284 max_abs=7.62939453e-06 changed=22800/61440
TAIL ATen eager diagnostic source_7 rel_l2=0.00328809417 max_abs=3.81469727e-06 changed=20382/61440
TAIL ATen eager diagnostic source_8 rel_l2=0.00369377796 max_abs=7.62939453e-06 changed=20842/61440
TAIL ATen eager diagnostic source_9 rel_l2=0.00352719666 max_abs=7.62939453e-06 changed=20154/61440
TAIL ATen eager diagnostic dw1 rel_l2=0.00736931635 max_abs=9.15527344e-05 changed=36850/49152
TAIL ATen eager diagnostic dw2 rel_l2=0.00790990575 max_abs=0.00048828125 changed=453/896
TAIL ATen eager diagnostic dbias rel_l2=0.00601118278 max_abs=0.000244140625 changed=6/14
TAIL ATen eager diagnostic dwg rel_l2=0.00450710094 max_abs=0.000122070312 changed=4624/10752
SUFFIX PASS tokens=80 vocabulary=2048 workers=1 step=0 tasks=2600 phases=45
LOSS FP64 max_loss=8.34834587e-07 max_raw_gradient=0.000585915614
LOSS FP64 max_descaled_gradient=7.66316816e-09 gradient_rel_l2=1.12549066e-07
LOSS pinned CUDA max_loss=1.90734863e-06 gradient_rel_l2=0 changed_codes=0/804864
HEAD product=0 M=16 N=50304 K=768 rel_l2=1.29976529e-08 max_abs=9.53674316e-07
HEAD product=1 M=16 N=768 K=50304 rel_l2=9.74676619e-07 max_abs=1.86264515e-08
HEAD product=2 M=768 N=50304 K=16 rel_l2=7.73786004e-08 max_abs=7.4505806e-08
LAYER BF16 projection/product rel_l2=7.63859944e-07 max_abs=1.07288361e-06
LAYER BF16 projection/product rel_l2=1.13701972e-07 max_abs=5.96046448e-08
LAYER BF16 projection/product rel_l2=8.01849184e-08 max_abs=4.47034836e-08
LAYER BF16 projection/product rel_l2=3.06445409e-08 max_abs=4.65661287e-10
LAYER BF16 projection/product rel_l2=9.7118805e-08 max_abs=6.98491931e-10
LAYER BF16 projection/product rel_l2=9.30229904e-08 max_abs=2.32830644e-10
LAYER BF16 projection/product rel_l2=4.59164815e-08 max_abs=4.65661287e-10
LAYER BF16 projection/product rel_l2=2.76118499e-08 max_abs=1.86264515e-09
LAYER BF16 projection/product rel_l2=3.41274847e-08 max_abs=9.31322575e-10
LAYER tail forward gate rel_l2=4.18849246e-08 max_abs=5.63392253e-08
LAYER tail forward gate rel_l2=1.84412766e-08 max_abs=1.94213499e-08
LAYER tail forward gate rel_l2=2.44262811e-08 max_abs=8.80390871e-10
LAYER tail coefficient adjoints rel_l2=4.74883237e-08 max_abs=3.08500603e-09
LAYER tail coefficient adjoints rel_l2=3.89386091e-08 max_abs=2.09547579e-09
LAYER tail coefficient adjoints rel_l2=3.99640989e-08 max_abs=1.86264515e-09
LAYER tail coefficient adjoints rel_l2=4.05400677e-08 max_abs=2.15368345e-09
LAYER tail coefficient adjoints rel_l2=3.78765485e-08 max_abs=1.86264515e-09
LAYER tail coefficient adjoints rel_l2=3.83825347e-08 max_abs=1.86264515e-09
LAYER tail coefficient adjoints rel_l2=3.72097683e-08 max_abs=1.39698386e-09
LAYER tail coefficient adjoints rel_l2=3.42577415e-08 max_abs=1.86264515e-09
LAYER tail coefficient adjoints rel_l2=4.28725487e-08 max_abs=1.11758709e-08
LAYER tail coefficient adjoints rel_l2=4.2963018e-08 max_abs=1.86264515e-09
LAYER tail mixing rel_l2=5.99909903e-08 max_abs=1.43074431e-07
LAYER tail RMS rel_l2=4.84637637e-08 max_abs=4.65962361e-07
LAYER tail RMS backward rel_l2=5.4254088e-08 max_abs=3.6377184e-09
LAYER tail shared GELU gradient rel_l2=4.46656593e-08 max_abs=3.13664583e-10
LAYER suffix FP8 MLP product rel_l2=2.77422026e-08 max_abs=2.38418579e-07
LAYER suffix FP8 MLP product rel_l2=1.31094356e-07 max_abs=2.98023224e-07
LAYER suffix FP8 MLP product rel_l2=2.34193462e-08 max_abs=9.31322575e-10
LAYER suffix FP8 MLP product rel_l2=7.48961315e-08 max_abs=6.98491931e-10
LAYER suffix FP8 MLP product rel_l2=4.07507775e-09 max_abs=3.7252903e-09
LAYER suffix FP8 MLP product rel_l2=7.30072222e-09 max_abs=3.7252903e-09
LAYER suffix RMS rel_l2=5.30314797e-08 max_abs=3.59386477e-07
LAYER suffix RMS backward rel_l2=5.85793075e-08 max_abs=2.19194923e-09
LAYER suffix residual rel_l2=2.2931356e-09 max_abs=2.98023224e-08
LAYER suffix residual coefficient rel_l2=8.47907602e-08 max_abs=4.71482053e-09
LAYER suffix MLP coefficient rel_l2=3.6092746e-08 max_abs=2.47382559e-09
TAIL ATen eager diagnostic mu rel_l2=0.00239974608 max_abs=0.00390625 changed=36/160
TAIL ATen eager diagnostic mug rel_l2=0 max_abs=0 changed=0/1920
TAIL ATen eager diagnostic mixed rel_l2=0.00524558604 max_abs=0.009765625 changed=7762/12288
TAIL ATen eager diagnostic RMS from native mixed rel_l2=0 max_abs=0 changed=0/12288
TAIL ATen eager diagnostic output rel_l2=0.00546941694 max_abs=0.0390625 changed=7680/12288
TAIL ATen eager diagnostic dx rel_l2=0.00180022501 max_abs=0.000122070312 changed=2555/12288
TAIL ATen eager diagnostic source_0 rel_l2=0.00346904061 max_abs=3.81469727e-06 changed=5046/12288
TAIL ATen eager diagnostic source_1 rel_l2=0.00379735017 max_abs=0.000122070312 changed=5196/12288
TAIL ATen eager diagnostic source_2 rel_l2=0.00377472495 max_abs=3.81469727e-06 changed=5052/12288
TAIL ATen eager diagnostic source_3 rel_l2=0.00335135165 max_abs=3.81469727e-06 changed=5082/12288
TAIL ATen eager diagnostic source_4 rel_l2=0.00441821234 max_abs=3.81469727e-06 changed=4952/12288
TAIL ATen eager diagnostic source_5 rel_l2=0.00369622155 max_abs=3.81469727e-06 changed=4581/12288
TAIL ATen eager diagnostic source_6 rel_l2=0.00374279038 max_abs=3.81469727e-06 changed=5320/12288
TAIL ATen eager diagnostic source_7 rel_l2=0.00359077961 max_abs=3.81469727e-06 changed=4646/12288
TAIL ATen eager diagnostic source_8 rel_l2=0.00326200498 max_abs=3.81469727e-06 changed=4296/12288
TAIL ATen eager diagnostic source_9 rel_l2=0.00363880935 max_abs=5.7220459e-06 changed=4098/12288
TAIL ATen eager diagnostic dw1 rel_l2=0.00691775971 max_abs=6.10351562e-05 changed=36394/49152
TAIL ATen eager diagnostic dw2 rel_l2=0.0076861505 max_abs=0.000442504883 changed=440/896
TAIL ATen eager diagnostic dbias rel_l2=0.0116673532 max_abs=0.000610351562 changed=6/14
TAIL ATen eager diagnostic dwg rel_l2=0.00477297308 max_abs=0.000122070312 changed=4536/10752
SUFFIX PASS tokens=16 vocabulary=50304 workers=17 step=0 tasks=12376 phases=45
LOSS FP64 max_loss=1.18272199e-06 max_raw_gradient=0.000420023404
LOSS FP64 max_descaled_gradient=5.49347022e-09 gradient_rel_l2=9.41834366e-08
LOSS pinned CUDA max_loss=3.81469727e-06 gradient_rel_l2=0 changed_codes=0/12877824
HEAD product=0 M=256 N=50304 K=768 rel_l2=1.33996996e-08 max_abs=9.53674316e-07
HEAD product=1 M=256 N=768 K=50304 rel_l2=9.64494561e-07 max_abs=3.35276127e-08
HEAD product=2 M=768 N=50304 K=256 rel_l2=1.73771871e-07 max_abs=3.57627869e-07
LAYER BF16 projection/product rel_l2=7.22522412e-07 max_abs=1.90734863e-06
LAYER BF16 projection/product rel_l2=8.18755245e-08 max_abs=5.96046448e-08
LAYER BF16 projection/product rel_l2=8.3543769e-08 max_abs=5.96046448e-08
LAYER BF16 projection/product rel_l2=2.80859195e-08 max_abs=4.65661287e-10
LAYER BF16 projection/product rel_l2=1.01929376e-07 max_abs=1.86264515e-09
LAYER BF16 projection/product rel_l2=9.94810907e-08 max_abs=4.65661287e-10
LAYER BF16 projection/product rel_l2=2.87458726e-07 max_abs=6.51925802e-09
LAYER BF16 projection/product rel_l2=2.61145982e-07 max_abs=4.47034836e-08
LAYER BF16 projection/product rel_l2=2.56842558e-07 max_abs=2.23517418e-08
LAYER tail forward gate rel_l2=4.06072318e-08 max_abs=7.93121262e-08
LAYER tail forward gate rel_l2=2.63275006e-08 max_abs=2.83018835e-08
LAYER tail forward gate rel_l2=2.49940066e-08 max_abs=1.76078174e-09
LAYER tail coefficient adjoints rel_l2=3.79283891e-08 max_abs=2.79396772e-09
LAYER tail coefficient adjoints rel_l2=3.97981165e-08 max_abs=2.79396772e-09
LAYER tail coefficient adjoints rel_l2=3.89004522e-08 max_abs=2.79396772e-09
LAYER tail coefficient adjoints rel_l2=3.93435811e-08 max_abs=3.60887498e-09
LAYER tail coefficient adjoints rel_l2=3.94617321e-08 max_abs=2.6775524e-09
LAYER tail coefficient adjoints rel_l2=4.01879491e-08 max_abs=2.79396772e-09
LAYER tail coefficient adjoints rel_l2=3.98494685e-08 max_abs=3.1068339e-09
LAYER tail coefficient adjoints rel_l2=3.83772419e-08 max_abs=3.0377123e-09
LAYER tail coefficient adjoints rel_l2=4.04348138e-08 max_abs=1.67638063e-08
LAYER tail coefficient adjoints rel_l2=3.98582734e-08 max_abs=3.16867954e-09
LAYER tail mixing rel_l2=6.22937951e-08 max_abs=2.66358256e-07
LAYER tail RMS rel_l2=4.97670811e-08 max_abs=5.49206353e-07
LAYER tail RMS backward rel_l2=5.73464894e-08 max_abs=5.15147047e-09
LAYER tail shared GELU gradient rel_l2=4.62343147e-08 max_abs=4.01957444e-10
LAYER suffix FP8 MLP product rel_l2=2.79199874e-08 max_abs=2.38418579e-07
LAYER suffix FP8 MLP product rel_l2=1.20097713e-07 max_abs=2.38418579e-07
LAYER suffix FP8 MLP product rel_l2=2.2078036e-08 max_abs=1.86264515e-09
LAYER suffix FP8 MLP product rel_l2=7.17340141e-08 max_abs=9.31322575e-10
LAYER suffix FP8 MLP product rel_l2=1.93972181e-08 max_abs=1.49011612e-08
LAYER suffix FP8 MLP product rel_l2=3.16655511e-08 max_abs=2.23517418e-08
LAYER suffix RMS rel_l2=4.97720405e-08 max_abs=4.79301416e-07
LAYER suffix RMS backward rel_l2=5.73772383e-08 max_abs=4.3347695e-09
LAYER suffix residual rel_l2=3.54454864e-09 max_abs=2.98023224e-08
LAYER suffix residual coefficient rel_l2=1.06823862e-07 max_abs=9.33505362e-09
LAYER suffix MLP coefficient rel_l2=7.27733877e-08 max_abs=1.27547537e-08
TAIL ATen eager diagnostic mu rel_l2=0.00287954289 max_abs=0.00390625 changed=571/2560
TAIL ATen eager diagnostic mug rel_l2=0 max_abs=0 changed=0/30720
TAIL ATen eager diagnostic mixed rel_l2=0.00531381663 max_abs=0.015625 changed=125119/196608
TAIL ATen eager diagnostic RMS from native mixed rel_l2=0 max_abs=0 changed=0/196608
TAIL ATen eager diagnostic output rel_l2=0.00558597554 max_abs=0.0625 changed=123381/196608
TAIL ATen eager diagnostic dx rel_l2=0.00193311918 max_abs=0.000244140625 changed=41722/196608
TAIL ATen eager diagnostic source_0 rel_l2=0.00415313629 max_abs=7.62939453e-06 changed=81535/196608
TAIL ATen eager diagnostic source_1 rel_l2=0.00399513267 max_abs=0.000183105469 changed=89189/196608
TAIL ATen eager diagnostic source_2 rel_l2=0.00415241852 max_abs=7.62939453e-06 changed=72239/196608
TAIL ATen eager diagnostic source_3 rel_l2=0.00424584118 max_abs=7.62939453e-06 changed=80081/196608
TAIL ATen eager diagnostic source_4 rel_l2=0.00373737733 max_abs=3.81469727e-06 changed=70143/196608
TAIL ATen eager diagnostic source_5 rel_l2=0.00420408287 max_abs=7.62939453e-06 changed=76946/196608
TAIL ATen eager diagnostic source_6 rel_l2=0.00372860169 max_abs=7.62939453e-06 changed=78629/196608
TAIL ATen eager diagnostic source_7 rel_l2=0.00385930932 max_abs=7.62939453e-06 changed=70620/196608
TAIL ATen eager diagnostic source_8 rel_l2=0.00371582281 max_abs=7.62939453e-06 changed=77344/196608
TAIL ATen eager diagnostic source_9 rel_l2=0.00403839894 max_abs=7.62939453e-06 changed=81103/196608
TAIL ATen eager diagnostic dw1 rel_l2=0.00692473784 max_abs=0.00012588501 changed=36014/49152
TAIL ATen eager diagnostic dw2 rel_l2=0.00757090624 max_abs=0.000793457031 changed=428/896
TAIL ATen eager diagnostic dbias rel_l2=0.0132791263 max_abs=0.0029296875 changed=8/14
TAIL ATen eager diagnostic dwg rel_l2=0.00452001927 max_abs=0.000244140625 changed=4611/10752
SUFFIX PASS tokens=256 vocabulary=50304 workers=528 step=0 tasks=28830 phases=45
SUFFIX CUDA Graph median_ms=2.762016 samples_ms= 2.768800 2.764928 2.764960 2.759392 2.770144 2.760928 2.763104 2.742816 2.743200 2.742528
SUFFIX CUDA Graph four-block occupancy median_ms=2.752688 samples_ms= 2.754400 2.752800 2.741728 2.748256 2.755616 2.752576 2.754496 2.756480 2.747712 2.749056
SUFFIX persistent+reset median_ms=3.181328 samples_ms= 3.017024 3.193824 3.193280 3.008672 3.181600 3.184608 3.181056 3.178784 3.168416 3.207296
PASS: final FP8 MLP, shared normalized-input adjoints, MUDD and head connected; full body and compiled parity remain

$ compute-sanitizer --version
NVIDIA (R) Compute Sanitizer
Copyright (c) 2020-2025 NVIDIA Corporation
Version 2025.1.0.0 (build 35583870) (public-release)

$ compute-sanitizer --tool memcheck --error-exitcode 1 /workspace/cuda/suffix --quick --native-only
========= COMPUTE-SANITIZER
GPU[0]=NVIDIA H100 80GB HBM3 SMs=132 runtime=12080
Native-only checks: ATen diagnostic excluded, independent arithmetic and replay gates remain enabled
LOSS FP64 max_loss=1.31866784e-06 max_raw_gradient=0.000360219162
LOSS FP64 max_descaled_gradient=4.7112928e-09 gradient_rel_l2=7.32638395e-08
LOSS pinned CUDA max_loss=0 gradient_rel_l2=0 changed_codes=0/32768
HEAD product=0 M=16 N=2048 K=768 rel_l2=2.08165544e-08 max_abs=4.76837158e-07
HEAD product=1 M=16 N=768 K=2048 rel_l2=1.0913523e-07 max_abs=2.79396772e-09
HEAD product=2 M=768 N=2048 K=16 rel_l2=1.92346334e-08 max_abs=2.98023224e-08
LAYER BF16 projection/product rel_l2=7.63859944e-07 max_abs=1.07288361e-06
LAYER BF16 projection/product rel_l2=1.13701972e-07 max_abs=5.96046448e-08
LAYER BF16 projection/product rel_l2=8.01849184e-08 max_abs=4.47034836e-08
LAYER BF16 projection/product rel_l2=2.80482159e-08 max_abs=2.32830644e-10
LAYER BF16 projection/product rel_l2=1.06664424e-07 max_abs=6.98491931e-10
LAYER BF16 projection/product rel_l2=9.57400515e-08 max_abs=2.32830644e-10
LAYER BF16 projection/product rel_l2=4.40148172e-08 max_abs=4.65661287e-10
LAYER BF16 projection/product rel_l2=2.8358166e-08 max_abs=9.31322575e-10
LAYER BF16 projection/product rel_l2=3.44168329e-08 max_abs=9.31322575e-10
LAYER tail forward gate rel_l2=4.18849246e-08 max_abs=5.63392253e-08
LAYER tail forward gate rel_l2=1.84412766e-08 max_abs=1.94213499e-08
LAYER tail forward gate rel_l2=2.44262811e-08 max_abs=8.80390871e-10
LAYER tail coefficient adjoints rel_l2=3.66976817e-08 max_abs=1.87719706e-09
LAYER tail coefficient adjoints rel_l2=4.3102747e-08 max_abs=3.25962901e-09
LAYER tail coefficient adjoints rel_l2=4.40109888e-08 max_abs=2.32830644e-09
LAYER tail coefficient adjoints rel_l2=3.53796015e-08 max_abs=1.86264515e-09
LAYER tail coefficient adjoints rel_l2=3.97711111e-08 max_abs=1.74622983e-09
LAYER tail coefficient adjoints rel_l2=3.96779164e-08 max_abs=3.7252903e-09
LAYER tail coefficient adjoints rel_l2=4.25914041e-08 max_abs=1.97906047e-09
LAYER tail coefficient adjoints rel_l2=3.81289487e-08 max_abs=1.86264515e-09
LAYER tail coefficient adjoints rel_l2=3.53396824e-08 max_abs=9.48784873e-09
LAYER tail coefficient adjoints rel_l2=3.66027805e-08 max_abs=2.0081643e-09
LAYER tail mixing rel_l2=5.99909903e-08 max_abs=1.43074431e-07
LAYER tail RMS rel_l2=4.84637637e-08 max_abs=4.65962361e-07
LAYER tail RMS backward rel_l2=5.53395195e-08 max_abs=3.68510853e-09
LAYER tail shared GELU gradient rel_l2=4.36245416e-08 max_abs=2.68972354e-10
LAYER suffix FP8 MLP product rel_l2=2.77422026e-08 max_abs=2.38418579e-07
LAYER suffix FP8 MLP product rel_l2=1.31094356e-07 max_abs=2.98023224e-07
LAYER suffix FP8 MLP product rel_l2=2.16746244e-08 max_abs=1.39698386e-09
LAYER suffix FP8 MLP product rel_l2=7.39330868e-08 max_abs=6.98491931e-10
LAYER suffix FP8 MLP product rel_l2=4.68311056e-09 max_abs=7.4505806e-09
LAYER suffix FP8 MLP product rel_l2=7.30436833e-09 max_abs=5.58793545e-09
LAYER suffix RMS rel_l2=5.30314797e-08 max_abs=3.59386477e-07
LAYER suffix RMS backward rel_l2=5.91299471e-08 max_abs=3.23628679e-09
LAYER suffix residual rel_l2=2.2931356e-09 max_abs=2.98023224e-08
LAYER suffix residual coefficient rel_l2=9.79788758e-08 max_abs=4.2055035e-09
LAYER suffix MLP coefficient rel_l2=5.80052256e-08 max_abs=3.5361154e-09
SUFFIX PASS tokens=16 vocabulary=2048 workers=17 step=0 tasks=1814 phases=45
LOSS FP64 max_loss=6.50449616e-07 max_raw_gradient=0.00033894416
LOSS FP64 max_descaled_gradient=4.43303785e-09 gradient_rel_l2=6.93073561e-08
LOSS pinned CUDA max_loss=0 gradient_rel_l2=0 changed_codes=0/32768
HEAD product=0 M=16 N=2048 K=768 rel_l2=2.06368009e-08 max_abs=4.76837158e-07
HEAD product=1 M=16 N=768 K=2048 rel_l2=1.11253898e-07 max_abs=2.32830644e-09
HEAD product=2 M=768 N=2048 K=16 rel_l2=1.99315883e-08 max_abs=2.98023224e-08
LAYER BF16 projection/product rel_l2=7.0325975e-07 max_abs=8.94069672e-07
LAYER BF16 projection/product rel_l2=0 max_abs=0
LAYER BF16 projection/product rel_l2=0 max_abs=0
LAYER BF16 projection/product rel_l2=0 max_abs=0
LAYER BF16 projection/product rel_l2=0 max_abs=0
LAYER BF16 projection/product rel_l2=0 max_abs=0
LAYER BF16 projection/product rel_l2=0 max_abs=0
LAYER BF16 projection/product rel_l2=2.91884722e-08 max_abs=9.31322575e-10
LAYER BF16 projection/product rel_l2=3.82008096e-08 max_abs=9.31322575e-10
LAYER tail forward gate rel_l2=3.86955998e-08 max_abs=5.63392253e-08
LAYER tail forward gate rel_l2=1.49280825e-08 max_abs=7.4505806e-09
LAYER tail forward gate rel_l2=0 max_abs=0
LAYER tail coefficient adjoints rel_l2=3.41883292e-08 max_abs=1.62981451e-09
LAYER tail coefficient adjoints rel_l2=4.20401051e-08 max_abs=1.86264515e-09
LAYER tail coefficient adjoints rel_l2=4.01829659e-08 max_abs=1.62981451e-09
LAYER tail coefficient adjoints rel_l2=3.79264411e-08 max_abs=2.21189111e-09
LAYER tail coefficient adjoints rel_l2=4.63627512e-08 max_abs=2.56113708e-09
LAYER tail coefficient adjoints rel_l2=3.98284266e-08 max_abs=2.79396772e-09
LAYER tail coefficient adjoints rel_l2=3.55183599e-08 max_abs=1.62981451e-09
LAYER tail coefficient adjoints rel_l2=3.63874018e-08 max_abs=2.59024091e-09
LAYER tail coefficient adjoints rel_l2=4.02132528e-08 max_abs=1.11758709e-08
LAYER tail coefficient adjoints rel_l2=4.47123331e-08 max_abs=2.09547579e-09
LAYER tail mixing rel_l2=5.46031592e-08 max_abs=1.1920929e-07
LAYER tail RMS rel_l2=5.44834166e-08 max_abs=3.86098874e-07
LAYER tail RMS backward rel_l2=6.27167118e-08 max_abs=3.9840983e-09
LAYER tail shared GELU gradient rel_l2=0 max_abs=0
LAYER suffix FP8 MLP product rel_l2=2.77574662e-08 max_abs=2.38418579e-07
LAYER suffix FP8 MLP product rel_l2=0 max_abs=0
LAYER suffix FP8 MLP product rel_l2=0 max_abs=0
LAYER suffix FP8 MLP product rel_l2=0 max_abs=0
LAYER suffix FP8 MLP product rel_l2=0 max_abs=0
LAYER suffix FP8 MLP product rel_l2=1.05117131e-08 max_abs=1.49011612e-08
LAYER suffix RMS rel_l2=5.7006084e-08 max_abs=5.58916324e-07
LAYER suffix RMS backward rel_l2=6.2976464e-08 max_abs=7.71314584e-11
LAYER suffix residual rel_l2=0 max_abs=0
LAYER suffix residual coefficient rel_l2=1.21999828e-07 max_abs=5.12227416e-09
LAYER suffix MLP coefficient rel_l2=0 max_abs=0
SUFFIX PASS tokens=16 vocabulary=2048 workers=17 step=1 tasks=1814 phases=45
LOSS FP64 max_loss=1.40505711e-06 max_raw_gradient=0.000254385983
LOSS FP64 max_descaled_gradient=6.65420931e-09 gradient_rel_l2=9.94774971e-08
LOSS pinned CUDA max_loss=0 gradient_rel_l2=0 changed_codes=0/32768
HEAD product=0 M=16 N=2048 K=768 rel_l2=0 max_abs=0
HEAD product=1 M=16 N=768 K=2048 rel_l2=3.73385649e-08 max_abs=9.31322575e-10
HEAD product=2 M=768 N=2048 K=16 rel_l2=0 max_abs=0
LAYER BF16 projection/product rel_l2=0 max_abs=0
LAYER BF16 projection/product rel_l2=0 max_abs=0
LAYER BF16 projection/product rel_l2=0 max_abs=0
LAYER BF16 projection/product rel_l2=0 max_abs=0
LAYER BF16 projection/product rel_l2=0 max_abs=0
LAYER BF16 projection/product rel_l2=0 max_abs=0
LAYER BF16 projection/product rel_l2=0 max_abs=0
LAYER BF16 projection/product rel_l2=0 max_abs=0
LAYER BF16 projection/product rel_l2=0 max_abs=0
LAYER tail forward gate rel_l2=0 max_abs=0
LAYER tail forward gate rel_l2=1.49199646e-08 max_abs=7.4505806e-09
LAYER tail forward gate rel_l2=0 max_abs=0
LAYER tail coefficient adjoints rel_l2=0 max_abs=0
LAYER tail coefficient adjoints rel_l2=0 max_abs=0
LAYER tail coefficient adjoints rel_l2=0 max_abs=0
LAYER tail coefficient adjoints rel_l2=0 max_abs=0
LAYER tail coefficient adjoints rel_l2=0 max_abs=0
LAYER tail coefficient adjoints rel_l2=0 max_abs=0
LAYER tail coefficient adjoints rel_l2=0 max_abs=0
LAYER tail coefficient adjoints rel_l2=0 max_abs=0
LAYER tail coefficient adjoints rel_l2=0 max_abs=0
LAYER tail coefficient adjoints rel_l2=0 max_abs=0
LAYER tail mixing rel_l2=0 max_abs=0
LAYER tail RMS rel_l2=0 max_abs=0
LAYER tail RMS backward rel_l2=1.03375596e-07 max_abs=2.38859006e-06
LAYER tail shared GELU gradient rel_l2=0 max_abs=0
LAYER suffix FP8 MLP product rel_l2=0 max_abs=0
LAYER suffix FP8 MLP product rel_l2=0 max_abs=0
LAYER suffix FP8 MLP product rel_l2=2.59950356e-08 max_abs=9.53674316e-07
LAYER suffix FP8 MLP product rel_l2=0 max_abs=0
LAYER suffix FP8 MLP product rel_l2=0 max_abs=0
LAYER suffix FP8 MLP product rel_l2=0 max_abs=0
LAYER suffix RMS rel_l2=0 max_abs=0
LAYER suffix RMS backward rel_l2=1.02414611e-07 max_abs=4.29955246e-07
LAYER suffix residual rel_l2=0 max_abs=0
LAYER suffix residual coefficient rel_l2=0 max_abs=0
LAYER suffix MLP coefficient rel_l2=0 max_abs=0
SUFFIX PASS tokens=16 vocabulary=2048 workers=17 step=2 tasks=1814 phases=45
LOSS FP64 max_loss=1.03660811e-06 max_raw_gradient=0.000350118493
LOSS FP64 max_descaled_gradient=4.57918653e-09 gradient_rel_l2=7.09648721e-08
LOSS pinned CUDA max_loss=1.90734863e-06 gradient_rel_l2=0 changed_codes=0/32768
HEAD product=0 M=16 N=2048 K=768 rel_l2=2.17501464e-08 max_abs=4.76837158e-07
HEAD product=1 M=16 N=768 K=2048 rel_l2=1.08984069e-07 max_abs=2.32830644e-09
HEAD product=2 M=768 N=2048 K=16 rel_l2=2.02716882e-08 max_abs=1.49011612e-08
LAYER BF16 projection/product rel_l2=7.11390577e-07 max_abs=1.07288361e-06
LAYER BF16 projection/product rel_l2=8.3104523e-08 max_abs=1.86264515e-08
LAYER BF16 projection/product rel_l2=7.79161646e-08 max_abs=5.96046448e-08
LAYER BF16 projection/product rel_l2=2.09823532e-08 max_abs=2.32830644e-10
LAYER BF16 projection/product rel_l2=1.05723207e-07 max_abs=9.31322575e-10
LAYER BF16 projection/product rel_l2=8.77122886e-08 max_abs=2.32830644e-10
LAYER BF16 projection/product rel_l2=3.82786582e-08 max_abs=4.65661287e-10
LAYER BF16 projection/product rel_l2=2.70848435e-08 max_abs=9.31322575e-10
LAYER BF16 projection/product rel_l2=3.35771699e-08 max_abs=9.31322575e-10
LAYER tail forward gate rel_l2=4.39255777e-08 max_abs=6.45967018e-08
LAYER tail forward gate rel_l2=2.67559531e-08 max_abs=2.82125256e-08
LAYER tail forward gate rel_l2=2.40229534e-08 max_abs=8.51287041e-10
LAYER tail coefficient adjoints rel_l2=4.11529018e-08 max_abs=2.61934474e-09
LAYER tail coefficient adjoints rel_l2=3.65365246e-08 max_abs=1.62981451e-09
LAYER tail coefficient adjoints rel_l2=3.87701178e-08 max_abs=2.03726813e-09
LAYER tail coefficient adjoints rel_l2=3.81060153e-08 max_abs=2.79396772e-09
LAYER tail coefficient adjoints rel_l2=4.33175557e-08 max_abs=1.92085281e-09
LAYER tail coefficient adjoints rel_l2=3.89811011e-08 max_abs=1.68802217e-09
LAYER tail coefficient adjoints rel_l2=3.965206e-08 max_abs=2.32830644e-09
LAYER tail coefficient adjoints rel_l2=3.68390254e-08 max_abs=2.3865141e-09
LAYER tail coefficient adjoints rel_l2=3.87814474e-08 max_abs=9.31322575e-09
LAYER tail coefficient adjoints rel_l2=3.70752315e-08 max_abs=1.74622983e-09
LAYER tail mixing rel_l2=6.10473322e-08 max_abs=1.4109537e-07
LAYER tail RMS rel_l2=6.22794756e-08 max_abs=6.15734279e-07
LAYER tail RMS backward rel_l2=6.52262359e-08 max_abs=3.7758484e-09
LAYER tail shared GELU gradient rel_l2=4.70472393e-08 max_abs=3.24053626e-10
LAYER suffix FP8 MLP product rel_l2=2.45864559e-08 max_abs=2.38418579e-07
LAYER suffix FP8 MLP product rel_l2=1.15509894e-07 max_abs=1.78813934e-07
LAYER suffix FP8 MLP product rel_l2=0 max_abs=0
LAYER suffix FP8 MLP product rel_l2=0 max_abs=0
LAYER suffix FP8 MLP product rel_l2=0 max_abs=0
LAYER suffix FP8 MLP product rel_l2=0 max_abs=0
LAYER suffix RMS rel_l2=3.62760632e-08 max_abs=2.51141456e-07
LAYER suffix RMS backward rel_l2=4.60421768e-08 max_abs=2.02630031e-10
LAYER suffix residual rel_l2=0 max_abs=0
LAYER suffix residual coefficient rel_l2=1.31137788e-07 max_abs=6.51925802e-09
LAYER suffix MLP coefficient rel_l2=6.05492976e-08 max_abs=5.23868948e-09
SUFFIX PASS tokens=16 vocabulary=2048 workers=17 step=3 tasks=1814 phases=45
PASS: final FP8 MLP, shared normalized-input adjoints, MUDD and head connected; full body and compiled parity remain
========= ERROR SUMMARY: 0 errors

$ compute-sanitizer --tool initcheck --error-exitcode 1 /workspace/cuda/suffix --quick --native-only
========= COMPUTE-SANITIZER
GPU[0]=NVIDIA H100 80GB HBM3 SMs=132 runtime=12080
Native-only checks: ATen diagnostic excluded, independent arithmetic and replay gates remain enabled
LOSS FP64 max_loss=1.31866784e-06 max_raw_gradient=0.000360219162
LOSS FP64 max_descaled_gradient=4.7112928e-09 gradient_rel_l2=7.32638395e-08
LOSS pinned CUDA max_loss=0 gradient_rel_l2=0 changed_codes=0/32768
HEAD product=0 M=16 N=2048 K=768 rel_l2=2.08165544e-08 max_abs=4.76837158e-07
HEAD product=1 M=16 N=768 K=2048 rel_l2=1.0913523e-07 max_abs=2.79396772e-09
HEAD product=2 M=768 N=2048 K=16 rel_l2=1.92346334e-08 max_abs=2.98023224e-08
LAYER BF16 projection/product rel_l2=7.63859944e-07 max_abs=1.07288361e-06
LAYER BF16 projection/product rel_l2=1.13701972e-07 max_abs=5.96046448e-08
LAYER BF16 projection/product rel_l2=8.01849184e-08 max_abs=4.47034836e-08
LAYER BF16 projection/product rel_l2=2.80482159e-08 max_abs=2.32830644e-10
LAYER BF16 projection/product rel_l2=1.06664424e-07 max_abs=6.98491931e-10
LAYER BF16 projection/product rel_l2=9.57400515e-08 max_abs=2.32830644e-10
LAYER BF16 projection/product rel_l2=4.40148172e-08 max_abs=4.65661287e-10
LAYER BF16 projection/product rel_l2=2.8358166e-08 max_abs=9.31322575e-10
LAYER BF16 projection/product rel_l2=3.44168329e-08 max_abs=9.31322575e-10
LAYER tail forward gate rel_l2=4.18849246e-08 max_abs=5.63392253e-08
LAYER tail forward gate rel_l2=1.84412766e-08 max_abs=1.94213499e-08
LAYER tail forward gate rel_l2=2.44262811e-08 max_abs=8.80390871e-10
LAYER tail coefficient adjoints rel_l2=3.66976817e-08 max_abs=1.87719706e-09
LAYER tail coefficient adjoints rel_l2=4.3102747e-08 max_abs=3.25962901e-09
LAYER tail coefficient adjoints rel_l2=4.40109888e-08 max_abs=2.32830644e-09
LAYER tail coefficient adjoints rel_l2=3.53796015e-08 max_abs=1.86264515e-09
LAYER tail coefficient adjoints rel_l2=3.97711111e-08 max_abs=1.74622983e-09
LAYER tail coefficient adjoints rel_l2=3.96779164e-08 max_abs=3.7252903e-09
LAYER tail coefficient adjoints rel_l2=4.25914041e-08 max_abs=1.97906047e-09
LAYER tail coefficient adjoints rel_l2=3.81289487e-08 max_abs=1.86264515e-09
LAYER tail coefficient adjoints rel_l2=3.53396824e-08 max_abs=9.48784873e-09
LAYER tail coefficient adjoints rel_l2=3.66027805e-08 max_abs=2.0081643e-09
LAYER tail mixing rel_l2=5.99909903e-08 max_abs=1.43074431e-07
LAYER tail RMS rel_l2=4.84637637e-08 max_abs=4.65962361e-07
LAYER tail RMS backward rel_l2=5.53395195e-08 max_abs=3.68510853e-09
LAYER tail shared GELU gradient rel_l2=4.36245416e-08 max_abs=2.68972354e-10
LAYER suffix FP8 MLP product rel_l2=2.77422026e-08 max_abs=2.38418579e-07
LAYER suffix FP8 MLP product rel_l2=1.31094356e-07 max_abs=2.98023224e-07
LAYER suffix FP8 MLP product rel_l2=2.16746244e-08 max_abs=1.39698386e-09
LAYER suffix FP8 MLP product rel_l2=7.39330868e-08 max_abs=6.98491931e-10
LAYER suffix FP8 MLP product rel_l2=4.68311056e-09 max_abs=7.4505806e-09
LAYER suffix FP8 MLP product rel_l2=7.30436833e-09 max_abs=5.58793545e-09
LAYER suffix RMS rel_l2=5.30314797e-08 max_abs=3.59386477e-07
LAYER suffix RMS backward rel_l2=5.91299471e-08 max_abs=3.23628679e-09
LAYER suffix residual rel_l2=2.2931356e-09 max_abs=2.98023224e-08
LAYER suffix residual coefficient rel_l2=9.79788758e-08 max_abs=4.2055035e-09
LAYER suffix MLP coefficient rel_l2=5.80052256e-08 max_abs=3.5361154e-09
SUFFIX PASS tokens=16 vocabulary=2048 workers=17 step=0 tasks=1814 phases=45
LOSS FP64 max_loss=6.50449616e-07 max_raw_gradient=0.00033894416
LOSS FP64 max_descaled_gradient=4.43303785e-09 gradient_rel_l2=6.93073561e-08
LOSS pinned CUDA max_loss=0 gradient_rel_l2=0 changed_codes=0/32768
HEAD product=0 M=16 N=2048 K=768 rel_l2=2.06368009e-08 max_abs=4.76837158e-07
HEAD product=1 M=16 N=768 K=2048 rel_l2=1.11253898e-07 max_abs=2.32830644e-09
HEAD product=2 M=768 N=2048 K=16 rel_l2=1.99315883e-08 max_abs=2.98023224e-08
LAYER BF16 projection/product rel_l2=7.0325975e-07 max_abs=8.94069672e-07
LAYER BF16 projection/product rel_l2=0 max_abs=0
LAYER BF16 projection/product rel_l2=0 max_abs=0
LAYER BF16 projection/product rel_l2=0 max_abs=0
LAYER BF16 projection/product rel_l2=0 max_abs=0
LAYER BF16 projection/product rel_l2=0 max_abs=0
LAYER BF16 projection/product rel_l2=0 max_abs=0
LAYER BF16 projection/product rel_l2=2.91884722e-08 max_abs=9.31322575e-10
LAYER BF16 projection/product rel_l2=3.82008096e-08 max_abs=9.31322575e-10
LAYER tail forward gate rel_l2=3.86955998e-08 max_abs=5.63392253e-08
LAYER tail forward gate rel_l2=1.49280825e-08 max_abs=7.4505806e-09
LAYER tail forward gate rel_l2=0 max_abs=0
LAYER tail coefficient adjoints rel_l2=3.41883292e-08 max_abs=1.62981451e-09
LAYER tail coefficient adjoints rel_l2=4.20401051e-08 max_abs=1.86264515e-09
LAYER tail coefficient adjoints rel_l2=4.01829659e-08 max_abs=1.62981451e-09
LAYER tail coefficient adjoints rel_l2=3.79264411e-08 max_abs=2.21189111e-09
LAYER tail coefficient adjoints rel_l2=4.63627512e-08 max_abs=2.56113708e-09
LAYER tail coefficient adjoints rel_l2=3.98284266e-08 max_abs=2.79396772e-09
LAYER tail coefficient adjoints rel_l2=3.55183599e-08 max_abs=1.62981451e-09
LAYER tail coefficient adjoints rel_l2=3.63874018e-08 max_abs=2.59024091e-09
LAYER tail coefficient adjoints rel_l2=4.02132528e-08 max_abs=1.11758709e-08
LAYER tail coefficient adjoints rel_l2=4.47123331e-08 max_abs=2.09547579e-09
LAYER tail mixing rel_l2=5.46031592e-08 max_abs=1.1920929e-07
LAYER tail RMS rel_l2=5.44834166e-08 max_abs=3.86098874e-07
LAYER tail RMS backward rel_l2=6.27167118e-08 max_abs=3.9840983e-09
LAYER tail shared GELU gradient rel_l2=0 max_abs=0
LAYER suffix FP8 MLP product rel_l2=2.77574662e-08 max_abs=2.38418579e-07
LAYER suffix FP8 MLP product rel_l2=0 max_abs=0
LAYER suffix FP8 MLP product rel_l2=0 max_abs=0
LAYER suffix FP8 MLP product rel_l2=0 max_abs=0
LAYER suffix FP8 MLP product rel_l2=0 max_abs=0
LAYER suffix FP8 MLP product rel_l2=1.05117131e-08 max_abs=1.49011612e-08
LAYER suffix RMS rel_l2=5.7006084e-08 max_abs=5.58916324e-07
LAYER suffix RMS backward rel_l2=6.2976464e-08 max_abs=7.71314584e-11
LAYER suffix residual rel_l2=0 max_abs=0
LAYER suffix residual coefficient rel_l2=1.21999828e-07 max_abs=5.12227416e-09
LAYER suffix MLP coefficient rel_l2=0 max_abs=0
SUFFIX PASS tokens=16 vocabulary=2048 workers=17 step=1 tasks=1814 phases=45
LOSS FP64 max_loss=1.40505711e-06 max_raw_gradient=0.000254385983
LOSS FP64 max_descaled_gradient=6.65420931e-09 gradient_rel_l2=9.94774971e-08
LOSS pinned CUDA max_loss=0 gradient_rel_l2=0 changed_codes=0/32768
HEAD product=0 M=16 N=2048 K=768 rel_l2=0 max_abs=0
HEAD product=1 M=16 N=768 K=2048 rel_l2=3.73385649e-08 max_abs=9.31322575e-10
HEAD product=2 M=768 N=2048 K=16 rel_l2=0 max_abs=0
LAYER BF16 projection/product rel_l2=0 max_abs=0
LAYER BF16 projection/product rel_l2=0 max_abs=0
LAYER BF16 projection/product rel_l2=0 max_abs=0
LAYER BF16 projection/product rel_l2=0 max_abs=0
LAYER BF16 projection/product rel_l2=0 max_abs=0
LAYER BF16 projection/product rel_l2=0 max_abs=0
LAYER BF16 projection/product rel_l2=0 max_abs=0
LAYER BF16 projection/product rel_l2=0 max_abs=0
LAYER BF16 projection/product rel_l2=0 max_abs=0
LAYER tail forward gate rel_l2=0 max_abs=0
LAYER tail forward gate rel_l2=1.49199646e-08 max_abs=7.4505806e-09
LAYER tail forward gate rel_l2=0 max_abs=0
LAYER tail coefficient adjoints rel_l2=0 max_abs=0
LAYER tail coefficient adjoints rel_l2=0 max_abs=0
LAYER tail coefficient adjoints rel_l2=0 max_abs=0
LAYER tail coefficient adjoints rel_l2=0 max_abs=0
LAYER tail coefficient adjoints rel_l2=0 max_abs=0
LAYER tail coefficient adjoints rel_l2=0 max_abs=0
LAYER tail coefficient adjoints rel_l2=0 max_abs=0
LAYER tail coefficient adjoints rel_l2=0 max_abs=0
LAYER tail coefficient adjoints rel_l2=0 max_abs=0
LAYER tail coefficient adjoints rel_l2=0 max_abs=0
LAYER tail mixing rel_l2=0 max_abs=0
LAYER tail RMS rel_l2=0 max_abs=0
LAYER tail RMS backward rel_l2=1.03375596e-07 max_abs=2.38859006e-06
LAYER tail shared GELU gradient rel_l2=0 max_abs=0
LAYER suffix FP8 MLP product rel_l2=0 max_abs=0
LAYER suffix FP8 MLP product rel_l2=0 max_abs=0
LAYER suffix FP8 MLP product rel_l2=2.59950356e-08 max_abs=9.53674316e-07
LAYER suffix FP8 MLP product rel_l2=0 max_abs=0
LAYER suffix FP8 MLP product rel_l2=0 max_abs=0
LAYER suffix FP8 MLP product rel_l2=0 max_abs=0
LAYER suffix RMS rel_l2=0 max_abs=0
LAYER suffix RMS backward rel_l2=1.02414611e-07 max_abs=4.29955246e-07
LAYER suffix residual rel_l2=0 max_abs=0
LAYER suffix residual coefficient rel_l2=0 max_abs=0
LAYER suffix MLP coefficient rel_l2=0 max_abs=0
SUFFIX PASS tokens=16 vocabulary=2048 workers=17 step=2 tasks=1814 phases=45
LOSS FP64 max_loss=1.03660811e-06 max_raw_gradient=0.000350118493
LOSS FP64 max_descaled_gradient=4.57918653e-09 gradient_rel_l2=7.09648721e-08
LOSS pinned CUDA max_loss=1.90734863e-06 gradient_rel_l2=0 changed_codes=0/32768
HEAD product=0 M=16 N=2048 K=768 rel_l2=2.17501464e-08 max_abs=4.76837158e-07
HEAD product=1 M=16 N=768 K=2048 rel_l2=1.08984069e-07 max_abs=2.32830644e-09
HEAD product=2 M=768 N=2048 K=16 rel_l2=2.02716882e-08 max_abs=1.49011612e-08
LAYER BF16 projection/product rel_l2=7.11390577e-07 max_abs=1.07288361e-06
LAYER BF16 projection/product rel_l2=8.3104523e-08 max_abs=1.86264515e-08
LAYER BF16 projection/product rel_l2=7.79161646e-08 max_abs=5.96046448e-08
LAYER BF16 projection/product rel_l2=2.09823532e-08 max_abs=2.32830644e-10
LAYER BF16 projection/product rel_l2=1.05723207e-07 max_abs=9.31322575e-10
LAYER BF16 projection/product rel_l2=8.77122886e-08 max_abs=2.32830644e-10
LAYER BF16 projection/product rel_l2=3.82786582e-08 max_abs=4.65661287e-10
LAYER BF16 projection/product rel_l2=2.70848435e-08 max_abs=9.31322575e-10
LAYER BF16 projection/product rel_l2=3.35771699e-08 max_abs=9.31322575e-10
LAYER tail forward gate rel_l2=4.39255777e-08 max_abs=6.45967018e-08
LAYER tail forward gate rel_l2=2.67559531e-08 max_abs=2.82125256e-08
LAYER tail forward gate rel_l2=2.40229534e-08 max_abs=8.51287041e-10
LAYER tail coefficient adjoints rel_l2=4.11529018e-08 max_abs=2.61934474e-09
LAYER tail coefficient adjoints rel_l2=3.65365246e-08 max_abs=1.62981451e-09
LAYER tail coefficient adjoints rel_l2=3.87701178e-08 max_abs=2.03726813e-09
LAYER tail coefficient adjoints rel_l2=3.81060153e-08 max_abs=2.79396772e-09
LAYER tail coefficient adjoints rel_l2=4.33175557e-08 max_abs=1.92085281e-09
LAYER tail coefficient adjoints rel_l2=3.89811011e-08 max_abs=1.68802217e-09
LAYER tail coefficient adjoints rel_l2=3.965206e-08 max_abs=2.32830644e-09
LAYER tail coefficient adjoints rel_l2=3.68390254e-08 max_abs=2.3865141e-09
LAYER tail coefficient adjoints rel_l2=3.87814474e-08 max_abs=9.31322575e-09
LAYER tail coefficient adjoints rel_l2=3.70752315e-08 max_abs=1.74622983e-09
LAYER tail mixing rel_l2=6.10473322e-08 max_abs=1.4109537e-07
LAYER tail RMS rel_l2=6.22794756e-08 max_abs=6.15734279e-07
LAYER tail RMS backward rel_l2=6.52262359e-08 max_abs=3.7758484e-09
LAYER tail shared GELU gradient rel_l2=4.70472393e-08 max_abs=3.24053626e-10
LAYER suffix FP8 MLP product rel_l2=2.45864559e-08 max_abs=2.38418579e-07
LAYER suffix FP8 MLP product rel_l2=1.15509894e-07 max_abs=1.78813934e-07
LAYER suffix FP8 MLP product rel_l2=0 max_abs=0
LAYER suffix FP8 MLP product rel_l2=0 max_abs=0
LAYER suffix FP8 MLP product rel_l2=0 max_abs=0
LAYER suffix FP8 MLP product rel_l2=0 max_abs=0
LAYER suffix RMS rel_l2=3.62760632e-08 max_abs=2.51141456e-07
LAYER suffix RMS backward rel_l2=4.60421768e-08 max_abs=2.02630031e-10
LAYER suffix residual rel_l2=0 max_abs=0
LAYER suffix residual coefficient rel_l2=1.31137788e-07 max_abs=6.51925802e-09
LAYER suffix MLP coefficient rel_l2=6.05492976e-08 max_abs=5.23868948e-09
SUFFIX PASS tokens=16 vocabulary=2048 workers=17 step=3 tasks=1814 phases=45
PASS: final FP8 MLP, shared normalized-input adjoints, MUDD and head connected; full body and compiled parity remain
========= ERROR SUMMARY: 0 errors

$ compute-sanitizer --tool racecheck --error-exitcode 1 /workspace/cuda/suffix --quick --native-only
========= COMPUTE-SANITIZER
GPU[0]=NVIDIA H100 80GB HBM3 SMs=132 runtime=12080
Native-only checks: ATen diagnostic excluded, independent arithmetic and replay gates remain enabled
LOSS FP64 max_loss=1.31866784e-06 max_raw_gradient=0.000360219162
LOSS FP64 max_descaled_gradient=4.7112928e-09 gradient_rel_l2=7.32638395e-08
LOSS pinned CUDA max_loss=0 gradient_rel_l2=0 changed_codes=0/32768
HEAD product=0 M=16 N=2048 K=768 rel_l2=2.08165544e-08 max_abs=4.76837158e-07
HEAD product=1 M=16 N=768 K=2048 rel_l2=1.0913523e-07 max_abs=2.79396772e-09
HEAD product=2 M=768 N=2048 K=16 rel_l2=1.92346334e-08 max_abs=2.98023224e-08
LAYER BF16 projection/product rel_l2=7.63859944e-07 max_abs=1.07288361e-06
LAYER BF16 projection/product rel_l2=1.13701972e-07 max_abs=5.96046448e-08
LAYER BF16 projection/product rel_l2=8.01849184e-08 max_abs=4.47034836e-08
LAYER BF16 projection/product rel_l2=2.80482159e-08 max_abs=2.32830644e-10
LAYER BF16 projection/product rel_l2=1.06664424e-07 max_abs=6.98491931e-10
LAYER BF16 projection/product rel_l2=9.57400515e-08 max_abs=2.32830644e-10
LAYER BF16 projection/product rel_l2=4.40148172e-08 max_abs=4.65661287e-10
LAYER BF16 projection/product rel_l2=2.8358166e-08 max_abs=9.31322575e-10
LAYER BF16 projection/product rel_l2=3.44168329e-08 max_abs=9.31322575e-10
LAYER tail forward gate rel_l2=4.18849246e-08 max_abs=5.63392253e-08
LAYER tail forward gate rel_l2=1.84412766e-08 max_abs=1.94213499e-08
LAYER tail forward gate rel_l2=2.44262811e-08 max_abs=8.80390871e-10
LAYER tail coefficient adjoints rel_l2=3.66976817e-08 max_abs=1.87719706e-09
LAYER tail coefficient adjoints rel_l2=4.3102747e-08 max_abs=3.25962901e-09
LAYER tail coefficient adjoints rel_l2=4.40109888e-08 max_abs=2.32830644e-09
LAYER tail coefficient adjoints rel_l2=3.53796015e-08 max_abs=1.86264515e-09
LAYER tail coefficient adjoints rel_l2=3.97711111e-08 max_abs=1.74622983e-09
LAYER tail coefficient adjoints rel_l2=3.96779164e-08 max_abs=3.7252903e-09
LAYER tail coefficient adjoints rel_l2=4.25914041e-08 max_abs=1.97906047e-09
LAYER tail coefficient adjoints rel_l2=3.81289487e-08 max_abs=1.86264515e-09
LAYER tail coefficient adjoints rel_l2=3.53396824e-08 max_abs=9.48784873e-09
LAYER tail coefficient adjoints rel_l2=3.66027805e-08 max_abs=2.0081643e-09
LAYER tail mixing rel_l2=5.99909903e-08 max_abs=1.43074431e-07
LAYER tail RMS rel_l2=4.84637637e-08 max_abs=4.65962361e-07
LAYER tail RMS backward rel_l2=5.53395195e-08 max_abs=3.68510853e-09
LAYER tail shared GELU gradient rel_l2=4.36245416e-08 max_abs=2.68972354e-10
LAYER suffix FP8 MLP product rel_l2=2.77422026e-08 max_abs=2.38418579e-07
LAYER suffix FP8 MLP product rel_l2=1.31094356e-07 max_abs=2.98023224e-07
LAYER suffix FP8 MLP product rel_l2=2.16746244e-08 max_abs=1.39698386e-09
LAYER suffix FP8 MLP product rel_l2=7.39330868e-08 max_abs=6.98491931e-10
LAYER suffix FP8 MLP product rel_l2=4.68311056e-09 max_abs=7.4505806e-09
LAYER suffix FP8 MLP product rel_l2=7.30436833e-09 max_abs=5.58793545e-09
LAYER suffix RMS rel_l2=5.30314797e-08 max_abs=3.59386477e-07
LAYER suffix RMS backward rel_l2=5.91299471e-08 max_abs=3.23628679e-09
LAYER suffix residual rel_l2=2.2931356e-09 max_abs=2.98023224e-08
LAYER suffix residual coefficient rel_l2=9.79788758e-08 max_abs=4.2055035e-09
LAYER suffix MLP coefficient rel_l2=5.80052256e-08 max_abs=3.5361154e-09
SUFFIX PASS tokens=16 vocabulary=2048 workers=17 step=0 tasks=1814 phases=45
LOSS FP64 max_loss=6.50449616e-07 max_raw_gradient=0.00033894416
LOSS FP64 max_descaled_gradient=4.43303785e-09 gradient_rel_l2=6.93073561e-08
LOSS pinned CUDA max_loss=0 gradient_rel_l2=0 changed_codes=0/32768
HEAD product=0 M=16 N=2048 K=768 rel_l2=2.06368009e-08 max_abs=4.76837158e-07
HEAD product=1 M=16 N=768 K=2048 rel_l2=1.11253898e-07 max_abs=2.32830644e-09
HEAD product=2 M=768 N=2048 K=16 rel_l2=1.99315883e-08 max_abs=2.98023224e-08
LAYER BF16 projection/product rel_l2=7.0325975e-07 max_abs=8.94069672e-07
LAYER BF16 projection/product rel_l2=0 max_abs=0
LAYER BF16 projection/product rel_l2=0 max_abs=0
LAYER BF16 projection/product rel_l2=0 max_abs=0
LAYER BF16 projection/product rel_l2=0 max_abs=0
LAYER BF16 projection/product rel_l2=0 max_abs=0
LAYER BF16 projection/product rel_l2=0 max_abs=0
LAYER BF16 projection/product rel_l2=2.91884722e-08 max_abs=9.31322575e-10
LAYER BF16 projection/product rel_l2=3.82008096e-08 max_abs=9.31322575e-10
LAYER tail forward gate rel_l2=3.86955998e-08 max_abs=5.63392253e-08
LAYER tail forward gate rel_l2=1.49280825e-08 max_abs=7.4505806e-09
LAYER tail forward gate rel_l2=0 max_abs=0
LAYER tail coefficient adjoints rel_l2=3.41883292e-08 max_abs=1.62981451e-09
LAYER tail coefficient adjoints rel_l2=4.20401051e-08 max_abs=1.86264515e-09
LAYER tail coefficient adjoints rel_l2=4.01829659e-08 max_abs=1.62981451e-09
LAYER tail coefficient adjoints rel_l2=3.79264411e-08 max_abs=2.21189111e-09
LAYER tail coefficient adjoints rel_l2=4.63627512e-08 max_abs=2.56113708e-09
LAYER tail coefficient adjoints rel_l2=3.98284266e-08 max_abs=2.79396772e-09
LAYER tail coefficient adjoints rel_l2=3.55183599e-08 max_abs=1.62981451e-09
LAYER tail coefficient adjoints rel_l2=3.63874018e-08 max_abs=2.59024091e-09
LAYER tail coefficient adjoints rel_l2=4.02132528e-08 max_abs=1.11758709e-08
LAYER tail coefficient adjoints rel_l2=4.47123331e-08 max_abs=2.09547579e-09
LAYER tail mixing rel_l2=5.46031592e-08 max_abs=1.1920929e-07
LAYER tail RMS rel_l2=5.44834166e-08 max_abs=3.86098874e-07
LAYER tail RMS backward rel_l2=6.27167118e-08 max_abs=3.9840983e-09
LAYER tail shared GELU gradient rel_l2=0 max_abs=0
LAYER suffix FP8 MLP product rel_l2=2.77574662e-08 max_abs=2.38418579e-07
LAYER suffix FP8 MLP product rel_l2=0 max_abs=0
LAYER suffix FP8 MLP product rel_l2=0 max_abs=0
LAYER suffix FP8 MLP product rel_l2=0 max_abs=0
LAYER suffix FP8 MLP product rel_l2=0 max_abs=0
LAYER suffix FP8 MLP product rel_l2=1.05117131e-08 max_abs=1.49011612e-08
LAYER suffix RMS rel_l2=5.7006084e-08 max_abs=5.58916324e-07
LAYER suffix RMS backward rel_l2=6.2976464e-08 max_abs=7.71314584e-11
LAYER suffix residual rel_l2=0 max_abs=0
LAYER suffix residual coefficient rel_l2=1.21999828e-07 max_abs=5.12227416e-09
LAYER suffix MLP coefficient rel_l2=0 max_abs=0
SUFFIX PASS tokens=16 vocabulary=2048 workers=17 step=1 tasks=1814 phases=45
LOSS FP64 max_loss=1.40505711e-06 max_raw_gradient=0.000254385983
LOSS FP64 max_descaled_gradient=6.65420931e-09 gradient_rel_l2=9.94774971e-08
LOSS pinned CUDA max_loss=0 gradient_rel_l2=0 changed_codes=0/32768
HEAD product=0 M=16 N=2048 K=768 rel_l2=0 max_abs=0
HEAD product=1 M=16 N=768 K=2048 rel_l2=3.73385649e-08 max_abs=9.31322575e-10
HEAD product=2 M=768 N=2048 K=16 rel_l2=0 max_abs=0
LAYER BF16 projection/product rel_l2=0 max_abs=0
LAYER BF16 projection/product rel_l2=0 max_abs=0
LAYER BF16 projection/product rel_l2=0 max_abs=0
LAYER BF16 projection/product rel_l2=0 max_abs=0
LAYER BF16 projection/product rel_l2=0 max_abs=0
LAYER BF16 projection/product rel_l2=0 max_abs=0
LAYER BF16 projection/product rel_l2=0 max_abs=0
LAYER BF16 projection/product rel_l2=0 max_abs=0
LAYER BF16 projection/product rel_l2=0 max_abs=0
LAYER tail forward gate rel_l2=0 max_abs=0
LAYER tail forward gate rel_l2=1.49199646e-08 max_abs=7.4505806e-09
LAYER tail forward gate rel_l2=0 max_abs=0
LAYER tail coefficient adjoints rel_l2=0 max_abs=0
LAYER tail coefficient adjoints rel_l2=0 max_abs=0
LAYER tail coefficient adjoints rel_l2=0 max_abs=0
LAYER tail coefficient adjoints rel_l2=0 max_abs=0
LAYER tail coefficient adjoints rel_l2=0 max_abs=0
LAYER tail coefficient adjoints rel_l2=0 max_abs=0
LAYER tail coefficient adjoints rel_l2=0 max_abs=0
LAYER tail coefficient adjoints rel_l2=0 max_abs=0
LAYER tail coefficient adjoints rel_l2=0 max_abs=0
LAYER tail coefficient adjoints rel_l2=0 max_abs=0
LAYER tail mixing rel_l2=0 max_abs=0
LAYER tail RMS rel_l2=0 max_abs=0
LAYER tail RMS backward rel_l2=1.03375596e-07 max_abs=2.38859006e-06
LAYER tail shared GELU gradient rel_l2=0 max_abs=0
LAYER suffix FP8 MLP product rel_l2=0 max_abs=0
LAYER suffix FP8 MLP product rel_l2=0 max_abs=0
LAYER suffix FP8 MLP product rel_l2=2.59950356e-08 max_abs=9.53674316e-07
LAYER suffix FP8 MLP product rel_l2=0 max_abs=0
LAYER suffix FP8 MLP product rel_l2=0 max_abs=0
LAYER suffix FP8 MLP product rel_l2=0 max_abs=0
LAYER suffix RMS rel_l2=0 max_abs=0
LAYER suffix RMS backward rel_l2=1.02414611e-07 max_abs=4.29955246e-07
LAYER suffix residual rel_l2=0 max_abs=0
LAYER suffix residual coefficient rel_l2=0 max_abs=0
LAYER suffix MLP coefficient rel_l2=0 max_abs=0
SUFFIX PASS tokens=16 vocabulary=2048 workers=17 step=2 tasks=1814 phases=45
LOSS FP64 max_loss=1.03660811e-06 max_raw_gradient=0.000350118493
LOSS FP64 max_descaled_gradient=4.57918653e-09 gradient_rel_l2=7.09648721e-08
LOSS pinned CUDA max_loss=1.90734863e-06 gradient_rel_l2=0 changed_codes=0/32768
HEAD product=0 M=16 N=2048 K=768 rel_l2=2.17501464e-08 max_abs=4.76837158e-07
HEAD product=1 M=16 N=768 K=2048 rel_l2=1.08984069e-07 max_abs=2.32830644e-09
HEAD product=2 M=768 N=2048 K=16 rel_l2=2.02716882e-08 max_abs=1.49011612e-08
LAYER BF16 projection/product rel_l2=7.11390577e-07 max_abs=1.07288361e-06
LAYER BF16 projection/product rel_l2=8.3104523e-08 max_abs=1.86264515e-08
LAYER BF16 projection/product rel_l2=7.79161646e-08 max_abs=5.96046448e-08
LAYER BF16 projection/product rel_l2=2.09823532e-08 max_abs=2.32830644e-10
LAYER BF16 projection/product rel_l2=1.05723207e-07 max_abs=9.31322575e-10
LAYER BF16 projection/product rel_l2=8.77122886e-08 max_abs=2.32830644e-10
LAYER BF16 projection/product rel_l2=3.82786582e-08 max_abs=4.65661287e-10
LAYER BF16 projection/product rel_l2=2.70848435e-08 max_abs=9.31322575e-10
LAYER BF16 projection/product rel_l2=3.35771699e-08 max_abs=9.31322575e-10
LAYER tail forward gate rel_l2=4.39255777e-08 max_abs=6.45967018e-08
LAYER tail forward gate rel_l2=2.67559531e-08 max_abs=2.82125256e-08
LAYER tail forward gate rel_l2=2.40229534e-08 max_abs=8.51287041e-10
LAYER tail coefficient adjoints rel_l2=4.11529018e-08 max_abs=2.61934474e-09
LAYER tail coefficient adjoints rel_l2=3.65365246e-08 max_abs=1.62981451e-09
LAYER tail coefficient adjoints rel_l2=3.87701178e-08 max_abs=2.03726813e-09
LAYER tail coefficient adjoints rel_l2=3.81060153e-08 max_abs=2.79396772e-09
LAYER tail coefficient adjoints rel_l2=4.33175557e-08 max_abs=1.92085281e-09
LAYER tail coefficient adjoints rel_l2=3.89811011e-08 max_abs=1.68802217e-09
LAYER tail coefficient adjoints rel_l2=3.965206e-08 max_abs=2.32830644e-09
LAYER tail coefficient adjoints rel_l2=3.68390254e-08 max_abs=2.3865141e-09
LAYER tail coefficient adjoints rel_l2=3.87814474e-08 max_abs=9.31322575e-09
LAYER tail coefficient adjoints rel_l2=3.70752315e-08 max_abs=1.74622983e-09
LAYER tail mixing rel_l2=6.10473322e-08 max_abs=1.4109537e-07
LAYER tail RMS rel_l2=6.22794756e-08 max_abs=6.15734279e-07
LAYER tail RMS backward rel_l2=6.52262359e-08 max_abs=3.7758484e-09
LAYER tail shared GELU gradient rel_l2=4.70472393e-08 max_abs=3.24053626e-10
LAYER suffix FP8 MLP product rel_l2=2.45864559e-08 max_abs=2.38418579e-07
LAYER suffix FP8 MLP product rel_l2=1.15509894e-07 max_abs=1.78813934e-07
LAYER suffix FP8 MLP product rel_l2=0 max_abs=0
LAYER suffix FP8 MLP product rel_l2=0 max_abs=0
LAYER suffix FP8 MLP product rel_l2=0 max_abs=0
LAYER suffix FP8 MLP product rel_l2=0 max_abs=0
LAYER suffix RMS rel_l2=3.62760632e-08 max_abs=2.51141456e-07
LAYER suffix RMS backward rel_l2=4.60421768e-08 max_abs=2.02630031e-10
LAYER suffix residual rel_l2=0 max_abs=0
LAYER suffix residual coefficient rel_l2=1.31137788e-07 max_abs=6.51925802e-09
LAYER suffix MLP coefficient rel_l2=6.05492976e-08 max_abs=5.23868948e-09
SUFFIX PASS tokens=16 vocabulary=2048 workers=17 step=3 tasks=1814 phases=45
PASS: final FP8 MLP, shared normalized-input adjoints, MUDD and head connected; full body and compiled parity remain
========= RACECHECK SUMMARY: 0 hazards displayed (0 errors, 0 warnings)

$ compute-sanitizer --tool synccheck --error-exitcode 1 /workspace/cuda/suffix --quick --native-only
========= COMPUTE-SANITIZER
GPU[0]=NVIDIA H100 80GB HBM3 SMs=132 runtime=12080
Native-only checks: ATen diagnostic excluded, independent arithmetic and replay gates remain enabled
LOSS FP64 max_loss=1.31866784e-06 max_raw_gradient=0.000360219162
LOSS FP64 max_descaled_gradient=4.7112928e-09 gradient_rel_l2=7.32638395e-08
LOSS pinned CUDA max_loss=0 gradient_rel_l2=0 changed_codes=0/32768
HEAD product=0 M=16 N=2048 K=768 rel_l2=2.08165544e-08 max_abs=4.76837158e-07
HEAD product=1 M=16 N=768 K=2048 rel_l2=1.0913523e-07 max_abs=2.79396772e-09
HEAD product=2 M=768 N=2048 K=16 rel_l2=1.92346334e-08 max_abs=2.98023224e-08
LAYER BF16 projection/product rel_l2=7.63859944e-07 max_abs=1.07288361e-06
LAYER BF16 projection/product rel_l2=1.13701972e-07 max_abs=5.96046448e-08
LAYER BF16 projection/product rel_l2=8.01849184e-08 max_abs=4.47034836e-08
LAYER BF16 projection/product rel_l2=2.80482159e-08 max_abs=2.32830644e-10
LAYER BF16 projection/product rel_l2=1.06664424e-07 max_abs=6.98491931e-10
LAYER BF16 projection/product rel_l2=9.57400515e-08 max_abs=2.32830644e-10
LAYER BF16 projection/product rel_l2=4.40148172e-08 max_abs=4.65661287e-10
LAYER BF16 projection/product rel_l2=2.8358166e-08 max_abs=9.31322575e-10
LAYER BF16 projection/product rel_l2=3.44168329e-08 max_abs=9.31322575e-10
LAYER tail forward gate rel_l2=4.18849246e-08 max_abs=5.63392253e-08
LAYER tail forward gate rel_l2=1.84412766e-08 max_abs=1.94213499e-08
LAYER tail forward gate rel_l2=2.44262811e-08 max_abs=8.80390871e-10
LAYER tail coefficient adjoints rel_l2=3.66976817e-08 max_abs=1.87719706e-09
LAYER tail coefficient adjoints rel_l2=4.3102747e-08 max_abs=3.25962901e-09
LAYER tail coefficient adjoints rel_l2=4.40109888e-08 max_abs=2.32830644e-09
LAYER tail coefficient adjoints rel_l2=3.53796015e-08 max_abs=1.86264515e-09
LAYER tail coefficient adjoints rel_l2=3.97711111e-08 max_abs=1.74622983e-09
LAYER tail coefficient adjoints rel_l2=3.96779164e-08 max_abs=3.7252903e-09
LAYER tail coefficient adjoints rel_l2=4.25914041e-08 max_abs=1.97906047e-09
LAYER tail coefficient adjoints rel_l2=3.81289487e-08 max_abs=1.86264515e-09
LAYER tail coefficient adjoints rel_l2=3.53396824e-08 max_abs=9.48784873e-09
LAYER tail coefficient adjoints rel_l2=3.66027805e-08 max_abs=2.0081643e-09
LAYER tail mixing rel_l2=5.99909903e-08 max_abs=1.43074431e-07
LAYER tail RMS rel_l2=4.84637637e-08 max_abs=4.65962361e-07
LAYER tail RMS backward rel_l2=5.53395195e-08 max_abs=3.68510853e-09
LAYER tail shared GELU gradient rel_l2=4.36245416e-08 max_abs=2.68972354e-10
LAYER suffix FP8 MLP product rel_l2=2.77422026e-08 max_abs=2.38418579e-07
LAYER suffix FP8 MLP product rel_l2=1.31094356e-07 max_abs=2.98023224e-07
LAYER suffix FP8 MLP product rel_l2=2.16746244e-08 max_abs=1.39698386e-09
LAYER suffix FP8 MLP product rel_l2=7.39330868e-08 max_abs=6.98491931e-10
LAYER suffix FP8 MLP product rel_l2=4.68311056e-09 max_abs=7.4505806e-09
LAYER suffix FP8 MLP product rel_l2=7.30436833e-09 max_abs=5.58793545e-09
LAYER suffix RMS rel_l2=5.30314797e-08 max_abs=3.59386477e-07
LAYER suffix RMS backward rel_l2=5.91299471e-08 max_abs=3.23628679e-09
LAYER suffix residual rel_l2=2.2931356e-09 max_abs=2.98023224e-08
LAYER suffix residual coefficient rel_l2=9.79788758e-08 max_abs=4.2055035e-09
LAYER suffix MLP coefficient rel_l2=5.80052256e-08 max_abs=3.5361154e-09
SUFFIX PASS tokens=16 vocabulary=2048 workers=17 step=0 tasks=1814 phases=45
LOSS FP64 max_loss=6.50449616e-07 max_raw_gradient=0.00033894416
LOSS FP64 max_descaled_gradient=4.43303785e-09 gradient_rel_l2=6.93073561e-08
LOSS pinned CUDA max_loss=0 gradient_rel_l2=0 changed_codes=0/32768
HEAD product=0 M=16 N=2048 K=768 rel_l2=2.06368009e-08 max_abs=4.76837158e-07
HEAD product=1 M=16 N=768 K=2048 rel_l2=1.11253898e-07 max_abs=2.32830644e-09
HEAD product=2 M=768 N=2048 K=16 rel_l2=1.99315883e-08 max_abs=2.98023224e-08
LAYER BF16 projection/product rel_l2=7.0325975e-07 max_abs=8.94069672e-07
LAYER BF16 projection/product rel_l2=0 max_abs=0
LAYER BF16 projection/product rel_l2=0 max_abs=0
LAYER BF16 projection/product rel_l2=0 max_abs=0
LAYER BF16 projection/product rel_l2=0 max_abs=0
LAYER BF16 projection/product rel_l2=0 max_abs=0
LAYER BF16 projection/product rel_l2=0 max_abs=0
LAYER BF16 projection/product rel_l2=2.91884722e-08 max_abs=9.31322575e-10
LAYER BF16 projection/product rel_l2=3.82008096e-08 max_abs=9.31322575e-10
LAYER tail forward gate rel_l2=3.86955998e-08 max_abs=5.63392253e-08
LAYER tail forward gate rel_l2=1.49280825e-08 max_abs=7.4505806e-09
LAYER tail forward gate rel_l2=0 max_abs=0
LAYER tail coefficient adjoints rel_l2=3.41883292e-08 max_abs=1.62981451e-09
LAYER tail coefficient adjoints rel_l2=4.20401051e-08 max_abs=1.86264515e-09
LAYER tail coefficient adjoints rel_l2=4.01829659e-08 max_abs=1.62981451e-09
LAYER tail coefficient adjoints rel_l2=3.79264411e-08 max_abs=2.21189111e-09
LAYER tail coefficient adjoints rel_l2=4.63627512e-08 max_abs=2.56113708e-09
LAYER tail coefficient adjoints rel_l2=3.98284266e-08 max_abs=2.79396772e-09
LAYER tail coefficient adjoints rel_l2=3.55183599e-08 max_abs=1.62981451e-09
LAYER tail coefficient adjoints rel_l2=3.63874018e-08 max_abs=2.59024091e-09
LAYER tail coefficient adjoints rel_l2=4.02132528e-08 max_abs=1.11758709e-08
LAYER tail coefficient adjoints rel_l2=4.47123331e-08 max_abs=2.09547579e-09
LAYER tail mixing rel_l2=5.46031592e-08 max_abs=1.1920929e-07
LAYER tail RMS rel_l2=5.44834166e-08 max_abs=3.86098874e-07
LAYER tail RMS backward rel_l2=6.27167118e-08 max_abs=3.9840983e-09
LAYER tail shared GELU gradient rel_l2=0 max_abs=0
LAYER suffix FP8 MLP product rel_l2=2.77574662e-08 max_abs=2.38418579e-07
LAYER suffix FP8 MLP product rel_l2=0 max_abs=0
LAYER suffix FP8 MLP product rel_l2=0 max_abs=0
LAYER suffix FP8 MLP product rel_l2=0 max_abs=0
LAYER suffix FP8 MLP product rel_l2=0 max_abs=0
LAYER suffix FP8 MLP product rel_l2=1.05117131e-08 max_abs=1.49011612e-08
LAYER suffix RMS rel_l2=5.7006084e-08 max_abs=5.58916324e-07
LAYER suffix RMS backward rel_l2=6.2976464e-08 max_abs=7.71314584e-11
LAYER suffix residual rel_l2=0 max_abs=0
LAYER suffix residual coefficient rel_l2=1.21999828e-07 max_abs=5.12227416e-09
LAYER suffix MLP coefficient rel_l2=0 max_abs=0
SUFFIX PASS tokens=16 vocabulary=2048 workers=17 step=1 tasks=1814 phases=45
LOSS FP64 max_loss=1.40505711e-06 max_raw_gradient=0.000254385983
LOSS FP64 max_descaled_gradient=6.65420931e-09 gradient_rel_l2=9.94774971e-08
LOSS pinned CUDA max_loss=0 gradient_rel_l2=0 changed_codes=0/32768
HEAD product=0 M=16 N=2048 K=768 rel_l2=0 max_abs=0
HEAD product=1 M=16 N=768 K=2048 rel_l2=3.73385649e-08 max_abs=9.31322575e-10
HEAD product=2 M=768 N=2048 K=16 rel_l2=0 max_abs=0
LAYER BF16 projection/product rel_l2=0 max_abs=0
LAYER BF16 projection/product rel_l2=0 max_abs=0
LAYER BF16 projection/product rel_l2=0 max_abs=0
LAYER BF16 projection/product rel_l2=0 max_abs=0
LAYER BF16 projection/product rel_l2=0 max_abs=0
LAYER BF16 projection/product rel_l2=0 max_abs=0
LAYER BF16 projection/product rel_l2=0 max_abs=0
LAYER BF16 projection/product rel_l2=0 max_abs=0
LAYER BF16 projection/product rel_l2=0 max_abs=0
LAYER tail forward gate rel_l2=0 max_abs=0
LAYER tail forward gate rel_l2=1.49199646e-08 max_abs=7.4505806e-09
LAYER tail forward gate rel_l2=0 max_abs=0
LAYER tail coefficient adjoints rel_l2=0 max_abs=0
LAYER tail coefficient adjoints rel_l2=0 max_abs=0
LAYER tail coefficient adjoints rel_l2=0 max_abs=0
LAYER tail coefficient adjoints rel_l2=0 max_abs=0
LAYER tail coefficient adjoints rel_l2=0 max_abs=0
LAYER tail coefficient adjoints rel_l2=0 max_abs=0
LAYER tail coefficient adjoints rel_l2=0 max_abs=0
LAYER tail coefficient adjoints rel_l2=0 max_abs=0
LAYER tail coefficient adjoints rel_l2=0 max_abs=0
LAYER tail coefficient adjoints rel_l2=0 max_abs=0
LAYER tail mixing rel_l2=0 max_abs=0
LAYER tail RMS rel_l2=0 max_abs=0
LAYER tail RMS backward rel_l2=1.03375596e-07 max_abs=2.38859006e-06
LAYER tail shared GELU gradient rel_l2=0 max_abs=0
LAYER suffix FP8 MLP product rel_l2=0 max_abs=0
LAYER suffix FP8 MLP product rel_l2=0 max_abs=0
LAYER suffix FP8 MLP product rel_l2=2.59950356e-08 max_abs=9.53674316e-07
LAYER suffix FP8 MLP product rel_l2=0 max_abs=0
LAYER suffix FP8 MLP product rel_l2=0 max_abs=0
LAYER suffix FP8 MLP product rel_l2=0 max_abs=0
LAYER suffix RMS rel_l2=0 max_abs=0
LAYER suffix RMS backward rel_l2=1.02414611e-07 max_abs=4.29955246e-07
LAYER suffix residual rel_l2=0 max_abs=0
LAYER suffix residual coefficient rel_l2=0 max_abs=0
LAYER suffix MLP coefficient rel_l2=0 max_abs=0
SUFFIX PASS tokens=16 vocabulary=2048 workers=17 step=2 tasks=1814 phases=45
LOSS FP64 max_loss=1.03660811e-06 max_raw_gradient=0.000350118493
LOSS FP64 max_descaled_gradient=4.57918653e-09 gradient_rel_l2=7.09648721e-08
LOSS pinned CUDA max_loss=1.90734863e-06 gradient_rel_l2=0 changed_codes=0/32768
HEAD product=0 M=16 N=2048 K=768 rel_l2=2.17501464e-08 max_abs=4.76837158e-07
HEAD product=1 M=16 N=768 K=2048 rel_l2=1.08984069e-07 max_abs=2.32830644e-09
HEAD product=2 M=768 N=2048 K=16 rel_l2=2.02716882e-08 max_abs=1.49011612e-08
LAYER BF16 projection/product rel_l2=7.11390577e-07 max_abs=1.07288361e-06
LAYER BF16 projection/product rel_l2=8.3104523e-08 max_abs=1.86264515e-08
LAYER BF16 projection/product rel_l2=7.79161646e-08 max_abs=5.96046448e-08
LAYER BF16 projection/product rel_l2=2.09823532e-08 max_abs=2.32830644e-10
LAYER BF16 projection/product rel_l2=1.05723207e-07 max_abs=9.31322575e-10
LAYER BF16 projection/product rel_l2=8.77122886e-08 max_abs=2.32830644e-10
LAYER BF16 projection/product rel_l2=3.82786582e-08 max_abs=4.65661287e-10
LAYER BF16 projection/product rel_l2=2.70848435e-08 max_abs=9.31322575e-10
LAYER BF16 projection/product rel_l2=3.35771699e-08 max_abs=9.31322575e-10
LAYER tail forward gate rel_l2=4.39255777e-08 max_abs=6.45967018e-08
LAYER tail forward gate rel_l2=2.67559531e-08 max_abs=2.82125256e-08
LAYER tail forward gate rel_l2=2.40229534e-08 max_abs=8.51287041e-10
LAYER tail coefficient adjoints rel_l2=4.11529018e-08 max_abs=2.61934474e-09
LAYER tail coefficient adjoints rel_l2=3.65365246e-08 max_abs=1.62981451e-09
LAYER tail coefficient adjoints rel_l2=3.87701178e-08 max_abs=2.03726813e-09
LAYER tail coefficient adjoints rel_l2=3.81060153e-08 max_abs=2.79396772e-09
LAYER tail coefficient adjoints rel_l2=4.33175557e-08 max_abs=1.92085281e-09
LAYER tail coefficient adjoints rel_l2=3.89811011e-08 max_abs=1.68802217e-09
LAYER tail coefficient adjoints rel_l2=3.965206e-08 max_abs=2.32830644e-09
LAYER tail coefficient adjoints rel_l2=3.68390254e-08 max_abs=2.3865141e-09
LAYER tail coefficient adjoints rel_l2=3.87814474e-08 max_abs=9.31322575e-09
LAYER tail coefficient adjoints rel_l2=3.70752315e-08 max_abs=1.74622983e-09
LAYER tail mixing rel_l2=6.10473322e-08 max_abs=1.4109537e-07
LAYER tail RMS rel_l2=6.22794756e-08 max_abs=6.15734279e-07
LAYER tail RMS backward rel_l2=6.52262359e-08 max_abs=3.7758484e-09
LAYER tail shared GELU gradient rel_l2=4.70472393e-08 max_abs=3.24053626e-10
LAYER suffix FP8 MLP product rel_l2=2.45864559e-08 max_abs=2.38418579e-07
LAYER suffix FP8 MLP product rel_l2=1.15509894e-07 max_abs=1.78813934e-07
LAYER suffix FP8 MLP product rel_l2=0 max_abs=0
LAYER suffix FP8 MLP product rel_l2=0 max_abs=0
LAYER suffix FP8 MLP product rel_l2=0 max_abs=0
LAYER suffix FP8 MLP product rel_l2=0 max_abs=0
LAYER suffix RMS rel_l2=3.62760632e-08 max_abs=2.51141456e-07
LAYER suffix RMS backward rel_l2=4.60421768e-08 max_abs=2.02630031e-10
LAYER suffix residual rel_l2=0 max_abs=0
LAYER suffix residual coefficient rel_l2=1.31137788e-07 max_abs=6.51925802e-09
LAYER suffix MLP coefficient rel_l2=6.05492976e-08 max_abs=5.23868948e-09
SUFFIX PASS tokens=16 vocabulary=2048 workers=17 step=3 tasks=1814 phases=45
PASS: final FP8 MLP, shared normalized-input adjoints, MUDD and head connected; full body and compiled parity remain
========= ERROR SUMMARY: 0 errors

Static SASS instruction counts for _ZN4nano10megakernelILb0ELb0ELb0ELb1ELb0ELb0ELb1ELb1EEEvNS_5GraphE: {'HMMA': 104, 'HGMMA': 0, 'LDGSTS': 84, 'LDL': 0, 'STL': 0}
Static SASS instruction counts for _ZN4nano10megakernelILb0ELb0ELb0ELb1ELb0ELb0ELb0ELb1EEEvNS_5GraphE: {'HMMA': 104, 'HGMMA': 0, 'LDGSTS': 84, 'LDL': 12, 'STL': 7}