sha256 75a35e31f8122ff89769ae174127c502cb32b7803b548fe24b870585e502ab17 Makefile
sha256 326c3a2da1e01da082e16ad8b45049a55319380e7e79ad439093e54100e1da3b anvil.cu
sha256 fc0eb2d92d2a84ecaad78bcdabf0f9b5ef2bf20a4939cec8ebf675caa12a184a anvil.cuh
sha256 0eff93cd2819ffc2e9cecef5adcc2181d395303ad2dd1b98b76d6454c3ae8d7f anvil_graph.cuh
sha256 1a7b328be13871a9f3641b9453803076aba41ab4f1890320fa58e59d21689522 attention.cu
sha256 41d4e4e2266895923076142f0b72a161964ea7c28e8227aca4ea58d49539aae2 attention.cuh
sha256 27d710da211d259c85d64fbbd7db383565758285686f078ee7b90fea38a70c6d bench.cuh
sha256 a1239425b438fa85c0628a25decee76f394162bc6c3aae2cfa03cc6e5fd1c3d9 bf16.cu
sha256 538793c348108ea29c361401d86cd7855e8b16db9f441ec824bbd6b4f927e12b bf16_gemm.cuh
sha256 6eb043b0deec41825720d6ba638468d9aec856a01cb2b9dec6c23a28ffe49a81 frontier.cuh
sha256 6c7816f88d3635a7a72d3db3eb5fb7b09dd04f5350db0b76e7769ec0b570e361 hopper.cuh
sha256 e25152d0b255f937a96464150f6f60f189393c370ede80270561df6b0ab3f6cd megakernel.cuh
sha256 2cfe05bf690ca0783fddd52ff5337f292baff00fd328c5d851d55264aadddf36 qkv.cuh
sha256 cef57ceb07ba44e55effc962c75d7f96485a7f1b80a5555438c99016553708d9 quantize.cu
sha256 f2bff3dccf7c4d0f34cf0013fecc638bf73931d93eb069f5791551950ad2a43b tokenizer.cpp
sha256 6162af3343d30737858843abf1b3e930bee0e4af510aa75df73a810816d39da9 transport.cu
sha256 4c74b0dba9a3a754d4fff90f9cab402ed715067484f50079efdc703ddb8ef6fe validate.cu
$ nvidia-smi
Sat Sep 19 04:15:45 2026       
+-----------------------------------------------------------------------------------------+
| NVIDIA-SMI 580.95.05              Driver Version: 580.95.05      CUDA Version: 13.0     |
+-----------------------------------------+------------------------+----------------------+
| GPU  Name                 Persistence-M | Bus-Id          Disp.A | Volatile Uncorr. ECC |
| Fan  Temp   Perf          Pwr:Usage/Cap |           Memory-Usage | GPU-Util  Compute M. |
|                                         |                        |               MIG M. |
|=========================================+========================+======================|
|   0  NVIDIA H100 80GB HBM3          On  |   00000000:D8:00.0 Off |                    0 |
| N/A   30C    P0             70W /  700W |       4MiB /  81559MiB |      0%      Default |
|                                         |                        |             Disabled |
+-----------------------------------------+------------------------+----------------------+

+-----------------------------------------------------------------------------------------+
| Processes:                                                                              |
|  GPU   GI   CI              PID   Type   Process name                        GPU Memory |
|        ID   ID                                                               Usage      |
|=========================================================================================|
|  No running processes found                                                             |
+-----------------------------------------------------------------------------------------+

$ nvcc --version
nvcc: NVIDIA (R) Cuda compiler driver
Copyright (c) 2005-2025 NVIDIA Corporation
Built on Fri_Feb_21_20:23:50_PST_2025
Cuda compilation tools, release 12.8, V12.8.93
Build cuda_12.8.r12.8/compiler.35583870_0

$ make -C /workspace/cuda anvil
make: Entering directory '/workspace/cuda'
nvcc -std=c++17 -O3 -arch=sm_90a -lineinfo -Xptxas=-v,-warn-spills -DNANO_TRANSPOSE_PAD=4 -DNANO_REUSE_QUANT=1 -DNANO_MIN_BLOCKS=4 -DNANO_ALIGNED=1 -DNANO_K_LOOP=1 -DNANO_FRONTIER=1 -DNANO_BF16_COALESCED=1 anvil.cu -lcublas -o anvil
ptxas info    : 0 bytes gmem
ptxas info    : Compiling entry function '_ZN4nano10megakernelILb0ELb0ELb0ELb1ELb1EEEvNS_5GraphE' for 'sm_90a'
ptxas info    : Function properties for _ZN4nano10megakernelILb0ELb0ELb0ELb1ELb1EEEvNS_5GraphE
    0 bytes stack frame, 0 bytes spill stores, 0 bytes spill loads
ptxas info    : Used 128 registers, used 1 barriers, 32776 bytes smem
ptxas info    : Compile time = 1227.771 ms
ptxas info    : Compiling entry function '_ZN4nano10megakernelILb0ELb0ELb1ELb1ELb1EEEvNS_5GraphE' for 'sm_90a'
ptxas info    : Function properties for _ZN4nano10megakernelILb0ELb0ELb1ELb1ELb1EEEvNS_5GraphE
    0 bytes stack frame, 0 bytes spill stores, 0 bytes spill loads
ptxas info    : Used 128 registers, used 1 barriers, 32776 bytes smem
ptxas info    : Compile time = 1760.268 ms
ptxas info    : Compiling entry function '_ZN4nano10megakernelILb1ELb0ELb0ELb1ELb1EEEvNS_5GraphE' for 'sm_90a'
ptxas info    : Function properties for _ZN4nano10megakernelILb1ELb0ELb0ELb1ELb1EEEvNS_5GraphE
    0 bytes stack frame, 0 bytes spill stores, 0 bytes spill loads
ptxas info    : Used 128 registers, used 1 barriers, 32776 bytes smem
ptxas info    : Compile time = 1236.790 ms
ptxas info    : Compiling entry function '_Z12staged_anvilN4nano5GraphEi' for 'sm_90a'
ptxas info    : Function properties for _Z12staged_anvilN4nano5GraphEi
    0 bytes stack frame, 0 bytes spill stores, 0 bytes spill loads
ptxas info    : Used 96 registers, used 1 barriers, 32768 bytes smem
ptxas info    : Compile time = 538.493 ms
ptxas info    : Compiling entry function '_Z11reset_anvilN4nano5GraphEPKii' for 'sm_90a'
ptxas info    : Function properties for _Z11reset_anvilN4nano5GraphEPKii
    0 bytes stack frame, 0 bytes spill stores, 0 bytes spill loads
ptxas info    : Used 12 registers, used 0 barriers
ptxas info    : Compile time = 2.316 ms
make: Leaving directory '/workspace/cuda'

$ /workspace/cuda/anvil
GPU[0]=NVIDIA H100 80GB HBM3 SMs=132 runtime=12080
ANVIL idle_ns=1024
ANVIL batch=3 workers=3 pattern=0
ANVIL matrix rows=17 cols=33 split=0
ANVIL matrix rows=33 cols=17 split=0
ANVIL matrix rows=17 cols=17 split=0
ANVIL tasks=152 dependencies=69 roots=3 products=54
ANVIL step=0
ANVIL equalized update rel_l2=0 max_abs=0
ANVIL lane energy rel_l2=5.20318378e-08 max_abs=4.65661287e-10
ANVIL parameter shadow rel_l2=0 max_abs=0
ANVIL equalized update rel_l2=0 max_abs=0
ANVIL lane energy rel_l2=2.93558859e-08 max_abs=4.65661287e-10
ANVIL parameter shadow rel_l2=0 max_abs=0
ANVIL equalized update rel_l2=0 max_abs=0
ANVIL lane energy rel_l2=3.83463464e-08 max_abs=4.65661287e-10
ANVIL parameter shadow rel_l2=0 max_abs=0
ANVIL step=1
ANVIL equalized update rel_l2=0 max_abs=0
ANVIL lane energy rel_l2=2.74051453e-08 max_abs=4.65661287e-10
ANVIL parameter shadow rel_l2=0 max_abs=0
ANVIL equalized update rel_l2=0 max_abs=0
ANVIL lane energy rel_l2=3.09008785e-08 max_abs=4.65661287e-10
ANVIL parameter shadow rel_l2=0 max_abs=0
ANVIL equalized update rel_l2=0 max_abs=0
ANVIL lane energy rel_l2=0 max_abs=0
ANVIL parameter shadow rel_l2=0 max_abs=0
ANVIL step=2
ANVIL equalized update rel_l2=0 max_abs=0
ANVIL lane energy rel_l2=9.53933353e-09 max_abs=4.65661287e-10
ANVIL parameter shadow rel_l2=0 max_abs=0
ANVIL equalized update rel_l2=0 max_abs=0
ANVIL lane energy rel_l2=1.94294596e-08 max_abs=9.31322575e-10
ANVIL parameter shadow rel_l2=0 max_abs=0
ANVIL equalized update rel_l2=0.00817729591 max_abs=0.00634765625
ANVIL lane energy rel_l2=0.00228436415 max_abs=7.97100365e-05
ANVIL parameter shadow rel_l2=0.000451144754 max_abs=7.61672854e-05
ANVIL PASS: independent numerical oracle, exact state update, task visits, staged/production/all-family replay
ANVIL batch=1 workers=1 pattern=1
ANVIL matrix rows=31 cols=65 split=0
ANVIL tasks=98 dependencies=23 roots=2 products=18
ANVIL step=0
ANVIL equalized update rel_l2=0 max_abs=0
ANVIL lane energy rel_l2=0 max_abs=0
ANVIL parameter shadow rel_l2=0 max_abs=0
ANVIL step=1
ANVIL equalized update rel_l2=0 max_abs=0
ANVIL lane energy rel_l2=0 max_abs=0
ANVIL parameter shadow rel_l2=0 max_abs=0
ANVIL step=2
ANVIL equalized update rel_l2=0 max_abs=0
ANVIL lane energy rel_l2=0 max_abs=0
ANVIL parameter shadow rel_l2=0 max_abs=0
ANVIL PASS: independent numerical oracle, exact state update, task visits, staged/production/all-family replay
ANVIL RECIPE LIMITATION rows=1 cols=1 pattern=0: native and independent reference both produce 1/1 non-finite updates; no clamp applied
ANVIL RECIPE LIMITATION rows=17 cols=33 pattern=2: native and independent reference both produce 561/561 non-finite updates; no clamp applied
ANVIL equalized update rel_l2=0 max_abs=0
ANVIL lane energy rel_l2=0 max_abs=0
ANVIL parameter shadow rel_l2=0 max_abs=0
ANVIL batch=2 workers=17 pattern=0
ANVIL matrix rows=1024 cols=17 split=0
ANVIL matrix rows=1025 cols=17 split=1
ANVIL tasks=2381 dependencies=46 roots=35 products=36
ANVIL step=0
ANVIL equalized update rel_l2=0.000568586622 max_abs=0.00048828125
ANVIL lane energy rel_l2=0.000203256371 max_abs=3.80074198e-07
ANVIL parameter shadow rel_l2=8.14349317e-06 max_abs=1.12354755e-05
ANVIL equalized update rel_l2=0.00730047284 max_abs=0.00512695312
ANVIL lane energy rel_l2=0.00475073883 max_abs=7.20110256e-06
ANVIL parameter shadow rel_l2=0.00010538983 max_abs=0.000117920339
ANVIL step=1
ANVIL equalized update rel_l2=0.00500108127 max_abs=0.0009765625
ANVIL lane energy rel_l2=0.00180307109 max_abs=1.79035123e-06
ANVIL parameter shadow rel_l2=2.80408695e-05 max_abs=8.7916851e-06
ANVIL equalized update rel_l2=0 max_abs=0
ANVIL lane energy rel_l2=2.70510967e-08 max_abs=2.91038305e-11
ANVIL parameter shadow rel_l2=0 max_abs=0
ANVIL step=2
ANVIL equalized update rel_l2=0.000354944 max_abs=0.00048828125
ANVIL lane energy rel_l2=7.29807229e-05 max_abs=4.55795089e-07
ANVIL parameter shadow rel_l2=8.84623229e-07 max_abs=1.95391476e-06
ANVIL equalized update rel_l2=3.95125101e-05 max_abs=0.000122070312
ANVIL lane energy rel_l2=3.18696482e-06 max_abs=2.86090653e-08
ANVIL parameter shadow rel_l2=1.98715898e-07 max_abs=9.76026058e-07
ANVIL PASS: independent numerical oracle, exact state update, task visits, staged/production/all-family replay
ANVIL batch=1 workers=528 pattern=0
ANVIL matrix rows=256 cols=768 split=0
ANVIL tasks=1818 dependencies=23 roots=192 products=18
ANVIL step=0
ANVIL equalized update rel_l2=0.0043587749 max_abs=0.00146484375
ANVIL lane energy rel_l2=0.000722074853 max_abs=3.06346919e-07
ANVIL parameter shadow rel_l2=7.24349851e-05 max_abs=3.36915255e-05
ANVIL step=1
ANVIL equalized update rel_l2=0.00480235504 max_abs=0.001953125
ANVIL lane energy rel_l2=0.000421177622 max_abs=3.64118023e-07
ANVIL parameter shadow rel_l2=3.12236557e-05 max_abs=1.75796449e-05
ANVIL step=2
ANVIL equalized update rel_l2=0.00410800777 max_abs=0.00146484375
ANVIL lane energy rel_l2=0.000252270706 max_abs=3.1341915e-07
ANVIL parameter shadow rel_l2=1.18629854e-05 max_abs=5.85988164e-06
ANVIL timing_workers=132
ANVIL persistent+reset repeated_steps median_ms=1.040256 samples_ms= 1.040128 1.040384 1.036512 1.040992 1.047072 1.041536 1.048096 1.034880 1.040032 1.039360
ANVIL timing_workers=264
ANVIL persistent+reset repeated_steps median_ms=1.070496 samples_ms= 1.085984 1.077216 1.068960 1.064800 1.081920 1.061216 1.069760 1.067520 1.071232 1.072096
ANVIL timing_workers=528
ANVIL persistent+reset repeated_steps median_ms=1.081328 samples_ms= 1.071456 1.078592 1.078688 1.092032 1.081024 1.081632 1.083264 1.085792 1.092960 1.071328
ANVIL separate repeated_steps median_ms=0.529968 samples_ms= 0.531136 0.528992 0.529312 0.529568 0.528448 0.529728 0.531680 0.531456 0.530208 0.531840
ANVIL serial CUDA-graph repeated_steps median_ms=0.507584 samples_ms= 0.507776 0.508672 0.507264 0.508736 0.508768 0.506656 0.507712 0.506912 0.507456 0.505888
ANVIL concurrent CUDA-graph repeated_steps median_ms=0.507888 samples_ms= 0.506784 0.508032 0.506304 0.508928 0.507968 0.507808 0.508576 0.506752 0.508128 0.507616
ANVIL PASS: independent numerical oracle, exact state update, task visits, staged/production/all-family replay
ANVIL batch=1 workers=528 pattern=0
ANVIL matrix rows=768 cols=768 split=0
ANVIL tasks=4874 dependencies=23 roots=576 products=18
ANVIL step=0
ANVIL equalized update rel_l2=0.00387288628 max_abs=0.00146484375
ANVIL lane energy rel_l2=0.00269568349 max_abs=1.69726263e-06
ANVIL parameter shadow rel_l2=6.35369301e-05 max_abs=3.36915255e-05
ANVIL step=1
ANVIL equalized update rel_l2=0.0039120179 max_abs=0.00146484375
ANVIL lane energy rel_l2=0.00125915058 max_abs=1.65401434e-06
ANVIL parameter shadow rel_l2=2.51110108e-05 max_abs=1.31838024e-05
ANVIL step=2
ANVIL equalized update rel_l2=0.00414385732 max_abs=0.00146484375
ANVIL lane energy rel_l2=0.000835784342 max_abs=1.54480222e-06
ANVIL parameter shadow rel_l2=1.172694e-05 max_abs=5.86360693e-06
ANVIL timing_workers=132
ANVIL persistent+reset repeated_steps median_ms=3.161024 samples_ms= 3.149856 3.156960 3.159936 3.162624 3.169760 3.159328 3.159808 3.169088 3.162368 3.162112
ANVIL timing_workers=264
ANVIL persistent+reset repeated_steps median_ms=2.598704 samples_ms= 2.623776 2.613984 2.621600 2.604000 2.578592 2.593408 2.587040 2.592448 2.608480 2.581920
ANVIL timing_workers=528
ANVIL persistent+reset repeated_steps median_ms=2.617216 samples_ms= 2.609984 2.631424 2.607168 2.630592 2.620704 2.641184 2.580704 2.617760 2.616672 2.612192
ANVIL separate repeated_steps median_ms=1.171520 samples_ms= 1.171776 1.172160 1.173056 1.171936 1.171264 1.172448 1.169344 1.167104 1.169280 1.169184
ANVIL serial CUDA-graph repeated_steps median_ms=1.149408 samples_ms= 1.150880 1.149952 1.149696 1.150848 1.147936 1.148800 1.150112 1.148064 1.144864 1.149120
ANVIL concurrent CUDA-graph repeated_steps median_ms=1.136880 samples_ms= 1.137376 1.139520 1.121536 1.135200 1.138208 1.131520 1.131584 1.136384 1.137856 1.138080
ANVIL PASS: independent numerical oracle, exact state update, task visits, staged/production/all-family replay
ANVIL batch=1 workers=528 pattern=0
ANVIL matrix rows=2816 cols=768 split=1
ANVIL tasks=13834 dependencies=23 roots=2112 products=18
ANVIL step=0
ANVIL equalized update rel_l2=0.0056073797 max_abs=0.001953125
ANVIL lane energy rel_l2=0.000521315162 max_abs=7.26868166e-08
ANVIL parameter shadow rel_l2=4.86334686e-05 max_abs=4.4927001e-05
ANVIL step=1
ANVIL equalized update rel_l2=0.00565382865 max_abs=0.00219726562
ANVIL lane energy rel_l2=0.000276716307 max_abs=9.31249815e-08
ANVIL parameter shadow rel_l2=1.91913171e-05 max_abs=1.97775662e-05
ANVIL step=2
ANVIL equalized update rel_l2=0.00436526328 max_abs=0.001953125
ANVIL lane energy rel_l2=0.000147170553 max_abs=5.41476766e-08
ANVIL parameter shadow rel_l2=6.59032186e-06 max_abs=7.81565905e-06
ANVIL timing_workers=132
ANVIL persistent+reset repeated_steps median_ms=7.441456 samples_ms= 7.388768 7.513728 7.439040 7.443872 7.342080 7.455616 7.412800 7.479040 7.450368 7.381728
ANVIL timing_workers=264
ANVIL persistent+reset repeated_steps median_ms=7.286528 samples_ms= 7.316352 7.288256 7.354400 7.279872 7.284800 7.266112 7.395648 7.209376 7.295520 7.244096
ANVIL timing_workers=528
ANVIL persistent+reset repeated_steps median_ms=7.304304 samples_ms= 7.305344 7.382848 7.243424 7.353216 7.265760 7.329184 7.303264 7.302208 7.317344 7.274784
ANVIL separate repeated_steps median_ms=3.524368 samples_ms= 3.607936 3.505664 3.517888 3.525696 3.519584 3.521472 3.564512 3.588192 3.531232 3.523040
ANVIL serial CUDA-graph repeated_steps median_ms=3.497072 samples_ms= 3.508096 3.483616 3.590080 3.487488 3.492832 3.486592 3.501312 3.574112 3.484960 3.513216
ANVIL concurrent CUDA-graph repeated_steps median_ms=3.504624 samples_ms= 3.494496 3.574432 3.496896 3.497248 3.501152 3.547712 3.547712 3.486624 3.508096 3.552992
ANVIL PASS: independent numerical oracle, exact state update, task visits, staged/production/all-family replay
ANVIL batch=3 workers=528 pattern=0
ANVIL matrix rows=256 cols=768 split=0
ANVIL matrix rows=768 cols=768 split=0
ANVIL matrix rows=2816 cols=768 split=1
ANVIL tasks=20526 dependencies=69 roots=2880 products=54
ANVIL step=0
ANVIL equalized update rel_l2=0.0043587749 max_abs=0.00146484375
ANVIL lane energy rel_l2=0.000722074853 max_abs=3.06346919e-07
ANVIL parameter shadow rel_l2=7.24349851e-05 max_abs=3.36915255e-05
ANVIL equalized update rel_l2=0.00397612578 max_abs=0.00146484375
ANVIL lane energy rel_l2=0.00251395348 max_abs=1.64628727e-06
ANVIL parameter shadow rel_l2=6.52118961e-05 max_abs=3.36915255e-05
ANVIL equalized update rel_l2=0.00539795511 max_abs=0.001953125
ANVIL lane energy rel_l2=0.000481601372 max_abs=7.23957783e-08
ANVIL parameter shadow rel_l2=4.67897769e-05 max_abs=4.49232757e-05
ANVIL step=1
ANVIL equalized update rel_l2=0.00480235504 max_abs=0.001953125
ANVIL lane energy rel_l2=0.000421177622 max_abs=3.64118023e-07
ANVIL parameter shadow rel_l2=3.12236557e-05 max_abs=1.75796449e-05
ANVIL equalized update rel_l2=0.00390282471 max_abs=0.001953125
ANVIL lane energy rel_l2=0.00149914223 max_abs=1.74152956e-06
ANVIL parameter shadow rel_l2=5.00901716e-05 max_abs=3.51592898e-05
ANVIL equalized update rel_l2=0.00536004872 max_abs=0.00219726562
ANVIL lane energy rel_l2=0.000263637925 max_abs=7.34071364e-08
ANVIL parameter shadow rel_l2=5.45489345e-05 max_abs=5.93289733e-05
ANVIL step=2
ANVIL equalized update rel_l2=0.00410800777 max_abs=0.00146484375
ANVIL lane energy rel_l2=0.000252270706 max_abs=3.1341915e-07
ANVIL parameter shadow rel_l2=1.18629854e-05 max_abs=5.85988164e-06
ANVIL equalized update rel_l2=0.0040393766 max_abs=0.00146484375
ANVIL lane energy rel_l2=0.00076069439 max_abs=1.58548937e-06
ANVIL parameter shadow rel_l2=2.28548348e-05 max_abs=1.17197633e-05
ANVIL equalized update rel_l2=0.00447735078 max_abs=0.001953125
ANVIL lane energy rel_l2=0.00015153321 max_abs=5.97792678e-08
ANVIL parameter shadow rel_l2=2.02729126e-05 max_abs=2.34395266e-05
ANVIL timing_workers=132
ANVIL persistent+reset repeated_steps median_ms=7.962096 samples_ms= 8.054816 7.961760 8.011104 7.907776 7.645024 7.730720 8.022048 7.962432 8.008832 7.825056
ANVIL timing_workers=264
ANVIL persistent+reset repeated_steps median_ms=7.502864 samples_ms= 7.581280 7.540832 7.531488 7.497344 7.512576 7.440256 7.508384 7.398400 7.483200 7.393280
ANVIL timing_workers=528
ANVIL persistent+reset repeated_steps median_ms=7.404928 samples_ms= 7.444416 7.406816 7.407872 7.373088 7.342752 7.403040 7.379040 7.411552 7.475456 7.357952
ANVIL separate repeated_steps median_ms=5.222432 samples_ms= 5.196576 5.211200 5.264928 5.269696 5.223552 5.221312 5.218944 5.199808 5.258080 5.225440
ANVIL serial CUDA-graph repeated_steps median_ms=5.141904 samples_ms= 5.167584 5.140288 5.201696 5.183936 5.138976 5.143520 5.124160 5.134624 5.121472 5.223648
ANVIL concurrent CUDA-graph repeated_steps median_ms=3.589104 samples_ms= 3.572832 3.575488 3.610976 3.595264 3.561824 3.618976 3.582944 3.555968 3.646368 3.645568
ANVIL PASS: independent numerical oracle, exact state update, task visits, staged/production/all-family replay
ANVIL batch=11 workers=528 pattern=0
ANVIL matrix rows=256 cols=768 split=0
ANVIL matrix rows=256 cols=768 split=0
ANVIL matrix rows=256 cols=768 split=0
ANVIL matrix rows=256 cols=768 split=0
ANVIL matrix rows=256 cols=768 split=0
ANVIL matrix rows=256 cols=768 split=0
ANVIL matrix rows=768 cols=768 split=0
ANVIL matrix rows=768 cols=768 split=0
ANVIL matrix rows=2816 cols=768 split=1
ANVIL matrix rows=2816 cols=768 split=1
ANVIL matrix rows=2816 cols=768 split=1
ANVIL tasks=62158 dependencies=253 roots=8640 products=198
ANVIL step=0
ANVIL equalized update rel_l2=0.0043587749 max_abs=0.00146484375
ANVIL lane energy rel_l2=0.000722074853 max_abs=3.06346919e-07
ANVIL parameter shadow rel_l2=7.24349851e-05 max_abs=3.36915255e-05
ANVIL equalized update rel_l2=0.00436991454 max_abs=0.001953125
ANVIL lane energy rel_l2=0.000687571235 max_abs=2.6714406e-07
ANVIL parameter shadow rel_l2=7.27853427e-05 max_abs=4.49232757e-05
ANVIL equalized update rel_l2=0.00464773762 max_abs=0.001953125
ANVIL lane energy rel_l2=0.000758217267 max_abs=3.67072062e-07
ANVIL parameter shadow rel_l2=7.72084618e-05 max_abs=4.49232757e-05
ANVIL equalized update rel_l2=0.00443391537 max_abs=0.00146484375
ANVIL lane energy rel_l2=0.000715752044 max_abs=2.87618604e-07
ANVIL parameter shadow rel_l2=7.36081987e-05 max_abs=3.36915255e-05
ANVIL equalized update rel_l2=0.00418653675 max_abs=0.00244140625
ANVIL lane energy rel_l2=0.000686101909 max_abs=2.86105205e-07
ANVIL parameter shadow rel_l2=6.95757387e-05 max_abs=5.61531633e-05
ANVIL equalized update rel_l2=0.00417773605 max_abs=0.00146484375
ANVIL lane energy rel_l2=0.000694108173 max_abs=4.20361175e-07
ANVIL parameter shadow rel_l2=6.94596112e-05 max_abs=3.36915255e-05
ANVIL equalized update rel_l2=0.00389782895 max_abs=0.00146484375
ANVIL lane energy rel_l2=0.00284170209 max_abs=1.75507739e-06
ANVIL parameter shadow rel_l2=6.38384267e-05 max_abs=3.36915255e-05
ANVIL equalized update rel_l2=0.00398222695 max_abs=0.00146484375
ANVIL lane energy rel_l2=0.00297117848 max_abs=2.18000787e-06
ANVIL parameter shadow rel_l2=6.52990207e-05 max_abs=3.36915255e-05
ANVIL equalized update rel_l2=0.00574524685 max_abs=0.001953125
ANVIL lane energy rel_l2=0.000556417069 max_abs=7.19810487e-08
ANVIL parameter shadow rel_l2=4.97670315e-05 max_abs=4.4927001e-05
ANVIL equalized update rel_l2=0.00552890236 max_abs=0.001953125
ANVIL lane energy rel_l2=0.000549472835 max_abs=7.54807843e-08
ANVIL parameter shadow rel_l2=4.79184193e-05 max_abs=4.4927001e-05
ANVIL equalized update rel_l2=0.00545986014 max_abs=0.001953125
ANVIL lane energy rel_l2=0.000502936467 max_abs=6.79683581e-08
ANVIL parameter shadow rel_l2=4.72927336e-05 max_abs=4.49232757e-05
ANVIL step=1
ANVIL equalized update rel_l2=0.00480235504 max_abs=0.001953125
ANVIL lane energy rel_l2=0.000421177622 max_abs=3.64118023e-07
ANVIL parameter shadow rel_l2=3.12236557e-05 max_abs=1.75796449e-05
ANVIL equalized update rel_l2=0.00439782588 max_abs=0.001953125
ANVIL lane energy rel_l2=0.000378213641 max_abs=2.68715667e-07
ANVIL parameter shadow rel_l2=5.73216413e-05 max_abs=3.51555645e-05
ANVIL equalized update rel_l2=0.00441267471 max_abs=0.00146484375
ANVIL lane energy rel_l2=0.000376611482 max_abs=2.91678589e-07
ANVIL parameter shadow rel_l2=8.60294286e-05 max_abs=3.95551324e-05
ANVIL equalized update rel_l2=0.00419465845 max_abs=0.001953125
ANVIL lane energy rel_l2=0.000367611257 max_abs=3.2549724e-07
ANVIL parameter shadow rel_l2=0.000108951368 max_abs=7.03111291e-05
ANVIL equalized update rel_l2=0.0043183998 max_abs=0.001953125
ANVIL lane energy rel_l2=0.000359504703 max_abs=3.09868483e-07
ANVIL parameter shadow rel_l2=0.000140327822 max_abs=8.7890774e-05
ANVIL equalized update rel_l2=0.00431117465 max_abs=0.001953125
ANVIL lane energy rel_l2=0.000374915406 max_abs=3.71481292e-07
ANVIL parameter shadow rel_l2=0.000168117634 max_abs=0.000105466694
ANVIL equalized update rel_l2=0.00392745043 max_abs=0.00146484375
ANVIL lane energy rel_l2=0.00141133741 max_abs=1.64554513e-06
ANVIL parameter shadow rel_l2=0.000176059694 max_abs=9.22866166e-05
ANVIL equalized update rel_l2=0.00387462703 max_abs=0.00146484375
ANVIL lane energy rel_l2=0.00138436028 max_abs=1.682929e-06
ANVIL parameter shadow rel_l2=0.000198656468 max_abs=0.000105468556
ANVIL equalized update rel_l2=0.00540746148 max_abs=0.001953125
ANVIL lane energy rel_l2=0.000275436584 max_abs=6.5920176e-08
ANVIL parameter shadow rel_l2=0.000165047755 max_abs=0.000158205628
ANVIL equalized update rel_l2=0.00524073216 max_abs=0.00219726562
ANVIL lane energy rel_l2=0.000253169891 max_abs=6.40502549e-08
ANVIL parameter shadow rel_l2=0.000177802524 max_abs=0.000197754009
ANVIL equalized update rel_l2=0.00531620766 max_abs=0.00219726562
ANVIL lane energy rel_l2=0.000251411742 max_abs=6.28642738e-08
ANVIL parameter shadow rel_l2=0.000198304492 max_abs=0.000217530876
ANVIL step=2
ANVIL equalized update rel_l2=0.00410800777 max_abs=0.00146484375
ANVIL lane energy rel_l2=0.000252270706 max_abs=3.1341915e-07
ANVIL parameter shadow rel_l2=1.18629854e-05 max_abs=5.85988164e-06
ANVIL equalized update rel_l2=0.00443405342 max_abs=0.001953125
ANVIL lane energy rel_l2=0.000323915778 max_abs=4.58210707e-07
ANVIL parameter shadow rel_l2=2.56688849e-05 max_abs=1.56275928e-05
ANVIL equalized update rel_l2=0.00448807553 max_abs=0.001953125
ANVIL lane energy rel_l2=0.000288009494 max_abs=4.44008037e-07
ANVIL parameter shadow rel_l2=3.88540801e-05 max_abs=2.34376639e-05
ANVIL equalized update rel_l2=0.0043787578 max_abs=0.00146484375
ANVIL lane energy rel_l2=0.000264370359 max_abs=3.94298695e-07
ANVIL parameter shadow rel_l2=5.0491984e-05 max_abs=2.34395266e-05
ANVIL equalized update rel_l2=0.00436917641 max_abs=0.001953125
ANVIL lane energy rel_l2=0.000285954948 max_abs=4.83851181e-07
ANVIL parameter shadow rel_l2=6.30380377e-05 max_abs=3.90633941e-05
ANVIL equalized update rel_l2=0.0043544259 max_abs=0.001953125
ANVIL lane energy rel_l2=0.000268022572 max_abs=3.88856279e-07
ANVIL parameter shadow rel_l2=7.53862583e-05 max_abs=4.68753278e-05
ANVIL equalized update rel_l2=0.00398274891 max_abs=0.00146484375
ANVIL lane energy rel_l2=0.000837379602 max_abs=1.65388337e-06
ANVIL parameter shadow rel_l2=7.87020466e-05 max_abs=4.10228968e-05
ANVIL equalized update rel_l2=0.00408520355 max_abs=0.00146484375
ANVIL lane energy rel_l2=0.000858471038 max_abs=1.67434337e-06
ANVIL parameter shadow rel_l2=9.22964204e-05 max_abs=4.68753278e-05
ANVIL equalized update rel_l2=0.00450423806 max_abs=0.00219726562
ANVIL lane energy rel_l2=0.000155661544 max_abs=6.23258529e-08
ANVIL parameter shadow rel_l2=6.11525171e-05 max_abs=7.90953636e-05
ANVIL equalized update rel_l2=0.00438480744 max_abs=0.00219726562
ANVIL lane energy rel_l2=0.000150575515 max_abs=6.00048224e-08
ANVIL parameter shadow rel_l2=6.61674267e-05 max_abs=8.7890774e-05
ANVIL equalized update rel_l2=0.00428615935 max_abs=0.00219726562
ANVIL lane energy rel_l2=0.00014618567 max_abs=5.1673851e-08
ANVIL parameter shadow rel_l2=7.11041009e-05 max_abs=9.66796651e-05
ANVIL timing_workers=132
ANVIL persistent+reset repeated_steps median_ms=16.077567 samples_ms= 16.454975 16.099615 15.635040 16.581793 15.598880 16.133217 16.055519 15.943936 16.294336 15.906720
ANVIL timing_workers=264
ANVIL persistent+reset repeated_steps median_ms=10.525504 samples_ms= 11.047936 11.543200 9.462048 10.212832 9.988960 9.442912 10.838176 11.027968 11.053024 10.199840
ANVIL timing_workers=528
ANVIL persistent+reset repeated_steps median_ms=9.504608 samples_ms= 9.676224 9.571616 9.267392 9.541920 8.936960 8.901056 8.890432 9.467296 9.627680 9.548128
ANVIL separate repeated_steps median_ms=16.104735 samples_ms= 16.067167 16.120607 16.163296 16.107231 16.129633 16.054272 16.102049 16.091167 16.102240 16.152609
ANVIL serial CUDA-graph repeated_steps median_ms=15.818480 samples_ms= 15.803584 15.816192 15.848768 15.760960 15.883072 15.857792 15.771872 15.944288 15.789664 15.820768
ANVIL concurrent CUDA-graph repeated_steps median_ms=4.284352 samples_ms= 4.284832 4.301056 4.286688 4.305472 4.286048 4.281696 4.278208 4.283872 4.275616 4.265600
ANVIL PASS: independent numerical oracle, exact state update, task visits, staged/production/all-family replay

$ make -C /workspace/cuda anvil_idle64
make: Entering directory '/workspace/cuda'
nvcc -std=c++17 -O3 -arch=sm_90a -lineinfo -Xptxas=-v,-warn-spills -DNANO_TRANSPOSE_PAD=4 -DNANO_REUSE_QUANT=1 -DNANO_MIN_BLOCKS=4 -DNANO_ALIGNED=1 -DNANO_K_LOOP=1 -DNANO_FRONTIER=1 -DNANO_BF16_COALESCED=1 -DNANO_ANVIL_IDLE_NS=64 anvil.cu -lcublas -o anvil_idle64
ptxas info    : 0 bytes gmem
ptxas info    : Compiling entry function '_ZN4nano10megakernelILb0ELb0ELb0ELb1ELb1EEEvNS_5GraphE' for 'sm_90a'
ptxas info    : Function properties for _ZN4nano10megakernelILb0ELb0ELb0ELb1ELb1EEEvNS_5GraphE
    0 bytes stack frame, 0 bytes spill stores, 0 bytes spill loads
ptxas info    : Used 128 registers, used 1 barriers, 32776 bytes smem
ptxas info    : Compile time = 1187.901 ms
ptxas info    : Compiling entry function '_ZN4nano10megakernelILb0ELb0ELb1ELb1ELb1EEEvNS_5GraphE' for 'sm_90a'
ptxas info    : Function properties for _ZN4nano10megakernelILb0ELb0ELb1ELb1ELb1EEEvNS_5GraphE
    0 bytes stack frame, 0 bytes spill stores, 0 bytes spill loads
ptxas info    : Used 128 registers, used 1 barriers, 32776 bytes smem
ptxas info    : Compile time = 1731.399 ms
ptxas info    : Compiling entry function '_ZN4nano10megakernelILb1ELb0ELb0ELb1ELb1EEEvNS_5GraphE' for 'sm_90a'
ptxas info    : Function properties for _ZN4nano10megakernelILb1ELb0ELb0ELb1ELb1EEEvNS_5GraphE
    0 bytes stack frame, 0 bytes spill stores, 0 bytes spill loads
ptxas info    : Used 128 registers, used 1 barriers, 32776 bytes smem
ptxas info    : Compile time = 1141.410 ms
ptxas info    : Compiling entry function '_Z12staged_anvilN4nano5GraphEi' for 'sm_90a'
ptxas info    : Function properties for _Z12staged_anvilN4nano5GraphEi
    0 bytes stack frame, 0 bytes spill stores, 0 bytes spill loads
ptxas info    : Used 96 registers, used 1 barriers, 32768 bytes smem
ptxas info    : Compile time = 506.040 ms
ptxas info    : Compiling entry function '_Z11reset_anvilN4nano5GraphEPKii' for 'sm_90a'
ptxas info    : Function properties for _Z11reset_anvilN4nano5GraphEPKii
    0 bytes stack frame, 0 bytes spill stores, 0 bytes spill loads
ptxas info    : Used 12 registers, used 0 barriers
ptxas info    : Compile time = 2.174 ms
make: Leaving directory '/workspace/cuda'

$ /workspace/cuda/anvil_idle64
GPU[0]=NVIDIA H100 80GB HBM3 SMs=132 runtime=12080
ANVIL idle_ns=64
ANVIL batch=3 workers=3 pattern=0
ANVIL matrix rows=17 cols=33 split=0
ANVIL matrix rows=33 cols=17 split=0
ANVIL matrix rows=17 cols=17 split=0
ANVIL tasks=152 dependencies=69 roots=3 products=54
ANVIL step=0
ANVIL equalized update rel_l2=0 max_abs=0
ANVIL lane energy rel_l2=5.20318378e-08 max_abs=4.65661287e-10
ANVIL parameter shadow rel_l2=0 max_abs=0
ANVIL equalized update rel_l2=0 max_abs=0
ANVIL lane energy rel_l2=2.93558859e-08 max_abs=4.65661287e-10
ANVIL parameter shadow rel_l2=0 max_abs=0
ANVIL equalized update rel_l2=0 max_abs=0
ANVIL lane energy rel_l2=3.83463464e-08 max_abs=4.65661287e-10
ANVIL parameter shadow rel_l2=0 max_abs=0
ANVIL step=1
ANVIL equalized update rel_l2=0 max_abs=0
ANVIL lane energy rel_l2=2.74051453e-08 max_abs=4.65661287e-10
ANVIL parameter shadow rel_l2=0 max_abs=0
ANVIL equalized update rel_l2=0 max_abs=0
ANVIL lane energy rel_l2=3.09008785e-08 max_abs=4.65661287e-10
ANVIL parameter shadow rel_l2=0 max_abs=0
ANVIL equalized update rel_l2=0 max_abs=0
ANVIL lane energy rel_l2=0 max_abs=0
ANVIL parameter shadow rel_l2=0 max_abs=0
ANVIL step=2
ANVIL equalized update rel_l2=0 max_abs=0
ANVIL lane energy rel_l2=9.53933353e-09 max_abs=4.65661287e-10
ANVIL parameter shadow rel_l2=0 max_abs=0
ANVIL equalized update rel_l2=0 max_abs=0
ANVIL lane energy rel_l2=1.94294596e-08 max_abs=9.31322575e-10
ANVIL parameter shadow rel_l2=0 max_abs=0
ANVIL equalized update rel_l2=0.00817729591 max_abs=0.00634765625
ANVIL lane energy rel_l2=0.00228436415 max_abs=7.97100365e-05
ANVIL parameter shadow rel_l2=0.000451144754 max_abs=7.61672854e-05
ANVIL PASS: independent numerical oracle, exact state update, task visits, staged/production/all-family replay
ANVIL batch=1 workers=1 pattern=1
ANVIL matrix rows=31 cols=65 split=0
ANVIL tasks=98 dependencies=23 roots=2 products=18
ANVIL step=0
ANVIL equalized update rel_l2=0 max_abs=0
ANVIL lane energy rel_l2=0 max_abs=0
ANVIL parameter shadow rel_l2=0 max_abs=0
ANVIL step=1
ANVIL equalized update rel_l2=0 max_abs=0
ANVIL lane energy rel_l2=0 max_abs=0
ANVIL parameter shadow rel_l2=0 max_abs=0
ANVIL step=2
ANVIL equalized update rel_l2=0 max_abs=0
ANVIL lane energy rel_l2=0 max_abs=0
ANVIL parameter shadow rel_l2=0 max_abs=0
ANVIL PASS: independent numerical oracle, exact state update, task visits, staged/production/all-family replay
ANVIL RECIPE LIMITATION rows=1 cols=1 pattern=0: native and independent reference both produce 1/1 non-finite updates; no clamp applied
ANVIL RECIPE LIMITATION rows=17 cols=33 pattern=2: native and independent reference both produce 561/561 non-finite updates; no clamp applied
ANVIL equalized update rel_l2=0 max_abs=0
ANVIL lane energy rel_l2=0 max_abs=0
ANVIL parameter shadow rel_l2=0 max_abs=0
ANVIL batch=2 workers=17 pattern=0
ANVIL matrix rows=1024 cols=17 split=0
ANVIL matrix rows=1025 cols=17 split=1
ANVIL tasks=2381 dependencies=46 roots=35 products=36
ANVIL step=0
ANVIL equalized update rel_l2=0.000568586622 max_abs=0.00048828125
ANVIL lane energy rel_l2=0.000203256371 max_abs=3.80074198e-07
ANVIL parameter shadow rel_l2=8.14349317e-06 max_abs=1.12354755e-05
ANVIL equalized update rel_l2=0.00730047284 max_abs=0.00512695312
ANVIL lane energy rel_l2=0.00475073883 max_abs=7.20110256e-06
ANVIL parameter shadow rel_l2=0.00010538983 max_abs=0.000117920339
ANVIL step=1
ANVIL equalized update rel_l2=0.00500108127 max_abs=0.0009765625
ANVIL lane energy rel_l2=0.00180307109 max_abs=1.79035123e-06
ANVIL parameter shadow rel_l2=2.80408695e-05 max_abs=8.7916851e-06
ANVIL equalized update rel_l2=0 max_abs=0
ANVIL lane energy rel_l2=2.70510967e-08 max_abs=2.91038305e-11
ANVIL parameter shadow rel_l2=0 max_abs=0
ANVIL step=2
ANVIL equalized update rel_l2=0.000354944 max_abs=0.00048828125
ANVIL lane energy rel_l2=7.29807229e-05 max_abs=4.55795089e-07
ANVIL parameter shadow rel_l2=8.84623229e-07 max_abs=1.95391476e-06
ANVIL equalized update rel_l2=3.95125101e-05 max_abs=0.000122070312
ANVIL lane energy rel_l2=3.18696482e-06 max_abs=2.86090653e-08
ANVIL parameter shadow rel_l2=1.98715898e-07 max_abs=9.76026058e-07
ANVIL PASS: independent numerical oracle, exact state update, task visits, staged/production/all-family replay
ANVIL batch=1 workers=528 pattern=0
ANVIL matrix rows=256 cols=768 split=0
ANVIL tasks=1818 dependencies=23 roots=192 products=18
ANVIL step=0
ANVIL equalized update rel_l2=0.0043587749 max_abs=0.00146484375
ANVIL lane energy rel_l2=0.000722074853 max_abs=3.06346919e-07
ANVIL parameter shadow rel_l2=7.24349851e-05 max_abs=3.36915255e-05
ANVIL step=1
ANVIL equalized update rel_l2=0.00480235504 max_abs=0.001953125
ANVIL lane energy rel_l2=0.000421177622 max_abs=3.64118023e-07
ANVIL parameter shadow rel_l2=3.12236557e-05 max_abs=1.75796449e-05
ANVIL step=2
ANVIL equalized update rel_l2=0.00410800777 max_abs=0.00146484375
ANVIL lane energy rel_l2=0.000252270706 max_abs=3.1341915e-07
ANVIL parameter shadow rel_l2=1.18629854e-05 max_abs=5.85988164e-06
ANVIL timing_workers=132
ANVIL persistent+reset repeated_steps median_ms=1.019968 samples_ms= 1.017952 1.021248 1.018304 1.018016 1.023232 1.022176 1.018688 1.022208 1.025056 1.018208
ANVIL timing_workers=264
ANVIL persistent+reset repeated_steps median_ms=1.075824 samples_ms= 1.078240 1.075392 1.083552 1.080864 1.076256 1.064064 1.060064 1.086336 1.065280 1.070560
ANVIL timing_workers=528
ANVIL persistent+reset repeated_steps median_ms=1.101184 samples_ms= 1.102336 1.109088 1.105120 1.097280 1.113408 1.107008 1.091104 1.100032 1.096640 1.095520
ANVIL separate repeated_steps median_ms=0.533072 samples_ms= 0.534912 0.533664 0.532800 0.532032 0.534496 0.533184 0.534272 0.532960 0.532512 0.532864
ANVIL serial CUDA-graph repeated_steps median_ms=0.507968 samples_ms= 0.507872 0.507392 0.509248 0.508096 0.506336 0.507456 0.508064 0.508960 0.507520 0.508640
ANVIL concurrent CUDA-graph repeated_steps median_ms=0.508384 samples_ms= 0.507936 0.509728 0.508192 0.510240 0.509024 0.509920 0.508576 0.506656 0.506432 0.506848
ANVIL PASS: independent numerical oracle, exact state update, task visits, staged/production/all-family replay
ANVIL batch=1 workers=528 pattern=0
ANVIL matrix rows=768 cols=768 split=0
ANVIL tasks=4874 dependencies=23 roots=576 products=18
ANVIL step=0
ANVIL equalized update rel_l2=0.00387288628 max_abs=0.00146484375
ANVIL lane energy rel_l2=0.00269568349 max_abs=1.69726263e-06
ANVIL parameter shadow rel_l2=6.35369301e-05 max_abs=3.36915255e-05
ANVIL step=1
ANVIL equalized update rel_l2=0.0039120179 max_abs=0.00146484375
ANVIL lane energy rel_l2=0.00125915058 max_abs=1.65401434e-06
ANVIL parameter shadow rel_l2=2.51110108e-05 max_abs=1.31838024e-05
ANVIL step=2
ANVIL equalized update rel_l2=0.00414385732 max_abs=0.00146484375
ANVIL lane energy rel_l2=0.000835784342 max_abs=1.54480222e-06
ANVIL parameter shadow rel_l2=1.172694e-05 max_abs=5.86360693e-06
ANVIL timing_workers=132
ANVIL persistent+reset repeated_steps median_ms=3.144224 samples_ms= 3.154112 3.144384 3.140608 3.133632 3.144064 3.170144 3.138080 3.157056 3.164736 3.134016
ANVIL timing_workers=264
ANVIL persistent+reset repeated_steps median_ms=2.595984 samples_ms= 2.591264 2.595904 2.580224 2.597152 2.589568 2.596064 2.599136 2.590880 2.616256 2.614080
ANVIL timing_workers=528
ANVIL persistent+reset repeated_steps median_ms=2.623776 samples_ms= 2.616992 2.598816 2.620416 2.632736 2.627136 2.602368 2.636480 2.639456 2.640544 2.615808
ANVIL separate repeated_steps median_ms=1.173856 samples_ms= 1.173248 1.175616 1.174752 1.173824 1.174176 1.170592 1.176512 1.173280 1.157312 1.173888
ANVIL serial CUDA-graph repeated_steps median_ms=1.144784 samples_ms= 1.148320 1.148064 1.146432 1.143136 1.148736 1.131104 1.147712 1.124160 1.135104 1.136096
ANVIL concurrent CUDA-graph repeated_steps median_ms=1.135520 samples_ms= 1.131680 1.135680 1.137472 1.135360 1.136960 1.133472 1.135264 1.138176 1.136512 1.116896
ANVIL PASS: independent numerical oracle, exact state update, task visits, staged/production/all-family replay
ANVIL batch=1 workers=528 pattern=0
ANVIL matrix rows=2816 cols=768 split=1
ANVIL tasks=13834 dependencies=23 roots=2112 products=18
ANVIL step=0
ANVIL equalized update rel_l2=0.0056073797 max_abs=0.001953125
ANVIL lane energy rel_l2=0.000521315162 max_abs=7.26868166e-08
ANVIL parameter shadow rel_l2=4.86334686e-05 max_abs=4.4927001e-05
ANVIL step=1
ANVIL equalized update rel_l2=0.00565382865 max_abs=0.00219726562
ANVIL lane energy rel_l2=0.000276716307 max_abs=9.31249815e-08
ANVIL parameter shadow rel_l2=1.91913171e-05 max_abs=1.97775662e-05
ANVIL step=2
ANVIL equalized update rel_l2=0.00436526328 max_abs=0.001953125
ANVIL lane energy rel_l2=0.000147170553 max_abs=5.41476766e-08
ANVIL parameter shadow rel_l2=6.59032186e-06 max_abs=7.81565905e-06
ANVIL timing_workers=132
ANVIL persistent+reset repeated_steps median_ms=7.395072 samples_ms= 7.367168 7.386656 7.417472 7.448000 7.362144 7.371680 7.391296 7.398848 7.404768 7.471968
ANVIL timing_workers=264
ANVIL persistent+reset repeated_steps median_ms=7.339712 samples_ms= 7.405216 7.318976 7.324288 7.370720 7.418208 7.381632 7.350368 7.266912 7.329056 7.323360
ANVIL timing_workers=528
ANVIL persistent+reset repeated_steps median_ms=7.307440 samples_ms= 7.309280 7.316672 7.305600 7.278432 7.335328 7.261504 7.333472 7.264512 7.304320 7.333152
ANVIL separate repeated_steps median_ms=3.534592 samples_ms= 3.532544 3.534592 3.525440 3.537472 3.587104 3.521760 3.545984 3.523296 3.539328 3.534592
ANVIL serial CUDA-graph repeated_steps median_ms=3.511552 samples_ms= 3.501120 3.509568 3.513536 3.576928 3.500896 3.565696 3.486240 3.534752 3.481152 3.560224
ANVIL concurrent CUDA-graph repeated_steps median_ms=3.501792 samples_ms= 3.485824 3.499808 3.565920 3.492928 3.487040 3.509536 3.574400 3.503776 3.492480 3.563904
ANVIL PASS: independent numerical oracle, exact state update, task visits, staged/production/all-family replay
ANVIL batch=3 workers=528 pattern=0
ANVIL matrix rows=256 cols=768 split=0
ANVIL matrix rows=768 cols=768 split=0
ANVIL matrix rows=2816 cols=768 split=1
ANVIL tasks=20526 dependencies=69 roots=2880 products=54
ANVIL step=0
ANVIL equalized update rel_l2=0.0043587749 max_abs=0.00146484375
ANVIL lane energy rel_l2=0.000722074853 max_abs=3.06346919e-07
ANVIL parameter shadow rel_l2=7.24349851e-05 max_abs=3.36915255e-05
ANVIL equalized update rel_l2=0.00397612578 max_abs=0.00146484375
ANVIL lane energy rel_l2=0.00251395348 max_abs=1.64628727e-06
ANVIL parameter shadow rel_l2=6.52118961e-05 max_abs=3.36915255e-05
ANVIL equalized update rel_l2=0.00539795511 max_abs=0.001953125
ANVIL lane energy rel_l2=0.000481601372 max_abs=7.23957783e-08
ANVIL parameter shadow rel_l2=4.67897769e-05 max_abs=4.49232757e-05
ANVIL step=1
ANVIL equalized update rel_l2=0.00480235504 max_abs=0.001953125
ANVIL lane energy rel_l2=0.000421177622 max_abs=3.64118023e-07
ANVIL parameter shadow rel_l2=3.12236557e-05 max_abs=1.75796449e-05
ANVIL equalized update rel_l2=0.00390282471 max_abs=0.001953125
ANVIL lane energy rel_l2=0.00149914223 max_abs=1.74152956e-06
ANVIL parameter shadow rel_l2=5.00901716e-05 max_abs=3.51592898e-05
ANVIL equalized update rel_l2=0.00536004872 max_abs=0.00219726562
ANVIL lane energy rel_l2=0.000263637925 max_abs=7.34071364e-08
ANVIL parameter shadow rel_l2=5.45489345e-05 max_abs=5.93289733e-05
ANVIL step=2
ANVIL equalized update rel_l2=0.00410800777 max_abs=0.00146484375
ANVIL lane energy rel_l2=0.000252270706 max_abs=3.1341915e-07
ANVIL parameter shadow rel_l2=1.18629854e-05 max_abs=5.85988164e-06
ANVIL equalized update rel_l2=0.0040393766 max_abs=0.00146484375
ANVIL lane energy rel_l2=0.00076069439 max_abs=1.58548937e-06
ANVIL parameter shadow rel_l2=2.28548348e-05 max_abs=1.17197633e-05
ANVIL equalized update rel_l2=0.00447735078 max_abs=0.001953125
ANVIL lane energy rel_l2=0.00015153321 max_abs=5.97792678e-08
ANVIL parameter shadow rel_l2=2.02729126e-05 max_abs=2.34395266e-05
ANVIL timing_workers=132
ANVIL persistent+reset repeated_steps median_ms=7.754896 samples_ms= 8.074112 7.886272 7.693984 7.770112 7.701312 8.020448 7.715744 7.897984 7.739680 7.659104
ANVIL timing_workers=264
ANVIL persistent+reset repeated_steps median_ms=7.536784 samples_ms= 7.536192 7.537472 7.537376 7.489248 7.544160 7.564512 7.459904 7.571584 7.514624 7.483808
ANVIL timing_workers=528
ANVIL persistent+reset repeated_steps median_ms=7.489600 samples_ms= 7.552704 7.513408 7.491776 7.511680 7.398432 7.506400 7.442272 7.389568 7.483520 7.487424
ANVIL separate repeated_steps median_ms=5.217136 samples_ms= 5.212416 5.223072 5.215712 5.233568 5.212864 5.208768 5.218560 5.209696 5.219168 5.237600
ANVIL serial CUDA-graph repeated_steps median_ms=5.130800 samples_ms= 5.126624 5.134976 5.117696 5.212576 5.120064 5.121440 5.138752 5.140928 5.120384 5.157376
ANVIL concurrent CUDA-graph repeated_steps median_ms=3.587728 samples_ms= 3.594752 3.608736 3.618016 3.568896 3.580704 3.572416 3.568896 3.642304 3.568480 3.613248
ANVIL PASS: independent numerical oracle, exact state update, task visits, staged/production/all-family replay
ANVIL batch=11 workers=528 pattern=0
ANVIL matrix rows=256 cols=768 split=0
ANVIL matrix rows=256 cols=768 split=0
ANVIL matrix rows=256 cols=768 split=0
ANVIL matrix rows=256 cols=768 split=0
ANVIL matrix rows=256 cols=768 split=0
ANVIL matrix rows=256 cols=768 split=0
ANVIL matrix rows=768 cols=768 split=0
ANVIL matrix rows=768 cols=768 split=0
ANVIL matrix rows=2816 cols=768 split=1
ANVIL matrix rows=2816 cols=768 split=1
ANVIL matrix rows=2816 cols=768 split=1
ANVIL tasks=62158 dependencies=253 roots=8640 products=198
ANVIL step=0
ANVIL equalized update rel_l2=0.0043587749 max_abs=0.00146484375
ANVIL lane energy rel_l2=0.000722074853 max_abs=3.06346919e-07
ANVIL parameter shadow rel_l2=7.24349851e-05 max_abs=3.36915255e-05
ANVIL equalized update rel_l2=0.00436991454 max_abs=0.001953125
ANVIL lane energy rel_l2=0.000687571235 max_abs=2.6714406e-07
ANVIL parameter shadow rel_l2=7.27853427e-05 max_abs=4.49232757e-05
ANVIL equalized update rel_l2=0.00464773762 max_abs=0.001953125
ANVIL lane energy rel_l2=0.000758217267 max_abs=3.67072062e-07
ANVIL parameter shadow rel_l2=7.72084618e-05 max_abs=4.49232757e-05
ANVIL equalized update rel_l2=0.00443391537 max_abs=0.00146484375
ANVIL lane energy rel_l2=0.000715752044 max_abs=2.87618604e-07
ANVIL parameter shadow rel_l2=7.36081987e-05 max_abs=3.36915255e-05
ANVIL equalized update rel_l2=0.00418653675 max_abs=0.00244140625
ANVIL lane energy rel_l2=0.000686101909 max_abs=2.86105205e-07
ANVIL parameter shadow rel_l2=6.95757387e-05 max_abs=5.61531633e-05
ANVIL equalized update rel_l2=0.00417773605 max_abs=0.00146484375
ANVIL lane energy rel_l2=0.000694108173 max_abs=4.20361175e-07
ANVIL parameter shadow rel_l2=6.94596112e-05 max_abs=3.36915255e-05
ANVIL equalized update rel_l2=0.00389782895 max_abs=0.00146484375
ANVIL lane energy rel_l2=0.00284170209 max_abs=1.75507739e-06
ANVIL parameter shadow rel_l2=6.38384267e-05 max_abs=3.36915255e-05
ANVIL equalized update rel_l2=0.00398222695 max_abs=0.00146484375
ANVIL lane energy rel_l2=0.00297117848 max_abs=2.18000787e-06
ANVIL parameter shadow rel_l2=6.52990207e-05 max_abs=3.36915255e-05
ANVIL equalized update rel_l2=0.00574524685 max_abs=0.001953125
ANVIL lane energy rel_l2=0.000556417069 max_abs=7.19810487e-08
ANVIL parameter shadow rel_l2=4.97670315e-05 max_abs=4.4927001e-05
ANVIL equalized update rel_l2=0.00552890236 max_abs=0.001953125
ANVIL lane energy rel_l2=0.000549472835 max_abs=7.54807843e-08
ANVIL parameter shadow rel_l2=4.79184193e-05 max_abs=4.4927001e-05
ANVIL equalized update rel_l2=0.00545986014 max_abs=0.001953125
ANVIL lane energy rel_l2=0.000502936467 max_abs=6.79683581e-08
ANVIL parameter shadow rel_l2=4.72927336e-05 max_abs=4.49232757e-05
ANVIL step=1
ANVIL equalized update rel_l2=0.00480235504 max_abs=0.001953125
ANVIL lane energy rel_l2=0.000421177622 max_abs=3.64118023e-07
ANVIL parameter shadow rel_l2=3.12236557e-05 max_abs=1.75796449e-05
ANVIL equalized update rel_l2=0.00439782588 max_abs=0.001953125
ANVIL lane energy rel_l2=0.000378213641 max_abs=2.68715667e-07
ANVIL parameter shadow rel_l2=5.73216413e-05 max_abs=3.51555645e-05
ANVIL equalized update rel_l2=0.00441267471 max_abs=0.00146484375
ANVIL lane energy rel_l2=0.000376611482 max_abs=2.91678589e-07
ANVIL parameter shadow rel_l2=8.60294286e-05 max_abs=3.95551324e-05
ANVIL equalized update rel_l2=0.00419465845 max_abs=0.001953125
ANVIL lane energy rel_l2=0.000367611257 max_abs=3.2549724e-07
ANVIL parameter shadow rel_l2=0.000108951368 max_abs=7.03111291e-05
ANVIL equalized update rel_l2=0.0043183998 max_abs=0.001953125
ANVIL lane energy rel_l2=0.000359504703 max_abs=3.09868483e-07
ANVIL parameter shadow rel_l2=0.000140327822 max_abs=8.7890774e-05
ANVIL equalized update rel_l2=0.00431117465 max_abs=0.001953125
ANVIL lane energy rel_l2=0.000374915406 max_abs=3.71481292e-07
ANVIL parameter shadow rel_l2=0.000168117634 max_abs=0.000105466694
ANVIL equalized update rel_l2=0.00392745043 max_abs=0.00146484375
ANVIL lane energy rel_l2=0.00141133741 max_abs=1.64554513e-06
ANVIL parameter shadow rel_l2=0.000176059694 max_abs=9.22866166e-05
ANVIL equalized update rel_l2=0.00387462703 max_abs=0.00146484375
ANVIL lane energy rel_l2=0.00138436028 max_abs=1.682929e-06
ANVIL parameter shadow rel_l2=0.000198656468 max_abs=0.000105468556
ANVIL equalized update rel_l2=0.00540746148 max_abs=0.001953125
ANVIL lane energy rel_l2=0.000275436584 max_abs=6.5920176e-08
ANVIL parameter shadow rel_l2=0.000165047755 max_abs=0.000158205628
ANVIL equalized update rel_l2=0.00524073216 max_abs=0.00219726562
ANVIL lane energy rel_l2=0.000253169891 max_abs=6.40502549e-08
ANVIL parameter shadow rel_l2=0.000177802524 max_abs=0.000197754009
ANVIL equalized update rel_l2=0.00531620766 max_abs=0.00219726562
ANVIL lane energy rel_l2=0.000251411742 max_abs=6.28642738e-08
ANVIL parameter shadow rel_l2=0.000198304492 max_abs=0.000217530876
ANVIL step=2
ANVIL equalized update rel_l2=0.00410800777 max_abs=0.00146484375
ANVIL lane energy rel_l2=0.000252270706 max_abs=3.1341915e-07
ANVIL parameter shadow rel_l2=1.18629854e-05 max_abs=5.85988164e-06
ANVIL equalized update rel_l2=0.00443405342 max_abs=0.001953125
ANVIL lane energy rel_l2=0.000323915778 max_abs=4.58210707e-07
ANVIL parameter shadow rel_l2=2.56688849e-05 max_abs=1.56275928e-05
ANVIL equalized update rel_l2=0.00448807553 max_abs=0.001953125
ANVIL lane energy rel_l2=0.000288009494 max_abs=4.44008037e-07
ANVIL parameter shadow rel_l2=3.88540801e-05 max_abs=2.34376639e-05
ANVIL equalized update rel_l2=0.0043787578 max_abs=0.00146484375
ANVIL lane energy rel_l2=0.000264370359 max_abs=3.94298695e-07
ANVIL parameter shadow rel_l2=5.0491984e-05 max_abs=2.34395266e-05
ANVIL equalized update rel_l2=0.00436917641 max_abs=0.001953125
ANVIL lane energy rel_l2=0.000285954948 max_abs=4.83851181e-07
ANVIL parameter shadow rel_l2=6.30380377e-05 max_abs=3.90633941e-05
ANVIL equalized update rel_l2=0.0043544259 max_abs=0.001953125
ANVIL lane energy rel_l2=0.000268022572 max_abs=3.88856279e-07
ANVIL parameter shadow rel_l2=7.53862583e-05 max_abs=4.68753278e-05
ANVIL equalized update rel_l2=0.00398274891 max_abs=0.00146484375
ANVIL lane energy rel_l2=0.000837379602 max_abs=1.65388337e-06
ANVIL parameter shadow rel_l2=7.87020466e-05 max_abs=4.10228968e-05
ANVIL equalized update rel_l2=0.00408520355 max_abs=0.00146484375
ANVIL lane energy rel_l2=0.000858471038 max_abs=1.67434337e-06
ANVIL parameter shadow rel_l2=9.22964204e-05 max_abs=4.68753278e-05
ANVIL equalized update rel_l2=0.00450423806 max_abs=0.00219726562
ANVIL lane energy rel_l2=0.000155661544 max_abs=6.23258529e-08
ANVIL parameter shadow rel_l2=6.11525171e-05 max_abs=7.90953636e-05
ANVIL equalized update rel_l2=0.00438480744 max_abs=0.00219726562
ANVIL lane energy rel_l2=0.000150575515 max_abs=6.00048224e-08
ANVIL parameter shadow rel_l2=6.61674267e-05 max_abs=8.7890774e-05
ANVIL equalized update rel_l2=0.00428615935 max_abs=0.00219726562
ANVIL lane energy rel_l2=0.00014618567 max_abs=5.1673851e-08
ANVIL parameter shadow rel_l2=7.11041009e-05 max_abs=9.66796651e-05
ANVIL timing_workers=132
ANVIL persistent+reset repeated_steps median_ms=16.233889 samples_ms= 16.414240 16.369024 16.537249 15.582176 16.126753 15.510688 15.963104 16.341024 15.916672 16.430944
ANVIL timing_workers=264
ANVIL persistent+reset repeated_steps median_ms=10.972032 samples_ms= 10.884544 11.433440 9.934304 9.982080 10.830688 11.417952 11.157312 10.491104 11.407104 11.059520
ANVIL timing_workers=528
ANVIL persistent+reset repeated_steps median_ms=9.170848 samples_ms= 9.058368 9.655808 9.004800 9.654368 9.094048 9.247648 8.976832 9.945376 9.085408 9.692960
ANVIL separate repeated_steps median_ms=16.142272 samples_ms= 16.131329 16.064352 16.067104 16.083040 16.154207 16.174528 16.052223 16.157024 16.153215 16.237633
ANVIL serial CUDA-graph repeated_steps median_ms=15.800608 samples_ms= 15.802016 15.760736 15.848832 15.801440 15.743008 15.799776 15.826336 15.754880 15.796960 15.826752
ANVIL concurrent CUDA-graph repeated_steps median_ms=4.274416 samples_ms= 4.265152 4.293088 4.253344 4.278432 4.270400 4.284448 4.278944 4.302176 4.255456 4.266176
ANVIL PASS: independent numerical oracle, exact state update, task visits, staged/production/all-family replay

$ make -C /workspace/cuda sanitize BIN=anvil CHECK_FLAGS=
make: Entering directory '/workspace/cuda'
compute-sanitizer --tool memcheck --error-exitcode 1 ./anvil --quick 
========= COMPUTE-SANITIZER
GPU[0]=NVIDIA H100 80GB HBM3 SMs=132 runtime=12080
ANVIL idle_ns=1024
ANVIL batch=3 workers=3 pattern=0
ANVIL matrix rows=17 cols=33 split=0
ANVIL matrix rows=33 cols=17 split=0
ANVIL matrix rows=17 cols=17 split=0
ANVIL tasks=152 dependencies=69 roots=3 products=54
ANVIL step=0
ANVIL equalized update rel_l2=0 max_abs=0
ANVIL lane energy rel_l2=5.20318378e-08 max_abs=4.65661287e-10
ANVIL parameter shadow rel_l2=0 max_abs=0
ANVIL equalized update rel_l2=0 max_abs=0
ANVIL lane energy rel_l2=2.93558859e-08 max_abs=4.65661287e-10
ANVIL parameter shadow rel_l2=0 max_abs=0
ANVIL equalized update rel_l2=0 max_abs=0
ANVIL lane energy rel_l2=3.83463464e-08 max_abs=4.65661287e-10
ANVIL parameter shadow rel_l2=0 max_abs=0
ANVIL step=1
ANVIL equalized update rel_l2=0 max_abs=0
ANVIL lane energy rel_l2=2.74051453e-08 max_abs=4.65661287e-10
ANVIL parameter shadow rel_l2=0 max_abs=0
ANVIL equalized update rel_l2=0 max_abs=0
ANVIL lane energy rel_l2=3.09008785e-08 max_abs=4.65661287e-10
ANVIL parameter shadow rel_l2=0 max_abs=0
ANVIL equalized update rel_l2=0 max_abs=0
ANVIL lane energy rel_l2=0 max_abs=0
ANVIL parameter shadow rel_l2=0 max_abs=0
ANVIL step=2
ANVIL equalized update rel_l2=0 max_abs=0
ANVIL lane energy rel_l2=9.53933353e-09 max_abs=4.65661287e-10
ANVIL parameter shadow rel_l2=0 max_abs=0
ANVIL equalized update rel_l2=0 max_abs=0
ANVIL lane energy rel_l2=1.94294596e-08 max_abs=9.31322575e-10
ANVIL parameter shadow rel_l2=0 max_abs=0
ANVIL equalized update rel_l2=0.00817729591 max_abs=0.00634765625
ANVIL lane energy rel_l2=0.00228436415 max_abs=7.97100365e-05
ANVIL parameter shadow rel_l2=0.000451144754 max_abs=7.61672854e-05
ANVIL PASS: independent numerical oracle, exact state update, task visits, staged/production/all-family replay
ANVIL batch=1 workers=1 pattern=1
ANVIL matrix rows=31 cols=65 split=0
ANVIL tasks=98 dependencies=23 roots=2 products=18
ANVIL step=0
ANVIL equalized update rel_l2=0 max_abs=0
ANVIL lane energy rel_l2=0 max_abs=0
ANVIL parameter shadow rel_l2=0 max_abs=0
ANVIL step=1
ANVIL equalized update rel_l2=0 max_abs=0
ANVIL lane energy rel_l2=0 max_abs=0
ANVIL parameter shadow rel_l2=0 max_abs=0
ANVIL step=2
ANVIL equalized update rel_l2=0 max_abs=0
ANVIL lane energy rel_l2=0 max_abs=0
ANVIL parameter shadow rel_l2=0 max_abs=0
ANVIL PASS: independent numerical oracle, exact state update, task visits, staged/production/all-family replay
ANVIL RECIPE LIMITATION rows=1 cols=1 pattern=0: native and independent reference both produce 1/1 non-finite updates; no clamp applied
ANVIL RECIPE LIMITATION rows=17 cols=33 pattern=2: native and independent reference both produce 561/561 non-finite updates; no clamp applied
ANVIL equalized update rel_l2=0 max_abs=0
ANVIL lane energy rel_l2=0 max_abs=0
ANVIL parameter shadow rel_l2=0 max_abs=0
ANVIL batch=2 workers=17 pattern=0
ANVIL matrix rows=1024 cols=17 split=0
ANVIL matrix rows=1025 cols=17 split=1
ANVIL tasks=2381 dependencies=46 roots=35 products=36
ANVIL step=0
ANVIL equalized update rel_l2=0.000568586622 max_abs=0.00048828125
ANVIL lane energy rel_l2=0.000203256371 max_abs=3.80074198e-07
ANVIL parameter shadow rel_l2=8.14349317e-06 max_abs=1.12354755e-05
ANVIL equalized update rel_l2=0.00730047284 max_abs=0.00512695312
ANVIL lane energy rel_l2=0.00475073883 max_abs=7.20110256e-06
ANVIL parameter shadow rel_l2=0.00010538983 max_abs=0.000117920339
ANVIL step=1
ANVIL equalized update rel_l2=0.00500108127 max_abs=0.0009765625
ANVIL lane energy rel_l2=0.00180307109 max_abs=1.79035123e-06
ANVIL parameter shadow rel_l2=2.80408695e-05 max_abs=8.7916851e-06
ANVIL equalized update rel_l2=0 max_abs=0
ANVIL lane energy rel_l2=2.70510967e-08 max_abs=2.91038305e-11
ANVIL parameter shadow rel_l2=0 max_abs=0
ANVIL step=2
ANVIL equalized update rel_l2=0.000354944 max_abs=0.00048828125
ANVIL lane energy rel_l2=7.29807229e-05 max_abs=4.55795089e-07
ANVIL parameter shadow rel_l2=8.84623229e-07 max_abs=1.95391476e-06
ANVIL equalized update rel_l2=3.95125101e-05 max_abs=0.000122070312
ANVIL lane energy rel_l2=3.18696482e-06 max_abs=2.86090653e-08
ANVIL parameter shadow rel_l2=1.98715898e-07 max_abs=9.76026058e-07
ANVIL PASS: independent numerical oracle, exact state update, task visits, staged/production/all-family replay
========= ERROR SUMMARY: 0 errors
compute-sanitizer --tool initcheck --error-exitcode 1 ./anvil --quick 
========= COMPUTE-SANITIZER
GPU[0]=NVIDIA H100 80GB HBM3 SMs=132 runtime=12080
ANVIL idle_ns=1024
ANVIL batch=3 workers=3 pattern=0
ANVIL matrix rows=17 cols=33 split=0
ANVIL matrix rows=33 cols=17 split=0
ANVIL matrix rows=17 cols=17 split=0
ANVIL tasks=152 dependencies=69 roots=3 products=54
ANVIL step=0
ANVIL equalized update rel_l2=0 max_abs=0
ANVIL lane energy rel_l2=5.20318378e-08 max_abs=4.65661287e-10
ANVIL parameter shadow rel_l2=0 max_abs=0
ANVIL equalized update rel_l2=0 max_abs=0
ANVIL lane energy rel_l2=2.93558859e-08 max_abs=4.65661287e-10
ANVIL parameter shadow rel_l2=0 max_abs=0
ANVIL equalized update rel_l2=0 max_abs=0
ANVIL lane energy rel_l2=3.83463464e-08 max_abs=4.65661287e-10
ANVIL parameter shadow rel_l2=0 max_abs=0
ANVIL step=1
ANVIL equalized update rel_l2=0 max_abs=0
ANVIL lane energy rel_l2=2.74051453e-08 max_abs=4.65661287e-10
ANVIL parameter shadow rel_l2=0 max_abs=0
ANVIL equalized update rel_l2=0 max_abs=0
ANVIL lane energy rel_l2=3.09008785e-08 max_abs=4.65661287e-10
ANVIL parameter shadow rel_l2=0 max_abs=0
ANVIL equalized update rel_l2=0 max_abs=0
ANVIL lane energy rel_l2=0 max_abs=0
ANVIL parameter shadow rel_l2=0 max_abs=0
ANVIL step=2
ANVIL equalized update rel_l2=0 max_abs=0
ANVIL lane energy rel_l2=9.53933353e-09 max_abs=4.65661287e-10
ANVIL parameter shadow rel_l2=0 max_abs=0
ANVIL equalized update rel_l2=0 max_abs=0
ANVIL lane energy rel_l2=1.94294596e-08 max_abs=9.31322575e-10
ANVIL parameter shadow rel_l2=0 max_abs=0
ANVIL equalized update rel_l2=0.00817729591 max_abs=0.00634765625
ANVIL lane energy rel_l2=0.00228436415 max_abs=7.97100365e-05
ANVIL parameter shadow rel_l2=0.000451144754 max_abs=7.61672854e-05
ANVIL PASS: independent numerical oracle, exact state update, task visits, staged/production/all-family replay
ANVIL batch=1 workers=1 pattern=1
ANVIL matrix rows=31 cols=65 split=0
ANVIL tasks=98 dependencies=23 roots=2 products=18
ANVIL step=0
ANVIL equalized update rel_l2=0 max_abs=0
ANVIL lane energy rel_l2=0 max_abs=0
ANVIL parameter shadow rel_l2=0 max_abs=0
ANVIL step=1
ANVIL equalized update rel_l2=0 max_abs=0
ANVIL lane energy rel_l2=0 max_abs=0
ANVIL parameter shadow rel_l2=0 max_abs=0
ANVIL step=2
ANVIL equalized update rel_l2=0 max_abs=0
ANVIL lane energy rel_l2=0 max_abs=0
ANVIL parameter shadow rel_l2=0 max_abs=0
ANVIL PASS: independent numerical oracle, exact state update, task visits, staged/production/all-family replay
ANVIL RECIPE LIMITATION rows=1 cols=1 pattern=0: native and independent reference both produce 1/1 non-finite updates; no clamp applied
ANVIL RECIPE LIMITATION rows=17 cols=33 pattern=2: native and independent reference both produce 561/561 non-finite updates; no clamp applied
ANVIL equalized update rel_l2=0 max_abs=0
ANVIL lane energy rel_l2=0 max_abs=0
ANVIL parameter shadow rel_l2=0 max_abs=0
ANVIL batch=2 workers=17 pattern=0
ANVIL matrix rows=1024 cols=17 split=0
ANVIL matrix rows=1025 cols=17 split=1
ANVIL tasks=2381 dependencies=46 roots=35 products=36
ANVIL step=0
ANVIL equalized update rel_l2=0.000568586622 max_abs=0.00048828125
ANVIL lane energy rel_l2=0.000203256371 max_abs=3.80074198e-07
ANVIL parameter shadow rel_l2=8.14349317e-06 max_abs=1.12354755e-05
ANVIL equalized update rel_l2=0.00730047284 max_abs=0.00512695312
ANVIL lane energy rel_l2=0.00475073883 max_abs=7.20110256e-06
ANVIL parameter shadow rel_l2=0.00010538983 max_abs=0.000117920339
ANVIL step=1
ANVIL equalized update rel_l2=0.00500108127 max_abs=0.0009765625
ANVIL lane energy rel_l2=0.00180307109 max_abs=1.79035123e-06
ANVIL parameter shadow rel_l2=2.80408695e-05 max_abs=8.7916851e-06
ANVIL equalized update rel_l2=0 max_abs=0
ANVIL lane energy rel_l2=2.70510967e-08 max_abs=2.91038305e-11
ANVIL parameter shadow rel_l2=0 max_abs=0
ANVIL step=2
ANVIL equalized update rel_l2=0.000354944 max_abs=0.00048828125
ANVIL lane energy rel_l2=7.29807229e-05 max_abs=4.55795089e-07
ANVIL parameter shadow rel_l2=8.84623229e-07 max_abs=1.95391476e-06
ANVIL equalized update rel_l2=3.95125101e-05 max_abs=0.000122070312
ANVIL lane energy rel_l2=3.18696482e-06 max_abs=2.86090653e-08
ANVIL parameter shadow rel_l2=1.98715898e-07 max_abs=9.76026058e-07
ANVIL PASS: independent numerical oracle, exact state update, task visits, staged/production/all-family replay
========= ERROR SUMMARY: 0 errors
compute-sanitizer --tool racecheck --error-exitcode 1 ./anvil --quick 
========= COMPUTE-SANITIZER
GPU[0]=NVIDIA H100 80GB HBM3 SMs=132 runtime=12080
ANVIL idle_ns=1024
ANVIL batch=3 workers=3 pattern=0
ANVIL matrix rows=17 cols=33 split=0
ANVIL matrix rows=33 cols=17 split=0
ANVIL matrix rows=17 cols=17 split=0
ANVIL tasks=152 dependencies=69 roots=3 products=54
ANVIL step=0
ANVIL equalized update rel_l2=0 max_abs=0
ANVIL lane energy rel_l2=5.20318378e-08 max_abs=4.65661287e-10
ANVIL parameter shadow rel_l2=0 max_abs=0
ANVIL equalized update rel_l2=0 max_abs=0
ANVIL lane energy rel_l2=2.93558859e-08 max_abs=4.65661287e-10
ANVIL parameter shadow rel_l2=0 max_abs=0
ANVIL equalized update rel_l2=0 max_abs=0
ANVIL lane energy rel_l2=3.83463464e-08 max_abs=4.65661287e-10
ANVIL parameter shadow rel_l2=0 max_abs=0
ANVIL step=1
ANVIL equalized update rel_l2=0 max_abs=0
ANVIL lane energy rel_l2=2.74051453e-08 max_abs=4.65661287e-10
ANVIL parameter shadow rel_l2=0 max_abs=0
ANVIL equalized update rel_l2=0 max_abs=0
ANVIL lane energy rel_l2=3.09008785e-08 max_abs=4.65661287e-10
ANVIL parameter shadow rel_l2=0 max_abs=0
ANVIL equalized update rel_l2=0 max_abs=0
ANVIL lane energy rel_l2=0 max_abs=0
ANVIL parameter shadow rel_l2=0 max_abs=0
ANVIL step=2
ANVIL equalized update rel_l2=0 max_abs=0
ANVIL lane energy rel_l2=9.53933353e-09 max_abs=4.65661287e-10
ANVIL parameter shadow rel_l2=0 max_abs=0
ANVIL equalized update rel_l2=0 max_abs=0
ANVIL lane energy rel_l2=1.94294596e-08 max_abs=9.31322575e-10
ANVIL parameter shadow rel_l2=0 max_abs=0
ANVIL equalized update rel_l2=0.00817729591 max_abs=0.00634765625
ANVIL lane energy rel_l2=0.00228436415 max_abs=7.97100365e-05
ANVIL parameter shadow rel_l2=0.000451144754 max_abs=7.61672854e-05
ANVIL PASS: independent numerical oracle, exact state update, task visits, staged/production/all-family replay
ANVIL batch=1 workers=1 pattern=1
ANVIL matrix rows=31 cols=65 split=0
ANVIL tasks=98 dependencies=23 roots=2 products=18
ANVIL step=0
ANVIL equalized update rel_l2=0 max_abs=0
ANVIL lane energy rel_l2=0 max_abs=0
ANVIL parameter shadow rel_l2=0 max_abs=0
ANVIL step=1
ANVIL equalized update rel_l2=0 max_abs=0
ANVIL lane energy rel_l2=0 max_abs=0
ANVIL parameter shadow rel_l2=0 max_abs=0
ANVIL step=2
ANVIL equalized update rel_l2=0 max_abs=0
ANVIL lane energy rel_l2=0 max_abs=0
ANVIL parameter shadow rel_l2=0 max_abs=0
ANVIL PASS: independent numerical oracle, exact state update, task visits, staged/production/all-family replay
ANVIL RECIPE LIMITATION rows=1 cols=1 pattern=0: native and independent reference both produce 1/1 non-finite updates; no clamp applied
ANVIL RECIPE LIMITATION rows=17 cols=33 pattern=2: native and independent reference both produce 561/561 non-finite updates; no clamp applied
ANVIL equalized update rel_l2=0 max_abs=0
ANVIL lane energy rel_l2=0 max_abs=0
ANVIL parameter shadow rel_l2=0 max_abs=0
ANVIL batch=2 workers=17 pattern=0
ANVIL matrix rows=1024 cols=17 split=0
ANVIL matrix rows=1025 cols=17 split=1
ANVIL tasks=2381 dependencies=46 roots=35 products=36
ANVIL step=0
ANVIL equalized update rel_l2=0.000568586622 max_abs=0.00048828125
ANVIL lane energy rel_l2=0.000203256371 max_abs=3.80074198e-07
ANVIL parameter shadow rel_l2=8.14349317e-06 max_abs=1.12354755e-05
ANVIL equalized update rel_l2=0.00730047284 max_abs=0.00512695312
ANVIL lane energy rel_l2=0.00475073883 max_abs=7.20110256e-06
ANVIL parameter shadow rel_l2=0.00010538983 max_abs=0.000117920339
ANVIL step=1
ANVIL equalized update rel_l2=0.00500108127 max_abs=0.0009765625
ANVIL lane energy rel_l2=0.00180307109 max_abs=1.79035123e-06
ANVIL parameter shadow rel_l2=2.80408695e-05 max_abs=8.7916851e-06
ANVIL equalized update rel_l2=0 max_abs=0
ANVIL lane energy rel_l2=2.70510967e-08 max_abs=2.91038305e-11
ANVIL parameter shadow rel_l2=0 max_abs=0
ANVIL step=2
ANVIL equalized update rel_l2=0.000354944 max_abs=0.00048828125
ANVIL lane energy rel_l2=7.29807229e-05 max_abs=4.55795089e-07
ANVIL parameter shadow rel_l2=8.84623229e-07 max_abs=1.95391476e-06
ANVIL equalized update rel_l2=3.95125101e-05 max_abs=0.000122070312
ANVIL lane energy rel_l2=3.18696482e-06 max_abs=2.86090653e-08
ANVIL parameter shadow rel_l2=1.98715898e-07 max_abs=9.76026058e-07
ANVIL PASS: independent numerical oracle, exact state update, task visits, staged/production/all-family replay
========= RACECHECK SUMMARY: 0 hazards displayed (0 errors, 0 warnings)
compute-sanitizer --tool synccheck --error-exitcode 1 ./anvil --quick 
========= COMPUTE-SANITIZER
GPU[0]=NVIDIA H100 80GB HBM3 SMs=132 runtime=12080
ANVIL idle_ns=1024
ANVIL batch=3 workers=3 pattern=0
ANVIL matrix rows=17 cols=33 split=0
ANVIL matrix rows=33 cols=17 split=0
ANVIL matrix rows=17 cols=17 split=0
ANVIL tasks=152 dependencies=69 roots=3 products=54
ANVIL step=0
ANVIL equalized update rel_l2=0 max_abs=0
ANVIL lane energy rel_l2=5.20318378e-08 max_abs=4.65661287e-10
ANVIL parameter shadow rel_l2=0 max_abs=0
ANVIL equalized update rel_l2=0 max_abs=0
ANVIL lane energy rel_l2=2.93558859e-08 max_abs=4.65661287e-10
ANVIL parameter shadow rel_l2=0 max_abs=0
ANVIL equalized update rel_l2=0 max_abs=0
ANVIL lane energy rel_l2=3.83463464e-08 max_abs=4.65661287e-10
ANVIL parameter shadow rel_l2=0 max_abs=0
ANVIL step=1
ANVIL equalized update rel_l2=0 max_abs=0
ANVIL lane energy rel_l2=2.74051453e-08 max_abs=4.65661287e-10
ANVIL parameter shadow rel_l2=0 max_abs=0
ANVIL equalized update rel_l2=0 max_abs=0
ANVIL lane energy rel_l2=3.09008785e-08 max_abs=4.65661287e-10
ANVIL parameter shadow rel_l2=0 max_abs=0
ANVIL equalized update rel_l2=0 max_abs=0
ANVIL lane energy rel_l2=0 max_abs=0
ANVIL parameter shadow rel_l2=0 max_abs=0
ANVIL step=2
ANVIL equalized update rel_l2=0 max_abs=0
ANVIL lane energy rel_l2=9.53933353e-09 max_abs=4.65661287e-10
ANVIL parameter shadow rel_l2=0 max_abs=0
ANVIL equalized update rel_l2=0 max_abs=0
ANVIL lane energy rel_l2=1.94294596e-08 max_abs=9.31322575e-10
ANVIL parameter shadow rel_l2=0 max_abs=0
ANVIL equalized update rel_l2=0.00817729591 max_abs=0.00634765625
ANVIL lane energy rel_l2=0.00228436415 max_abs=7.97100365e-05
ANVIL parameter shadow rel_l2=0.000451144754 max_abs=7.61672854e-05
ANVIL PASS: independent numerical oracle, exact state update, task visits, staged/production/all-family replay
ANVIL batch=1 workers=1 pattern=1
ANVIL matrix rows=31 cols=65 split=0
ANVIL tasks=98 dependencies=23 roots=2 products=18
ANVIL step=0
ANVIL equalized update rel_l2=0 max_abs=0
ANVIL lane energy rel_l2=0 max_abs=0
ANVIL parameter shadow rel_l2=0 max_abs=0
ANVIL step=1
ANVIL equalized update rel_l2=0 max_abs=0
ANVIL lane energy rel_l2=0 max_abs=0
ANVIL parameter shadow rel_l2=0 max_abs=0
ANVIL step=2
ANVIL equalized update rel_l2=0 max_abs=0
ANVIL lane energy rel_l2=0 max_abs=0
ANVIL parameter shadow rel_l2=0 max_abs=0
ANVIL PASS: independent numerical oracle, exact state update, task visits, staged/production/all-family replay
ANVIL RECIPE LIMITATION rows=1 cols=1 pattern=0: native and independent reference both produce 1/1 non-finite updates; no clamp applied
ANVIL RECIPE LIMITATION rows=17 cols=33 pattern=2: native and independent reference both produce 561/561 non-finite updates; no clamp applied
ANVIL equalized update rel_l2=0 max_abs=0
ANVIL lane energy rel_l2=0 max_abs=0
ANVIL parameter shadow rel_l2=0 max_abs=0
ANVIL batch=2 workers=17 pattern=0
ANVIL matrix rows=1024 cols=17 split=0
ANVIL matrix rows=1025 cols=17 split=1
ANVIL tasks=2381 dependencies=46 roots=35 products=36
ANVIL step=0
ANVIL equalized update rel_l2=0.000568586622 max_abs=0.00048828125
ANVIL lane energy rel_l2=0.000203256371 max_abs=3.80074198e-07
ANVIL parameter shadow rel_l2=8.14349317e-06 max_abs=1.12354755e-05
ANVIL equalized update rel_l2=0.00730047284 max_abs=0.00512695312
ANVIL lane energy rel_l2=0.00475073883 max_abs=7.20110256e-06
ANVIL parameter shadow rel_l2=0.00010538983 max_abs=0.000117920339
ANVIL step=1
ANVIL equalized update rel_l2=0.00500108127 max_abs=0.0009765625
ANVIL lane energy rel_l2=0.00180307109 max_abs=1.79035123e-06
ANVIL parameter shadow rel_l2=2.80408695e-05 max_abs=8.7916851e-06
ANVIL equalized update rel_l2=0 max_abs=0
ANVIL lane energy rel_l2=2.70510967e-08 max_abs=2.91038305e-11
ANVIL parameter shadow rel_l2=0 max_abs=0
ANVIL step=2
ANVIL equalized update rel_l2=0.000354944 max_abs=0.00048828125
ANVIL lane energy rel_l2=7.29807229e-05 max_abs=4.55795089e-07
ANVIL parameter shadow rel_l2=8.84623229e-07 max_abs=1.95391476e-06
ANVIL equalized update rel_l2=3.95125101e-05 max_abs=0.000122070312
ANVIL lane energy rel_l2=3.18696482e-06 max_abs=2.86090653e-08
ANVIL parameter shadow rel_l2=1.98715898e-07 max_abs=9.76026058e-07
ANVIL PASS: independent numerical oracle, exact state update, task visits, staged/production/all-family replay
========= ERROR SUMMARY: 0 errors
make: Leaving directory '/workspace/cuda'

$ make -C /workspace/cuda sanitize BIN=anvil_idle64 CHECK_FLAGS=
make: Entering directory '/workspace/cuda'
compute-sanitizer --tool memcheck --error-exitcode 1 ./anvil_idle64 --quick 
========= COMPUTE-SANITIZER
GPU[0]=NVIDIA H100 80GB HBM3 SMs=132 runtime=12080
ANVIL idle_ns=64
ANVIL batch=3 workers=3 pattern=0
ANVIL matrix rows=17 cols=33 split=0
ANVIL matrix rows=33 cols=17 split=0
ANVIL matrix rows=17 cols=17 split=0
ANVIL tasks=152 dependencies=69 roots=3 products=54
ANVIL step=0
ANVIL equalized update rel_l2=0 max_abs=0
ANVIL lane energy rel_l2=5.20318378e-08 max_abs=4.65661287e-10
ANVIL parameter shadow rel_l2=0 max_abs=0
ANVIL equalized update rel_l2=0 max_abs=0
ANVIL lane energy rel_l2=2.93558859e-08 max_abs=4.65661287e-10
ANVIL parameter shadow rel_l2=0 max_abs=0
ANVIL equalized update rel_l2=0 max_abs=0
ANVIL lane energy rel_l2=3.83463464e-08 max_abs=4.65661287e-10
ANVIL parameter shadow rel_l2=0 max_abs=0
ANVIL step=1
ANVIL equalized update rel_l2=0 max_abs=0
ANVIL lane energy rel_l2=2.74051453e-08 max_abs=4.65661287e-10
ANVIL parameter shadow rel_l2=0 max_abs=0
ANVIL equalized update rel_l2=0 max_abs=0
ANVIL lane energy rel_l2=3.09008785e-08 max_abs=4.65661287e-10
ANVIL parameter shadow rel_l2=0 max_abs=0
ANVIL equalized update rel_l2=0 max_abs=0
ANVIL lane energy rel_l2=0 max_abs=0
ANVIL parameter shadow rel_l2=0 max_abs=0
ANVIL step=2
ANVIL equalized update rel_l2=0 max_abs=0
ANVIL lane energy rel_l2=9.53933353e-09 max_abs=4.65661287e-10
ANVIL parameter shadow rel_l2=0 max_abs=0
ANVIL equalized update rel_l2=0 max_abs=0
ANVIL lane energy rel_l2=1.94294596e-08 max_abs=9.31322575e-10
ANVIL parameter shadow rel_l2=0 max_abs=0
ANVIL equalized update rel_l2=0.00817729591 max_abs=0.00634765625
ANVIL lane energy rel_l2=0.00228436415 max_abs=7.97100365e-05
ANVIL parameter shadow rel_l2=0.000451144754 max_abs=7.61672854e-05
ANVIL PASS: independent numerical oracle, exact state update, task visits, staged/production/all-family replay
ANVIL batch=1 workers=1 pattern=1
ANVIL matrix rows=31 cols=65 split=0
ANVIL tasks=98 dependencies=23 roots=2 products=18
ANVIL step=0
ANVIL equalized update rel_l2=0 max_abs=0
ANVIL lane energy rel_l2=0 max_abs=0
ANVIL parameter shadow rel_l2=0 max_abs=0
ANVIL step=1
ANVIL equalized update rel_l2=0 max_abs=0
ANVIL lane energy rel_l2=0 max_abs=0
ANVIL parameter shadow rel_l2=0 max_abs=0
ANVIL step=2
ANVIL equalized update rel_l2=0 max_abs=0
ANVIL lane energy rel_l2=0 max_abs=0
ANVIL parameter shadow rel_l2=0 max_abs=0
ANVIL PASS: independent numerical oracle, exact state update, task visits, staged/production/all-family replay
ANVIL RECIPE LIMITATION rows=1 cols=1 pattern=0: native and independent reference both produce 1/1 non-finite updates; no clamp applied
ANVIL RECIPE LIMITATION rows=17 cols=33 pattern=2: native and independent reference both produce 561/561 non-finite updates; no clamp applied
ANVIL equalized update rel_l2=0 max_abs=0
ANVIL lane energy rel_l2=0 max_abs=0
ANVIL parameter shadow rel_l2=0 max_abs=0
ANVIL batch=2 workers=17 pattern=0
ANVIL matrix rows=1024 cols=17 split=0
ANVIL matrix rows=1025 cols=17 split=1
ANVIL tasks=2381 dependencies=46 roots=35 products=36
ANVIL step=0
ANVIL equalized update rel_l2=0.000568586622 max_abs=0.00048828125
ANVIL lane energy rel_l2=0.000203256371 max_abs=3.80074198e-07
ANVIL parameter shadow rel_l2=8.14349317e-06 max_abs=1.12354755e-05
ANVIL equalized update rel_l2=0.00730047284 max_abs=0.00512695312
ANVIL lane energy rel_l2=0.00475073883 max_abs=7.20110256e-06
ANVIL parameter shadow rel_l2=0.00010538983 max_abs=0.000117920339
ANVIL step=1
ANVIL equalized update rel_l2=0.00500108127 max_abs=0.0009765625
ANVIL lane energy rel_l2=0.00180307109 max_abs=1.79035123e-06
ANVIL parameter shadow rel_l2=2.80408695e-05 max_abs=8.7916851e-06
ANVIL equalized update rel_l2=0 max_abs=0
ANVIL lane energy rel_l2=2.70510967e-08 max_abs=2.91038305e-11
ANVIL parameter shadow rel_l2=0 max_abs=0
ANVIL step=2
ANVIL equalized update rel_l2=0.000354944 max_abs=0.00048828125
ANVIL lane energy rel_l2=7.29807229e-05 max_abs=4.55795089e-07
ANVIL parameter shadow rel_l2=8.84623229e-07 max_abs=1.95391476e-06
ANVIL equalized update rel_l2=3.95125101e-05 max_abs=0.000122070312
ANVIL lane energy rel_l2=3.18696482e-06 max_abs=2.86090653e-08
ANVIL parameter shadow rel_l2=1.98715898e-07 max_abs=9.76026058e-07
ANVIL PASS: independent numerical oracle, exact state update, task visits, staged/production/all-family replay
========= ERROR SUMMARY: 0 errors
compute-sanitizer --tool initcheck --error-exitcode 1 ./anvil_idle64 --quick 
========= COMPUTE-SANITIZER
GPU[0]=NVIDIA H100 80GB HBM3 SMs=132 runtime=12080
ANVIL idle_ns=64
ANVIL batch=3 workers=3 pattern=0
ANVIL matrix rows=17 cols=33 split=0
ANVIL matrix rows=33 cols=17 split=0
ANVIL matrix rows=17 cols=17 split=0
ANVIL tasks=152 dependencies=69 roots=3 products=54
ANVIL step=0
ANVIL equalized update rel_l2=0 max_abs=0
ANVIL lane energy rel_l2=5.20318378e-08 max_abs=4.65661287e-10
ANVIL parameter shadow rel_l2=0 max_abs=0
ANVIL equalized update rel_l2=0 max_abs=0
ANVIL lane energy rel_l2=2.93558859e-08 max_abs=4.65661287e-10
ANVIL parameter shadow rel_l2=0 max_abs=0
ANVIL equalized update rel_l2=0 max_abs=0
ANVIL lane energy rel_l2=3.83463464e-08 max_abs=4.65661287e-10
ANVIL parameter shadow rel_l2=0 max_abs=0
ANVIL step=1
ANVIL equalized update rel_l2=0 max_abs=0
ANVIL lane energy rel_l2=2.74051453e-08 max_abs=4.65661287e-10
ANVIL parameter shadow rel_l2=0 max_abs=0
ANVIL equalized update rel_l2=0 max_abs=0
ANVIL lane energy rel_l2=3.09008785e-08 max_abs=4.65661287e-10
ANVIL parameter shadow rel_l2=0 max_abs=0
ANVIL equalized update rel_l2=0 max_abs=0
ANVIL lane energy rel_l2=0 max_abs=0
ANVIL parameter shadow rel_l2=0 max_abs=0
ANVIL step=2
ANVIL equalized update rel_l2=0 max_abs=0
ANVIL lane energy rel_l2=9.53933353e-09 max_abs=4.65661287e-10
ANVIL parameter shadow rel_l2=0 max_abs=0
ANVIL equalized update rel_l2=0 max_abs=0
ANVIL lane energy rel_l2=1.94294596e-08 max_abs=9.31322575e-10
ANVIL parameter shadow rel_l2=0 max_abs=0
ANVIL equalized update rel_l2=0.00817729591 max_abs=0.00634765625
ANVIL lane energy rel_l2=0.00228436415 max_abs=7.97100365e-05
ANVIL parameter shadow rel_l2=0.000451144754 max_abs=7.61672854e-05
ANVIL PASS: independent numerical oracle, exact state update, task visits, staged/production/all-family replay
ANVIL batch=1 workers=1 pattern=1
ANVIL matrix rows=31 cols=65 split=0
ANVIL tasks=98 dependencies=23 roots=2 products=18
ANVIL step=0
ANVIL equalized update rel_l2=0 max_abs=0
ANVIL lane energy rel_l2=0 max_abs=0
ANVIL parameter shadow rel_l2=0 max_abs=0
ANVIL step=1
ANVIL equalized update rel_l2=0 max_abs=0
ANVIL lane energy rel_l2=0 max_abs=0
ANVIL parameter shadow rel_l2=0 max_abs=0
ANVIL step=2
ANVIL equalized update rel_l2=0 max_abs=0
ANVIL lane energy rel_l2=0 max_abs=0
ANVIL parameter shadow rel_l2=0 max_abs=0
ANVIL PASS: independent numerical oracle, exact state update, task visits, staged/production/all-family replay
ANVIL RECIPE LIMITATION rows=1 cols=1 pattern=0: native and independent reference both produce 1/1 non-finite updates; no clamp applied
ANVIL RECIPE LIMITATION rows=17 cols=33 pattern=2: native and independent reference both produce 561/561 non-finite updates; no clamp applied
ANVIL equalized update rel_l2=0 max_abs=0
ANVIL lane energy rel_l2=0 max_abs=0
ANVIL parameter shadow rel_l2=0 max_abs=0
ANVIL batch=2 workers=17 pattern=0
ANVIL matrix rows=1024 cols=17 split=0
ANVIL matrix rows=1025 cols=17 split=1
ANVIL tasks=2381 dependencies=46 roots=35 products=36
ANVIL step=0
ANVIL equalized update rel_l2=0.000568586622 max_abs=0.00048828125
ANVIL lane energy rel_l2=0.000203256371 max_abs=3.80074198e-07
ANVIL parameter shadow rel_l2=8.14349317e-06 max_abs=1.12354755e-05
ANVIL equalized update rel_l2=0.00730047284 max_abs=0.00512695312
ANVIL lane energy rel_l2=0.00475073883 max_abs=7.20110256e-06
ANVIL parameter shadow rel_l2=0.00010538983 max_abs=0.000117920339
ANVIL step=1
ANVIL equalized update rel_l2=0.00500108127 max_abs=0.0009765625
ANVIL lane energy rel_l2=0.00180307109 max_abs=1.79035123e-06
ANVIL parameter shadow rel_l2=2.80408695e-05 max_abs=8.7916851e-06
ANVIL equalized update rel_l2=0 max_abs=0
ANVIL lane energy rel_l2=2.70510967e-08 max_abs=2.91038305e-11
ANVIL parameter shadow rel_l2=0 max_abs=0
ANVIL step=2
ANVIL equalized update rel_l2=0.000354944 max_abs=0.00048828125
ANVIL lane energy rel_l2=7.29807229e-05 max_abs=4.55795089e-07
ANVIL parameter shadow rel_l2=8.84623229e-07 max_abs=1.95391476e-06
ANVIL equalized update rel_l2=3.95125101e-05 max_abs=0.000122070312
ANVIL lane energy rel_l2=3.18696482e-06 max_abs=2.86090653e-08
ANVIL parameter shadow rel_l2=1.98715898e-07 max_abs=9.76026058e-07
ANVIL PASS: independent numerical oracle, exact state update, task visits, staged/production/all-family replay
========= ERROR SUMMARY: 0 errors
compute-sanitizer --tool racecheck --error-exitcode 1 ./anvil_idle64 --quick 
========= COMPUTE-SANITIZER
GPU[0]=NVIDIA H100 80GB HBM3 SMs=132 runtime=12080
ANVIL idle_ns=64
ANVIL batch=3 workers=3 pattern=0
ANVIL matrix rows=17 cols=33 split=0
ANVIL matrix rows=33 cols=17 split=0
ANVIL matrix rows=17 cols=17 split=0
ANVIL tasks=152 dependencies=69 roots=3 products=54
ANVIL step=0
ANVIL equalized update rel_l2=0 max_abs=0
ANVIL lane energy rel_l2=5.20318378e-08 max_abs=4.65661287e-10
ANVIL parameter shadow rel_l2=0 max_abs=0
ANVIL equalized update rel_l2=0 max_abs=0
ANVIL lane energy rel_l2=2.93558859e-08 max_abs=4.65661287e-10
ANVIL parameter shadow rel_l2=0 max_abs=0
ANVIL equalized update rel_l2=0 max_abs=0
ANVIL lane energy rel_l2=3.83463464e-08 max_abs=4.65661287e-10
ANVIL parameter shadow rel_l2=0 max_abs=0
ANVIL step=1
ANVIL equalized update rel_l2=0 max_abs=0
ANVIL lane energy rel_l2=2.74051453e-08 max_abs=4.65661287e-10
ANVIL parameter shadow rel_l2=0 max_abs=0
ANVIL equalized update rel_l2=0 max_abs=0
ANVIL lane energy rel_l2=3.09008785e-08 max_abs=4.65661287e-10
ANVIL parameter shadow rel_l2=0 max_abs=0
ANVIL equalized update rel_l2=0 max_abs=0
ANVIL lane energy rel_l2=0 max_abs=0
ANVIL parameter shadow rel_l2=0 max_abs=0
ANVIL step=2
ANVIL equalized update rel_l2=0 max_abs=0
ANVIL lane energy rel_l2=9.53933353e-09 max_abs=4.65661287e-10
ANVIL parameter shadow rel_l2=0 max_abs=0
ANVIL equalized update rel_l2=0 max_abs=0
ANVIL lane energy rel_l2=1.94294596e-08 max_abs=9.31322575e-10
ANVIL parameter shadow rel_l2=0 max_abs=0
ANVIL equalized update rel_l2=0.00817729591 max_abs=0.00634765625
ANVIL lane energy rel_l2=0.00228436415 max_abs=7.97100365e-05
ANVIL parameter shadow rel_l2=0.000451144754 max_abs=7.61672854e-05
ANVIL PASS: independent numerical oracle, exact state update, task visits, staged/production/all-family replay
ANVIL batch=1 workers=1 pattern=1
ANVIL matrix rows=31 cols=65 split=0
ANVIL tasks=98 dependencies=23 roots=2 products=18
ANVIL step=0
ANVIL equalized update rel_l2=0 max_abs=0
ANVIL lane energy rel_l2=0 max_abs=0
ANVIL parameter shadow rel_l2=0 max_abs=0
ANVIL step=1
ANVIL equalized update rel_l2=0 max_abs=0
ANVIL lane energy rel_l2=0 max_abs=0
ANVIL parameter shadow rel_l2=0 max_abs=0
ANVIL step=2
ANVIL equalized update rel_l2=0 max_abs=0
ANVIL lane energy rel_l2=0 max_abs=0
ANVIL parameter shadow rel_l2=0 max_abs=0
ANVIL PASS: independent numerical oracle, exact state update, task visits, staged/production/all-family replay
ANVIL RECIPE LIMITATION rows=1 cols=1 pattern=0: native and independent reference both produce 1/1 non-finite updates; no clamp applied
ANVIL RECIPE LIMITATION rows=17 cols=33 pattern=2: native and independent reference both produce 561/561 non-finite updates; no clamp applied
ANVIL equalized update rel_l2=0 max_abs=0
ANVIL lane energy rel_l2=0 max_abs=0
ANVIL parameter shadow rel_l2=0 max_abs=0
ANVIL batch=2 workers=17 pattern=0
ANVIL matrix rows=1024 cols=17 split=0
ANVIL matrix rows=1025 cols=17 split=1
ANVIL tasks=2381 dependencies=46 roots=35 products=36
ANVIL step=0
ANVIL equalized update rel_l2=0.000568586622 max_abs=0.00048828125
ANVIL lane energy rel_l2=0.000203256371 max_abs=3.80074198e-07
ANVIL parameter shadow rel_l2=8.14349317e-06 max_abs=1.12354755e-05
ANVIL equalized update rel_l2=0.00730047284 max_abs=0.00512695312
ANVIL lane energy rel_l2=0.00475073883 max_abs=7.20110256e-06
ANVIL parameter shadow rel_l2=0.00010538983 max_abs=0.000117920339
ANVIL step=1
ANVIL equalized update rel_l2=0.00500108127 max_abs=0.0009765625
ANVIL lane energy rel_l2=0.00180307109 max_abs=1.79035123e-06
ANVIL parameter shadow rel_l2=2.80408695e-05 max_abs=8.7916851e-06
ANVIL equalized update rel_l2=0 max_abs=0
ANVIL lane energy rel_l2=2.70510967e-08 max_abs=2.91038305e-11
ANVIL parameter shadow rel_l2=0 max_abs=0
ANVIL step=2
ANVIL equalized update rel_l2=0.000354944 max_abs=0.00048828125
ANVIL lane energy rel_l2=7.29807229e-05 max_abs=4.55795089e-07
ANVIL parameter shadow rel_l2=8.84623229e-07 max_abs=1.95391476e-06
ANVIL equalized update rel_l2=3.95125101e-05 max_abs=0.000122070312
ANVIL lane energy rel_l2=3.18696482e-06 max_abs=2.86090653e-08
ANVIL parameter shadow rel_l2=1.98715898e-07 max_abs=9.76026058e-07
ANVIL PASS: independent numerical oracle, exact state update, task visits, staged/production/all-family replay
========= RACECHECK SUMMARY: 0 hazards displayed (0 errors, 0 warnings)
compute-sanitizer --tool synccheck --error-exitcode 1 ./anvil_idle64 --quick 
========= COMPUTE-SANITIZER
GPU[0]=NVIDIA H100 80GB HBM3 SMs=132 runtime=12080
ANVIL idle_ns=64
ANVIL batch=3 workers=3 pattern=0
ANVIL matrix rows=17 cols=33 split=0
ANVIL matrix rows=33 cols=17 split=0
ANVIL matrix rows=17 cols=17 split=0
ANVIL tasks=152 dependencies=69 roots=3 products=54
ANVIL step=0
ANVIL equalized update rel_l2=0 max_abs=0
ANVIL lane energy rel_l2=5.20318378e-08 max_abs=4.65661287e-10
ANVIL parameter shadow rel_l2=0 max_abs=0
ANVIL equalized update rel_l2=0 max_abs=0
ANVIL lane energy rel_l2=2.93558859e-08 max_abs=4.65661287e-10
ANVIL parameter shadow rel_l2=0 max_abs=0
ANVIL equalized update rel_l2=0 max_abs=0
ANVIL lane energy rel_l2=3.83463464e-08 max_abs=4.65661287e-10
ANVIL parameter shadow rel_l2=0 max_abs=0
ANVIL step=1
ANVIL equalized update rel_l2=0 max_abs=0
ANVIL lane energy rel_l2=2.74051453e-08 max_abs=4.65661287e-10
ANVIL parameter shadow rel_l2=0 max_abs=0
ANVIL equalized update rel_l2=0 max_abs=0
ANVIL lane energy rel_l2=3.09008785e-08 max_abs=4.65661287e-10
ANVIL parameter shadow rel_l2=0 max_abs=0
ANVIL equalized update rel_l2=0 max_abs=0
ANVIL lane energy rel_l2=0 max_abs=0
ANVIL parameter shadow rel_l2=0 max_abs=0
ANVIL step=2
ANVIL equalized update rel_l2=0 max_abs=0
ANVIL lane energy rel_l2=9.53933353e-09 max_abs=4.65661287e-10
ANVIL parameter shadow rel_l2=0 max_abs=0
ANVIL equalized update rel_l2=0 max_abs=0
ANVIL lane energy rel_l2=1.94294596e-08 max_abs=9.31322575e-10
ANVIL parameter shadow rel_l2=0 max_abs=0
ANVIL equalized update rel_l2=0.00817729591 max_abs=0.00634765625
ANVIL lane energy rel_l2=0.00228436415 max_abs=7.97100365e-05
ANVIL parameter shadow rel_l2=0.000451144754 max_abs=7.61672854e-05
ANVIL PASS: independent numerical oracle, exact state update, task visits, staged/production/all-family replay
ANVIL batch=1 workers=1 pattern=1
ANVIL matrix rows=31 cols=65 split=0
ANVIL tasks=98 dependencies=23 roots=2 products=18
ANVIL step=0
ANVIL equalized update rel_l2=0 max_abs=0
ANVIL lane energy rel_l2=0 max_abs=0
ANVIL parameter shadow rel_l2=0 max_abs=0
ANVIL step=1
ANVIL equalized update rel_l2=0 max_abs=0
ANVIL lane energy rel_l2=0 max_abs=0
ANVIL parameter shadow rel_l2=0 max_abs=0
ANVIL step=2
ANVIL equalized update rel_l2=0 max_abs=0
ANVIL lane energy rel_l2=0 max_abs=0
ANVIL parameter shadow rel_l2=0 max_abs=0
ANVIL PASS: independent numerical oracle, exact state update, task visits, staged/production/all-family replay
ANVIL RECIPE LIMITATION rows=1 cols=1 pattern=0: native and independent reference both produce 1/1 non-finite updates; no clamp applied
ANVIL RECIPE LIMITATION rows=17 cols=33 pattern=2: native and independent reference both produce 561/561 non-finite updates; no clamp applied
ANVIL equalized update rel_l2=0 max_abs=0
ANVIL lane energy rel_l2=0 max_abs=0
ANVIL parameter shadow rel_l2=0 max_abs=0
ANVIL batch=2 workers=17 pattern=0
ANVIL matrix rows=1024 cols=17 split=0
ANVIL matrix rows=1025 cols=17 split=1
ANVIL tasks=2381 dependencies=46 roots=35 products=36
ANVIL step=0
ANVIL equalized update rel_l2=0.000568586622 max_abs=0.00048828125
ANVIL lane energy rel_l2=0.000203256371 max_abs=3.80074198e-07
ANVIL parameter shadow rel_l2=8.14349317e-06 max_abs=1.12354755e-05
ANVIL equalized update rel_l2=0.00730047284 max_abs=0.00512695312
ANVIL lane energy rel_l2=0.00475073883 max_abs=7.20110256e-06
ANVIL parameter shadow rel_l2=0.00010538983 max_abs=0.000117920339
ANVIL step=1
ANVIL equalized update rel_l2=0.00500108127 max_abs=0.0009765625
ANVIL lane energy rel_l2=0.00180307109 max_abs=1.79035123e-06
ANVIL parameter shadow rel_l2=2.80408695e-05 max_abs=8.7916851e-06
ANVIL equalized update rel_l2=0 max_abs=0
ANVIL lane energy rel_l2=2.70510967e-08 max_abs=2.91038305e-11
ANVIL parameter shadow rel_l2=0 max_abs=0
ANVIL step=2
ANVIL equalized update rel_l2=0.000354944 max_abs=0.00048828125
ANVIL lane energy rel_l2=7.29807229e-05 max_abs=4.55795089e-07
ANVIL parameter shadow rel_l2=8.84623229e-07 max_abs=1.95391476e-06
ANVIL equalized update rel_l2=3.95125101e-05 max_abs=0.000122070312
ANVIL lane energy rel_l2=3.18696482e-06 max_abs=2.86090653e-08
ANVIL parameter shadow rel_l2=1.98715898e-07 max_abs=9.76026058e-07
ANVIL PASS: independent numerical oracle, exact state update, task visits, staged/production/all-family replay
========= ERROR SUMMARY: 0 errors
make: Leaving directory '/workspace/cuda'

Static SASS instruction counts for _ZN4nano10megakernelILb0ELb0ELb0ELb1ELb1EEEvNS_5GraphE: {'HMMA': 56, 'HGMMA': 0, 'LDGSTS': 56, 'LDL': 0, 'STL': 0}
Static SASS instruction counts for _ZN4nano10megakernelILb0ELb0ELb1ELb1ELb1EEEvNS_5GraphE: {'HMMA': 56, 'HGMMA': 0, 'LDGSTS': 56, 'LDL': 0, 'STL': 0}