sha256 80e0bcdd134dc9a03470470d9d1842cae12faba7a1be9346cff636fcc662c654 Makefile
sha256 489a50ab144cd30e1e42d2029754c92de2ef09a2051f1a6034f9fe840fc8d2c2 anvil.cu
sha256 1dc9217e8b64c5b061aff94ec81e26279bf1a64c9d3cc8386cc97568adc41936 anvil.cuh
sha256 96d97e1fdc6596c83415a4d0ceff7138686ea3c1aecf1c99b8d8f28d38690409 anvil_graph.cuh
sha256 5a55ce388ca131f3fcac75df07010da61a2899a0889e3f04028c49b655639607 attention.cu
sha256 d508c8dba1c9bb0384fccc9d21dc0ed3117602ec14e362e5bc81c49b46da4e9c attention.cuh
sha256 a8a2155c83ae275021b9cb0626865ae047eb205e067b710a6671d97ddc53633b attention_layer.cu
sha256 5e23df96de295a12c6770293bb3724e58ffee06f6310f0dbf43293c5c377ffac attention_layer.cuh
sha256 e43b134f524130c5fcc5b7ea3dfca072fed7dfcb72ff0957dbb0bd2e7d4f7733 attention_layer_reference.cuh
sha256 e8c9d493882f43781cb0cf48e1ae59a39c3d87f2901a33c07d3b52c30e092220 attention_post.cuh
sha256 7bae7cc6d4defc9026d5882b9e970dc184b2ff492d6735c7f67f40403dcfc239 attention_reference.cuh
sha256 a3be2ab6c64f030ca01f7d30c6a6bb7604b3bbe62257ba0aad9bb72bca232c76 bench.cuh
sha256 3a327d5ef9ea3edae662bc211e2b71004d14df3a3e77d7213b2192634768fc00 bf16.cu
sha256 6e99a879dfa2957f3ef9ba1bab8065f3a66191b157b6129b191b86265fd962f6 bf16_gemm.cuh
sha256 b6013fa23a801d8e288bf261029957d6931556cc18d7e7fc2de9974ad7887d6d embeddings.cuh
sha256 dd38c6d6039e09b954f14669ec4cd0877700ba1011719e8d784a5629f1a728d1 evaluation_head.cuh
sha256 ec94fd114bd2b8b97e2e890697973afe316a7ce5e2535476815f9db9e12a4778 evaluation_head_check.cuh
sha256 d4b3c092f09347b8d6cefd89d84d64bc7bea040a24b64c0dd8614fbfe7c8b621 frontier.cuh
sha256 75c4137f95d8b352fb02671ea4995ab6d8857390eb27d11479f7d6e628f02ce5 gates.cuh
sha256 6c7816f88d3635a7a72d3db3eb5fb7b09dd04f5350db0b76e7769ec0b570e361 hopper.cuh
sha256 03f93798ed7c4fef6721da3ee868fabe7a249db8af18b6615aef883682c91615 megakernel.cuh
sha256 650935fbe0799cec650ebe91331f83e58b23a3461c0a9df0f01a27a6dcebaec7 mlp_evaluation.cuh
sha256 abc976abdeaa14db113f1e1c880af4aa6b3399bb04b70e1f3718ac8abbc3d888 mlp_evaluation_check.cuh
sha256 960256e6097b5eb5a2a3e5505c14fabf62213b218441a16405ed0adceaa9ea9f model_evaluation.cuh
sha256 eafe6723a2b8a770528517590aa92e014ae315d4d9cbd9dea25bdd3139db22c4 model_evaluation_check.cuh
sha256 2cfe05bf690ca0783fddd52ff5337f292baff00fd328c5d851d55264aadddf36 qkv.cuh
sha256 cef57ceb07ba44e55effc962c75d7f96485a7f1b80a5555438c99016553708d9 quantize.cu
sha256 9075da55b9c101c83b3683c723f318808b2655b7b2b7219976b812520dc6deb2 routing.cu
sha256 ca484b3e8d99319779949171f011f533443b6cd387ad8d5459fdb676e072f33a routing.cuh
sha256 f2bff3dccf7c4d0f34cf0013fecc638bf73931d93eb069f5791551950ad2a43b tokenizer.cpp
sha256 6162af3343d30737858843abf1b3e930bee0e4af510aa75df73a810816d39da9 transport.cu
sha256 4c74b0dba9a3a754d4fff90f9cab402ed715067484f50079efdc703ddb8ef6fe validate.cu
$ nvidia-smi
Sat Sep 19 07:28:58 2026       
+-----------------------------------------------------------------------------------------+
| NVIDIA-SMI 580.95.05              Driver Version: 580.95.05      CUDA Version: 13.0     |
+-----------------------------------------+------------------------+----------------------+
| GPU  Name                 Persistence-M | Bus-Id          Disp.A | Volatile Uncorr. ECC |
| Fan  Temp   Perf          Pwr:Usage/Cap |           Memory-Usage | GPU-Util  Compute M. |
|                                         |                        |               MIG M. |
|=========================================+========================+======================|
|   0  NVIDIA H100 80GB HBM3          On  |   00000000:18:00.0 Off |                    0 |
| N/A   33C    P0             70W /  700W |       4MiB /  81559MiB |      0%      Default |
|                                         |                        |             Disabled |
+-----------------------------------------+------------------------+----------------------+

+-----------------------------------------------------------------------------------------+
| Processes:                                                                              |
|  GPU   GI   CI              PID   Type   Process name                        GPU Memory |
|        ID   ID                                                               Usage      |
|=========================================================================================|
|  No running processes found                                                             |
+-----------------------------------------------------------------------------------------+

$ nvcc --version
nvcc: NVIDIA (R) Cuda compiler driver
Copyright (c) 2005-2025 NVIDIA Corporation
Built on Fri_Feb_21_20:23:50_PST_2025
Cuda compilation tools, release 12.8, V12.8.93
Build cuda_12.8.r12.8/compiler.35583870_0

$ make -C /workspace/cuda bf16
make: Entering directory '/workspace/cuda'
nvcc -std=c++17 -O3 -arch=sm_90a -lineinfo -Xptxas=-v,-warn-spills -DNANO_TRANSPOSE_PAD=4 -DNANO_REUSE_QUANT=1 -DNANO_MIN_BLOCKS=4 -DNANO_ALIGNED=1 -DNANO_K_LOOP=1 -DNANO_FRONTIER=1 -DNANO_BF16_COALESCED=1 bf16.cu -lcublas -o bf16
ptxas info    : 0 bytes gmem
ptxas info    : Compiling entry function '_ZN4nano10megakernelILb0ELb0ELb1ELb1ELb0ELb0ELb0EEEvNS_5GraphE' for 'sm_90a'
ptxas info    : Function properties for _ZN4nano10megakernelILb0ELb0ELb1ELb1ELb0ELb0ELb0EEEvNS_5GraphE
    0 bytes stack frame, 0 bytes spill stores, 0 bytes spill loads
ptxas info    : Used 128 registers, used 1 barriers, 32776 bytes smem
ptxas info    : Compile time = 1219.721 ms
ptxas info    : Compiling entry function '_ZN4nano10megakernelILb0ELb0ELb0ELb1ELb0ELb0ELb0EEEvNS_5GraphE' for 'sm_90a'
ptxas info    : Function properties for _ZN4nano10megakernelILb0ELb0ELb0ELb1ELb0ELb0ELb0EEEvNS_5GraphE
    0 bytes stack frame, 0 bytes spill stores, 0 bytes spill loads
ptxas info    : Used 128 registers, used 1 barriers, 32776 bytes smem
ptxas info    : Compile time = 883.525 ms
ptxas info    : Compiling entry function '_ZN4nano10megakernelILb1ELb0ELb0ELb1ELb0ELb0ELb0EEEvNS_5GraphE' for 'sm_90a'
ptxas info    : Function properties for _ZN4nano10megakernelILb1ELb0ELb0ELb1ELb0ELb0ELb0EEEvNS_5GraphE
    0 bytes stack frame, 0 bytes spill stores, 0 bytes spill loads
ptxas info    : Used 128 registers, used 1 barriers, 32776 bytes smem
ptxas info    : Compile time = 881.380 ms
ptxas info    : Compiling entry function '_Z16reset_bf16_queuePiS_S_PKiii' for 'sm_90a'
ptxas info    : Function properties for _Z16reset_bf16_queuePiS_S_PKiii
    0 bytes stack frame, 0 bytes spill stores, 0 bytes spill loads
ptxas info    : Used 12 registers, used 0 barriers
ptxas info    : Compile time = 1.856 ms
ptxas info    : Compiling entry function '_Z11staged_bf16N4nano10BF16MatmulE' for 'sm_90a'
ptxas info    : Function properties for _Z11staged_bf16N4nano10BF16MatmulE
    0 bytes stack frame, 0 bytes spill stores, 0 bytes spill loads
ptxas info    : Used 128 registers, used 1 barriers, 32768 bytes smem
ptxas info    : Compile time = 730.617 ms
ptxas info    : Compiling entry function '_Z19reference_bf16_postN4nano10BF16MatmulEPf' for 'sm_90a'
ptxas info    : Function properties for _Z19reference_bf16_postN4nano10BF16MatmulEPf
    0 bytes stack frame, 0 bytes spill stores, 0 bytes spill loads
ptxas info    : Used 10 registers, used 0 barriers
ptxas info    : Compile time = 2.393 ms
ptxas info    : Compiling entry function '_Z11unpack_bf16N4nano10BF16MatmulEPfS1_' for 'sm_90a'
ptxas info    : Function properties for _Z11unpack_bf16N4nano10BF16MatmulEPfS1_
    0 bytes stack frame, 0 bytes spill stores, 0 bytes spill loads
ptxas info    : Used 22 registers, used 0 barriers
ptxas info    : Compile time = 9.715 ms
make: Leaving directory '/workspace/cuda'

$ /workspace/cuda/bf16
GPU[0]=NVIDIA H100 80GB HBM3 SMs=132 runtime=12080
BF16 resident_ctas_per_sm=4
BF16 shape M=1 N=1 K=1 trans_a=0 trans_b=0 b_scale=0.7 alpha=1 beta=0 split=1 symmetric=0 workers=1 offset=0
BF16 GEMM rel_l2=0 max_abs=0
BF16 shape M=7 N=17 K=33 trans_a=0 trans_b=1 b_scale=1 alpha=0.9 beta=0.3 split=0 symmetric=0 workers=7 offset=0
BF16 GEMM rel_l2=5.9289151e-08 max_abs=5.96046448e-08
BF16 shape M=7 N=17 K=33 trans_a=0 trans_b=0 b_scale=-0.37 alpha=0.9 beta=0.3 split=0 symmetric=0 workers=1 offset=0
BF16 GEMM rel_l2=6.99287322e-08 max_abs=5.96046448e-08
BF16 shape M=7 N=17 K=33 trans_a=1 trans_b=0 b_scale=-0.37 alpha=0.9 beta=0.3 split=1 symmetric=0 workers=7 offset=0
BF16 GEMM rel_l2=0 max_abs=0
BF16 shape M=7 N=17 K=33 trans_a=0 trans_b=1 b_scale=-0.37 alpha=0.9 beta=0.3 split=0 symmetric=0 workers=7 offset=0
BF16 GEMM rel_l2=6.09603427e-08 max_abs=2.98023224e-08
BF16 shape M=7 N=17 K=33 trans_a=1 trans_b=1 b_scale=-0.37 alpha=0.9 beta=0.3 split=1 symmetric=0 workers=7 offset=0
BF16 GEMM rel_l2=0 max_abs=0
BF16 shape M=65 N=65 K=71 trans_a=0 trans_b=0 b_scale=1 alpha=3.90523 beta=-6.09503 split=0 symmetric=1 workers=7 offset=0
BF16 GEMM rel_l2=8.85160204e-08 max_abs=2.86102295e-06
BF16 shape M=64 N=64 K=128 trans_a=1 trans_b=1 b_scale=1 alpha=1 beta=0 split=0 symmetric=1 workers=1 offset=0
BF16 GEMM rel_l2=1.79430543e-07 max_abs=1.90734863e-06
BF16 shape M=129 N=96 K=72 trans_a=0 trans_b=0 b_scale=0.625 alpha=1 beta=0 split=0 symmetric=0 workers=7 offset=0
BF16 GEMM rel_l2=8.64948429e-08 max_abs=1.78813934e-07
BF16 shape M=65 N=80 K=72 trans_a=0 trans_b=1 b_scale=0.625 alpha=1 beta=0 split=0 symmetric=0 workers=7 offset=1
BF16 GEMM rel_l2=8.71208918e-08 max_abs=1.1920929e-07
BF16 shape M=65 N=80 K=72 trans_a=1 trans_b=0 b_scale=0.625 alpha=1 beta=0 split=0 symmetric=0 workers=7 offset=1
BF16 GEMM rel_l2=9.03329289e-08 max_abs=1.78813934e-07
BF16 shape M=257 N=129 K=273 trans_a=1 trans_b=1 b_scale=1 alpha=1 beta=0 split=1 symmetric=0 workers=1056 offset=0
BF16 GEMM rel_l2=5.73522881e-07 max_abs=6.10351562e-05
BF16 shape M=16384 N=768 K=768 trans_a=0 trans_b=0 b_scale=0.875 alpha=1 beta=0 split=0 symmetric=0 workers=528 offset=0
BF16 GEMM rel_l2=7.37193939e-07 max_abs=7.15255737e-06
bf16_staged median_ms=0.206080 samples_ms= 0.206080 0.205792 0.205920 0.205856 0.207552 0.206976 0.206656 0.206080 0.205664 0.206336
bf16_persistent_with_reset median_ms=0.235792 samples_ms= 0.238304 0.235712 0.235616 0.235872 0.237920 0.236064 0.237792 0.235648 0.235136 0.234944
BF16 shape M=16384 N=768 K=384 trans_a=0 trans_b=0 b_scale=0.875 alpha=1 beta=0 split=0 symmetric=0 workers=528 offset=0
BF16 GEMM rel_l2=3.62417134e-07 max_abs=3.09944153e-06
bf16_staged median_ms=0.130640 samples_ms= 0.130624 0.129696 0.130464 0.130496 0.130720 0.131072 0.130848 0.130656 0.130336 0.130816
bf16_persistent_with_reset median_ms=0.163072 samples_ms= 0.163040 0.163008 0.164320 0.164032 0.163008 0.163072 0.162240 0.163552 0.163968 0.163072
BF16 shape M=768 N=768 K=2816 trans_a=1 trans_b=1 b_scale=1 alpha=1 beta=0 split=0 symmetric=1 workers=528 offset=0
BF16 GEMM rel_l2=6.84664843e-06 max_abs=0.0009765625
bf16_staged median_ms=0.270176 samples_ms= 0.270432 0.270240 0.268576 0.270464 0.271616 0.269888 0.269664 0.271392 0.270112 0.269728
bf16_persistent_with_reset median_ms=0.535088 samples_ms= 0.538720 0.535296 0.532096 0.532960 0.532256 0.535488 0.534880 0.536736 0.538080 0.534368
BF16 shape M=2816 N=768 K=768 trans_a=0 trans_b=1 b_scale=1 alpha=1 beta=3.9238 split=1 symmetric=0 workers=528 offset=0
BF16 GEMM rel_l2=5.64413038e-05 max_abs=0.015625
bf16_staged median_ms=0.103008 samples_ms= 0.102688 0.103136 0.103456 0.102976 0.103456 0.102752 0.103648 0.102784 0.103040 0.102752
bf16_persistent_with_reset median_ms=0.165248 samples_ms= 0.165248 0.164768 0.165440 0.164864 0.165344 0.166464 0.165664 0.165248 0.164800 0.164288
PASS: native BF16 GEMM, scaled weights, split epilogues, symmetric Gram and dependent scheduling

$ make -C /workspace/cuda bf16_control
make: Entering directory '/workspace/cuda'
nvcc -std=c++17 -O3 -arch=sm_90a -lineinfo -Xptxas=-v,-warn-spills -DNANO_TRANSPOSE_PAD=4 -DNANO_REUSE_QUANT=1 -DNANO_MIN_BLOCKS=4 -DNANO_ALIGNED=1 -DNANO_K_LOOP=1 -DNANO_FRONTIER=1 bf16.cu -lcublas -o bf16_control
ptxas info    : 0 bytes gmem
ptxas info    : Compiling entry function '_ZN4nano10megakernelILb0ELb0ELb1ELb1ELb0ELb0ELb0EEEvNS_5GraphE' for 'sm_90a'
ptxas info    : Function properties for _ZN4nano10megakernelILb0ELb0ELb1ELb1ELb0ELb0ELb0EEEvNS_5GraphE
    0 bytes stack frame, 0 bytes spill stores, 0 bytes spill loads
ptxas info    : Used 128 registers, used 1 barriers, 32776 bytes smem
ptxas info    : Compile time = 1226.554 ms
ptxas info    : Compiling entry function '_ZN4nano10megakernelILb0ELb0ELb0ELb1ELb0ELb0ELb0EEEvNS_5GraphE' for 'sm_90a'
ptxas info    : Function properties for _ZN4nano10megakernelILb0ELb0ELb0ELb1ELb0ELb0ELb0EEEvNS_5GraphE
    0 bytes stack frame, 0 bytes spill stores, 0 bytes spill loads
ptxas info    : Used 128 registers, used 1 barriers, 32776 bytes smem
ptxas info    : Compile time = 895.390 ms
ptxas info    : Compiling entry function '_ZN4nano10megakernelILb1ELb0ELb0ELb1ELb0ELb0ELb0EEEvNS_5GraphE' for 'sm_90a'
ptxas info    : Function properties for _ZN4nano10megakernelILb1ELb0ELb0ELb1ELb0ELb0ELb0EEEvNS_5GraphE
    0 bytes stack frame, 0 bytes spill stores, 0 bytes spill loads
ptxas info    : Used 128 registers, used 1 barriers, 32776 bytes smem
ptxas info    : Compile time = 898.742 ms
ptxas info    : Compiling entry function '_Z16reset_bf16_queuePiS_S_PKiii' for 'sm_90a'
ptxas info    : Function properties for _Z16reset_bf16_queuePiS_S_PKiii
    0 bytes stack frame, 0 bytes spill stores, 0 bytes spill loads
ptxas info    : Used 12 registers, used 0 barriers
ptxas info    : Compile time = 1.992 ms
ptxas info    : Compiling entry function '_Z11staged_bf16N4nano10BF16MatmulE' for 'sm_90a'
ptxas info    : Function properties for _Z11staged_bf16N4nano10BF16MatmulE
    0 bytes stack frame, 0 bytes spill stores, 0 bytes spill loads
ptxas info    : Used 120 registers, used 1 barriers, 32768 bytes smem
ptxas info    : Compile time = 683.825 ms
ptxas info    : Compiling entry function '_Z19reference_bf16_postN4nano10BF16MatmulEPf' for 'sm_90a'
ptxas info    : Function properties for _Z19reference_bf16_postN4nano10BF16MatmulEPf
    0 bytes stack frame, 0 bytes spill stores, 0 bytes spill loads
ptxas info    : Used 10 registers, used 0 barriers
ptxas info    : Compile time = 2.448 ms
ptxas info    : Compiling entry function '_Z11unpack_bf16N4nano10BF16MatmulEPfS1_' for 'sm_90a'
ptxas info    : Function properties for _Z11unpack_bf16N4nano10BF16MatmulEPfS1_
    0 bytes stack frame, 0 bytes spill stores, 0 bytes spill loads
ptxas info    : Used 22 registers, used 0 barriers
ptxas info    : Compile time = 9.759 ms
make: Leaving directory '/workspace/cuda'

$ /workspace/cuda/bf16_control
GPU[0]=NVIDIA H100 80GB HBM3 SMs=132 runtime=12080
BF16 resident_ctas_per_sm=4
BF16 shape M=1 N=1 K=1 trans_a=0 trans_b=0 b_scale=0.7 alpha=1 beta=0 split=1 symmetric=0 workers=1 offset=0
BF16 GEMM rel_l2=0 max_abs=0
BF16 shape M=7 N=17 K=33 trans_a=0 trans_b=1 b_scale=1 alpha=0.9 beta=0.3 split=0 symmetric=0 workers=7 offset=0
BF16 GEMM rel_l2=5.9289151e-08 max_abs=5.96046448e-08
BF16 shape M=7 N=17 K=33 trans_a=0 trans_b=0 b_scale=-0.37 alpha=0.9 beta=0.3 split=0 symmetric=0 workers=1 offset=0
BF16 GEMM rel_l2=6.99287322e-08 max_abs=5.96046448e-08
BF16 shape M=7 N=17 K=33 trans_a=1 trans_b=0 b_scale=-0.37 alpha=0.9 beta=0.3 split=1 symmetric=0 workers=7 offset=0
BF16 GEMM rel_l2=0 max_abs=0
BF16 shape M=7 N=17 K=33 trans_a=0 trans_b=1 b_scale=-0.37 alpha=0.9 beta=0.3 split=0 symmetric=0 workers=7 offset=0
BF16 GEMM rel_l2=6.09603427e-08 max_abs=2.98023224e-08
BF16 shape M=7 N=17 K=33 trans_a=1 trans_b=1 b_scale=-0.37 alpha=0.9 beta=0.3 split=1 symmetric=0 workers=7 offset=0
BF16 GEMM rel_l2=0 max_abs=0
BF16 shape M=65 N=65 K=71 trans_a=0 trans_b=0 b_scale=1 alpha=3.90523 beta=-6.09503 split=0 symmetric=1 workers=7 offset=0
BF16 GEMM rel_l2=8.85160204e-08 max_abs=2.86102295e-06
BF16 shape M=64 N=64 K=128 trans_a=1 trans_b=1 b_scale=1 alpha=1 beta=0 split=0 symmetric=1 workers=1 offset=0
BF16 GEMM rel_l2=1.79430543e-07 max_abs=1.90734863e-06
BF16 shape M=129 N=96 K=72 trans_a=0 trans_b=0 b_scale=0.625 alpha=1 beta=0 split=0 symmetric=0 workers=7 offset=0
BF16 GEMM rel_l2=8.64948429e-08 max_abs=1.78813934e-07
BF16 shape M=65 N=80 K=72 trans_a=0 trans_b=1 b_scale=0.625 alpha=1 beta=0 split=0 symmetric=0 workers=7 offset=1
BF16 GEMM rel_l2=8.71208918e-08 max_abs=1.1920929e-07
BF16 shape M=65 N=80 K=72 trans_a=1 trans_b=0 b_scale=0.625 alpha=1 beta=0 split=0 symmetric=0 workers=7 offset=1
BF16 GEMM rel_l2=9.03329289e-08 max_abs=1.78813934e-07
BF16 shape M=257 N=129 K=273 trans_a=1 trans_b=1 b_scale=1 alpha=1 beta=0 split=1 symmetric=0 workers=1056 offset=0
BF16 GEMM rel_l2=5.73522881e-07 max_abs=6.10351562e-05
BF16 shape M=16384 N=768 K=768 trans_a=0 trans_b=0 b_scale=0.875 alpha=1 beta=0 split=0 symmetric=0 workers=528 offset=0
BF16 GEMM rel_l2=7.37193939e-07 max_abs=7.15255737e-06
bf16_staged median_ms=0.204784 samples_ms= 0.205184 0.217760 0.204480 0.204576 0.204992 0.204512 0.205472 0.204992 0.203904 0.204480
bf16_persistent_with_reset median_ms=0.231152 samples_ms= 0.231456 0.231040 0.231264 0.232448 0.229888 0.230816 0.231552 0.230592 0.231776 0.230816
BF16 shape M=16384 N=768 K=384 trans_a=0 trans_b=0 b_scale=0.875 alpha=1 beta=0 split=0 symmetric=0 workers=528 offset=0
BF16 GEMM rel_l2=3.62417134e-07 max_abs=3.09944153e-06
bf16_staged median_ms=0.128512 samples_ms= 0.128416 0.128032 0.128608 0.128192 0.128640 0.127840 0.137280 0.128288 0.129664 0.128672
bf16_persistent_with_reset median_ms=0.160208 samples_ms= 0.160768 0.158560 0.159808 0.160800 0.160672 0.161120 0.159936 0.159808 0.160480 0.159072
BF16 shape M=768 N=768 K=2816 trans_a=1 trans_b=1 b_scale=1 alpha=1 beta=0 split=0 symmetric=1 workers=528 offset=0
BF16 GEMM rel_l2=6.84664843e-06 max_abs=0.0009765625
bf16_staged median_ms=0.283984 samples_ms= 0.284256 0.281248 0.283264 0.283712 0.280896 0.284864 0.283232 0.284512 0.285856 0.285184
bf16_persistent_with_reset median_ms=0.677968 samples_ms= 0.881216 0.681312 0.675872 0.677248 0.679168 0.676704 0.677120 0.678144 0.677792 0.678720
BF16 shape M=2816 N=768 K=768 trans_a=0 trans_b=1 b_scale=1 alpha=1 beta=3.9238 split=1 symmetric=0 workers=528 offset=0
BF16 GEMM rel_l2=5.64413038e-05 max_abs=0.015625
bf16_staged median_ms=0.155392 samples_ms= 0.155872 0.155520 0.155360 0.154784 0.155680 0.156544 0.155200 0.155424 0.155232 0.155200
bf16_persistent_with_reset median_ms=0.166592 samples_ms= 0.167392 0.169312 0.167616 0.166112 0.166816 0.166368 0.168576 0.166304 0.166208 0.165696
PASS: native BF16 GEMM, scaled weights, split epilogues, symmetric Gram and dependent scheduling

$ make -C /workspace/cuda bf16_async
make: Entering directory '/workspace/cuda'
nvcc -std=c++17 -O3 -arch=sm_90a -lineinfo -Xptxas=-v,-warn-spills -DNANO_TRANSPOSE_PAD=4 -DNANO_REUSE_QUANT=1 -DNANO_MIN_BLOCKS=4 -DNANO_ALIGNED=1 -DNANO_K_LOOP=1 -DNANO_FRONTIER=1 -DNANO_BF16_COALESCED=1 -DNANO_BF16_INDEPENDENT_LOAD=1 bf16.cu -lcublas -o bf16_async
ptxas info    : 0 bytes gmem
ptxas info    : Compiling entry function '_ZN4nano10megakernelILb0ELb0ELb1ELb1ELb0ELb0ELb0EEEvNS_5GraphE' for 'sm_90a'
ptxas info    : Function properties for _ZN4nano10megakernelILb0ELb0ELb1ELb1ELb0ELb0ELb0EEEvNS_5GraphE
    0 bytes stack frame, 0 bytes spill stores, 0 bytes spill loads
ptxas info    : Used 128 registers, used 1 barriers, 32776 bytes smem
ptxas info    : Compile time = 1291.229 ms
ptxas info    : Compiling entry function '_ZN4nano10megakernelILb0ELb0ELb0ELb1ELb0ELb0ELb0EEEvNS_5GraphE' for 'sm_90a'
ptxas info    : Function properties for _ZN4nano10megakernelILb0ELb0ELb0ELb1ELb0ELb0ELb0EEEvNS_5GraphE
    0 bytes stack frame, 0 bytes spill stores, 0 bytes spill loads
ptxas info    : Used 128 registers, used 1 barriers, 32776 bytes smem
ptxas info    : Compile time = 966.966 ms
ptxas info    : Compiling entry function '_ZN4nano10megakernelILb1ELb0ELb0ELb1ELb0ELb0ELb0EEEvNS_5GraphE' for 'sm_90a'
ptxas info    : Function properties for _ZN4nano10megakernelILb1ELb0ELb0ELb1ELb0ELb0ELb0EEEvNS_5GraphE
    0 bytes stack frame, 0 bytes spill stores, 0 bytes spill loads
ptxas info    : Used 128 registers, used 1 barriers, 32776 bytes smem
ptxas info    : Compile time = 946.030 ms
ptxas info    : Compiling entry function '_Z16reset_bf16_queuePiS_S_PKiii' for 'sm_90a'
ptxas info    : Function properties for _Z16reset_bf16_queuePiS_S_PKiii
    0 bytes stack frame, 0 bytes spill stores, 0 bytes spill loads
ptxas info    : Used 12 registers, used 0 barriers
ptxas info    : Compile time = 1.942 ms
ptxas info    : Compiling entry function '_Z11staged_bf16N4nano10BF16MatmulE' for 'sm_90a'
ptxas info    : Function properties for _Z11staged_bf16N4nano10BF16MatmulE
    0 bytes stack frame, 0 bytes spill stores, 0 bytes spill loads
ptxas info    : Used 162 registers, used 1 barriers, 32768 bytes smem
ptxas info    : Compile time = 817.597 ms
ptxas info    : Compiling entry function '_Z19reference_bf16_postN4nano10BF16MatmulEPf' for 'sm_90a'
ptxas info    : Function properties for _Z19reference_bf16_postN4nano10BF16MatmulEPf
    0 bytes stack frame, 0 bytes spill stores, 0 bytes spill loads
ptxas info    : Used 10 registers, used 0 barriers
ptxas info    : Compile time = 2.389 ms
ptxas info    : Compiling entry function '_Z11unpack_bf16N4nano10BF16MatmulEPfS1_' for 'sm_90a'
ptxas info    : Function properties for _Z11unpack_bf16N4nano10BF16MatmulEPfS1_
    0 bytes stack frame, 0 bytes spill stores, 0 bytes spill loads
ptxas info    : Used 22 registers, used 0 barriers
ptxas info    : Compile time = 9.752 ms
make: Leaving directory '/workspace/cuda'

$ /workspace/cuda/bf16_async
GPU[0]=NVIDIA H100 80GB HBM3 SMs=132 runtime=12080
BF16 resident_ctas_per_sm=4
BF16 shape M=1 N=1 K=1 trans_a=0 trans_b=0 b_scale=0.7 alpha=1 beta=0 split=1 symmetric=0 workers=1 offset=0
BF16 GEMM rel_l2=0 max_abs=0
BF16 shape M=7 N=17 K=33 trans_a=0 trans_b=1 b_scale=1 alpha=0.9 beta=0.3 split=0 symmetric=0 workers=7 offset=0
BF16 GEMM rel_l2=5.9289151e-08 max_abs=5.96046448e-08
BF16 shape M=7 N=17 K=33 trans_a=0 trans_b=0 b_scale=-0.37 alpha=0.9 beta=0.3 split=0 symmetric=0 workers=1 offset=0
BF16 GEMM rel_l2=6.99287322e-08 max_abs=5.96046448e-08
BF16 shape M=7 N=17 K=33 trans_a=1 trans_b=0 b_scale=-0.37 alpha=0.9 beta=0.3 split=1 symmetric=0 workers=7 offset=0
BF16 GEMM rel_l2=0 max_abs=0
BF16 shape M=7 N=17 K=33 trans_a=0 trans_b=1 b_scale=-0.37 alpha=0.9 beta=0.3 split=0 symmetric=0 workers=7 offset=0
BF16 GEMM rel_l2=6.09603427e-08 max_abs=2.98023224e-08
BF16 shape M=7 N=17 K=33 trans_a=1 trans_b=1 b_scale=-0.37 alpha=0.9 beta=0.3 split=1 symmetric=0 workers=7 offset=0
BF16 GEMM rel_l2=0 max_abs=0
BF16 shape M=65 N=65 K=71 trans_a=0 trans_b=0 b_scale=1 alpha=3.90523 beta=-6.09503 split=0 symmetric=1 workers=7 offset=0
BF16 GEMM rel_l2=8.85160204e-08 max_abs=2.86102295e-06
BF16 shape M=64 N=64 K=128 trans_a=1 trans_b=1 b_scale=1 alpha=1 beta=0 split=0 symmetric=1 workers=1 offset=0
BF16 GEMM rel_l2=1.79430543e-07 max_abs=1.90734863e-06
BF16 shape M=129 N=96 K=72 trans_a=0 trans_b=0 b_scale=0.625 alpha=1 beta=0 split=0 symmetric=0 workers=7 offset=0
BF16 GEMM rel_l2=8.64948429e-08 max_abs=1.78813934e-07
BF16 shape M=65 N=80 K=72 trans_a=0 trans_b=1 b_scale=0.625 alpha=1 beta=0 split=0 symmetric=0 workers=7 offset=1
BF16 GEMM rel_l2=8.71208918e-08 max_abs=1.1920929e-07
BF16 shape M=65 N=80 K=72 trans_a=1 trans_b=0 b_scale=0.625 alpha=1 beta=0 split=0 symmetric=0 workers=7 offset=1
BF16 GEMM rel_l2=9.03329289e-08 max_abs=1.78813934e-07
BF16 shape M=257 N=129 K=273 trans_a=1 trans_b=1 b_scale=1 alpha=1 beta=0 split=1 symmetric=0 workers=1056 offset=0
BF16 GEMM rel_l2=5.73522881e-07 max_abs=6.10351562e-05
BF16 shape M=16384 N=768 K=768 trans_a=0 trans_b=0 b_scale=0.875 alpha=1 beta=0 split=0 symmetric=0 workers=528 offset=0
BF16 GEMM rel_l2=7.37193939e-07 max_abs=7.15255737e-06
bf16_staged median_ms=0.225840 samples_ms= 0.226432 0.225792 0.225248 0.226560 0.226976 0.226496 0.225600 0.225888 0.225728 0.225376
bf16_persistent_with_reset median_ms=0.229520 samples_ms= 0.229024 0.230496 0.228256 0.229504 0.229856 0.228416 0.229792 0.228704 0.229536 0.230368
BF16 shape M=16384 N=768 K=384 trans_a=0 trans_b=0 b_scale=0.875 alpha=1 beta=0 split=0 symmetric=0 workers=528 offset=0
BF16 GEMM rel_l2=3.62417134e-07 max_abs=3.09944153e-06
bf16_staged median_ms=0.145600 samples_ms= 0.145664 0.145440 0.145344 0.145792 0.145440 0.145984 0.145536 0.146016 0.145280 0.145984
bf16_persistent_with_reset median_ms=0.159936 samples_ms= 0.165600 0.158528 0.160736 0.159200 0.160608 0.158912 0.161024 0.157984 0.161184 0.159264
BF16 shape M=768 N=768 K=2816 trans_a=1 trans_b=1 b_scale=1 alpha=1 beta=0 split=0 symmetric=1 workers=528 offset=0
BF16 GEMM rel_l2=6.84664843e-06 max_abs=0.0009765625
bf16_staged median_ms=0.237792 samples_ms= 0.237536 0.237824 0.238272 0.237056 0.238016 0.237568 0.237568 0.237760 0.237952 0.237984
bf16_persistent_with_reset median_ms=0.541984 samples_ms= 0.552544 0.541344 0.536448 0.537856 0.548384 0.544320 0.539168 0.540928 0.543648 0.542624
BF16 shape M=2816 N=768 K=768 trans_a=0 trans_b=1 b_scale=1 alpha=1 beta=3.9238 split=1 symmetric=0 workers=528 offset=0
BF16 GEMM rel_l2=5.64413038e-05 max_abs=0.015625
bf16_staged median_ms=0.102160 samples_ms= 0.101856 0.101760 0.102304 0.102624 0.102272 0.102496 0.102496 0.101024 0.102016 0.102048
bf16_persistent_with_reset median_ms=0.103280 samples_ms= 0.103328 0.103232 0.104352 0.102848 0.103552 0.103648 0.103200 0.103136 0.103360 0.102752
PASS: native BF16 GEMM, scaled weights, split epilogues, symmetric Gram and dependent scheduling

$ compute-sanitizer --tool memcheck --error-exitcode 1 /workspace/cuda/bf16 --quick
========= COMPUTE-SANITIZER
GPU[0]=NVIDIA H100 80GB HBM3 SMs=132 runtime=12080
BF16 resident_ctas_per_sm=4
BF16 shape M=1 N=1 K=1 trans_a=0 trans_b=0 b_scale=0.7 alpha=1 beta=0 split=1 symmetric=0 workers=1 offset=0
BF16 GEMM rel_l2=0 max_abs=0
BF16 shape M=7 N=17 K=33 trans_a=0 trans_b=1 b_scale=1 alpha=0.9 beta=0.3 split=0 symmetric=0 workers=7 offset=0
BF16 GEMM rel_l2=5.9289151e-08 max_abs=5.96046448e-08
BF16 shape M=7 N=17 K=33 trans_a=0 trans_b=0 b_scale=-0.37 alpha=0.9 beta=0.3 split=0 symmetric=0 workers=1 offset=0
BF16 GEMM rel_l2=6.99287322e-08 max_abs=5.96046448e-08
BF16 shape M=7 N=17 K=33 trans_a=1 trans_b=0 b_scale=-0.37 alpha=0.9 beta=0.3 split=1 symmetric=0 workers=7 offset=0
BF16 GEMM rel_l2=0 max_abs=0
BF16 shape M=7 N=17 K=33 trans_a=0 trans_b=1 b_scale=-0.37 alpha=0.9 beta=0.3 split=0 symmetric=0 workers=7 offset=0
BF16 GEMM rel_l2=6.09603427e-08 max_abs=2.98023224e-08
BF16 shape M=7 N=17 K=33 trans_a=1 trans_b=1 b_scale=-0.37 alpha=0.9 beta=0.3 split=1 symmetric=0 workers=7 offset=0
BF16 GEMM rel_l2=0 max_abs=0
BF16 shape M=65 N=65 K=71 trans_a=0 trans_b=0 b_scale=1 alpha=3.90523 beta=-6.09503 split=0 symmetric=1 workers=7 offset=0
BF16 GEMM rel_l2=8.85160204e-08 max_abs=2.86102295e-06
BF16 shape M=64 N=64 K=128 trans_a=1 trans_b=1 b_scale=1 alpha=1 beta=0 split=0 symmetric=1 workers=1 offset=0
BF16 GEMM rel_l2=1.79430543e-07 max_abs=1.90734863e-06
BF16 shape M=129 N=96 K=72 trans_a=0 trans_b=0 b_scale=0.625 alpha=1 beta=0 split=0 symmetric=0 workers=7 offset=0
BF16 GEMM rel_l2=8.64948429e-08 max_abs=1.78813934e-07
BF16 shape M=65 N=80 K=72 trans_a=0 trans_b=1 b_scale=0.625 alpha=1 beta=0 split=0 symmetric=0 workers=7 offset=1
BF16 GEMM rel_l2=8.71208918e-08 max_abs=1.1920929e-07
BF16 shape M=65 N=80 K=72 trans_a=1 trans_b=0 b_scale=0.625 alpha=1 beta=0 split=0 symmetric=0 workers=7 offset=1
BF16 GEMM rel_l2=9.03329289e-08 max_abs=1.78813934e-07
PASS: native BF16 GEMM, scaled weights, split epilogues, symmetric Gram and dependent scheduling
========= ERROR SUMMARY: 0 errors

$ compute-sanitizer --tool initcheck --error-exitcode 1 /workspace/cuda/bf16 --quick
========= COMPUTE-SANITIZER
GPU[0]=NVIDIA H100 80GB HBM3 SMs=132 runtime=12080
BF16 resident_ctas_per_sm=4
BF16 shape M=1 N=1 K=1 trans_a=0 trans_b=0 b_scale=0.7 alpha=1 beta=0 split=1 symmetric=0 workers=1 offset=0
BF16 GEMM rel_l2=0 max_abs=0
BF16 shape M=7 N=17 K=33 trans_a=0 trans_b=1 b_scale=1 alpha=0.9 beta=0.3 split=0 symmetric=0 workers=7 offset=0
BF16 GEMM rel_l2=5.9289151e-08 max_abs=5.96046448e-08
BF16 shape M=7 N=17 K=33 trans_a=0 trans_b=0 b_scale=-0.37 alpha=0.9 beta=0.3 split=0 symmetric=0 workers=1 offset=0
BF16 GEMM rel_l2=6.99287322e-08 max_abs=5.96046448e-08
BF16 shape M=7 N=17 K=33 trans_a=1 trans_b=0 b_scale=-0.37 alpha=0.9 beta=0.3 split=1 symmetric=0 workers=7 offset=0
BF16 GEMM rel_l2=0 max_abs=0
BF16 shape M=7 N=17 K=33 trans_a=0 trans_b=1 b_scale=-0.37 alpha=0.9 beta=0.3 split=0 symmetric=0 workers=7 offset=0
BF16 GEMM rel_l2=6.09603427e-08 max_abs=2.98023224e-08
BF16 shape M=7 N=17 K=33 trans_a=1 trans_b=1 b_scale=-0.37 alpha=0.9 beta=0.3 split=1 symmetric=0 workers=7 offset=0
BF16 GEMM rel_l2=0 max_abs=0
BF16 shape M=65 N=65 K=71 trans_a=0 trans_b=0 b_scale=1 alpha=3.90523 beta=-6.09503 split=0 symmetric=1 workers=7 offset=0
BF16 GEMM rel_l2=8.85160204e-08 max_abs=2.86102295e-06
BF16 shape M=64 N=64 K=128 trans_a=1 trans_b=1 b_scale=1 alpha=1 beta=0 split=0 symmetric=1 workers=1 offset=0
BF16 GEMM rel_l2=1.79430543e-07 max_abs=1.90734863e-06
BF16 shape M=129 N=96 K=72 trans_a=0 trans_b=0 b_scale=0.625 alpha=1 beta=0 split=0 symmetric=0 workers=7 offset=0
BF16 GEMM rel_l2=8.64948429e-08 max_abs=1.78813934e-07
BF16 shape M=65 N=80 K=72 trans_a=0 trans_b=1 b_scale=0.625 alpha=1 beta=0 split=0 symmetric=0 workers=7 offset=1
BF16 GEMM rel_l2=8.71208918e-08 max_abs=1.1920929e-07
BF16 shape M=65 N=80 K=72 trans_a=1 trans_b=0 b_scale=0.625 alpha=1 beta=0 split=0 symmetric=0 workers=7 offset=1
BF16 GEMM rel_l2=9.03329289e-08 max_abs=1.78813934e-07
PASS: native BF16 GEMM, scaled weights, split epilogues, symmetric Gram and dependent scheduling
========= ERROR SUMMARY: 0 errors

$ compute-sanitizer --tool racecheck --error-exitcode 1 /workspace/cuda/bf16 --quick
========= COMPUTE-SANITIZER
GPU[0]=NVIDIA H100 80GB HBM3 SMs=132 runtime=12080
BF16 resident_ctas_per_sm=4
BF16 shape M=1 N=1 K=1 trans_a=0 trans_b=0 b_scale=0.7 alpha=1 beta=0 split=1 symmetric=0 workers=1 offset=0
BF16 GEMM rel_l2=0 max_abs=0
BF16 shape M=7 N=17 K=33 trans_a=0 trans_b=1 b_scale=1 alpha=0.9 beta=0.3 split=0 symmetric=0 workers=7 offset=0
BF16 GEMM rel_l2=5.9289151e-08 max_abs=5.96046448e-08
BF16 shape M=7 N=17 K=33 trans_a=0 trans_b=0 b_scale=-0.37 alpha=0.9 beta=0.3 split=0 symmetric=0 workers=1 offset=0
BF16 GEMM rel_l2=6.99287322e-08 max_abs=5.96046448e-08
BF16 shape M=7 N=17 K=33 trans_a=1 trans_b=0 b_scale=-0.37 alpha=0.9 beta=0.3 split=1 symmetric=0 workers=7 offset=0
BF16 GEMM rel_l2=0 max_abs=0
BF16 shape M=7 N=17 K=33 trans_a=0 trans_b=1 b_scale=-0.37 alpha=0.9 beta=0.3 split=0 symmetric=0 workers=7 offset=0
BF16 GEMM rel_l2=6.09603427e-08 max_abs=2.98023224e-08
BF16 shape M=7 N=17 K=33 trans_a=1 trans_b=1 b_scale=-0.37 alpha=0.9 beta=0.3 split=1 symmetric=0 workers=7 offset=0
BF16 GEMM rel_l2=0 max_abs=0
BF16 shape M=65 N=65 K=71 trans_a=0 trans_b=0 b_scale=1 alpha=3.90523 beta=-6.09503 split=0 symmetric=1 workers=7 offset=0
BF16 GEMM rel_l2=8.85160204e-08 max_abs=2.86102295e-06
BF16 shape M=64 N=64 K=128 trans_a=1 trans_b=1 b_scale=1 alpha=1 beta=0 split=0 symmetric=1 workers=1 offset=0
BF16 GEMM rel_l2=1.79430543e-07 max_abs=1.90734863e-06
BF16 shape M=129 N=96 K=72 trans_a=0 trans_b=0 b_scale=0.625 alpha=1 beta=0 split=0 symmetric=0 workers=7 offset=0
BF16 GEMM rel_l2=8.64948429e-08 max_abs=1.78813934e-07
BF16 shape M=65 N=80 K=72 trans_a=0 trans_b=1 b_scale=0.625 alpha=1 beta=0 split=0 symmetric=0 workers=7 offset=1
BF16 GEMM rel_l2=8.71208918e-08 max_abs=1.1920929e-07
BF16 shape M=65 N=80 K=72 trans_a=1 trans_b=0 b_scale=0.625 alpha=1 beta=0 split=0 symmetric=0 workers=7 offset=1
BF16 GEMM rel_l2=9.03329289e-08 max_abs=1.78813934e-07
PASS: native BF16 GEMM, scaled weights, split epilogues, symmetric Gram and dependent scheduling
========= RACECHECK SUMMARY: 0 hazards displayed (0 errors, 0 warnings)

$ compute-sanitizer --tool synccheck --error-exitcode 1 /workspace/cuda/bf16 --quick
========= COMPUTE-SANITIZER
GPU[0]=NVIDIA H100 80GB HBM3 SMs=132 runtime=12080
BF16 resident_ctas_per_sm=4
BF16 shape M=1 N=1 K=1 trans_a=0 trans_b=0 b_scale=0.7 alpha=1 beta=0 split=1 symmetric=0 workers=1 offset=0
BF16 GEMM rel_l2=0 max_abs=0
BF16 shape M=7 N=17 K=33 trans_a=0 trans_b=1 b_scale=1 alpha=0.9 beta=0.3 split=0 symmetric=0 workers=7 offset=0
BF16 GEMM rel_l2=5.9289151e-08 max_abs=5.96046448e-08
BF16 shape M=7 N=17 K=33 trans_a=0 trans_b=0 b_scale=-0.37 alpha=0.9 beta=0.3 split=0 symmetric=0 workers=1 offset=0
BF16 GEMM rel_l2=6.99287322e-08 max_abs=5.96046448e-08
BF16 shape M=7 N=17 K=33 trans_a=1 trans_b=0 b_scale=-0.37 alpha=0.9 beta=0.3 split=1 symmetric=0 workers=7 offset=0
BF16 GEMM rel_l2=0 max_abs=0
BF16 shape M=7 N=17 K=33 trans_a=0 trans_b=1 b_scale=-0.37 alpha=0.9 beta=0.3 split=0 symmetric=0 workers=7 offset=0
BF16 GEMM rel_l2=6.09603427e-08 max_abs=2.98023224e-08
BF16 shape M=7 N=17 K=33 trans_a=1 trans_b=1 b_scale=-0.37 alpha=0.9 beta=0.3 split=1 symmetric=0 workers=7 offset=0
BF16 GEMM rel_l2=0 max_abs=0
BF16 shape M=65 N=65 K=71 trans_a=0 trans_b=0 b_scale=1 alpha=3.90523 beta=-6.09503 split=0 symmetric=1 workers=7 offset=0
BF16 GEMM rel_l2=8.85160204e-08 max_abs=2.86102295e-06
BF16 shape M=64 N=64 K=128 trans_a=1 trans_b=1 b_scale=1 alpha=1 beta=0 split=0 symmetric=1 workers=1 offset=0
BF16 GEMM rel_l2=1.79430543e-07 max_abs=1.90734863e-06
BF16 shape M=129 N=96 K=72 trans_a=0 trans_b=0 b_scale=0.625 alpha=1 beta=0 split=0 symmetric=0 workers=7 offset=0
BF16 GEMM rel_l2=8.64948429e-08 max_abs=1.78813934e-07
BF16 shape M=65 N=80 K=72 trans_a=0 trans_b=1 b_scale=0.625 alpha=1 beta=0 split=0 symmetric=0 workers=7 offset=1
BF16 GEMM rel_l2=8.71208918e-08 max_abs=1.1920929e-07
BF16 shape M=65 N=80 K=72 trans_a=1 trans_b=0 b_scale=0.625 alpha=1 beta=0 split=0 symmetric=0 workers=7 offset=1
BF16 GEMM rel_l2=9.03329289e-08 max_abs=1.78813934e-07
PASS: native BF16 GEMM, scaled weights, split epilogues, symmetric Gram and dependent scheduling
========= ERROR SUMMARY: 0 errors

$ compute-sanitizer --tool memcheck --error-exitcode 1 /workspace/cuda/bf16_async --quick
========= COMPUTE-SANITIZER
GPU[0]=NVIDIA H100 80GB HBM3 SMs=132 runtime=12080
BF16 resident_ctas_per_sm=4
BF16 shape M=1 N=1 K=1 trans_a=0 trans_b=0 b_scale=0.7 alpha=1 beta=0 split=1 symmetric=0 workers=1 offset=0
BF16 GEMM rel_l2=0 max_abs=0
BF16 shape M=7 N=17 K=33 trans_a=0 trans_b=1 b_scale=1 alpha=0.9 beta=0.3 split=0 symmetric=0 workers=7 offset=0
BF16 GEMM rel_l2=5.9289151e-08 max_abs=5.96046448e-08
BF16 shape M=7 N=17 K=33 trans_a=0 trans_b=0 b_scale=-0.37 alpha=0.9 beta=0.3 split=0 symmetric=0 workers=1 offset=0
BF16 GEMM rel_l2=6.99287322e-08 max_abs=5.96046448e-08
BF16 shape M=7 N=17 K=33 trans_a=1 trans_b=0 b_scale=-0.37 alpha=0.9 beta=0.3 split=1 symmetric=0 workers=7 offset=0
BF16 GEMM rel_l2=0 max_abs=0
BF16 shape M=7 N=17 K=33 trans_a=0 trans_b=1 b_scale=-0.37 alpha=0.9 beta=0.3 split=0 symmetric=0 workers=7 offset=0
BF16 GEMM rel_l2=6.09603427e-08 max_abs=2.98023224e-08
BF16 shape M=7 N=17 K=33 trans_a=1 trans_b=1 b_scale=-0.37 alpha=0.9 beta=0.3 split=1 symmetric=0 workers=7 offset=0
BF16 GEMM rel_l2=0 max_abs=0
BF16 shape M=65 N=65 K=71 trans_a=0 trans_b=0 b_scale=1 alpha=3.90523 beta=-6.09503 split=0 symmetric=1 workers=7 offset=0
BF16 GEMM rel_l2=8.85160204e-08 max_abs=2.86102295e-06
BF16 shape M=64 N=64 K=128 trans_a=1 trans_b=1 b_scale=1 alpha=1 beta=0 split=0 symmetric=1 workers=1 offset=0
BF16 GEMM rel_l2=1.79430543e-07 max_abs=1.90734863e-06
BF16 shape M=129 N=96 K=72 trans_a=0 trans_b=0 b_scale=0.625 alpha=1 beta=0 split=0 symmetric=0 workers=7 offset=0
BF16 GEMM rel_l2=8.64948429e-08 max_abs=1.78813934e-07
BF16 shape M=65 N=80 K=72 trans_a=0 trans_b=1 b_scale=0.625 alpha=1 beta=0 split=0 symmetric=0 workers=7 offset=1
BF16 GEMM rel_l2=8.71208918e-08 max_abs=1.1920929e-07
BF16 shape M=65 N=80 K=72 trans_a=1 trans_b=0 b_scale=0.625 alpha=1 beta=0 split=0 symmetric=0 workers=7 offset=1
BF16 GEMM rel_l2=9.03329289e-08 max_abs=1.78813934e-07
PASS: native BF16 GEMM, scaled weights, split epilogues, symmetric Gram and dependent scheduling
========= ERROR SUMMARY: 0 errors

$ compute-sanitizer --tool initcheck --error-exitcode 1 /workspace/cuda/bf16_async --quick
========= COMPUTE-SANITIZER
GPU[0]=NVIDIA H100 80GB HBM3 SMs=132 runtime=12080
BF16 resident_ctas_per_sm=4
BF16 shape M=1 N=1 K=1 trans_a=0 trans_b=0 b_scale=0.7 alpha=1 beta=0 split=1 symmetric=0 workers=1 offset=0
BF16 GEMM rel_l2=0 max_abs=0
BF16 shape M=7 N=17 K=33 trans_a=0 trans_b=1 b_scale=1 alpha=0.9 beta=0.3 split=0 symmetric=0 workers=7 offset=0
BF16 GEMM rel_l2=5.9289151e-08 max_abs=5.96046448e-08
BF16 shape M=7 N=17 K=33 trans_a=0 trans_b=0 b_scale=-0.37 alpha=0.9 beta=0.3 split=0 symmetric=0 workers=1 offset=0
BF16 GEMM rel_l2=6.99287322e-08 max_abs=5.96046448e-08
BF16 shape M=7 N=17 K=33 trans_a=1 trans_b=0 b_scale=-0.37 alpha=0.9 beta=0.3 split=1 symmetric=0 workers=7 offset=0
BF16 GEMM rel_l2=0 max_abs=0
BF16 shape M=7 N=17 K=33 trans_a=0 trans_b=1 b_scale=-0.37 alpha=0.9 beta=0.3 split=0 symmetric=0 workers=7 offset=0
BF16 GEMM rel_l2=6.09603427e-08 max_abs=2.98023224e-08
BF16 shape M=7 N=17 K=33 trans_a=1 trans_b=1 b_scale=-0.37 alpha=0.9 beta=0.3 split=1 symmetric=0 workers=7 offset=0
BF16 GEMM rel_l2=0 max_abs=0
BF16 shape M=65 N=65 K=71 trans_a=0 trans_b=0 b_scale=1 alpha=3.90523 beta=-6.09503 split=0 symmetric=1 workers=7 offset=0
BF16 GEMM rel_l2=8.85160204e-08 max_abs=2.86102295e-06
BF16 shape M=64 N=64 K=128 trans_a=1 trans_b=1 b_scale=1 alpha=1 beta=0 split=0 symmetric=1 workers=1 offset=0
BF16 GEMM rel_l2=1.79430543e-07 max_abs=1.90734863e-06
BF16 shape M=129 N=96 K=72 trans_a=0 trans_b=0 b_scale=0.625 alpha=1 beta=0 split=0 symmetric=0 workers=7 offset=0
BF16 GEMM rel_l2=8.64948429e-08 max_abs=1.78813934e-07
BF16 shape M=65 N=80 K=72 trans_a=0 trans_b=1 b_scale=0.625 alpha=1 beta=0 split=0 symmetric=0 workers=7 offset=1
BF16 GEMM rel_l2=8.71208918e-08 max_abs=1.1920929e-07
BF16 shape M=65 N=80 K=72 trans_a=1 trans_b=0 b_scale=0.625 alpha=1 beta=0 split=0 symmetric=0 workers=7 offset=1
BF16 GEMM rel_l2=9.03329289e-08 max_abs=1.78813934e-07
PASS: native BF16 GEMM, scaled weights, split epilogues, symmetric Gram and dependent scheduling
========= ERROR SUMMARY: 0 errors

$ compute-sanitizer --tool racecheck --error-exitcode 1 /workspace/cuda/bf16_async --quick
========= COMPUTE-SANITIZER
GPU[0]=NVIDIA H100 80GB HBM3 SMs=132 runtime=12080
BF16 resident_ctas_per_sm=4
BF16 shape M=1 N=1 K=1 trans_a=0 trans_b=0 b_scale=0.7 alpha=1 beta=0 split=1 symmetric=0 workers=1 offset=0
BF16 GEMM rel_l2=0 max_abs=0
BF16 shape M=7 N=17 K=33 trans_a=0 trans_b=1 b_scale=1 alpha=0.9 beta=0.3 split=0 symmetric=0 workers=7 offset=0
BF16 GEMM rel_l2=5.9289151e-08 max_abs=5.96046448e-08
BF16 shape M=7 N=17 K=33 trans_a=0 trans_b=0 b_scale=-0.37 alpha=0.9 beta=0.3 split=0 symmetric=0 workers=1 offset=0
BF16 GEMM rel_l2=6.99287322e-08 max_abs=5.96046448e-08
BF16 shape M=7 N=17 K=33 trans_a=1 trans_b=0 b_scale=-0.37 alpha=0.9 beta=0.3 split=1 symmetric=0 workers=7 offset=0
BF16 GEMM rel_l2=0 max_abs=0
BF16 shape M=7 N=17 K=33 trans_a=0 trans_b=1 b_scale=-0.37 alpha=0.9 beta=0.3 split=0 symmetric=0 workers=7 offset=0
BF16 GEMM rel_l2=6.09603427e-08 max_abs=2.98023224e-08
BF16 shape M=7 N=17 K=33 trans_a=1 trans_b=1 b_scale=-0.37 alpha=0.9 beta=0.3 split=1 symmetric=0 workers=7 offset=0
BF16 GEMM rel_l2=0 max_abs=0
BF16 shape M=65 N=65 K=71 trans_a=0 trans_b=0 b_scale=1 alpha=3.90523 beta=-6.09503 split=0 symmetric=1 workers=7 offset=0
BF16 GEMM rel_l2=8.85160204e-08 max_abs=2.86102295e-06
BF16 shape M=64 N=64 K=128 trans_a=1 trans_b=1 b_scale=1 alpha=1 beta=0 split=0 symmetric=1 workers=1 offset=0
BF16 GEMM rel_l2=1.79430543e-07 max_abs=1.90734863e-06
BF16 shape M=129 N=96 K=72 trans_a=0 trans_b=0 b_scale=0.625 alpha=1 beta=0 split=0 symmetric=0 workers=7 offset=0
BF16 GEMM rel_l2=8.64948429e-08 max_abs=1.78813934e-07
BF16 shape M=65 N=80 K=72 trans_a=0 trans_b=1 b_scale=0.625 alpha=1 beta=0 split=0 symmetric=0 workers=7 offset=1
BF16 GEMM rel_l2=8.71208918e-08 max_abs=1.1920929e-07
BF16 shape M=65 N=80 K=72 trans_a=1 trans_b=0 b_scale=0.625 alpha=1 beta=0 split=0 symmetric=0 workers=7 offset=1
BF16 GEMM rel_l2=9.03329289e-08 max_abs=1.78813934e-07
PASS: native BF16 GEMM, scaled weights, split epilogues, symmetric Gram and dependent scheduling
========= RACECHECK SUMMARY: 0 hazards displayed (0 errors, 0 warnings)

$ compute-sanitizer --tool synccheck --error-exitcode 1 /workspace/cuda/bf16_async --quick
========= COMPUTE-SANITIZER
GPU[0]=NVIDIA H100 80GB HBM3 SMs=132 runtime=12080
BF16 resident_ctas_per_sm=4
BF16 shape M=1 N=1 K=1 trans_a=0 trans_b=0 b_scale=0.7 alpha=1 beta=0 split=1 symmetric=0 workers=1 offset=0
BF16 GEMM rel_l2=0 max_abs=0
BF16 shape M=7 N=17 K=33 trans_a=0 trans_b=1 b_scale=1 alpha=0.9 beta=0.3 split=0 symmetric=0 workers=7 offset=0
BF16 GEMM rel_l2=5.9289151e-08 max_abs=5.96046448e-08
BF16 shape M=7 N=17 K=33 trans_a=0 trans_b=0 b_scale=-0.37 alpha=0.9 beta=0.3 split=0 symmetric=0 workers=1 offset=0
BF16 GEMM rel_l2=6.99287322e-08 max_abs=5.96046448e-08
BF16 shape M=7 N=17 K=33 trans_a=1 trans_b=0 b_scale=-0.37 alpha=0.9 beta=0.3 split=1 symmetric=0 workers=7 offset=0
BF16 GEMM rel_l2=0 max_abs=0
BF16 shape M=7 N=17 K=33 trans_a=0 trans_b=1 b_scale=-0.37 alpha=0.9 beta=0.3 split=0 symmetric=0 workers=7 offset=0
BF16 GEMM rel_l2=6.09603427e-08 max_abs=2.98023224e-08
BF16 shape M=7 N=17 K=33 trans_a=1 trans_b=1 b_scale=-0.37 alpha=0.9 beta=0.3 split=1 symmetric=0 workers=7 offset=0
BF16 GEMM rel_l2=0 max_abs=0
BF16 shape M=65 N=65 K=71 trans_a=0 trans_b=0 b_scale=1 alpha=3.90523 beta=-6.09503 split=0 symmetric=1 workers=7 offset=0
BF16 GEMM rel_l2=8.85160204e-08 max_abs=2.86102295e-06
BF16 shape M=64 N=64 K=128 trans_a=1 trans_b=1 b_scale=1 alpha=1 beta=0 split=0 symmetric=1 workers=1 offset=0
BF16 GEMM rel_l2=1.79430543e-07 max_abs=1.90734863e-06
BF16 shape M=129 N=96 K=72 trans_a=0 trans_b=0 b_scale=0.625 alpha=1 beta=0 split=0 symmetric=0 workers=7 offset=0
BF16 GEMM rel_l2=8.64948429e-08 max_abs=1.78813934e-07
BF16 shape M=65 N=80 K=72 trans_a=0 trans_b=1 b_scale=0.625 alpha=1 beta=0 split=0 symmetric=0 workers=7 offset=1
BF16 GEMM rel_l2=8.71208918e-08 max_abs=1.1920929e-07
BF16 shape M=65 N=80 K=72 trans_a=1 trans_b=0 b_scale=0.625 alpha=1 beta=0 split=0 symmetric=0 workers=7 offset=1
BF16 GEMM rel_l2=9.03329289e-08 max_abs=1.78813934e-07
PASS: native BF16 GEMM, scaled weights, split epilogues, symmetric Gram and dependent scheduling
========= ERROR SUMMARY: 0 errors

Static SASS instruction counts for _ZN4nano10megakernelILb0ELb0ELb1ELb1ELb0ELb0ELb0EEEvNS_5GraphE: {'HMMA': 56, 'HGMMA': 0, 'LDGSTS': 56, 'LDL': 0, 'STL': 0}
Static SASS instruction counts for _ZN4nano10megakernelILb0ELb0ELb0ELb1ELb0ELb0ELb0EEEvNS_5GraphE: {'HMMA': 56, 'HGMMA': 0, 'LDGSTS': 56, 'LDL': 0, 'STL': 0}