sha256 80e0bcdd134dc9a03470470d9d1842cae12faba7a1be9346cff636fcc662c654 Makefile
sha256 489a50ab144cd30e1e42d2029754c92de2ef09a2051f1a6034f9fe840fc8d2c2 anvil.cu
sha256 1dc9217e8b64c5b061aff94ec81e26279bf1a64c9d3cc8386cc97568adc41936 anvil.cuh
sha256 96d97e1fdc6596c83415a4d0ceff7138686ea3c1aecf1c99b8d8f28d38690409 anvil_graph.cuh
sha256 5a55ce388ca131f3fcac75df07010da61a2899a0889e3f04028c49b655639607 attention.cu
sha256 d508c8dba1c9bb0384fccc9d21dc0ed3117602ec14e362e5bc81c49b46da4e9c attention.cuh
sha256 a8a2155c83ae275021b9cb0626865ae047eb205e067b710a6671d97ddc53633b attention_layer.cu
sha256 5e23df96de295a12c6770293bb3724e58ffee06f6310f0dbf43293c5c377ffac attention_layer.cuh
sha256 e43b134f524130c5fcc5b7ea3dfca072fed7dfcb72ff0957dbb0bd2e7d4f7733 attention_layer_reference.cuh
sha256 e8c9d493882f43781cb0cf48e1ae59a39c3d87f2901a33c07d3b52c30e092220 attention_post.cuh
sha256 7bae7cc6d4defc9026d5882b9e970dc184b2ff492d6735c7f67f40403dcfc239 attention_reference.cuh
sha256 a3be2ab6c64f030ca01f7d30c6a6bb7604b3bbe62257ba0aad9bb72bca232c76 bench.cuh
sha256 a1239425b438fa85c0628a25decee76f394162bc6c3aae2cfa03cc6e5fd1c3d9 bf16.cu
sha256 f0b1e8d6b592fade27c2a027c6dd8f6145fbd1c9d08486129b78bdcff65a968a bf16_gemm.cuh
sha256 b6013fa23a801d8e288bf261029957d6931556cc18d7e7fc2de9974ad7887d6d embeddings.cuh
sha256 dd38c6d6039e09b954f14669ec4cd0877700ba1011719e8d784a5629f1a728d1 evaluation_head.cuh
sha256 ec94fd114bd2b8b97e2e890697973afe316a7ce5e2535476815f9db9e12a4778 evaluation_head_check.cuh
sha256 d4b3c092f09347b8d6cefd89d84d64bc7bea040a24b64c0dd8614fbfe7c8b621 frontier.cuh
sha256 75c4137f95d8b352fb02671ea4995ab6d8857390eb27d11479f7d6e628f02ce5 gates.cuh
sha256 6c7816f88d3635a7a72d3db3eb5fb7b09dd04f5350db0b76e7769ec0b570e361 hopper.cuh
sha256 03f93798ed7c4fef6721da3ee868fabe7a249db8af18b6615aef883682c91615 megakernel.cuh
sha256 650935fbe0799cec650ebe91331f83e58b23a3461c0a9df0f01a27a6dcebaec7 mlp_evaluation.cuh
sha256 abc976abdeaa14db113f1e1c880af4aa6b3399bb04b70e1f3718ac8abbc3d888 mlp_evaluation_check.cuh
sha256 960256e6097b5eb5a2a3e5505c14fabf62213b218441a16405ed0adceaa9ea9f model_evaluation.cuh
sha256 eafe6723a2b8a770528517590aa92e014ae315d4d9cbd9dea25bdd3139db22c4 model_evaluation_check.cuh
sha256 2cfe05bf690ca0783fddd52ff5337f292baff00fd328c5d851d55264aadddf36 qkv.cuh
sha256 cef57ceb07ba44e55effc962c75d7f96485a7f1b80a5555438c99016553708d9 quantize.cu
sha256 9075da55b9c101c83b3683c723f318808b2655b7b2b7219976b812520dc6deb2 routing.cu
sha256 ca484b3e8d99319779949171f011f533443b6cd387ad8d5459fdb676e072f33a routing.cuh
sha256 f2bff3dccf7c4d0f34cf0013fecc638bf73931d93eb069f5791551950ad2a43b tokenizer.cpp
sha256 6162af3343d30737858843abf1b3e930bee0e4af510aa75df73a810816d39da9 transport.cu
sha256 4c74b0dba9a3a754d4fff90f9cab402ed715067484f50079efdc703ddb8ef6fe validate.cu
$ nvidia-smi
Sat Sep 19 07:26:09 2026       
+-----------------------------------------------------------------------------------------+
| NVIDIA-SMI 580.95.05              Driver Version: 580.95.05      CUDA Version: 13.0     |
+-----------------------------------------+------------------------+----------------------+
| GPU  Name                 Persistence-M | Bus-Id          Disp.A | Volatile Uncorr. ECC |
| Fan  Temp   Perf          Pwr:Usage/Cap |           Memory-Usage | GPU-Util  Compute M. |
|                                         |                        |               MIG M. |
|=========================================+========================+======================|
|   0  NVIDIA H100 80GB HBM3          On  |   00000000:D8:00.0 Off |                    0 |
| N/A   36C    P0             72W /  700W |       4MiB /  81559MiB |      0%      Default |
|                                         |                        |             Disabled |
+-----------------------------------------+------------------------+----------------------+

+-----------------------------------------------------------------------------------------+
| Processes:                                                                              |
|  GPU   GI   CI              PID   Type   Process name                        GPU Memory |
|        ID   ID                                                               Usage      |
|=========================================================================================|
|  No running processes found                                                             |
+-----------------------------------------------------------------------------------------+

$ nvcc --version
nvcc: NVIDIA (R) Cuda compiler driver
Copyright (c) 2005-2025 NVIDIA Corporation
Built on Fri_Feb_21_20:23:50_PST_2025
Cuda compilation tools, release 12.8, V12.8.93
Build cuda_12.8.r12.8/compiler.35583870_0

$ make -C /workspace/cuda bf16
make: Entering directory '/workspace/cuda'
nvcc -std=c++17 -O3 -arch=sm_90a -lineinfo -Xptxas=-v,-warn-spills -DNANO_TRANSPOSE_PAD=4 -DNANO_REUSE_QUANT=1 -DNANO_MIN_BLOCKS=4 -DNANO_ALIGNED=1 -DNANO_K_LOOP=1 -DNANO_FRONTIER=1 -DNANO_BF16_COALESCED=1 bf16.cu -lcublas -o bf16
ptxas info    : 0 bytes gmem
ptxas info    : Compiling entry function '_ZN4nano10megakernelILb0ELb0ELb1ELb1ELb0ELb0ELb0EEEvNS_5GraphE' for 'sm_90a'
ptxas info    : Function properties for _ZN4nano10megakernelILb0ELb0ELb1ELb1ELb0ELb0ELb0EEEvNS_5GraphE
    0 bytes stack frame, 0 bytes spill stores, 0 bytes spill loads
ptxas info    : Used 128 registers, used 1 barriers, 32776 bytes smem
ptxas info    : Compile time = 1211.572 ms
ptxas info    : Compiling entry function '_ZN4nano10megakernelILb0ELb0ELb0ELb1ELb0ELb0ELb0EEEvNS_5GraphE' for 'sm_90a'
ptxas info    : Function properties for _ZN4nano10megakernelILb0ELb0ELb0ELb1ELb0ELb0ELb0EEEvNS_5GraphE
    0 bytes stack frame, 0 bytes spill stores, 0 bytes spill loads
ptxas info    : Used 128 registers, used 1 barriers, 32776 bytes smem
ptxas info    : Compile time = 876.498 ms
ptxas info    : Compiling entry function '_ZN4nano10megakernelILb1ELb0ELb0ELb1ELb0ELb0ELb0EEEvNS_5GraphE' for 'sm_90a'
ptxas info    : Function properties for _ZN4nano10megakernelILb1ELb0ELb0ELb1ELb0ELb0ELb0EEEvNS_5GraphE
    0 bytes stack frame, 0 bytes spill stores, 0 bytes spill loads
ptxas info    : Used 128 registers, used 1 barriers, 32776 bytes smem
ptxas info    : Compile time = 873.833 ms
ptxas info    : Compiling entry function '_Z16reset_bf16_queuePiS_S_PKiii' for 'sm_90a'
ptxas info    : Function properties for _Z16reset_bf16_queuePiS_S_PKiii
    0 bytes stack frame, 0 bytes spill stores, 0 bytes spill loads
ptxas info    : Used 12 registers, used 0 barriers
ptxas info    : Compile time = 1.899 ms
ptxas info    : Compiling entry function '_Z11staged_bf16N4nano10BF16MatmulE' for 'sm_90a'
ptxas info    : Function properties for _Z11staged_bf16N4nano10BF16MatmulE
    0 bytes stack frame, 0 bytes spill stores, 0 bytes spill loads
ptxas info    : Used 128 registers, used 1 barriers, 32768 bytes smem
ptxas info    : Compile time = 729.127 ms
ptxas info    : Compiling entry function '_Z19reference_bf16_postN4nano10BF16MatmulEPf' for 'sm_90a'
ptxas info    : Function properties for _Z19reference_bf16_postN4nano10BF16MatmulEPf
    0 bytes stack frame, 0 bytes spill stores, 0 bytes spill loads
ptxas info    : Used 10 registers, used 0 barriers
ptxas info    : Compile time = 2.422 ms
ptxas info    : Compiling entry function '_Z11unpack_bf16N4nano10BF16MatmulEPfS1_' for 'sm_90a'
ptxas info    : Function properties for _Z11unpack_bf16N4nano10BF16MatmulEPfS1_
    0 bytes stack frame, 0 bytes spill stores, 0 bytes spill loads
ptxas info    : Used 22 registers, used 0 barriers
ptxas info    : Compile time = 9.935 ms
make: Leaving directory '/workspace/cuda'

$ /workspace/cuda/bf16
GPU[0]=NVIDIA H100 80GB HBM3 SMs=132 runtime=12080
BF16 resident_ctas_per_sm=4
BF16 shape M=1 N=1 K=1 trans_a=0 trans_b=0 b_scale=0.7 alpha=1 beta=0 split=1 symmetric=0 workers=1
BF16 GEMM rel_l2=0 max_abs=0
BF16 shape M=7 N=17 K=33 trans_a=0 trans_b=1 b_scale=1 alpha=0.9 beta=0.3 split=0 symmetric=0 workers=7
BF16 GEMM rel_l2=5.9289151e-08 max_abs=5.96046448e-08
BF16 shape M=7 N=17 K=33 trans_a=0 trans_b=0 b_scale=-0.37 alpha=0.9 beta=0.3 split=0 symmetric=0 workers=1
BF16 GEMM rel_l2=6.99287322e-08 max_abs=5.96046448e-08
BF16 shape M=7 N=17 K=33 trans_a=1 trans_b=0 b_scale=-0.37 alpha=0.9 beta=0.3 split=1 symmetric=0 workers=7
BF16 GEMM rel_l2=0 max_abs=0
BF16 shape M=7 N=17 K=33 trans_a=0 trans_b=1 b_scale=-0.37 alpha=0.9 beta=0.3 split=0 symmetric=0 workers=7
BF16 GEMM rel_l2=6.09603427e-08 max_abs=2.98023224e-08
BF16 shape M=7 N=17 K=33 trans_a=1 trans_b=1 b_scale=-0.37 alpha=0.9 beta=0.3 split=1 symmetric=0 workers=7
BF16 GEMM rel_l2=0 max_abs=0
BF16 shape M=65 N=65 K=71 trans_a=0 trans_b=0 b_scale=1 alpha=3.90523 beta=-6.09503 split=0 symmetric=1 workers=7
BF16 GEMM rel_l2=8.85160204e-08 max_abs=2.86102295e-06
BF16 shape M=64 N=64 K=128 trans_a=1 trans_b=1 b_scale=1 alpha=1 beta=0 split=0 symmetric=1 workers=1
BF16 GEMM rel_l2=1.79430543e-07 max_abs=1.90734863e-06
BF16 shape M=129 N=96 K=72 trans_a=0 trans_b=0 b_scale=0.625 alpha=1 beta=0 split=0 symmetric=0 workers=7
BF16 GEMM rel_l2=8.64948429e-08 max_abs=1.78813934e-07
BF16 shape M=257 N=129 K=273 trans_a=1 trans_b=1 b_scale=1 alpha=1 beta=0 split=1 symmetric=0 workers=1056
BF16 GEMM rel_l2=5.73522881e-07 max_abs=6.10351562e-05
BF16 shape M=16384 N=768 K=768 trans_a=0 trans_b=0 b_scale=0.875 alpha=1 beta=0 split=0 symmetric=0 workers=528
BF16 GEMM rel_l2=7.37193939e-07 max_abs=7.15255737e-06
bf16_staged median_ms=0.206640 samples_ms= 0.206848 0.207616 0.205984 0.207072 0.205920 0.206272 0.206528 0.207232 0.206688 0.206592
bf16_persistent_with_reset median_ms=0.235936 samples_ms= 0.236960 0.238016 0.235968 0.235904 0.235520 0.238176 0.234848 0.235808 0.234976 0.237088
BF16 shape M=16384 N=768 K=384 trans_a=0 trans_b=0 b_scale=0.875 alpha=1 beta=0 split=0 symmetric=0 workers=528
BF16 GEMM rel_l2=3.62417134e-07 max_abs=3.09944153e-06
bf16_staged median_ms=0.130160 samples_ms= 0.132416 0.130080 0.129536 0.130336 0.130240 0.129568 0.128864 0.130400 0.130080 0.134816
bf16_persistent_with_reset median_ms=0.163088 samples_ms= 0.164896 0.162304 0.163648 0.162880 0.164224 0.161760 0.162528 0.162304 0.163328 0.163296
BF16 shape M=768 N=768 K=2816 trans_a=1 trans_b=1 b_scale=1 alpha=1 beta=0 split=0 symmetric=1 workers=528
BF16 GEMM rel_l2=6.84664843e-06 max_abs=0.0009765625
bf16_staged median_ms=0.268880 samples_ms= 0.268096 0.269120 0.267296 0.268768 0.268992 0.270688 0.267392 0.269120 0.267552 0.269696
bf16_persistent_with_reset median_ms=0.532880 samples_ms= 0.534144 0.528960 0.528320 0.532768 0.528736 0.532992 0.540192 0.533504 0.530560 0.534304
BF16 shape M=2816 N=768 K=768 trans_a=0 trans_b=1 b_scale=1 alpha=1 beta=3.9238 split=1 symmetric=0 workers=528
BF16 GEMM rel_l2=5.64413038e-05 max_abs=0.015625
bf16_staged median_ms=0.103712 samples_ms= 0.104224 0.103776 0.103360 0.103648 0.103424 0.103904 0.103808 0.103808 0.103104 0.103520
bf16_persistent_with_reset median_ms=0.164640 samples_ms= 0.165728 0.163776 0.164256 0.164704 0.164736 0.164608 0.164864 0.164672 0.163936 0.163872
PASS: native BF16 GEMM, scaled weights, split epilogues, symmetric Gram and dependent scheduling

$ make -C /workspace/cuda bf16_control
make: Entering directory '/workspace/cuda'
nvcc -std=c++17 -O3 -arch=sm_90a -lineinfo -Xptxas=-v,-warn-spills -DNANO_TRANSPOSE_PAD=4 -DNANO_REUSE_QUANT=1 -DNANO_MIN_BLOCKS=4 -DNANO_ALIGNED=1 -DNANO_K_LOOP=1 -DNANO_FRONTIER=1 bf16.cu -lcublas -o bf16_control
ptxas info    : 0 bytes gmem
ptxas info    : Compiling entry function '_ZN4nano10megakernelILb0ELb0ELb1ELb1ELb0ELb0ELb0EEEvNS_5GraphE' for 'sm_90a'
ptxas info    : Function properties for _ZN4nano10megakernelILb0ELb0ELb1ELb1ELb0ELb0ELb0EEEvNS_5GraphE
    0 bytes stack frame, 0 bytes spill stores, 0 bytes spill loads
ptxas info    : Used 128 registers, used 1 barriers, 32776 bytes smem
ptxas info    : Compile time = 1263.718 ms
ptxas info    : Compiling entry function '_ZN4nano10megakernelILb0ELb0ELb0ELb1ELb0ELb0ELb0EEEvNS_5GraphE' for 'sm_90a'
ptxas info    : Function properties for _ZN4nano10megakernelILb0ELb0ELb0ELb1ELb0ELb0ELb0EEEvNS_5GraphE
    0 bytes stack frame, 0 bytes spill stores, 0 bytes spill loads
ptxas info    : Used 128 registers, used 1 barriers, 32776 bytes smem
ptxas info    : Compile time = 902.185 ms
ptxas info    : Compiling entry function '_ZN4nano10megakernelILb1ELb0ELb0ELb1ELb0ELb0ELb0EEEvNS_5GraphE' for 'sm_90a'
ptxas info    : Function properties for _ZN4nano10megakernelILb1ELb0ELb0ELb1ELb0ELb0ELb0EEEvNS_5GraphE
    0 bytes stack frame, 0 bytes spill stores, 0 bytes spill loads
ptxas info    : Used 128 registers, used 1 barriers, 32776 bytes smem
ptxas info    : Compile time = 898.534 ms
ptxas info    : Compiling entry function '_Z16reset_bf16_queuePiS_S_PKiii' for 'sm_90a'
ptxas info    : Function properties for _Z16reset_bf16_queuePiS_S_PKiii
    0 bytes stack frame, 0 bytes spill stores, 0 bytes spill loads
ptxas info    : Used 12 registers, used 0 barriers
ptxas info    : Compile time = 1.930 ms
ptxas info    : Compiling entry function '_Z11staged_bf16N4nano10BF16MatmulE' for 'sm_90a'
ptxas info    : Function properties for _Z11staged_bf16N4nano10BF16MatmulE
    0 bytes stack frame, 0 bytes spill stores, 0 bytes spill loads
ptxas info    : Used 120 registers, used 1 barriers, 32768 bytes smem
ptxas info    : Compile time = 695.081 ms
ptxas info    : Compiling entry function '_Z19reference_bf16_postN4nano10BF16MatmulEPf' for 'sm_90a'
ptxas info    : Function properties for _Z19reference_bf16_postN4nano10BF16MatmulEPf
    0 bytes stack frame, 0 bytes spill stores, 0 bytes spill loads
ptxas info    : Used 10 registers, used 0 barriers
ptxas info    : Compile time = 2.408 ms
ptxas info    : Compiling entry function '_Z11unpack_bf16N4nano10BF16MatmulEPfS1_' for 'sm_90a'
ptxas info    : Function properties for _Z11unpack_bf16N4nano10BF16MatmulEPfS1_
    0 bytes stack frame, 0 bytes spill stores, 0 bytes spill loads
ptxas info    : Used 22 registers, used 0 barriers
ptxas info    : Compile time = 9.795 ms
make: Leaving directory '/workspace/cuda'

$ /workspace/cuda/bf16_control
GPU[0]=NVIDIA H100 80GB HBM3 SMs=132 runtime=12080
BF16 resident_ctas_per_sm=4
BF16 shape M=1 N=1 K=1 trans_a=0 trans_b=0 b_scale=0.7 alpha=1 beta=0 split=1 symmetric=0 workers=1
BF16 GEMM rel_l2=0 max_abs=0
BF16 shape M=7 N=17 K=33 trans_a=0 trans_b=1 b_scale=1 alpha=0.9 beta=0.3 split=0 symmetric=0 workers=7
BF16 GEMM rel_l2=5.9289151e-08 max_abs=5.96046448e-08
BF16 shape M=7 N=17 K=33 trans_a=0 trans_b=0 b_scale=-0.37 alpha=0.9 beta=0.3 split=0 symmetric=0 workers=1
BF16 GEMM rel_l2=6.99287322e-08 max_abs=5.96046448e-08
BF16 shape M=7 N=17 K=33 trans_a=1 trans_b=0 b_scale=-0.37 alpha=0.9 beta=0.3 split=1 symmetric=0 workers=7
BF16 GEMM rel_l2=0 max_abs=0
BF16 shape M=7 N=17 K=33 trans_a=0 trans_b=1 b_scale=-0.37 alpha=0.9 beta=0.3 split=0 symmetric=0 workers=7
BF16 GEMM rel_l2=6.09603427e-08 max_abs=2.98023224e-08
BF16 shape M=7 N=17 K=33 trans_a=1 trans_b=1 b_scale=-0.37 alpha=0.9 beta=0.3 split=1 symmetric=0 workers=7
BF16 GEMM rel_l2=0 max_abs=0
BF16 shape M=65 N=65 K=71 trans_a=0 trans_b=0 b_scale=1 alpha=3.90523 beta=-6.09503 split=0 symmetric=1 workers=7
BF16 GEMM rel_l2=8.85160204e-08 max_abs=2.86102295e-06
BF16 shape M=64 N=64 K=128 trans_a=1 trans_b=1 b_scale=1 alpha=1 beta=0 split=0 symmetric=1 workers=1
BF16 GEMM rel_l2=1.79430543e-07 max_abs=1.90734863e-06
BF16 shape M=129 N=96 K=72 trans_a=0 trans_b=0 b_scale=0.625 alpha=1 beta=0 split=0 symmetric=0 workers=7
BF16 GEMM rel_l2=8.64948429e-08 max_abs=1.78813934e-07
BF16 shape M=257 N=129 K=273 trans_a=1 trans_b=1 b_scale=1 alpha=1 beta=0 split=1 symmetric=0 workers=1056
BF16 GEMM rel_l2=5.73522881e-07 max_abs=6.10351562e-05
BF16 shape M=16384 N=768 K=768 trans_a=0 trans_b=0 b_scale=0.875 alpha=1 beta=0 split=0 symmetric=0 workers=528
BF16 GEMM rel_l2=7.37193939e-07 max_abs=7.15255737e-06
bf16_staged median_ms=0.203776 samples_ms= 0.204672 0.203648 0.203552 0.203584 0.203680 0.204416 0.203328 0.203872 0.204064 0.204832
bf16_persistent_with_reset median_ms=0.230976 samples_ms= 0.231136 0.230976 0.232672 0.229280 0.232224 0.230368 0.229184 0.231040 0.230976 0.230336
BF16 shape M=16384 N=768 K=384 trans_a=0 trans_b=0 b_scale=0.875 alpha=1 beta=0 split=0 symmetric=0 workers=528
BF16 GEMM rel_l2=3.62417134e-07 max_abs=3.09944153e-06
bf16_staged median_ms=0.128576 samples_ms= 0.128096 0.129792 0.128416 0.130272 0.128256 0.129536 0.128736 0.128416 0.128096 0.129216
bf16_persistent_with_reset median_ms=0.161296 samples_ms= 0.160768 0.161536 0.161312 0.160672 0.161280 0.158656 0.163552 0.161312 0.161248 0.161728
BF16 shape M=768 N=768 K=2816 trans_a=1 trans_b=1 b_scale=1 alpha=1 beta=0 split=0 symmetric=1 workers=528
BF16 GEMM rel_l2=6.84664843e-06 max_abs=0.0009765625
bf16_staged median_ms=0.280384 samples_ms= 0.280608 0.280256 0.280512 0.281088 0.280160 0.280000 0.278848 0.282144 0.280896 0.279552
bf16_persistent_with_reset median_ms=0.677392 samples_ms= 0.875200 0.673920 0.880416 0.683648 0.678848 0.673344 0.674432 0.676768 0.678016 0.675456
BF16 shape M=2816 N=768 K=768 trans_a=0 trans_b=1 b_scale=1 alpha=1 beta=3.9238 split=1 symmetric=0 workers=528
BF16 GEMM rel_l2=5.64413038e-05 max_abs=0.015625
bf16_staged median_ms=0.156288 samples_ms= 0.156128 0.155808 0.157152 0.156384 0.155296 0.156256 0.156224 0.156544 0.156320 0.157024
bf16_persistent_with_reset median_ms=0.167504 samples_ms= 0.167872 0.167744 0.167232 0.167264 0.166240 0.168064 0.169952 0.166208 0.167008 0.168128
PASS: native BF16 GEMM, scaled weights, split epilogues, symmetric Gram and dependent scheduling

$ make -C /workspace/cuda bf16_async
make: Entering directory '/workspace/cuda'
nvcc -std=c++17 -O3 -arch=sm_90a -lineinfo -Xptxas=-v,-warn-spills -DNANO_TRANSPOSE_PAD=4 -DNANO_REUSE_QUANT=1 -DNANO_MIN_BLOCKS=4 -DNANO_ALIGNED=1 -DNANO_K_LOOP=1 -DNANO_FRONTIER=1 -DNANO_BF16_COALESCED=1 -DNANO_BF16_INDEPENDENT_LOAD=1 bf16.cu -lcublas -o bf16_async
ptxas info    : 0 bytes gmem
ptxas info    : Compiling entry function '_ZN4nano10megakernelILb0ELb0ELb1ELb1ELb0ELb0ELb0EEEvNS_5GraphE' for 'sm_90a'
ptxas info    : Function properties for _ZN4nano10megakernelILb0ELb0ELb1ELb1ELb0ELb0ELb0EEEvNS_5GraphE
    0 bytes stack frame, 0 bytes spill stores, 0 bytes spill loads
ptxas info    : Used 128 registers, used 1 barriers, 32776 bytes smem
ptxas info    : Compile time = 1268.531 ms
ptxas info    : Compiling entry function '_ZN4nano10megakernelILb0ELb0ELb0ELb1ELb0ELb0ELb0EEEvNS_5GraphE' for 'sm_90a'
ptxas info    : Function properties for _ZN4nano10megakernelILb0ELb0ELb0ELb1ELb0ELb0ELb0EEEvNS_5GraphE
    0 bytes stack frame, 0 bytes spill stores, 0 bytes spill loads
ptxas info    : Used 128 registers, used 1 barriers, 32776 bytes smem
ptxas info    : Compile time = 923.303 ms
ptxas info    : Compiling entry function '_ZN4nano10megakernelILb1ELb0ELb0ELb1ELb0ELb0ELb0EEEvNS_5GraphE' for 'sm_90a'
ptxas info    : Function properties for _ZN4nano10megakernelILb1ELb0ELb0ELb1ELb0ELb0ELb0EEEvNS_5GraphE
    0 bytes stack frame, 0 bytes spill stores, 0 bytes spill loads
ptxas info    : Used 128 registers, used 1 barriers, 32776 bytes smem
ptxas info    : Compile time = 921.201 ms
ptxas info    : Compiling entry function '_Z16reset_bf16_queuePiS_S_PKiii' for 'sm_90a'
ptxas info    : Function properties for _Z16reset_bf16_queuePiS_S_PKiii
    0 bytes stack frame, 0 bytes spill stores, 0 bytes spill loads
ptxas info    : Used 12 registers, used 0 barriers
ptxas info    : Compile time = 1.893 ms
ptxas info    : Compiling entry function '_Z11staged_bf16N4nano10BF16MatmulE' for 'sm_90a'
ptxas info    : Function properties for _Z11staged_bf16N4nano10BF16MatmulE
    0 bytes stack frame, 0 bytes spill stores, 0 bytes spill loads
ptxas info    : Used 158 registers, used 1 barriers, 32768 bytes smem
ptxas info    : Compile time = 804.582 ms
ptxas info    : Compiling entry function '_Z19reference_bf16_postN4nano10BF16MatmulEPf' for 'sm_90a'
ptxas info    : Function properties for _Z19reference_bf16_postN4nano10BF16MatmulEPf
    0 bytes stack frame, 0 bytes spill stores, 0 bytes spill loads
ptxas info    : Used 10 registers, used 0 barriers
ptxas info    : Compile time = 2.403 ms
ptxas info    : Compiling entry function '_Z11unpack_bf16N4nano10BF16MatmulEPfS1_' for 'sm_90a'
ptxas info    : Function properties for _Z11unpack_bf16N4nano10BF16MatmulEPfS1_
    0 bytes stack frame, 0 bytes spill stores, 0 bytes spill loads
ptxas info    : Used 22 registers, used 0 barriers
ptxas info    : Compile time = 9.718 ms
make: Leaving directory '/workspace/cuda'

$ /workspace/cuda/bf16_async
GPU[0]=NVIDIA H100 80GB HBM3 SMs=132 runtime=12080
BF16 resident_ctas_per_sm=4
BF16 shape M=1 N=1 K=1 trans_a=0 trans_b=0 b_scale=0.7 alpha=1 beta=0 split=1 symmetric=0 workers=1
BF16 GEMM rel_l2=0 max_abs=0
BF16 shape M=7 N=17 K=33 trans_a=0 trans_b=1 b_scale=1 alpha=0.9 beta=0.3 split=0 symmetric=0 workers=7
BF16 GEMM rel_l2=5.9289151e-08 max_abs=5.96046448e-08
BF16 shape M=7 N=17 K=33 trans_a=0 trans_b=0 b_scale=-0.37 alpha=0.9 beta=0.3 split=0 symmetric=0 workers=1
BF16 GEMM rel_l2=6.99287322e-08 max_abs=5.96046448e-08
BF16 shape M=7 N=17 K=33 trans_a=1 trans_b=0 b_scale=-0.37 alpha=0.9 beta=0.3 split=1 symmetric=0 workers=7
BF16 GEMM rel_l2=0 max_abs=0
BF16 shape M=7 N=17 K=33 trans_a=0 trans_b=1 b_scale=-0.37 alpha=0.9 beta=0.3 split=0 symmetric=0 workers=7
BF16 GEMM rel_l2=6.09603427e-08 max_abs=2.98023224e-08
BF16 shape M=7 N=17 K=33 trans_a=1 trans_b=1 b_scale=-0.37 alpha=0.9 beta=0.3 split=1 symmetric=0 workers=7
BF16 GEMM rel_l2=0 max_abs=0
BF16 shape M=65 N=65 K=71 trans_a=0 trans_b=0 b_scale=1 alpha=3.90523 beta=-6.09503 split=0 symmetric=1 workers=7
BF16 GEMM rel_l2=8.85160204e-08 max_abs=2.86102295e-06
BF16 shape M=64 N=64 K=128 trans_a=1 trans_b=1 b_scale=1 alpha=1 beta=0 split=0 symmetric=1 workers=1
BF16 GEMM rel_l2=1.79430543e-07 max_abs=1.90734863e-06
BF16 shape M=129 N=96 K=72 trans_a=0 trans_b=0 b_scale=0.625 alpha=1 beta=0 split=0 symmetric=0 workers=7
BF16 GEMM rel_l2=8.64948429e-08 max_abs=1.78813934e-07
BF16 shape M=257 N=129 K=273 trans_a=1 trans_b=1 b_scale=1 alpha=1 beta=0 split=1 symmetric=0 workers=1056
BF16 GEMM rel_l2=5.73522881e-07 max_abs=6.10351562e-05
BF16 shape M=16384 N=768 K=768 trans_a=0 trans_b=0 b_scale=0.875 alpha=1 beta=0 split=0 symmetric=0 workers=528
BF16 GEMM rel_l2=7.37193939e-07 max_abs=7.15255737e-06
bf16_staged median_ms=0.250224 samples_ms= 0.249920 0.251104 0.249184 0.249184 0.250720 0.250368 0.250752 0.250432 0.250080 0.249344
bf16_persistent_with_reset median_ms=0.245216 samples_ms= 0.246272 0.246240 0.243968 0.245216 0.244512 0.244768 0.244544 0.245344 0.245216 0.245248
BF16 shape M=16384 N=768 K=384 trans_a=0 trans_b=0 b_scale=0.875 alpha=1 beta=0 split=0 symmetric=0 workers=528
BF16 GEMM rel_l2=3.62417134e-07 max_abs=3.09944153e-06
bf16_staged median_ms=0.153456 samples_ms= 0.154528 0.154368 0.153024 0.152640 0.153280 0.153472 0.153632 0.153440 0.153696 0.153120
bf16_persistent_with_reset median_ms=0.167216 samples_ms= 0.170528 0.167936 0.168544 0.167008 0.166912 0.168064 0.167008 0.165408 0.167424 0.166432
BF16 shape M=768 N=768 K=2816 trans_a=1 trans_b=1 b_scale=1 alpha=1 beta=0 split=0 symmetric=1 workers=528
BF16 GEMM rel_l2=6.84664843e-06 max_abs=0.0009765625
bf16_staged median_ms=0.232384 samples_ms= 0.232480 0.232480 0.232384 0.232640 0.231488 0.232384 0.232512 0.232224 0.231712 0.232032
bf16_persistent_with_reset median_ms=0.540224 samples_ms= 0.545952 0.542944 0.540032 0.540992 0.534688 0.536768 0.534208 0.536480 0.540416 0.542080
BF16 shape M=2816 N=768 K=768 trans_a=0 trans_b=1 b_scale=1 alpha=1 beta=3.9238 split=1 symmetric=0 workers=528
BF16 GEMM rel_l2=5.64413038e-05 max_abs=0.015625
bf16_staged median_ms=0.099776 samples_ms= 0.100384 0.099104 0.100224 0.099136 0.099616 0.100224 0.099552 0.099936 0.099520 0.100032
bf16_persistent_with_reset median_ms=0.103152 samples_ms= 0.103136 0.103168 0.102368 0.102144 0.104064 0.102144 0.103296 0.102880 0.103776 0.103168
PASS: native BF16 GEMM, scaled weights, split epilogues, symmetric Gram and dependent scheduling

$ compute-sanitizer --tool memcheck --error-exitcode 1 /workspace/cuda/bf16 --quick
========= COMPUTE-SANITIZER
GPU[0]=NVIDIA H100 80GB HBM3 SMs=132 runtime=12080
BF16 resident_ctas_per_sm=4
BF16 shape M=1 N=1 K=1 trans_a=0 trans_b=0 b_scale=0.7 alpha=1 beta=0 split=1 symmetric=0 workers=1
BF16 GEMM rel_l2=0 max_abs=0
BF16 shape M=7 N=17 K=33 trans_a=0 trans_b=1 b_scale=1 alpha=0.9 beta=0.3 split=0 symmetric=0 workers=7
BF16 GEMM rel_l2=5.9289151e-08 max_abs=5.96046448e-08
BF16 shape M=7 N=17 K=33 trans_a=0 trans_b=0 b_scale=-0.37 alpha=0.9 beta=0.3 split=0 symmetric=0 workers=1
BF16 GEMM rel_l2=6.99287322e-08 max_abs=5.96046448e-08
BF16 shape M=7 N=17 K=33 trans_a=1 trans_b=0 b_scale=-0.37 alpha=0.9 beta=0.3 split=1 symmetric=0 workers=7
BF16 GEMM rel_l2=0 max_abs=0
BF16 shape M=7 N=17 K=33 trans_a=0 trans_b=1 b_scale=-0.37 alpha=0.9 beta=0.3 split=0 symmetric=0 workers=7
BF16 GEMM rel_l2=6.09603427e-08 max_abs=2.98023224e-08
BF16 shape M=7 N=17 K=33 trans_a=1 trans_b=1 b_scale=-0.37 alpha=0.9 beta=0.3 split=1 symmetric=0 workers=7
BF16 GEMM rel_l2=0 max_abs=0
BF16 shape M=65 N=65 K=71 trans_a=0 trans_b=0 b_scale=1 alpha=3.90523 beta=-6.09503 split=0 symmetric=1 workers=7
BF16 GEMM rel_l2=8.85160204e-08 max_abs=2.86102295e-06
BF16 shape M=64 N=64 K=128 trans_a=1 trans_b=1 b_scale=1 alpha=1 beta=0 split=0 symmetric=1 workers=1
BF16 GEMM rel_l2=1.79430543e-07 max_abs=1.90734863e-06
BF16 shape M=129 N=96 K=72 trans_a=0 trans_b=0 b_scale=0.625 alpha=1 beta=0 split=0 symmetric=0 workers=7
BF16 GEMM rel_l2=8.64948429e-08 max_abs=1.78813934e-07
PASS: native BF16 GEMM, scaled weights, split epilogues, symmetric Gram and dependent scheduling
========= ERROR SUMMARY: 0 errors

$ compute-sanitizer --tool initcheck --error-exitcode 1 /workspace/cuda/bf16 --quick
========= COMPUTE-SANITIZER
GPU[0]=NVIDIA H100 80GB HBM3 SMs=132 runtime=12080
BF16 resident_ctas_per_sm=4
BF16 shape M=1 N=1 K=1 trans_a=0 trans_b=0 b_scale=0.7 alpha=1 beta=0 split=1 symmetric=0 workers=1
BF16 GEMM rel_l2=0 max_abs=0
BF16 shape M=7 N=17 K=33 trans_a=0 trans_b=1 b_scale=1 alpha=0.9 beta=0.3 split=0 symmetric=0 workers=7
BF16 GEMM rel_l2=5.9289151e-08 max_abs=5.96046448e-08
BF16 shape M=7 N=17 K=33 trans_a=0 trans_b=0 b_scale=-0.37 alpha=0.9 beta=0.3 split=0 symmetric=0 workers=1
BF16 GEMM rel_l2=6.99287322e-08 max_abs=5.96046448e-08
BF16 shape M=7 N=17 K=33 trans_a=1 trans_b=0 b_scale=-0.37 alpha=0.9 beta=0.3 split=1 symmetric=0 workers=7
BF16 GEMM rel_l2=0 max_abs=0
BF16 shape M=7 N=17 K=33 trans_a=0 trans_b=1 b_scale=-0.37 alpha=0.9 beta=0.3 split=0 symmetric=0 workers=7
BF16 GEMM rel_l2=6.09603427e-08 max_abs=2.98023224e-08
BF16 shape M=7 N=17 K=33 trans_a=1 trans_b=1 b_scale=-0.37 alpha=0.9 beta=0.3 split=1 symmetric=0 workers=7
BF16 GEMM rel_l2=0 max_abs=0
BF16 shape M=65 N=65 K=71 trans_a=0 trans_b=0 b_scale=1 alpha=3.90523 beta=-6.09503 split=0 symmetric=1 workers=7
BF16 GEMM rel_l2=8.85160204e-08 max_abs=2.86102295e-06
BF16 shape M=64 N=64 K=128 trans_a=1 trans_b=1 b_scale=1 alpha=1 beta=0 split=0 symmetric=1 workers=1
BF16 GEMM rel_l2=1.79430543e-07 max_abs=1.90734863e-06
BF16 shape M=129 N=96 K=72 trans_a=0 trans_b=0 b_scale=0.625 alpha=1 beta=0 split=0 symmetric=0 workers=7
BF16 GEMM rel_l2=8.64948429e-08 max_abs=1.78813934e-07
PASS: native BF16 GEMM, scaled weights, split epilogues, symmetric Gram and dependent scheduling
========= ERROR SUMMARY: 0 errors

$ compute-sanitizer --tool racecheck --error-exitcode 1 /workspace/cuda/bf16 --quick
========= COMPUTE-SANITIZER
GPU[0]=NVIDIA H100 80GB HBM3 SMs=132 runtime=12080
BF16 resident_ctas_per_sm=4
BF16 shape M=1 N=1 K=1 trans_a=0 trans_b=0 b_scale=0.7 alpha=1 beta=0 split=1 symmetric=0 workers=1
BF16 GEMM rel_l2=0 max_abs=0
BF16 shape M=7 N=17 K=33 trans_a=0 trans_b=1 b_scale=1 alpha=0.9 beta=0.3 split=0 symmetric=0 workers=7
BF16 GEMM rel_l2=5.9289151e-08 max_abs=5.96046448e-08
BF16 shape M=7 N=17 K=33 trans_a=0 trans_b=0 b_scale=-0.37 alpha=0.9 beta=0.3 split=0 symmetric=0 workers=1
BF16 GEMM rel_l2=6.99287322e-08 max_abs=5.96046448e-08
BF16 shape M=7 N=17 K=33 trans_a=1 trans_b=0 b_scale=-0.37 alpha=0.9 beta=0.3 split=1 symmetric=0 workers=7
BF16 GEMM rel_l2=0 max_abs=0
BF16 shape M=7 N=17 K=33 trans_a=0 trans_b=1 b_scale=-0.37 alpha=0.9 beta=0.3 split=0 symmetric=0 workers=7
BF16 GEMM rel_l2=6.09603427e-08 max_abs=2.98023224e-08
BF16 shape M=7 N=17 K=33 trans_a=1 trans_b=1 b_scale=-0.37 alpha=0.9 beta=0.3 split=1 symmetric=0 workers=7
BF16 GEMM rel_l2=0 max_abs=0
BF16 shape M=65 N=65 K=71 trans_a=0 trans_b=0 b_scale=1 alpha=3.90523 beta=-6.09503 split=0 symmetric=1 workers=7
BF16 GEMM rel_l2=8.85160204e-08 max_abs=2.86102295e-06
BF16 shape M=64 N=64 K=128 trans_a=1 trans_b=1 b_scale=1 alpha=1 beta=0 split=0 symmetric=1 workers=1
BF16 GEMM rel_l2=1.79430543e-07 max_abs=1.90734863e-06
BF16 shape M=129 N=96 K=72 trans_a=0 trans_b=0 b_scale=0.625 alpha=1 beta=0 split=0 symmetric=0 workers=7
BF16 GEMM rel_l2=8.64948429e-08 max_abs=1.78813934e-07
PASS: native BF16 GEMM, scaled weights, split epilogues, symmetric Gram and dependent scheduling
========= RACECHECK SUMMARY: 0 hazards displayed (0 errors, 0 warnings)

$ compute-sanitizer --tool synccheck --error-exitcode 1 /workspace/cuda/bf16 --quick
========= COMPUTE-SANITIZER
GPU[0]=NVIDIA H100 80GB HBM3 SMs=132 runtime=12080
BF16 resident_ctas_per_sm=4
BF16 shape M=1 N=1 K=1 trans_a=0 trans_b=0 b_scale=0.7 alpha=1 beta=0 split=1 symmetric=0 workers=1
BF16 GEMM rel_l2=0 max_abs=0
BF16 shape M=7 N=17 K=33 trans_a=0 trans_b=1 b_scale=1 alpha=0.9 beta=0.3 split=0 symmetric=0 workers=7
BF16 GEMM rel_l2=5.9289151e-08 max_abs=5.96046448e-08
BF16 shape M=7 N=17 K=33 trans_a=0 trans_b=0 b_scale=-0.37 alpha=0.9 beta=0.3 split=0 symmetric=0 workers=1
BF16 GEMM rel_l2=6.99287322e-08 max_abs=5.96046448e-08
BF16 shape M=7 N=17 K=33 trans_a=1 trans_b=0 b_scale=-0.37 alpha=0.9 beta=0.3 split=1 symmetric=0 workers=7
BF16 GEMM rel_l2=0 max_abs=0
BF16 shape M=7 N=17 K=33 trans_a=0 trans_b=1 b_scale=-0.37 alpha=0.9 beta=0.3 split=0 symmetric=0 workers=7
BF16 GEMM rel_l2=6.09603427e-08 max_abs=2.98023224e-08
BF16 shape M=7 N=17 K=33 trans_a=1 trans_b=1 b_scale=-0.37 alpha=0.9 beta=0.3 split=1 symmetric=0 workers=7
BF16 GEMM rel_l2=0 max_abs=0
BF16 shape M=65 N=65 K=71 trans_a=0 trans_b=0 b_scale=1 alpha=3.90523 beta=-6.09503 split=0 symmetric=1 workers=7
BF16 GEMM rel_l2=8.85160204e-08 max_abs=2.86102295e-06
BF16 shape M=64 N=64 K=128 trans_a=1 trans_b=1 b_scale=1 alpha=1 beta=0 split=0 symmetric=1 workers=1
BF16 GEMM rel_l2=1.79430543e-07 max_abs=1.90734863e-06
BF16 shape M=129 N=96 K=72 trans_a=0 trans_b=0 b_scale=0.625 alpha=1 beta=0 split=0 symmetric=0 workers=7
BF16 GEMM rel_l2=8.64948429e-08 max_abs=1.78813934e-07
PASS: native BF16 GEMM, scaled weights, split epilogues, symmetric Gram and dependent scheduling
========= ERROR SUMMARY: 0 errors

$ compute-sanitizer --tool memcheck --error-exitcode 1 /workspace/cuda/bf16_async --quick
========= COMPUTE-SANITIZER
GPU[0]=NVIDIA H100 80GB HBM3 SMs=132 runtime=12080
BF16 resident_ctas_per_sm=4
BF16 shape M=1 N=1 K=1 trans_a=0 trans_b=0 b_scale=0.7 alpha=1 beta=0 split=1 symmetric=0 workers=1
BF16 GEMM rel_l2=0 max_abs=0
BF16 shape M=7 N=17 K=33 trans_a=0 trans_b=1 b_scale=1 alpha=0.9 beta=0.3 split=0 symmetric=0 workers=7
BF16 GEMM rel_l2=5.9289151e-08 max_abs=5.96046448e-08
BF16 shape M=7 N=17 K=33 trans_a=0 trans_b=0 b_scale=-0.37 alpha=0.9 beta=0.3 split=0 symmetric=0 workers=1
BF16 GEMM rel_l2=6.99287322e-08 max_abs=5.96046448e-08
BF16 shape M=7 N=17 K=33 trans_a=1 trans_b=0 b_scale=-0.37 alpha=0.9 beta=0.3 split=1 symmetric=0 workers=7
BF16 GEMM rel_l2=0 max_abs=0
BF16 shape M=7 N=17 K=33 trans_a=0 trans_b=1 b_scale=-0.37 alpha=0.9 beta=0.3 split=0 symmetric=0 workers=7
BF16 GEMM rel_l2=6.09603427e-08 max_abs=2.98023224e-08
BF16 shape M=7 N=17 K=33 trans_a=1 trans_b=1 b_scale=-0.37 alpha=0.9 beta=0.3 split=1 symmetric=0 workers=7
BF16 GEMM rel_l2=0 max_abs=0
BF16 shape M=65 N=65 K=71 trans_a=0 trans_b=0 b_scale=1 alpha=3.90523 beta=-6.09503 split=0 symmetric=1 workers=7
BF16 GEMM rel_l2=8.85160204e-08 max_abs=2.86102295e-06
BF16 shape M=64 N=64 K=128 trans_a=1 trans_b=1 b_scale=1 alpha=1 beta=0 split=0 symmetric=1 workers=1
BF16 GEMM rel_l2=1.79430543e-07 max_abs=1.90734863e-06
BF16 shape M=129 N=96 K=72 trans_a=0 trans_b=0 b_scale=0.625 alpha=1 beta=0 split=0 symmetric=0 workers=7
BF16 GEMM rel_l2=8.64948429e-08 max_abs=1.78813934e-07
PASS: native BF16 GEMM, scaled weights, split epilogues, symmetric Gram and dependent scheduling
========= ERROR SUMMARY: 0 errors

$ compute-sanitizer --tool initcheck --error-exitcode 1 /workspace/cuda/bf16_async --quick
========= COMPUTE-SANITIZER
GPU[0]=NVIDIA H100 80GB HBM3 SMs=132 runtime=12080
BF16 resident_ctas_per_sm=4
BF16 shape M=1 N=1 K=1 trans_a=0 trans_b=0 b_scale=0.7 alpha=1 beta=0 split=1 symmetric=0 workers=1
BF16 GEMM rel_l2=0 max_abs=0
BF16 shape M=7 N=17 K=33 trans_a=0 trans_b=1 b_scale=1 alpha=0.9 beta=0.3 split=0 symmetric=0 workers=7
BF16 GEMM rel_l2=5.9289151e-08 max_abs=5.96046448e-08
BF16 shape M=7 N=17 K=33 trans_a=0 trans_b=0 b_scale=-0.37 alpha=0.9 beta=0.3 split=0 symmetric=0 workers=1
BF16 GEMM rel_l2=6.99287322e-08 max_abs=5.96046448e-08
BF16 shape M=7 N=17 K=33 trans_a=1 trans_b=0 b_scale=-0.37 alpha=0.9 beta=0.3 split=1 symmetric=0 workers=7
BF16 GEMM rel_l2=0 max_abs=0
BF16 shape M=7 N=17 K=33 trans_a=0 trans_b=1 b_scale=-0.37 alpha=0.9 beta=0.3 split=0 symmetric=0 workers=7
BF16 GEMM rel_l2=6.09603427e-08 max_abs=2.98023224e-08
BF16 shape M=7 N=17 K=33 trans_a=1 trans_b=1 b_scale=-0.37 alpha=0.9 beta=0.3 split=1 symmetric=0 workers=7
BF16 GEMM rel_l2=0 max_abs=0
BF16 shape M=65 N=65 K=71 trans_a=0 trans_b=0 b_scale=1 alpha=3.90523 beta=-6.09503 split=0 symmetric=1 workers=7
BF16 GEMM rel_l2=8.85160204e-08 max_abs=2.86102295e-06
BF16 shape M=64 N=64 K=128 trans_a=1 trans_b=1 b_scale=1 alpha=1 beta=0 split=0 symmetric=1 workers=1
BF16 GEMM rel_l2=1.79430543e-07 max_abs=1.90734863e-06
BF16 shape M=129 N=96 K=72 trans_a=0 trans_b=0 b_scale=0.625 alpha=1 beta=0 split=0 symmetric=0 workers=7
BF16 GEMM rel_l2=8.64948429e-08 max_abs=1.78813934e-07
PASS: native BF16 GEMM, scaled weights, split epilogues, symmetric Gram and dependent scheduling
========= ERROR SUMMARY: 0 errors

$ compute-sanitizer --tool racecheck --error-exitcode 1 /workspace/cuda/bf16_async --quick
========= COMPUTE-SANITIZER
GPU[0]=NVIDIA H100 80GB HBM3 SMs=132 runtime=12080
BF16 resident_ctas_per_sm=4
BF16 shape M=1 N=1 K=1 trans_a=0 trans_b=0 b_scale=0.7 alpha=1 beta=0 split=1 symmetric=0 workers=1
BF16 GEMM rel_l2=0 max_abs=0
BF16 shape M=7 N=17 K=33 trans_a=0 trans_b=1 b_scale=1 alpha=0.9 beta=0.3 split=0 symmetric=0 workers=7
BF16 GEMM rel_l2=5.9289151e-08 max_abs=5.96046448e-08
BF16 shape M=7 N=17 K=33 trans_a=0 trans_b=0 b_scale=-0.37 alpha=0.9 beta=0.3 split=0 symmetric=0 workers=1
BF16 GEMM rel_l2=6.99287322e-08 max_abs=5.96046448e-08
BF16 shape M=7 N=17 K=33 trans_a=1 trans_b=0 b_scale=-0.37 alpha=0.9 beta=0.3 split=1 symmetric=0 workers=7
BF16 GEMM rel_l2=0 max_abs=0
BF16 shape M=7 N=17 K=33 trans_a=0 trans_b=1 b_scale=-0.37 alpha=0.9 beta=0.3 split=0 symmetric=0 workers=7
BF16 GEMM rel_l2=6.09603427e-08 max_abs=2.98023224e-08
BF16 shape M=7 N=17 K=33 trans_a=1 trans_b=1 b_scale=-0.37 alpha=0.9 beta=0.3 split=1 symmetric=0 workers=7
BF16 GEMM rel_l2=0 max_abs=0
BF16 shape M=65 N=65 K=71 trans_a=0 trans_b=0 b_scale=1 alpha=3.90523 beta=-6.09503 split=0 symmetric=1 workers=7
BF16 GEMM rel_l2=8.85160204e-08 max_abs=2.86102295e-06
BF16 shape M=64 N=64 K=128 trans_a=1 trans_b=1 b_scale=1 alpha=1 beta=0 split=0 symmetric=1 workers=1
BF16 GEMM rel_l2=1.79430543e-07 max_abs=1.90734863e-06
BF16 shape M=129 N=96 K=72 trans_a=0 trans_b=0 b_scale=0.625 alpha=1 beta=0 split=0 symmetric=0 workers=7
BF16 GEMM rel_l2=8.64948429e-08 max_abs=1.78813934e-07
PASS: native BF16 GEMM, scaled weights, split epilogues, symmetric Gram and dependent scheduling
========= RACECHECK SUMMARY: 0 hazards displayed (0 errors, 0 warnings)

$ compute-sanitizer --tool synccheck --error-exitcode 1 /workspace/cuda/bf16_async --quick
========= COMPUTE-SANITIZER
GPU[0]=NVIDIA H100 80GB HBM3 SMs=132 runtime=12080
BF16 resident_ctas_per_sm=4
BF16 shape M=1 N=1 K=1 trans_a=0 trans_b=0 b_scale=0.7 alpha=1 beta=0 split=1 symmetric=0 workers=1
BF16 GEMM rel_l2=0 max_abs=0
BF16 shape M=7 N=17 K=33 trans_a=0 trans_b=1 b_scale=1 alpha=0.9 beta=0.3 split=0 symmetric=0 workers=7
BF16 GEMM rel_l2=5.9289151e-08 max_abs=5.96046448e-08
BF16 shape M=7 N=17 K=33 trans_a=0 trans_b=0 b_scale=-0.37 alpha=0.9 beta=0.3 split=0 symmetric=0 workers=1
BF16 GEMM rel_l2=6.99287322e-08 max_abs=5.96046448e-08
BF16 shape M=7 N=17 K=33 trans_a=1 trans_b=0 b_scale=-0.37 alpha=0.9 beta=0.3 split=1 symmetric=0 workers=7
BF16 GEMM rel_l2=0 max_abs=0
BF16 shape M=7 N=17 K=33 trans_a=0 trans_b=1 b_scale=-0.37 alpha=0.9 beta=0.3 split=0 symmetric=0 workers=7
BF16 GEMM rel_l2=6.09603427e-08 max_abs=2.98023224e-08
BF16 shape M=7 N=17 K=33 trans_a=1 trans_b=1 b_scale=-0.37 alpha=0.9 beta=0.3 split=1 symmetric=0 workers=7
BF16 GEMM rel_l2=0 max_abs=0
BF16 shape M=65 N=65 K=71 trans_a=0 trans_b=0 b_scale=1 alpha=3.90523 beta=-6.09503 split=0 symmetric=1 workers=7
BF16 GEMM rel_l2=8.85160204e-08 max_abs=2.86102295e-06
BF16 shape M=64 N=64 K=128 trans_a=1 trans_b=1 b_scale=1 alpha=1 beta=0 split=0 symmetric=1 workers=1
BF16 GEMM rel_l2=1.79430543e-07 max_abs=1.90734863e-06
BF16 shape M=129 N=96 K=72 trans_a=0 trans_b=0 b_scale=0.625 alpha=1 beta=0 split=0 symmetric=0 workers=7
BF16 GEMM rel_l2=8.64948429e-08 max_abs=1.78813934e-07
PASS: native BF16 GEMM, scaled weights, split epilogues, symmetric Gram and dependent scheduling
========= ERROR SUMMARY: 0 errors

Static SASS instruction counts for _ZN4nano10megakernelILb0ELb0ELb1ELb1ELb0ELb0ELb0EEEvNS_5GraphE: {'HMMA': 56, 'HGMMA': 0, 'LDGSTS': 56, 'LDL': 0, 'STL': 0}
Static SASS instruction counts for _ZN4nano10megakernelILb0ELb0ELb0ELb1ELb0ELb0ELb0EEEvNS_5GraphE: {'HMMA': 56, 'HGMMA': 0, 'LDGSTS': 56, 'LDL': 0, 'STL': 0}