sha256 b780f57878463a48e95dc479ca13675bc88a475fa2516b5c863daf20d08ba944 Makefile
sha256 836d87124255ac0236c951fe15fa4ca9e68a18d8e712e177146eab57cb9567c3 anvil.cu
sha256 fc0eb2d92d2a84ecaad78bcdabf0f9b5ef2bf20a4939cec8ebf675caa12a184a anvil.cuh
sha256 0eff93cd2819ffc2e9cecef5adcc2181d395303ad2dd1b98b76d6454c3ae8d7f anvil_graph.cuh
sha256 1a7b328be13871a9f3641b9453803076aba41ab4f1890320fa58e59d21689522 attention.cu
sha256 41d4e4e2266895923076142f0b72a161964ea7c28e8227aca4ea58d49539aae2 attention.cuh
sha256 27d710da211d259c85d64fbbd7db383565758285686f078ee7b90fea38a70c6d bench.cuh
sha256 a1239425b438fa85c0628a25decee76f394162bc6c3aae2cfa03cc6e5fd1c3d9 bf16.cu
sha256 538793c348108ea29c361401d86cd7855e8b16db9f441ec824bbd6b4f927e12b bf16_gemm.cuh
sha256 6eb043b0deec41825720d6ba638468d9aec856a01cb2b9dec6c23a28ffe49a81 frontier.cuh
sha256 6c7816f88d3635a7a72d3db3eb5fb7b09dd04f5350db0b76e7769ec0b570e361 hopper.cuh
sha256 a4e461cf4218403902f2b00df8c0a51b0e7f4bc15685830682a5ff24514239e3 megakernel.cuh
sha256 2cfe05bf690ca0783fddd52ff5337f292baff00fd328c5d851d55264aadddf36 qkv.cuh
sha256 cef57ceb07ba44e55effc962c75d7f96485a7f1b80a5555438c99016553708d9 quantize.cu
sha256 f2bff3dccf7c4d0f34cf0013fecc638bf73931d93eb069f5791551950ad2a43b tokenizer.cpp
sha256 6162af3343d30737858843abf1b3e930bee0e4af510aa75df73a810816d39da9 transport.cu
sha256 4c74b0dba9a3a754d4fff90f9cab402ed715067484f50079efdc703ddb8ef6fe validate.cu
$ nvidia-smi
Sat Sep 19 04:13:48 2026       
+-----------------------------------------------------------------------------------------+
| NVIDIA-SMI 580.95.05              Driver Version: 580.95.05      CUDA Version: 13.0     |
+-----------------------------------------+------------------------+----------------------+
| GPU  Name                 Persistence-M | Bus-Id          Disp.A | Volatile Uncorr. ECC |
| Fan  Temp   Perf          Pwr:Usage/Cap |           Memory-Usage | GPU-Util  Compute M. |
|                                         |                        |               MIG M. |
|=========================================+========================+======================|
|   0  NVIDIA H100 80GB HBM3          On  |   00000000:33:00.0 Off |                    0 |
| N/A   30C    P0             70W /  700W |       4MiB /  81559MiB |      0%      Default |
|                                         |                        |             Disabled |
+-----------------------------------------+------------------------+----------------------+

+-----------------------------------------------------------------------------------------+
| Processes:                                                                              |
|  GPU   GI   CI              PID   Type   Process name                        GPU Memory |
|        ID   ID                                                               Usage      |
|=========================================================================================|
|  No running processes found                                                             |
+-----------------------------------------------------------------------------------------+

$ nvcc --version
nvcc: NVIDIA (R) Cuda compiler driver
Copyright (c) 2005-2025 NVIDIA Corporation
Built on Fri_Feb_21_20:23:50_PST_2025
Cuda compilation tools, release 12.8, V12.8.93
Build cuda_12.8.r12.8/compiler.35583870_0

$ make -C /workspace/cuda anvil
make: Entering directory '/workspace/cuda'
nvcc -std=c++17 -O3 -arch=sm_90a -lineinfo -Xptxas=-v,-warn-spills -DNANO_TRANSPOSE_PAD=4 -DNANO_REUSE_QUANT=1 -DNANO_MIN_BLOCKS=4 -DNANO_ALIGNED=1 -DNANO_K_LOOP=1 -DNANO_FRONTIER=1 -DNANO_BF16_COALESCED=1 anvil.cu -lcublas -o anvil
ptxas info    : 0 bytes gmem
ptxas info    : Compiling entry function '_ZN4nano10megakernelILb0ELb0ELb0ELb1ELb1EEEvNS_5GraphE' for 'sm_90a'
ptxas info    : Function properties for _ZN4nano10megakernelILb0ELb0ELb0ELb1ELb1EEEvNS_5GraphE
    0 bytes stack frame, 0 bytes spill stores, 0 bytes spill loads
ptxas info    : Used 128 registers, used 1 barriers, 32776 bytes smem
ptxas info    : Compile time = 926.305 ms
ptxas info    : Compiling entry function '_ZN4nano10megakernelILb0ELb0ELb1ELb1ELb1EEEvNS_5GraphE' for 'sm_90a'
ptxas info    : Function properties for _ZN4nano10megakernelILb0ELb0ELb1ELb1ELb1EEEvNS_5GraphE
    0 bytes stack frame, 0 bytes spill stores, 0 bytes spill loads
ptxas info    : Used 128 registers, used 1 barriers, 32776 bytes smem
ptxas info    : Compile time = 1307.280 ms
ptxas info    : Compiling entry function '_ZN4nano10megakernelILb1ELb0ELb0ELb1ELb1EEEvNS_5GraphE' for 'sm_90a'
ptxas info    : Function properties for _ZN4nano10megakernelILb1ELb0ELb0ELb1ELb1EEEvNS_5GraphE
    0 bytes stack frame, 0 bytes spill stores, 0 bytes spill loads
ptxas info    : Used 128 registers, used 1 barriers, 32776 bytes smem
ptxas info    : Compile time = 783.852 ms
ptxas info    : Compiling entry function '_Z12staged_anvilN4nano5GraphEi' for 'sm_90a'
ptxas info    : Function properties for _Z12staged_anvilN4nano5GraphEi
    0 bytes stack frame, 0 bytes spill stores, 0 bytes spill loads
ptxas info    : Used 96 registers, used 1 barriers, 32768 bytes smem
ptxas info    : Compile time = 370.043 ms
ptxas info    : Compiling entry function '_Z11reset_anvilN4nano5GraphEPKii' for 'sm_90a'
ptxas info    : Function properties for _Z11reset_anvilN4nano5GraphEPKii
    0 bytes stack frame, 0 bytes spill stores, 0 bytes spill loads
ptxas info    : Used 12 registers, used 0 barriers
ptxas info    : Compile time = 1.796 ms
make: Leaving directory '/workspace/cuda'

$ /workspace/cuda/anvil
GPU[0]=NVIDIA H100 80GB HBM3 SMs=132 runtime=12080
ANVIL batch=3 workers=3 pattern=0
ANVIL matrix rows=17 cols=33 split=0
ANVIL matrix rows=33 cols=17 split=0
ANVIL matrix rows=17 cols=17 split=0
ANVIL tasks=152 dependencies=69 roots=3 products=54
ANVIL step=0
ANVIL equalized update rel_l2=0 max_abs=0
ANVIL lane energy rel_l2=5.20318378e-08 max_abs=4.65661287e-10
ANVIL parameter shadow rel_l2=0 max_abs=0
ANVIL equalized update rel_l2=0 max_abs=0
ANVIL lane energy rel_l2=2.93558859e-08 max_abs=4.65661287e-10
ANVIL parameter shadow rel_l2=0 max_abs=0
ANVIL equalized update rel_l2=0 max_abs=0
ANVIL lane energy rel_l2=3.83463464e-08 max_abs=4.65661287e-10
ANVIL parameter shadow rel_l2=0 max_abs=0
ANVIL step=1
ANVIL equalized update rel_l2=0 max_abs=0
ANVIL lane energy rel_l2=2.74051453e-08 max_abs=4.65661287e-10
ANVIL parameter shadow rel_l2=0 max_abs=0
ANVIL equalized update rel_l2=0 max_abs=0
ANVIL lane energy rel_l2=3.09008785e-08 max_abs=4.65661287e-10
ANVIL parameter shadow rel_l2=0 max_abs=0
ANVIL equalized update rel_l2=0 max_abs=0
ANVIL lane energy rel_l2=0 max_abs=0
ANVIL parameter shadow rel_l2=0 max_abs=0
ANVIL step=2
ANVIL equalized update rel_l2=0 max_abs=0
ANVIL lane energy rel_l2=9.53933353e-09 max_abs=4.65661287e-10
ANVIL parameter shadow rel_l2=0 max_abs=0
ANVIL equalized update rel_l2=0 max_abs=0
ANVIL lane energy rel_l2=1.94294596e-08 max_abs=9.31322575e-10
ANVIL parameter shadow rel_l2=0 max_abs=0
ANVIL equalized update rel_l2=0.00817729591 max_abs=0.00634765625
ANVIL lane energy rel_l2=0.00228436415 max_abs=7.97100365e-05
ANVIL parameter shadow rel_l2=0.000451144754 max_abs=7.61672854e-05
ANVIL PASS: independent numerical oracle, exact state update, task visits, staged/production/all-family replay
ANVIL batch=1 workers=1 pattern=1
ANVIL matrix rows=31 cols=65 split=0
ANVIL tasks=98 dependencies=23 roots=2 products=18
ANVIL step=0
ANVIL equalized update rel_l2=0 max_abs=0
ANVIL lane energy rel_l2=0 max_abs=0
ANVIL parameter shadow rel_l2=0 max_abs=0
ANVIL step=1
ANVIL equalized update rel_l2=0 max_abs=0
ANVIL lane energy rel_l2=0 max_abs=0
ANVIL parameter shadow rel_l2=0 max_abs=0
ANVIL step=2
ANVIL equalized update rel_l2=0 max_abs=0
ANVIL lane energy rel_l2=0 max_abs=0
ANVIL parameter shadow rel_l2=0 max_abs=0
ANVIL PASS: independent numerical oracle, exact state update, task visits, staged/production/all-family replay
ANVIL RECIPE LIMITATION rows=1 cols=1 pattern=0: native and independent reference both produce 1/1 non-finite updates; no clamp applied
ANVIL RECIPE LIMITATION rows=17 cols=33 pattern=2: native and independent reference both produce 561/561 non-finite updates; no clamp applied
ANVIL equalized update rel_l2=0 max_abs=0
ANVIL lane energy rel_l2=0 max_abs=0
ANVIL parameter shadow rel_l2=0 max_abs=0
ANVIL batch=2 workers=17 pattern=0
ANVIL matrix rows=1024 cols=17 split=0
ANVIL matrix rows=1025 cols=17 split=1
ANVIL tasks=2381 dependencies=46 roots=35 products=36
ANVIL step=0
ANVIL equalized update rel_l2=0.000568586622 max_abs=0.00048828125
ANVIL lane energy rel_l2=0.000203256371 max_abs=3.80074198e-07
ANVIL parameter shadow rel_l2=8.14349317e-06 max_abs=1.12354755e-05
ANVIL equalized update rel_l2=0.00730047284 max_abs=0.00512695312
ANVIL lane energy rel_l2=0.00475073883 max_abs=7.20110256e-06
ANVIL parameter shadow rel_l2=0.00010538983 max_abs=0.000117920339
ANVIL step=1
ANVIL equalized update rel_l2=0.00500108127 max_abs=0.0009765625
ANVIL lane energy rel_l2=0.00180307109 max_abs=1.79035123e-06
ANVIL parameter shadow rel_l2=2.80408695e-05 max_abs=8.7916851e-06
ANVIL equalized update rel_l2=0 max_abs=0
ANVIL lane energy rel_l2=2.70510967e-08 max_abs=2.91038305e-11
ANVIL parameter shadow rel_l2=0 max_abs=0
ANVIL step=2
ANVIL equalized update rel_l2=0.000354944 max_abs=0.00048828125
ANVIL lane energy rel_l2=7.29807229e-05 max_abs=4.55795089e-07
ANVIL parameter shadow rel_l2=8.84623229e-07 max_abs=1.95391476e-06
ANVIL equalized update rel_l2=3.95125101e-05 max_abs=0.000122070312
ANVIL lane energy rel_l2=3.18696482e-06 max_abs=2.86090653e-08
ANVIL parameter shadow rel_l2=1.98715898e-07 max_abs=9.76026058e-07
ANVIL PASS: independent numerical oracle, exact state update, task visits, staged/production/all-family replay
ANVIL batch=1 workers=528 pattern=0
ANVIL matrix rows=256 cols=768 split=0
ANVIL tasks=1818 dependencies=23 roots=192 products=18
ANVIL step=0
ANVIL equalized update rel_l2=0.0043587749 max_abs=0.00146484375
ANVIL lane energy rel_l2=0.000722074853 max_abs=3.06346919e-07
ANVIL parameter shadow rel_l2=7.24349851e-05 max_abs=3.36915255e-05
ANVIL step=1
ANVIL equalized update rel_l2=0.00480235504 max_abs=0.001953125
ANVIL lane energy rel_l2=0.000421177622 max_abs=3.64118023e-07
ANVIL parameter shadow rel_l2=3.12236557e-05 max_abs=1.75796449e-05
ANVIL step=2
ANVIL equalized update rel_l2=0.00410800777 max_abs=0.00146484375
ANVIL lane energy rel_l2=0.000252270706 max_abs=3.1341915e-07
ANVIL parameter shadow rel_l2=1.18629854e-05 max_abs=5.85988164e-06
ANVIL timing_workers=132
ANVIL persistent+reset repeated_steps median_ms=1.042912 samples_ms= 1.049216 1.053184 1.048800 1.051328 1.038432 1.032992 1.039168 1.037120 1.046656 1.037120
ANVIL timing_workers=264
ANVIL persistent+reset repeated_steps median_ms=1.070208 samples_ms= 1.068192 1.065728 1.077376 1.063872 1.073888 1.073536 1.068000 1.077344 1.072224 1.066560
ANVIL timing_workers=528
ANVIL persistent+reset repeated_steps median_ms=1.090096 samples_ms= 1.083424 1.082464 1.110080 1.102944 1.097984 1.080416 1.092512 1.092256 1.087936 1.078144
ANVIL separate repeated_steps median_ms=0.528000 samples_ms= 0.528736 0.528128 0.526208 0.527968 0.527712 0.528448 0.528032 0.526848 0.528064 0.527584
ANVIL CUDA-graph repeated_steps median_ms=0.505504 samples_ms= 0.506752 0.506720 0.504640 0.505312 0.505696 0.506976 0.503488 0.505152 0.506400 0.504128
ANVIL PASS: independent numerical oracle, exact state update, task visits, staged/production/all-family replay
ANVIL batch=1 workers=528 pattern=0
ANVIL matrix rows=768 cols=768 split=0
ANVIL tasks=4874 dependencies=23 roots=576 products=18
ANVIL step=0
ANVIL equalized update rel_l2=0.00387288628 max_abs=0.00146484375
ANVIL lane energy rel_l2=0.00269568349 max_abs=1.69726263e-06
ANVIL parameter shadow rel_l2=6.35369301e-05 max_abs=3.36915255e-05
ANVIL step=1
ANVIL equalized update rel_l2=0.0039120179 max_abs=0.00146484375
ANVIL lane energy rel_l2=0.00125915058 max_abs=1.65401434e-06
ANVIL parameter shadow rel_l2=2.51110108e-05 max_abs=1.31838024e-05
ANVIL step=2
ANVIL equalized update rel_l2=0.00414385732 max_abs=0.00146484375
ANVIL lane energy rel_l2=0.000835784342 max_abs=1.54480222e-06
ANVIL parameter shadow rel_l2=1.172694e-05 max_abs=5.86360693e-06
ANVIL timing_workers=132
ANVIL persistent+reset repeated_steps median_ms=3.174176 samples_ms= 3.151840 3.184992 3.166848 3.186432 3.200416 3.163744 3.187072 3.181504 3.155200 3.161792
ANVIL timing_workers=264
ANVIL persistent+reset repeated_steps median_ms=2.612656 samples_ms= 2.603776 2.611520 2.594784 2.623424 2.618464 2.627360 2.613792 2.610880 2.582912 2.617824
ANVIL timing_workers=528
ANVIL persistent+reset repeated_steps median_ms=2.617488 samples_ms= 2.603072 2.643008 2.582688 2.601952 2.616896 2.634944 2.628064 2.611904 2.618080 2.618336
ANVIL separate repeated_steps median_ms=1.163056 samples_ms= 1.161568 1.165056 1.162208 1.163008 1.162240 1.164384 1.163104 1.162720 1.163136 1.163616
ANVIL CUDA-graph repeated_steps median_ms=1.141216 samples_ms= 1.141984 1.142176 1.143424 1.140704 1.139680 1.140256 1.140128 1.140160 1.141728 1.157280
ANVIL PASS: independent numerical oracle, exact state update, task visits, staged/production/all-family replay
ANVIL batch=1 workers=528 pattern=0
ANVIL matrix rows=2816 cols=768 split=1
ANVIL tasks=13834 dependencies=23 roots=2112 products=18
ANVIL step=0
ANVIL equalized update rel_l2=0.0056073797 max_abs=0.001953125
ANVIL lane energy rel_l2=0.000521315162 max_abs=7.26868166e-08
ANVIL parameter shadow rel_l2=4.86334686e-05 max_abs=4.4927001e-05
ANVIL step=1
ANVIL equalized update rel_l2=0.00565382865 max_abs=0.00219726562
ANVIL lane energy rel_l2=0.000276716307 max_abs=9.31249815e-08
ANVIL parameter shadow rel_l2=1.91913171e-05 max_abs=1.97775662e-05
ANVIL step=2
ANVIL equalized update rel_l2=0.00436526328 max_abs=0.001953125
ANVIL lane energy rel_l2=0.000147170553 max_abs=5.41476766e-08
ANVIL parameter shadow rel_l2=6.59032186e-06 max_abs=7.81565905e-06
ANVIL timing_workers=132
ANVIL persistent+reset repeated_steps median_ms=7.398624 samples_ms= 7.363072 7.480256 7.393568 7.458272 7.359520 7.407392 7.403680 7.513472 7.339072 7.380064
ANVIL timing_workers=264
ANVIL persistent+reset repeated_steps median_ms=7.329472 samples_ms= 7.381088 7.327328 7.356640 7.311168 7.359072 7.317120 7.381632 7.331616 7.301248 7.268096
ANVIL timing_workers=528
ANVIL persistent+reset repeated_steps median_ms=7.284400 samples_ms= 7.286208 7.291104 7.275520 7.286496 7.321568 7.251584 7.236288 7.282592 7.220704 7.292576
ANVIL separate repeated_steps median_ms=3.560368 samples_ms= 3.586400 3.581088 3.525920 3.532128 3.582688 3.539648 3.508416 3.505280 3.587200 3.584288
ANVIL CUDA-graph repeated_steps median_ms=3.498368 samples_ms= 3.508288 3.560608 3.479488 3.488448 3.471488 3.479616 3.553728 3.562336 3.476544 3.532704
ANVIL PASS: independent numerical oracle, exact state update, task visits, staged/production/all-family replay
ANVIL batch=3 workers=528 pattern=0
ANVIL matrix rows=256 cols=768 split=0
ANVIL matrix rows=768 cols=768 split=0
ANVIL matrix rows=2816 cols=768 split=1
ANVIL tasks=20526 dependencies=69 roots=2880 products=54
ANVIL step=0
ANVIL equalized update rel_l2=0.0043587749 max_abs=0.00146484375
ANVIL lane energy rel_l2=0.000722074853 max_abs=3.06346919e-07
ANVIL parameter shadow rel_l2=7.24349851e-05 max_abs=3.36915255e-05
ANVIL equalized update rel_l2=0.00397612578 max_abs=0.00146484375
ANVIL lane energy rel_l2=0.00251395348 max_abs=1.64628727e-06
ANVIL parameter shadow rel_l2=6.52118961e-05 max_abs=3.36915255e-05
ANVIL equalized update rel_l2=0.00539795511 max_abs=0.001953125
ANVIL lane energy rel_l2=0.000481601372 max_abs=7.23957783e-08
ANVIL parameter shadow rel_l2=4.67897769e-05 max_abs=4.49232757e-05
ANVIL step=1
ANVIL equalized update rel_l2=0.00480235504 max_abs=0.001953125
ANVIL lane energy rel_l2=0.000421177622 max_abs=3.64118023e-07
ANVIL parameter shadow rel_l2=3.12236557e-05 max_abs=1.75796449e-05
ANVIL equalized update rel_l2=0.00390282471 max_abs=0.001953125
ANVIL lane energy rel_l2=0.00149914223 max_abs=1.74152956e-06
ANVIL parameter shadow rel_l2=5.00901716e-05 max_abs=3.51592898e-05
ANVIL equalized update rel_l2=0.00536004872 max_abs=0.00219726562
ANVIL lane energy rel_l2=0.000263637925 max_abs=7.34071364e-08
ANVIL parameter shadow rel_l2=5.45489345e-05 max_abs=5.93289733e-05
ANVIL step=2
ANVIL equalized update rel_l2=0.00410800777 max_abs=0.00146484375
ANVIL lane energy rel_l2=0.000252270706 max_abs=3.1341915e-07
ANVIL parameter shadow rel_l2=1.18629854e-05 max_abs=5.85988164e-06
ANVIL equalized update rel_l2=0.0040393766 max_abs=0.00146484375
ANVIL lane energy rel_l2=0.00076069439 max_abs=1.58548937e-06
ANVIL parameter shadow rel_l2=2.28548348e-05 max_abs=1.17197633e-05
ANVIL equalized update rel_l2=0.00447735078 max_abs=0.001953125
ANVIL lane energy rel_l2=0.00015153321 max_abs=5.97792678e-08
ANVIL parameter shadow rel_l2=2.02729126e-05 max_abs=2.34395266e-05
ANVIL timing_workers=132
ANVIL persistent+reset repeated_steps median_ms=7.783280 samples_ms= 8.143520 7.720768 7.651136 7.698784 7.876224 7.902976 7.772896 7.793664 7.744608 7.805760
ANVIL timing_workers=264
ANVIL persistent+reset repeated_steps median_ms=7.493840 samples_ms= 7.532576 7.467808 7.499040 7.383808 7.445152 7.492064 7.500800 7.432096 7.502080 7.495616
ANVIL timing_workers=528
ANVIL persistent+reset repeated_steps median_ms=7.401280 samples_ms= 7.368704 7.426272 7.452640 7.460800 7.349152 7.345824 7.415712 7.379232 7.497408 7.386848
ANVIL separate repeated_steps median_ms=5.196064 samples_ms= 5.183168 5.219456 5.197216 5.252928 5.250624 5.184800 5.192864 5.194912 5.207584 5.185216
ANVIL CUDA-graph repeated_steps median_ms=5.161168 samples_ms= 5.131264 5.176576 5.185888 5.176416 5.185216 5.156192 5.133952 5.158912 5.163424 5.125024
ANVIL PASS: independent numerical oracle, exact state update, task visits, staged/production/all-family replay
ANVIL batch=11 workers=528 pattern=0
ANVIL matrix rows=256 cols=768 split=0
ANVIL matrix rows=256 cols=768 split=0
ANVIL matrix rows=256 cols=768 split=0
ANVIL matrix rows=256 cols=768 split=0
ANVIL matrix rows=256 cols=768 split=0
ANVIL matrix rows=256 cols=768 split=0
ANVIL matrix rows=768 cols=768 split=0
ANVIL matrix rows=768 cols=768 split=0
ANVIL matrix rows=2816 cols=768 split=1
ANVIL matrix rows=2816 cols=768 split=1
ANVIL matrix rows=2816 cols=768 split=1
ANVIL tasks=62158 dependencies=253 roots=8640 products=198
ANVIL step=0
ANVIL equalized update rel_l2=0.0043587749 max_abs=0.00146484375
ANVIL lane energy rel_l2=0.000722074853 max_abs=3.06346919e-07
ANVIL parameter shadow rel_l2=7.24349851e-05 max_abs=3.36915255e-05
ANVIL equalized update rel_l2=0.00436991454 max_abs=0.001953125
ANVIL lane energy rel_l2=0.000687571235 max_abs=2.6714406e-07
ANVIL parameter shadow rel_l2=7.27853427e-05 max_abs=4.49232757e-05
ANVIL equalized update rel_l2=0.00464773762 max_abs=0.001953125
ANVIL lane energy rel_l2=0.000758217267 max_abs=3.67072062e-07
ANVIL parameter shadow rel_l2=7.72084618e-05 max_abs=4.49232757e-05
ANVIL equalized update rel_l2=0.00443391537 max_abs=0.00146484375
ANVIL lane energy rel_l2=0.000715752044 max_abs=2.87618604e-07
ANVIL parameter shadow rel_l2=7.36081987e-05 max_abs=3.36915255e-05
ANVIL equalized update rel_l2=0.00418653675 max_abs=0.00244140625
ANVIL lane energy rel_l2=0.000686101909 max_abs=2.86105205e-07
ANVIL parameter shadow rel_l2=6.95757387e-05 max_abs=5.61531633e-05
ANVIL equalized update rel_l2=0.00417773605 max_abs=0.00146484375
ANVIL lane energy rel_l2=0.000694108173 max_abs=4.20361175e-07
ANVIL parameter shadow rel_l2=6.94596112e-05 max_abs=3.36915255e-05
ANVIL equalized update rel_l2=0.00389782895 max_abs=0.00146484375
ANVIL lane energy rel_l2=0.00284170209 max_abs=1.75507739e-06
ANVIL parameter shadow rel_l2=6.38384267e-05 max_abs=3.36915255e-05
ANVIL equalized update rel_l2=0.00398222695 max_abs=0.00146484375
ANVIL lane energy rel_l2=0.00297117848 max_abs=2.18000787e-06
ANVIL parameter shadow rel_l2=6.52990207e-05 max_abs=3.36915255e-05
ANVIL equalized update rel_l2=0.00574524685 max_abs=0.001953125
ANVIL lane energy rel_l2=0.000556417069 max_abs=7.19810487e-08
ANVIL parameter shadow rel_l2=4.97670315e-05 max_abs=4.4927001e-05
ANVIL equalized update rel_l2=0.00552890236 max_abs=0.001953125
ANVIL lane energy rel_l2=0.000549472835 max_abs=7.54807843e-08
ANVIL parameter shadow rel_l2=4.79184193e-05 max_abs=4.4927001e-05
ANVIL equalized update rel_l2=0.00545986014 max_abs=0.001953125
ANVIL lane energy rel_l2=0.000502936467 max_abs=6.79683581e-08
ANVIL parameter shadow rel_l2=4.72927336e-05 max_abs=4.49232757e-05
ANVIL step=1
ANVIL equalized update rel_l2=0.00480235504 max_abs=0.001953125
ANVIL lane energy rel_l2=0.000421177622 max_abs=3.64118023e-07
ANVIL parameter shadow rel_l2=3.12236557e-05 max_abs=1.75796449e-05
ANVIL equalized update rel_l2=0.00439782588 max_abs=0.001953125
ANVIL lane energy rel_l2=0.000378213641 max_abs=2.68715667e-07
ANVIL parameter shadow rel_l2=5.73216413e-05 max_abs=3.51555645e-05
ANVIL equalized update rel_l2=0.00441267471 max_abs=0.00146484375
ANVIL lane energy rel_l2=0.000376611482 max_abs=2.91678589e-07
ANVIL parameter shadow rel_l2=8.60294286e-05 max_abs=3.95551324e-05
ANVIL equalized update rel_l2=0.00419465845 max_abs=0.001953125
ANVIL lane energy rel_l2=0.000367611257 max_abs=3.2549724e-07
ANVIL parameter shadow rel_l2=0.000108951368 max_abs=7.03111291e-05
ANVIL equalized update rel_l2=0.0043183998 max_abs=0.001953125
ANVIL lane energy rel_l2=0.000359504703 max_abs=3.09868483e-07
ANVIL parameter shadow rel_l2=0.000140327822 max_abs=8.7890774e-05
ANVIL equalized update rel_l2=0.00431117465 max_abs=0.001953125
ANVIL lane energy rel_l2=0.000374915406 max_abs=3.71481292e-07
ANVIL parameter shadow rel_l2=0.000168117634 max_abs=0.000105466694
ANVIL equalized update rel_l2=0.00392745043 max_abs=0.00146484375
ANVIL lane energy rel_l2=0.00141133741 max_abs=1.64554513e-06
ANVIL parameter shadow rel_l2=0.000176059694 max_abs=9.22866166e-05
ANVIL equalized update rel_l2=0.00387462703 max_abs=0.00146484375
ANVIL lane energy rel_l2=0.00138436028 max_abs=1.682929e-06
ANVIL parameter shadow rel_l2=0.000198656468 max_abs=0.000105468556
ANVIL equalized update rel_l2=0.00540746148 max_abs=0.001953125
ANVIL lane energy rel_l2=0.000275436584 max_abs=6.5920176e-08
ANVIL parameter shadow rel_l2=0.000165047755 max_abs=0.000158205628
ANVIL equalized update rel_l2=0.00524073216 max_abs=0.00219726562
ANVIL lane energy rel_l2=0.000253169891 max_abs=6.40502549e-08
ANVIL parameter shadow rel_l2=0.000177802524 max_abs=0.000197754009
ANVIL equalized update rel_l2=0.00531620766 max_abs=0.00219726562
ANVIL lane energy rel_l2=0.000251411742 max_abs=6.28642738e-08
ANVIL parameter shadow rel_l2=0.000198304492 max_abs=0.000217530876
ANVIL step=2
ANVIL equalized update rel_l2=0.00410800777 max_abs=0.00146484375
ANVIL lane energy rel_l2=0.000252270706 max_abs=3.1341915e-07
ANVIL parameter shadow rel_l2=1.18629854e-05 max_abs=5.85988164e-06
ANVIL equalized update rel_l2=0.00443405342 max_abs=0.001953125
ANVIL lane energy rel_l2=0.000323915778 max_abs=4.58210707e-07
ANVIL parameter shadow rel_l2=2.56688849e-05 max_abs=1.56275928e-05
ANVIL equalized update rel_l2=0.00448807553 max_abs=0.001953125
ANVIL lane energy rel_l2=0.000288009494 max_abs=4.44008037e-07
ANVIL parameter shadow rel_l2=3.88540801e-05 max_abs=2.34376639e-05
ANVIL equalized update rel_l2=0.0043787578 max_abs=0.00146484375
ANVIL lane energy rel_l2=0.000264370359 max_abs=3.94298695e-07
ANVIL parameter shadow rel_l2=5.0491984e-05 max_abs=2.34395266e-05
ANVIL equalized update rel_l2=0.00436917641 max_abs=0.001953125
ANVIL lane energy rel_l2=0.000285954948 max_abs=4.83851181e-07
ANVIL parameter shadow rel_l2=6.30380377e-05 max_abs=3.90633941e-05
ANVIL equalized update rel_l2=0.0043544259 max_abs=0.001953125
ANVIL lane energy rel_l2=0.000268022572 max_abs=3.88856279e-07
ANVIL parameter shadow rel_l2=7.53862583e-05 max_abs=4.68753278e-05
ANVIL equalized update rel_l2=0.00398274891 max_abs=0.00146484375
ANVIL lane energy rel_l2=0.000837379602 max_abs=1.65388337e-06
ANVIL parameter shadow rel_l2=7.87020466e-05 max_abs=4.10228968e-05
ANVIL equalized update rel_l2=0.00408520355 max_abs=0.00146484375
ANVIL lane energy rel_l2=0.000858471038 max_abs=1.67434337e-06
ANVIL parameter shadow rel_l2=9.22964204e-05 max_abs=4.68753278e-05
ANVIL equalized update rel_l2=0.00450423806 max_abs=0.00219726562
ANVIL lane energy rel_l2=0.000155661544 max_abs=6.23258529e-08
ANVIL parameter shadow rel_l2=6.11525171e-05 max_abs=7.90953636e-05
ANVIL equalized update rel_l2=0.00438480744 max_abs=0.00219726562
ANVIL lane energy rel_l2=0.000150575515 max_abs=6.00048224e-08
ANVIL parameter shadow rel_l2=6.61674267e-05 max_abs=8.7890774e-05
ANVIL equalized update rel_l2=0.00428615935 max_abs=0.00219726562
ANVIL lane energy rel_l2=0.00014618567 max_abs=5.1673851e-08
ANVIL parameter shadow rel_l2=7.11041009e-05 max_abs=9.66796651e-05
ANVIL timing_workers=132
ANVIL persistent+reset repeated_steps median_ms=16.021904 samples_ms= 16.444704 15.713888 16.376991 15.712736 16.171648 16.344704 15.817952 16.533983 15.872160 15.582048
ANVIL timing_workers=264
ANVIL persistent+reset repeated_steps median_ms=10.827104 samples_ms= 9.415360 11.606176 9.267296 10.505952 10.836256 11.150592 11.316384 11.458112 10.817952 10.500864
ANVIL timing_workers=528
ANVIL persistent+reset repeated_steps median_ms=9.231584 samples_ms= 9.493824 8.969088 9.519648 8.816192 9.479040 8.823456 8.984128 8.826560 9.488480 9.792544
ANVIL separate repeated_steps median_ms=16.113488 samples_ms= 16.078497 16.004864 16.114304 16.061567 16.141567 16.128864 16.123648 16.148577 16.112673 16.086464
ANVIL CUDA-graph repeated_steps median_ms=15.810016 samples_ms= 15.802656 15.809088 15.821696 15.857824 15.875712 15.877600 15.719040 15.779264 15.810944 15.787296
ANVIL PASS: independent numerical oracle, exact state update, task visits, staged/production/all-family replay

$ make -C /workspace/cuda sanitize BIN=anvil CHECK_FLAGS=
make: Entering directory '/workspace/cuda'
compute-sanitizer --tool memcheck --error-exitcode 1 ./anvil --quick 
========= COMPUTE-SANITIZER
GPU[0]=NVIDIA H100 80GB HBM3 SMs=132 runtime=12080
ANVIL batch=3 workers=3 pattern=0
ANVIL matrix rows=17 cols=33 split=0
ANVIL matrix rows=33 cols=17 split=0
ANVIL matrix rows=17 cols=17 split=0
ANVIL tasks=152 dependencies=69 roots=3 products=54
ANVIL step=0
ANVIL equalized update rel_l2=0 max_abs=0
ANVIL lane energy rel_l2=5.20318378e-08 max_abs=4.65661287e-10
ANVIL parameter shadow rel_l2=0 max_abs=0
ANVIL equalized update rel_l2=0 max_abs=0
ANVIL lane energy rel_l2=2.93558859e-08 max_abs=4.65661287e-10
ANVIL parameter shadow rel_l2=0 max_abs=0
ANVIL equalized update rel_l2=0 max_abs=0
ANVIL lane energy rel_l2=3.83463464e-08 max_abs=4.65661287e-10
ANVIL parameter shadow rel_l2=0 max_abs=0
ANVIL step=1
ANVIL equalized update rel_l2=0 max_abs=0
ANVIL lane energy rel_l2=2.74051453e-08 max_abs=4.65661287e-10
ANVIL parameter shadow rel_l2=0 max_abs=0
ANVIL equalized update rel_l2=0 max_abs=0
ANVIL lane energy rel_l2=3.09008785e-08 max_abs=4.65661287e-10
ANVIL parameter shadow rel_l2=0 max_abs=0
ANVIL equalized update rel_l2=0 max_abs=0
ANVIL lane energy rel_l2=0 max_abs=0
ANVIL parameter shadow rel_l2=0 max_abs=0
ANVIL step=2
ANVIL equalized update rel_l2=0 max_abs=0
ANVIL lane energy rel_l2=9.53933353e-09 max_abs=4.65661287e-10
ANVIL parameter shadow rel_l2=0 max_abs=0
ANVIL equalized update rel_l2=0 max_abs=0
ANVIL lane energy rel_l2=1.94294596e-08 max_abs=9.31322575e-10
ANVIL parameter shadow rel_l2=0 max_abs=0
ANVIL equalized update rel_l2=0.00817729591 max_abs=0.00634765625
ANVIL lane energy rel_l2=0.00228436415 max_abs=7.97100365e-05
ANVIL parameter shadow rel_l2=0.000451144754 max_abs=7.61672854e-05
ANVIL PASS: independent numerical oracle, exact state update, task visits, staged/production/all-family replay
ANVIL batch=1 workers=1 pattern=1
ANVIL matrix rows=31 cols=65 split=0
ANVIL tasks=98 dependencies=23 roots=2 products=18
ANVIL step=0
ANVIL equalized update rel_l2=0 max_abs=0
ANVIL lane energy rel_l2=0 max_abs=0
ANVIL parameter shadow rel_l2=0 max_abs=0
ANVIL step=1
ANVIL equalized update rel_l2=0 max_abs=0
ANVIL lane energy rel_l2=0 max_abs=0
ANVIL parameter shadow rel_l2=0 max_abs=0
ANVIL step=2
ANVIL equalized update rel_l2=0 max_abs=0
ANVIL lane energy rel_l2=0 max_abs=0
ANVIL parameter shadow rel_l2=0 max_abs=0
ANVIL PASS: independent numerical oracle, exact state update, task visits, staged/production/all-family replay
ANVIL RECIPE LIMITATION rows=1 cols=1 pattern=0: native and independent reference both produce 1/1 non-finite updates; no clamp applied
ANVIL RECIPE LIMITATION rows=17 cols=33 pattern=2: native and independent reference both produce 561/561 non-finite updates; no clamp applied
ANVIL equalized update rel_l2=0 max_abs=0
ANVIL lane energy rel_l2=0 max_abs=0
ANVIL parameter shadow rel_l2=0 max_abs=0
ANVIL batch=2 workers=17 pattern=0
ANVIL matrix rows=1024 cols=17 split=0
ANVIL matrix rows=1025 cols=17 split=1
ANVIL tasks=2381 dependencies=46 roots=35 products=36
ANVIL step=0
ANVIL equalized update rel_l2=0.000568586622 max_abs=0.00048828125
ANVIL lane energy rel_l2=0.000203256371 max_abs=3.80074198e-07
ANVIL parameter shadow rel_l2=8.14349317e-06 max_abs=1.12354755e-05
ANVIL equalized update rel_l2=0.00730047284 max_abs=0.00512695312
ANVIL lane energy rel_l2=0.00475073883 max_abs=7.20110256e-06
ANVIL parameter shadow rel_l2=0.00010538983 max_abs=0.000117920339
ANVIL step=1
ANVIL equalized update rel_l2=0.00500108127 max_abs=0.0009765625
ANVIL lane energy rel_l2=0.00180307109 max_abs=1.79035123e-06
ANVIL parameter shadow rel_l2=2.80408695e-05 max_abs=8.7916851e-06
ANVIL equalized update rel_l2=0 max_abs=0
ANVIL lane energy rel_l2=2.70510967e-08 max_abs=2.91038305e-11
ANVIL parameter shadow rel_l2=0 max_abs=0
ANVIL step=2
ANVIL equalized update rel_l2=0.000354944 max_abs=0.00048828125
ANVIL lane energy rel_l2=7.29807229e-05 max_abs=4.55795089e-07
ANVIL parameter shadow rel_l2=8.84623229e-07 max_abs=1.95391476e-06
ANVIL equalized update rel_l2=3.95125101e-05 max_abs=0.000122070312
ANVIL lane energy rel_l2=3.18696482e-06 max_abs=2.86090653e-08
ANVIL parameter shadow rel_l2=1.98715898e-07 max_abs=9.76026058e-07
ANVIL PASS: independent numerical oracle, exact state update, task visits, staged/production/all-family replay
========= ERROR SUMMARY: 0 errors
compute-sanitizer --tool initcheck --error-exitcode 1 ./anvil --quick 
========= COMPUTE-SANITIZER
GPU[0]=NVIDIA H100 80GB HBM3 SMs=132 runtime=12080
ANVIL batch=3 workers=3 pattern=0
ANVIL matrix rows=17 cols=33 split=0
ANVIL matrix rows=33 cols=17 split=0
ANVIL matrix rows=17 cols=17 split=0
ANVIL tasks=152 dependencies=69 roots=3 products=54
ANVIL step=0
ANVIL equalized update rel_l2=0 max_abs=0
ANVIL lane energy rel_l2=5.20318378e-08 max_abs=4.65661287e-10
ANVIL parameter shadow rel_l2=0 max_abs=0
ANVIL equalized update rel_l2=0 max_abs=0
ANVIL lane energy rel_l2=2.93558859e-08 max_abs=4.65661287e-10
ANVIL parameter shadow rel_l2=0 max_abs=0
ANVIL equalized update rel_l2=0 max_abs=0
ANVIL lane energy rel_l2=3.83463464e-08 max_abs=4.65661287e-10
ANVIL parameter shadow rel_l2=0 max_abs=0
ANVIL step=1
ANVIL equalized update rel_l2=0 max_abs=0
ANVIL lane energy rel_l2=2.74051453e-08 max_abs=4.65661287e-10
ANVIL parameter shadow rel_l2=0 max_abs=0
ANVIL equalized update rel_l2=0 max_abs=0
ANVIL lane energy rel_l2=3.09008785e-08 max_abs=4.65661287e-10
ANVIL parameter shadow rel_l2=0 max_abs=0
ANVIL equalized update rel_l2=0 max_abs=0
ANVIL lane energy rel_l2=0 max_abs=0
ANVIL parameter shadow rel_l2=0 max_abs=0
ANVIL step=2
ANVIL equalized update rel_l2=0 max_abs=0
ANVIL lane energy rel_l2=9.53933353e-09 max_abs=4.65661287e-10
ANVIL parameter shadow rel_l2=0 max_abs=0
ANVIL equalized update rel_l2=0 max_abs=0
ANVIL lane energy rel_l2=1.94294596e-08 max_abs=9.31322575e-10
ANVIL parameter shadow rel_l2=0 max_abs=0
ANVIL equalized update rel_l2=0.00817729591 max_abs=0.00634765625
ANVIL lane energy rel_l2=0.00228436415 max_abs=7.97100365e-05
ANVIL parameter shadow rel_l2=0.000451144754 max_abs=7.61672854e-05
ANVIL PASS: independent numerical oracle, exact state update, task visits, staged/production/all-family replay
ANVIL batch=1 workers=1 pattern=1
ANVIL matrix rows=31 cols=65 split=0
ANVIL tasks=98 dependencies=23 roots=2 products=18
ANVIL step=0
ANVIL equalized update rel_l2=0 max_abs=0
ANVIL lane energy rel_l2=0 max_abs=0
ANVIL parameter shadow rel_l2=0 max_abs=0
ANVIL step=1
ANVIL equalized update rel_l2=0 max_abs=0
ANVIL lane energy rel_l2=0 max_abs=0
ANVIL parameter shadow rel_l2=0 max_abs=0
ANVIL step=2
ANVIL equalized update rel_l2=0 max_abs=0
ANVIL lane energy rel_l2=0 max_abs=0
ANVIL parameter shadow rel_l2=0 max_abs=0
ANVIL PASS: independent numerical oracle, exact state update, task visits, staged/production/all-family replay
ANVIL RECIPE LIMITATION rows=1 cols=1 pattern=0: native and independent reference both produce 1/1 non-finite updates; no clamp applied
ANVIL RECIPE LIMITATION rows=17 cols=33 pattern=2: native and independent reference both produce 561/561 non-finite updates; no clamp applied
ANVIL equalized update rel_l2=0 max_abs=0
ANVIL lane energy rel_l2=0 max_abs=0
ANVIL parameter shadow rel_l2=0 max_abs=0
ANVIL batch=2 workers=17 pattern=0
ANVIL matrix rows=1024 cols=17 split=0
ANVIL matrix rows=1025 cols=17 split=1
ANVIL tasks=2381 dependencies=46 roots=35 products=36
ANVIL step=0
ANVIL equalized update rel_l2=0.000568586622 max_abs=0.00048828125
ANVIL lane energy rel_l2=0.000203256371 max_abs=3.80074198e-07
ANVIL parameter shadow rel_l2=8.14349317e-06 max_abs=1.12354755e-05
ANVIL equalized update rel_l2=0.00730047284 max_abs=0.00512695312
ANVIL lane energy rel_l2=0.00475073883 max_abs=7.20110256e-06
ANVIL parameter shadow rel_l2=0.00010538983 max_abs=0.000117920339
ANVIL step=1
ANVIL equalized update rel_l2=0.00500108127 max_abs=0.0009765625
ANVIL lane energy rel_l2=0.00180307109 max_abs=1.79035123e-06
ANVIL parameter shadow rel_l2=2.80408695e-05 max_abs=8.7916851e-06
ANVIL equalized update rel_l2=0 max_abs=0
ANVIL lane energy rel_l2=2.70510967e-08 max_abs=2.91038305e-11
ANVIL parameter shadow rel_l2=0 max_abs=0
ANVIL step=2
ANVIL equalized update rel_l2=0.000354944 max_abs=0.00048828125
ANVIL lane energy rel_l2=7.29807229e-05 max_abs=4.55795089e-07
ANVIL parameter shadow rel_l2=8.84623229e-07 max_abs=1.95391476e-06
ANVIL equalized update rel_l2=3.95125101e-05 max_abs=0.000122070312
ANVIL lane energy rel_l2=3.18696482e-06 max_abs=2.86090653e-08
ANVIL parameter shadow rel_l2=1.98715898e-07 max_abs=9.76026058e-07
ANVIL PASS: independent numerical oracle, exact state update, task visits, staged/production/all-family replay
========= ERROR SUMMARY: 0 errors
compute-sanitizer --tool racecheck --error-exitcode 1 ./anvil --quick 
========= COMPUTE-SANITIZER
GPU[0]=NVIDIA H100 80GB HBM3 SMs=132 runtime=12080
ANVIL batch=3 workers=3 pattern=0
ANVIL matrix rows=17 cols=33 split=0
ANVIL matrix rows=33 cols=17 split=0
ANVIL matrix rows=17 cols=17 split=0
ANVIL tasks=152 dependencies=69 roots=3 products=54
ANVIL step=0
ANVIL equalized update rel_l2=0 max_abs=0
ANVIL lane energy rel_l2=5.20318378e-08 max_abs=4.65661287e-10
ANVIL parameter shadow rel_l2=0 max_abs=0
ANVIL equalized update rel_l2=0 max_abs=0
ANVIL lane energy rel_l2=2.93558859e-08 max_abs=4.65661287e-10
ANVIL parameter shadow rel_l2=0 max_abs=0
ANVIL equalized update rel_l2=0 max_abs=0
ANVIL lane energy rel_l2=3.83463464e-08 max_abs=4.65661287e-10
ANVIL parameter shadow rel_l2=0 max_abs=0
ANVIL step=1
ANVIL equalized update rel_l2=0 max_abs=0
ANVIL lane energy rel_l2=2.74051453e-08 max_abs=4.65661287e-10
ANVIL parameter shadow rel_l2=0 max_abs=0
ANVIL equalized update rel_l2=0 max_abs=0
ANVIL lane energy rel_l2=3.09008785e-08 max_abs=4.65661287e-10
ANVIL parameter shadow rel_l2=0 max_abs=0
ANVIL equalized update rel_l2=0 max_abs=0
ANVIL lane energy rel_l2=0 max_abs=0
ANVIL parameter shadow rel_l2=0 max_abs=0
ANVIL step=2
ANVIL equalized update rel_l2=0 max_abs=0
ANVIL lane energy rel_l2=9.53933353e-09 max_abs=4.65661287e-10
ANVIL parameter shadow rel_l2=0 max_abs=0
ANVIL equalized update rel_l2=0 max_abs=0
ANVIL lane energy rel_l2=1.94294596e-08 max_abs=9.31322575e-10
ANVIL parameter shadow rel_l2=0 max_abs=0
ANVIL equalized update rel_l2=0.00817729591 max_abs=0.00634765625
ANVIL lane energy rel_l2=0.00228436415 max_abs=7.97100365e-05
ANVIL parameter shadow rel_l2=0.000451144754 max_abs=7.61672854e-05
ANVIL PASS: independent numerical oracle, exact state update, task visits, staged/production/all-family replay
ANVIL batch=1 workers=1 pattern=1
ANVIL matrix rows=31 cols=65 split=0
ANVIL tasks=98 dependencies=23 roots=2 products=18
ANVIL step=0
ANVIL equalized update rel_l2=0 max_abs=0
ANVIL lane energy rel_l2=0 max_abs=0
ANVIL parameter shadow rel_l2=0 max_abs=0
ANVIL step=1
ANVIL equalized update rel_l2=0 max_abs=0
ANVIL lane energy rel_l2=0 max_abs=0
ANVIL parameter shadow rel_l2=0 max_abs=0
ANVIL step=2
ANVIL equalized update rel_l2=0 max_abs=0
ANVIL lane energy rel_l2=0 max_abs=0
ANVIL parameter shadow rel_l2=0 max_abs=0
ANVIL PASS: independent numerical oracle, exact state update, task visits, staged/production/all-family replay
ANVIL RECIPE LIMITATION rows=1 cols=1 pattern=0: native and independent reference both produce 1/1 non-finite updates; no clamp applied
ANVIL RECIPE LIMITATION rows=17 cols=33 pattern=2: native and independent reference both produce 561/561 non-finite updates; no clamp applied
ANVIL equalized update rel_l2=0 max_abs=0
ANVIL lane energy rel_l2=0 max_abs=0
ANVIL parameter shadow rel_l2=0 max_abs=0
ANVIL batch=2 workers=17 pattern=0
ANVIL matrix rows=1024 cols=17 split=0
ANVIL matrix rows=1025 cols=17 split=1
ANVIL tasks=2381 dependencies=46 roots=35 products=36
ANVIL step=0
ANVIL equalized update rel_l2=0.000568586622 max_abs=0.00048828125
ANVIL lane energy rel_l2=0.000203256371 max_abs=3.80074198e-07
ANVIL parameter shadow rel_l2=8.14349317e-06 max_abs=1.12354755e-05
ANVIL equalized update rel_l2=0.00730047284 max_abs=0.00512695312
ANVIL lane energy rel_l2=0.00475073883 max_abs=7.20110256e-06
ANVIL parameter shadow rel_l2=0.00010538983 max_abs=0.000117920339
ANVIL step=1
ANVIL equalized update rel_l2=0.00500108127 max_abs=0.0009765625
ANVIL lane energy rel_l2=0.00180307109 max_abs=1.79035123e-06
ANVIL parameter shadow rel_l2=2.80408695e-05 max_abs=8.7916851e-06
ANVIL equalized update rel_l2=0 max_abs=0
ANVIL lane energy rel_l2=2.70510967e-08 max_abs=2.91038305e-11
ANVIL parameter shadow rel_l2=0 max_abs=0
ANVIL step=2
ANVIL equalized update rel_l2=0.000354944 max_abs=0.00048828125
ANVIL lane energy rel_l2=7.29807229e-05 max_abs=4.55795089e-07
ANVIL parameter shadow rel_l2=8.84623229e-07 max_abs=1.95391476e-06
ANVIL equalized update rel_l2=3.95125101e-05 max_abs=0.000122070312
ANVIL lane energy rel_l2=3.18696482e-06 max_abs=2.86090653e-08
ANVIL parameter shadow rel_l2=1.98715898e-07 max_abs=9.76026058e-07
ANVIL PASS: independent numerical oracle, exact state update, task visits, staged/production/all-family replay
========= RACECHECK SUMMARY: 0 hazards displayed (0 errors, 0 warnings)
compute-sanitizer --tool synccheck --error-exitcode 1 ./anvil --quick 
========= COMPUTE-SANITIZER
GPU[0]=NVIDIA H100 80GB HBM3 SMs=132 runtime=12080
ANVIL batch=3 workers=3 pattern=0
ANVIL matrix rows=17 cols=33 split=0
ANVIL matrix rows=33 cols=17 split=0
ANVIL matrix rows=17 cols=17 split=0
ANVIL tasks=152 dependencies=69 roots=3 products=54
ANVIL step=0
ANVIL equalized update rel_l2=0 max_abs=0
ANVIL lane energy rel_l2=5.20318378e-08 max_abs=4.65661287e-10
ANVIL parameter shadow rel_l2=0 max_abs=0
ANVIL equalized update rel_l2=0 max_abs=0
ANVIL lane energy rel_l2=2.93558859e-08 max_abs=4.65661287e-10
ANVIL parameter shadow rel_l2=0 max_abs=0
ANVIL equalized update rel_l2=0 max_abs=0
ANVIL lane energy rel_l2=3.83463464e-08 max_abs=4.65661287e-10
ANVIL parameter shadow rel_l2=0 max_abs=0
ANVIL step=1
ANVIL equalized update rel_l2=0 max_abs=0
ANVIL lane energy rel_l2=2.74051453e-08 max_abs=4.65661287e-10
ANVIL parameter shadow rel_l2=0 max_abs=0
ANVIL equalized update rel_l2=0 max_abs=0
ANVIL lane energy rel_l2=3.09008785e-08 max_abs=4.65661287e-10
ANVIL parameter shadow rel_l2=0 max_abs=0
ANVIL equalized update rel_l2=0 max_abs=0
ANVIL lane energy rel_l2=0 max_abs=0
ANVIL parameter shadow rel_l2=0 max_abs=0
ANVIL step=2
ANVIL equalized update rel_l2=0 max_abs=0
ANVIL lane energy rel_l2=9.53933353e-09 max_abs=4.65661287e-10
ANVIL parameter shadow rel_l2=0 max_abs=0
ANVIL equalized update rel_l2=0 max_abs=0
ANVIL lane energy rel_l2=1.94294596e-08 max_abs=9.31322575e-10
ANVIL parameter shadow rel_l2=0 max_abs=0
ANVIL equalized update rel_l2=0.00817729591 max_abs=0.00634765625
ANVIL lane energy rel_l2=0.00228436415 max_abs=7.97100365e-05
ANVIL parameter shadow rel_l2=0.000451144754 max_abs=7.61672854e-05
ANVIL PASS: independent numerical oracle, exact state update, task visits, staged/production/all-family replay
ANVIL batch=1 workers=1 pattern=1
ANVIL matrix rows=31 cols=65 split=0
ANVIL tasks=98 dependencies=23 roots=2 products=18
ANVIL step=0
ANVIL equalized update rel_l2=0 max_abs=0
ANVIL lane energy rel_l2=0 max_abs=0
ANVIL parameter shadow rel_l2=0 max_abs=0
ANVIL step=1
ANVIL equalized update rel_l2=0 max_abs=0
ANVIL lane energy rel_l2=0 max_abs=0
ANVIL parameter shadow rel_l2=0 max_abs=0
ANVIL step=2
ANVIL equalized update rel_l2=0 max_abs=0
ANVIL lane energy rel_l2=0 max_abs=0
ANVIL parameter shadow rel_l2=0 max_abs=0
ANVIL PASS: independent numerical oracle, exact state update, task visits, staged/production/all-family replay
ANVIL RECIPE LIMITATION rows=1 cols=1 pattern=0: native and independent reference both produce 1/1 non-finite updates; no clamp applied
ANVIL RECIPE LIMITATION rows=17 cols=33 pattern=2: native and independent reference both produce 561/561 non-finite updates; no clamp applied
ANVIL equalized update rel_l2=0 max_abs=0
ANVIL lane energy rel_l2=0 max_abs=0
ANVIL parameter shadow rel_l2=0 max_abs=0
ANVIL batch=2 workers=17 pattern=0
ANVIL matrix rows=1024 cols=17 split=0
ANVIL matrix rows=1025 cols=17 split=1
ANVIL tasks=2381 dependencies=46 roots=35 products=36
ANVIL step=0
ANVIL equalized update rel_l2=0.000568586622 max_abs=0.00048828125
ANVIL lane energy rel_l2=0.000203256371 max_abs=3.80074198e-07
ANVIL parameter shadow rel_l2=8.14349317e-06 max_abs=1.12354755e-05
ANVIL equalized update rel_l2=0.00730047284 max_abs=0.00512695312
ANVIL lane energy rel_l2=0.00475073883 max_abs=7.20110256e-06
ANVIL parameter shadow rel_l2=0.00010538983 max_abs=0.000117920339
ANVIL step=1
ANVIL equalized update rel_l2=0.00500108127 max_abs=0.0009765625
ANVIL lane energy rel_l2=0.00180307109 max_abs=1.79035123e-06
ANVIL parameter shadow rel_l2=2.80408695e-05 max_abs=8.7916851e-06
ANVIL equalized update rel_l2=0 max_abs=0
ANVIL lane energy rel_l2=2.70510967e-08 max_abs=2.91038305e-11
ANVIL parameter shadow rel_l2=0 max_abs=0
ANVIL step=2
ANVIL equalized update rel_l2=0.000354944 max_abs=0.00048828125
ANVIL lane energy rel_l2=7.29807229e-05 max_abs=4.55795089e-07
ANVIL parameter shadow rel_l2=8.84623229e-07 max_abs=1.95391476e-06
ANVIL equalized update rel_l2=3.95125101e-05 max_abs=0.000122070312
ANVIL lane energy rel_l2=3.18696482e-06 max_abs=2.86090653e-08
ANVIL parameter shadow rel_l2=1.98715898e-07 max_abs=9.76026058e-07
ANVIL PASS: independent numerical oracle, exact state update, task visits, staged/production/all-family replay
========= ERROR SUMMARY: 0 errors
make: Leaving directory '/workspace/cuda'

Static SASS instruction counts for _ZN4nano10megakernelILb0ELb0ELb0ELb1ELb1EEEvNS_5GraphE: {'HMMA': 56, 'HGMMA': 0, 'LDGSTS': 56, 'LDL': 0, 'STL': 0}
Static SASS instruction counts for _ZN4nano10megakernelILb0ELb0ELb1ELb1ELb1EEEvNS_5GraphE: {'HMMA': 56, 'HGMMA': 0, 'LDGSTS': 56, 'LDL': 0, 'STL': 0}