sha256 47805f2d63025f0637b837d9be942146385d01ce55723a20ee8a5a2316a587d2 Makefile
sha256 489a50ab144cd30e1e42d2029754c92de2ef09a2051f1a6034f9fe840fc8d2c2 anvil.cu
sha256 1dc9217e8b64c5b061aff94ec81e26279bf1a64c9d3cc8386cc97568adc41936 anvil.cuh
sha256 96d97e1fdc6596c83415a4d0ceff7138686ea3c1aecf1c99b8d8f28d38690409 anvil_graph.cuh
sha256 5a55ce388ca131f3fcac75df07010da61a2899a0889e3f04028c49b655639607 attention.cu
sha256 e812d0893018744a951d04067f35048daff4799b3f4404eb146ba669f81f4d45 attention.cuh
sha256 3e440eaae5c70e1791210b0ad95f15bc194b9cd146c2a9e9332b901be6547c6a attention_layer.cu
sha256 695c4567bd0491798eca2523d60012dfb9b59e3e22e925826af6260032b9e585 attention_layer.cuh
sha256 de27db628c091dd98b7a48ce4ff7bdf6a015482736c0be4da88373fe250a6861 attention_layer_reference.cuh
sha256 e8c9d493882f43781cb0cf48e1ae59a39c3d87f2901a33c07d3b52c30e092220 attention_post.cuh
sha256 7bae7cc6d4defc9026d5882b9e970dc184b2ff492d6735c7f67f40403dcfc239 attention_reference.cuh
sha256 27d710da211d259c85d64fbbd7db383565758285686f078ee7b90fea38a70c6d bench.cuh
sha256 a1239425b438fa85c0628a25decee76f394162bc6c3aae2cfa03cc6e5fd1c3d9 bf16.cu
sha256 538793c348108ea29c361401d86cd7855e8b16db9f441ec824bbd6b4f927e12b bf16_gemm.cuh
sha256 6eb043b0deec41825720d6ba638468d9aec856a01cb2b9dec6c23a28ffe49a81 frontier.cuh
sha256 6c7816f88d3635a7a72d3db3eb5fb7b09dd04f5350db0b76e7769ec0b570e361 hopper.cuh
sha256 37cff44cfee07a18bc64f7d901559a8d2b848b3491460ce7db4682557d0b11ec megakernel.cuh
sha256 2cfe05bf690ca0783fddd52ff5337f292baff00fd328c5d851d55264aadddf36 qkv.cuh
sha256 cef57ceb07ba44e55effc962c75d7f96485a7f1b80a5555438c99016553708d9 quantize.cu
sha256 f2bff3dccf7c4d0f34cf0013fecc638bf73931d93eb069f5791551950ad2a43b tokenizer.cpp
sha256 6162af3343d30737858843abf1b3e930bee0e4af510aa75df73a810816d39da9 transport.cu
sha256 4c74b0dba9a3a754d4fff90f9cab402ed715067484f50079efdc703ddb8ef6fe validate.cu
$ nvidia-smi
Sat Sep 19 04:54:00 2026       
+-----------------------------------------------------------------------------------------+
| NVIDIA-SMI 580.95.05              Driver Version: 580.95.05      CUDA Version: 13.0     |
+-----------------------------------------+------------------------+----------------------+
| GPU  Name                 Persistence-M | Bus-Id          Disp.A | Volatile Uncorr. ECC |
| Fan  Temp   Perf          Pwr:Usage/Cap |           Memory-Usage | GPU-Util  Compute M. |
|                                         |                        |               MIG M. |
|=========================================+========================+======================|
|   0  NVIDIA H100 80GB HBM3          On  |   00000000:87:00.0 Off |                    0 |
| N/A   41C    P0             69W /  700W |       4MiB /  81559MiB |      0%      Default |
|                                         |                        |             Disabled |
+-----------------------------------------+------------------------+----------------------+

+-----------------------------------------------------------------------------------------+
| Processes:                                                                              |
|  GPU   GI   CI              PID   Type   Process name                        GPU Memory |
|        ID   ID                                                               Usage      |
|=========================================================================================|
|  No running processes found                                                             |
+-----------------------------------------------------------------------------------------+

$ nvcc --version
nvcc: NVIDIA (R) Cuda compiler driver
Copyright (c) 2005-2025 NVIDIA Corporation
Built on Fri_Feb_21_20:23:50_PST_2025
Cuda compilation tools, release 12.8, V12.8.93
Build cuda_12.8.r12.8/compiler.35583870_0

$ make -C /workspace/cuda layer
make: Entering directory '/workspace/cuda'
nvcc -std=c++17 -O3 -arch=sm_90a -lineinfo -Xptxas=-v,-warn-spills -DNANO_TRANSPOSE_PAD=4 -DNANO_REUSE_QUANT=1 -DNANO_MIN_BLOCKS=4 -DNANO_ALIGNED=1 -DNANO_K_LOOP=1 -DNANO_FRONTIER=1 -DNANO_BF16_COALESCED=1 attention_layer.cu -lcublas -o layer
ptxas warning : Registers are spilled to local memory in function '_ZN4nano10megakernelILb0ELb0ELb1ELb1ELb0ELb1EEEvNS_5GraphE', 4 bytes spill stores, 4 bytes spill loads
ptxas warning : Registers are spilled to local memory in function '_ZN4nano10megakernelILb1ELb0ELb1ELb1ELb0ELb1EEEvNS_5GraphE', 4 bytes spill stores, 4 bytes spill loads
ptxas info    : 0 bytes gmem
ptxas info    : Compiling entry function '_ZN4nano10megakernelILb0ELb0ELb1ELb1ELb0ELb1EEEvNS_5GraphE' for 'sm_90a'
ptxas info    : Function properties for _ZN4nano10megakernelILb0ELb0ELb1ELb1ELb0ELb1EEEvNS_5GraphE
    8 bytes stack frame, 4 bytes spill stores, 4 bytes spill loads
ptxas info    : Used 128 registers, used 1 barriers, 8 bytes cumulative stack size, 32776 bytes smem
ptxas info    : Compile time = 1389.768 ms
ptxas info    : Compiling entry function '_ZN4nano10megakernelILb1ELb0ELb1ELb1ELb0ELb1EEEvNS_5GraphE' for 'sm_90a'
ptxas info    : Function properties for _ZN4nano10megakernelILb1ELb0ELb1ELb1ELb0ELb1EEEvNS_5GraphE
    8 bytes stack frame, 4 bytes spill stores, 4 bytes spill loads
ptxas info    : Used 128 registers, used 1 barriers, 8 bytes cumulative stack size, 32776 bytes smem
ptxas info    : Compile time = 1383.070 ms
ptxas info    : Compiling entry function '_Z12staged_layerN4nano5GraphEi' for 'sm_90a'
ptxas info    : Function properties for _Z12staged_layerN4nano5GraphEi
    0 bytes stack frame, 0 bytes spill stores, 0 bytes spill loads
ptxas info    : Used 153 registers, used 1 barriers, 32768 bytes smem
ptxas info    : Compile time = 913.013 ms
ptxas info    : Compiling entry function '_Z11reset_layerN4nano5GraphEi' for 'sm_90a'
ptxas info    : Function properties for _Z11reset_layerN4nano5GraphEi
    0 bytes stack frame, 0 bytes spill stores, 0 bytes spill loads
ptxas info    : Used 12 registers, used 0 barriers
ptxas info    : Compile time = 1.887 ms
make: Leaving directory '/workspace/cuda'

$ /workspace/cuda/layer
GPU[0]=NVIDIA H100 80GB HBM3 SMs=132 runtime=12080
LAYER FP8 projection/product rel_l2=3.26069308e-08 max_abs=2.38418579e-07
LAYER FP8 projection/product rel_l2=7.52559618e-09 max_abs=1.1920929e-07
LAYER FP8 projection/product rel_l2=7.14791976e-08 max_abs=8.94069672e-08
LAYER BF16 projection/product rel_l2=6.82017445e-07 max_abs=1.78813934e-06
LAYER BF16 projection/product rel_l2=7.27824221e-07 max_abs=3.87430191e-07
LAYER BF16 projection/product rel_l2=5.5782683e-08 max_abs=1.78813934e-07
LAYER Q transform rel_l2=0 max_abs=0
LAYER K transform rel_l2=0 max_abs=0
LAYER V transform rel_l2=0 max_abs=0
LAYER attention Y rel_l2=6.50500077e-08 max_abs=2.06561368e-07
LAYER attention dQ rel_l2=1.60156328e-07 max_abs=9.57452164e-08
LAYER attention dK rel_l2=1.61299685e-07 max_abs=7.23865766e-08
LAYER attention dV rel_l2=1.17839593e-07 max_abs=9.50735384e-08
LAYER post Y rel_l2=0 max_abs=0
LAYER post dY rel_l2=0 max_abs=0
LAYER post dV side rel_l2=0 max_abs=0
LAYER post dAlpha rel_l2=0 max_abs=0
LAYER post dGate rel_l2=0 max_abs=0
LAYER QKV backward rel_l2=4.14319098e-08 max_abs=8.64222663e-08
LAYER gain gradients rel_l2=7.75336475e-08 max_abs=6.38695695e-07
LAYER SMOKE tokens=32 qk=64 v=128 paired=0 xsa=0 gate=0 tasks=2607 gains=-6.14603,-8.12121,-6.31649
LAYER FP8 projection/product rel_l2=3.1730639e-08 max_abs=2.38418579e-07
LAYER FP8 projection/product rel_l2=3.34623631e-08 max_abs=2.38418579e-07
LAYER FP8 projection/product rel_l2=6.33514308e-09 max_abs=5.96046448e-08
LAYER FP8 projection/product rel_l2=7.09053124e-08 max_abs=8.94069672e-08
LAYER BF16 projection/product rel_l2=7.4705293e-07 max_abs=1.66893005e-06
LAYER BF16 projection/product rel_l2=7.27824221e-07 max_abs=3.87430191e-07
LAYER BF16 projection/product rel_l2=5.70808966e-08 max_abs=1.78813934e-07
LAYER Q transform rel_l2=0 max_abs=0
LAYER K transform rel_l2=0 max_abs=0
LAYER V transform rel_l2=0 max_abs=0
LAYER attention Y rel_l2=8.89268062e-08 max_abs=2.2145326e-07
LAYER attention dQ rel_l2=1.58155333e-07 max_abs=4.17302575e-08
LAYER attention dK rel_l2=1.74671502e-07 max_abs=7.26893417e-08
LAYER attention dV rel_l2=1.40849155e-07 max_abs=1.08551039e-07
LAYER post Y rel_l2=0 max_abs=0
LAYER post dY rel_l2=0 max_abs=0
LAYER post dV side rel_l2=0 max_abs=0
LAYER post dAlpha rel_l2=0 max_abs=0
LAYER post dGate rel_l2=0 max_abs=0
LAYER QKV backward rel_l2=4.30403778e-08 max_abs=4.83995836e-08
LAYER gain gradients rel_l2=5.61291217e-08 max_abs=4.68672049e-07
LAYER SMOKE tokens=32 qk=64 v=128 paired=1 xsa=0 gate=0 tasks=2607 gains=0.925956,-7.49602,-5.83024
LAYER FP8 projection/product rel_l2=3.44855726e-08 max_abs=1.78813934e-07
LAYER FP8 projection/product rel_l2=9.44478576e-09 max_abs=5.96046448e-08
LAYER FP8 projection/product rel_l2=9.65925117e-08 max_abs=5.96046448e-08
LAYER BF16 projection/product rel_l2=7.91676169e-07 max_abs=1.01327896e-06
LAYER BF16 projection/product rel_l2=7.31660526e-07 max_abs=4.76837158e-07
LAYER BF16 projection/product rel_l2=7.24097938e-08 max_abs=1.1920929e-07
LAYER Q transform rel_l2=8.46468544e-11 max_abs=1.32713467e-08
LAYER K transform rel_l2=0 max_abs=0
LAYER V transform rel_l2=0 max_abs=0
LAYER attention Y rel_l2=6.99414694e-08 max_abs=1.84638636e-07
LAYER attention dQ rel_l2=1.59669328e-07 max_abs=3.63943266e-08
LAYER attention dK rel_l2=1.59571123e-07 max_abs=2.74852966e-08
LAYER attention dV rel_l2=1.14505248e-07 max_abs=5.06381395e-08
LAYER post Y rel_l2=3.8315918e-08 max_abs=6.1550389e-08
LAYER post dY rel_l2=2.58664899e-08 max_abs=1.46500708e-08
LAYER post dV side rel_l2=8.67993825e-08 max_abs=7.99930241e-09
LAYER post dAlpha rel_l2=6.33252993e-08 max_abs=3.28990931e-08
LAYER post dGate rel_l2=7.37930098e-08 max_abs=8.86135235e-08
LAYER QKV backward rel_l2=4.54348191e-08 max_abs=4.67452492e-08
LAYER gain gradients rel_l2=1.79683155e-07 max_abs=1.52463247e-07
LAYER SMOKE tokens=32 qk=128 v=128 paired=0 xsa=1 gate=1 tasks=3339 gains=0.766214,0.822864,0.640006
LAYER FP8 projection/product rel_l2=3.52183961e-08 max_abs=2.38418579e-07
LAYER FP8 projection/product rel_l2=7.0637575e-09 max_abs=5.96046448e-08
LAYER FP8 projection/product rel_l2=5.47778089e-08 max_abs=4.47034836e-08
LAYER BF16 projection/product rel_l2=3.53311903e-07 max_abs=8.34465027e-07
LAYER BF16 projection/product rel_l2=7.23375163e-07 max_abs=4.76837158e-07
LAYER BF16 projection/product rel_l2=5.79329615e-08 max_abs=2.38418579e-07
LAYER Q transform rel_l2=3.52361897e-05 max_abs=0.00390625
LAYER K transform rel_l2=0 max_abs=0
LAYER V transform rel_l2=0 max_abs=0
LAYER attention Y rel_l2=6.79680448e-08 max_abs=1.93386443e-07
LAYER attention dQ rel_l2=1.40601205e-07 max_abs=2.43423493e-08
LAYER attention dK rel_l2=1.4362578e-07 max_abs=3.44654813e-08
LAYER attention dV rel_l2=1.09631522e-07 max_abs=7.76584245e-08
LAYER post Y rel_l2=3.06552322e-08 max_abs=1.34580122e-07
LAYER post dY rel_l2=2.59151102e-08 max_abs=1.75358454e-08
LAYER post dV side rel_l2=9.83111687e-08 max_abs=2.96360095e-08
LAYER post dAlpha rel_l2=6.08985526e-08 max_abs=7.13450383e-08
LAYER post dGate rel_l2=0 max_abs=0
LAYER QKV backward rel_l2=4.16957383e-08 max_abs=4.45488137e-08
LAYER gain gradients rel_l2=7.50135531e-08 max_abs=3.7360121e-07
LAYER SMOKE tokens=32 qk=64 v=64 paired=0 xsa=1 gate=0 tasks=1875 gains=5.62479,-3.1392,-2.4416
PASS: connected attention layer, independent stage references and exact replay

$ make -C /workspace/cuda sanitize BIN=layer CHECK_FLAGS=
make: Entering directory '/workspace/cuda'
compute-sanitizer --tool memcheck --error-exitcode 1 ./layer --quick 
========= COMPUTE-SANITIZER
GPU[0]=NVIDIA H100 80GB HBM3 SMs=132 runtime=12080
LAYER FP8 projection/product rel_l2=3.26069308e-08 max_abs=2.38418579e-07
LAYER FP8 projection/product rel_l2=7.52559618e-09 max_abs=1.1920929e-07
LAYER FP8 projection/product rel_l2=7.14791976e-08 max_abs=8.94069672e-08
LAYER BF16 projection/product rel_l2=6.82017445e-07 max_abs=1.78813934e-06
LAYER BF16 projection/product rel_l2=7.27824221e-07 max_abs=3.87430191e-07
LAYER BF16 projection/product rel_l2=5.5782683e-08 max_abs=1.78813934e-07
LAYER Q transform rel_l2=0 max_abs=0
LAYER K transform rel_l2=0 max_abs=0
LAYER V transform rel_l2=0 max_abs=0
LAYER attention Y rel_l2=6.50500077e-08 max_abs=2.06561368e-07
LAYER attention dQ rel_l2=1.60156328e-07 max_abs=9.57452164e-08
LAYER attention dK rel_l2=1.61299685e-07 max_abs=7.23865766e-08
LAYER attention dV rel_l2=1.17839593e-07 max_abs=9.50735384e-08
LAYER post Y rel_l2=0 max_abs=0
LAYER post dY rel_l2=0 max_abs=0
LAYER post dV side rel_l2=0 max_abs=0
LAYER post dAlpha rel_l2=0 max_abs=0
LAYER post dGate rel_l2=0 max_abs=0
LAYER QKV backward rel_l2=4.14319098e-08 max_abs=8.64222663e-08
LAYER gain gradients rel_l2=7.75336475e-08 max_abs=6.38695695e-07
LAYER SMOKE tokens=32 qk=64 v=128 paired=0 xsa=0 gate=0 tasks=2607 gains=-6.14603,-8.12121,-6.31649
LAYER FP8 projection/product rel_l2=3.1730639e-08 max_abs=2.38418579e-07
LAYER FP8 projection/product rel_l2=3.34623631e-08 max_abs=2.38418579e-07
LAYER FP8 projection/product rel_l2=6.33514308e-09 max_abs=5.96046448e-08
LAYER FP8 projection/product rel_l2=7.09053124e-08 max_abs=8.94069672e-08
LAYER BF16 projection/product rel_l2=7.4705293e-07 max_abs=1.66893005e-06
LAYER BF16 projection/product rel_l2=7.27824221e-07 max_abs=3.87430191e-07
LAYER BF16 projection/product rel_l2=5.70808966e-08 max_abs=1.78813934e-07
LAYER Q transform rel_l2=0 max_abs=0
LAYER K transform rel_l2=0 max_abs=0
LAYER V transform rel_l2=0 max_abs=0
LAYER attention Y rel_l2=8.89268062e-08 max_abs=2.2145326e-07
LAYER attention dQ rel_l2=1.58155333e-07 max_abs=4.17302575e-08
LAYER attention dK rel_l2=1.74671502e-07 max_abs=7.26893417e-08
LAYER attention dV rel_l2=1.40849155e-07 max_abs=1.08551039e-07
LAYER post Y rel_l2=0 max_abs=0
LAYER post dY rel_l2=0 max_abs=0
LAYER post dV side rel_l2=0 max_abs=0
LAYER post dAlpha rel_l2=0 max_abs=0
LAYER post dGate rel_l2=0 max_abs=0
LAYER QKV backward rel_l2=4.30403778e-08 max_abs=4.83995836e-08
LAYER gain gradients rel_l2=5.61291217e-08 max_abs=4.68672049e-07
LAYER SMOKE tokens=32 qk=64 v=128 paired=1 xsa=0 gate=0 tasks=2607 gains=0.925956,-7.49602,-5.83024
LAYER FP8 projection/product rel_l2=3.44855726e-08 max_abs=1.78813934e-07
LAYER FP8 projection/product rel_l2=9.44478576e-09 max_abs=5.96046448e-08
LAYER FP8 projection/product rel_l2=9.65925117e-08 max_abs=5.96046448e-08
LAYER BF16 projection/product rel_l2=7.91676169e-07 max_abs=1.01327896e-06
LAYER BF16 projection/product rel_l2=7.31660526e-07 max_abs=4.76837158e-07
LAYER BF16 projection/product rel_l2=7.24097938e-08 max_abs=1.1920929e-07
LAYER Q transform rel_l2=8.46468544e-11 max_abs=1.32713467e-08
LAYER K transform rel_l2=0 max_abs=0
LAYER V transform rel_l2=0 max_abs=0
LAYER attention Y rel_l2=6.99414694e-08 max_abs=1.84638636e-07
LAYER attention dQ rel_l2=1.59669328e-07 max_abs=3.63943266e-08
LAYER attention dK rel_l2=1.59571123e-07 max_abs=2.74852966e-08
LAYER attention dV rel_l2=1.14505248e-07 max_abs=5.06381395e-08
LAYER post Y rel_l2=3.8315918e-08 max_abs=6.1550389e-08
LAYER post dY rel_l2=2.58664899e-08 max_abs=1.46500708e-08
LAYER post dV side rel_l2=8.67993825e-08 max_abs=7.99930241e-09
LAYER post dAlpha rel_l2=6.33252993e-08 max_abs=3.28990931e-08
LAYER post dGate rel_l2=7.37930098e-08 max_abs=8.86135235e-08
LAYER QKV backward rel_l2=4.54348191e-08 max_abs=4.67452492e-08
LAYER gain gradients rel_l2=1.79683155e-07 max_abs=1.52463247e-07
LAYER SMOKE tokens=32 qk=128 v=128 paired=0 xsa=1 gate=1 tasks=3339 gains=0.766214,0.822864,0.640006
LAYER FP8 projection/product rel_l2=3.52183961e-08 max_abs=2.38418579e-07
LAYER FP8 projection/product rel_l2=7.0637575e-09 max_abs=5.96046448e-08
LAYER FP8 projection/product rel_l2=5.47778089e-08 max_abs=4.47034836e-08
LAYER BF16 projection/product rel_l2=3.53311903e-07 max_abs=8.34465027e-07
LAYER BF16 projection/product rel_l2=7.23375163e-07 max_abs=4.76837158e-07
LAYER BF16 projection/product rel_l2=5.79329615e-08 max_abs=2.38418579e-07
LAYER Q transform rel_l2=3.52361897e-05 max_abs=0.00390625
LAYER K transform rel_l2=0 max_abs=0
LAYER V transform rel_l2=0 max_abs=0
LAYER attention Y rel_l2=6.79680448e-08 max_abs=1.93386443e-07
LAYER attention dQ rel_l2=1.40601205e-07 max_abs=2.43423493e-08
LAYER attention dK rel_l2=1.4362578e-07 max_abs=3.44654813e-08
LAYER attention dV rel_l2=1.09631522e-07 max_abs=7.76584245e-08
LAYER post Y rel_l2=3.06552322e-08 max_abs=1.34580122e-07
LAYER post dY rel_l2=2.59151102e-08 max_abs=1.75358454e-08
LAYER post dV side rel_l2=9.83111687e-08 max_abs=2.96360095e-08
LAYER post dAlpha rel_l2=6.08985526e-08 max_abs=7.13450383e-08
LAYER post dGate rel_l2=0 max_abs=0
LAYER QKV backward rel_l2=4.16957383e-08 max_abs=4.45488137e-08
LAYER gain gradients rel_l2=7.50135531e-08 max_abs=3.7360121e-07
LAYER SMOKE tokens=32 qk=64 v=64 paired=0 xsa=1 gate=0 tasks=1875 gains=5.62479,-3.1392,-2.4416
PASS: connected attention layer, independent stage references and exact replay
========= ERROR SUMMARY: 0 errors
compute-sanitizer --tool initcheck --error-exitcode 1 ./layer --quick 
========= COMPUTE-SANITIZER
GPU[0]=NVIDIA H100 80GB HBM3 SMs=132 runtime=12080
LAYER FP8 projection/product rel_l2=3.26069308e-08 max_abs=2.38418579e-07
LAYER FP8 projection/product rel_l2=7.52559618e-09 max_abs=1.1920929e-07
LAYER FP8 projection/product rel_l2=7.14791976e-08 max_abs=8.94069672e-08
LAYER BF16 projection/product rel_l2=6.82017445e-07 max_abs=1.78813934e-06
LAYER BF16 projection/product rel_l2=7.27824221e-07 max_abs=3.87430191e-07
LAYER BF16 projection/product rel_l2=5.5782683e-08 max_abs=1.78813934e-07
LAYER Q transform rel_l2=0 max_abs=0
LAYER K transform rel_l2=0 max_abs=0
LAYER V transform rel_l2=0 max_abs=0
LAYER attention Y rel_l2=6.50500077e-08 max_abs=2.06561368e-07
LAYER attention dQ rel_l2=1.60156328e-07 max_abs=9.57452164e-08
LAYER attention dK rel_l2=1.61299685e-07 max_abs=7.23865766e-08
LAYER attention dV rel_l2=1.17839593e-07 max_abs=9.50735384e-08
LAYER post Y rel_l2=0 max_abs=0
LAYER post dY rel_l2=0 max_abs=0
LAYER post dV side rel_l2=0 max_abs=0
LAYER post dAlpha rel_l2=0 max_abs=0
LAYER post dGate rel_l2=0 max_abs=0
LAYER QKV backward rel_l2=4.14319098e-08 max_abs=8.64222663e-08
LAYER gain gradients rel_l2=7.75336475e-08 max_abs=6.38695695e-07
LAYER SMOKE tokens=32 qk=64 v=128 paired=0 xsa=0 gate=0 tasks=2607 gains=-6.14603,-8.12121,-6.31649
LAYER FP8 projection/product rel_l2=3.1730639e-08 max_abs=2.38418579e-07
LAYER FP8 projection/product rel_l2=3.34623631e-08 max_abs=2.38418579e-07
LAYER FP8 projection/product rel_l2=6.33514308e-09 max_abs=5.96046448e-08
LAYER FP8 projection/product rel_l2=7.09053124e-08 max_abs=8.94069672e-08
LAYER BF16 projection/product rel_l2=7.4705293e-07 max_abs=1.66893005e-06
LAYER BF16 projection/product rel_l2=7.27824221e-07 max_abs=3.87430191e-07
LAYER BF16 projection/product rel_l2=5.70808966e-08 max_abs=1.78813934e-07
LAYER Q transform rel_l2=0 max_abs=0
LAYER K transform rel_l2=0 max_abs=0
LAYER V transform rel_l2=0 max_abs=0
LAYER attention Y rel_l2=8.89268062e-08 max_abs=2.2145326e-07
LAYER attention dQ rel_l2=1.58155333e-07 max_abs=4.17302575e-08
LAYER attention dK rel_l2=1.74671502e-07 max_abs=7.26893417e-08
LAYER attention dV rel_l2=1.40849155e-07 max_abs=1.08551039e-07
LAYER post Y rel_l2=0 max_abs=0
LAYER post dY rel_l2=0 max_abs=0
LAYER post dV side rel_l2=0 max_abs=0
LAYER post dAlpha rel_l2=0 max_abs=0
LAYER post dGate rel_l2=0 max_abs=0
LAYER QKV backward rel_l2=4.30403778e-08 max_abs=4.83995836e-08
LAYER gain gradients rel_l2=5.61291217e-08 max_abs=4.68672049e-07
LAYER SMOKE tokens=32 qk=64 v=128 paired=1 xsa=0 gate=0 tasks=2607 gains=0.925956,-7.49602,-5.83024
LAYER FP8 projection/product rel_l2=3.44855726e-08 max_abs=1.78813934e-07
LAYER FP8 projection/product rel_l2=9.44478576e-09 max_abs=5.96046448e-08
LAYER FP8 projection/product rel_l2=9.65925117e-08 max_abs=5.96046448e-08
LAYER BF16 projection/product rel_l2=7.91676169e-07 max_abs=1.01327896e-06
LAYER BF16 projection/product rel_l2=7.31660526e-07 max_abs=4.76837158e-07
LAYER BF16 projection/product rel_l2=7.24097938e-08 max_abs=1.1920929e-07
LAYER Q transform rel_l2=8.46468544e-11 max_abs=1.32713467e-08
LAYER K transform rel_l2=0 max_abs=0
LAYER V transform rel_l2=0 max_abs=0
LAYER attention Y rel_l2=6.99414694e-08 max_abs=1.84638636e-07
LAYER attention dQ rel_l2=1.59669328e-07 max_abs=3.63943266e-08
LAYER attention dK rel_l2=1.59571123e-07 max_abs=2.74852966e-08
LAYER attention dV rel_l2=1.14505248e-07 max_abs=5.06381395e-08
LAYER post Y rel_l2=3.8315918e-08 max_abs=6.1550389e-08
LAYER post dY rel_l2=2.58664899e-08 max_abs=1.46500708e-08
LAYER post dV side rel_l2=8.67993825e-08 max_abs=7.99930241e-09
LAYER post dAlpha rel_l2=6.33252993e-08 max_abs=3.28990931e-08
LAYER post dGate rel_l2=7.37930098e-08 max_abs=8.86135235e-08
LAYER QKV backward rel_l2=4.54348191e-08 max_abs=4.67452492e-08
LAYER gain gradients rel_l2=1.79683155e-07 max_abs=1.52463247e-07
LAYER SMOKE tokens=32 qk=128 v=128 paired=0 xsa=1 gate=1 tasks=3339 gains=0.766214,0.822864,0.640006
LAYER FP8 projection/product rel_l2=3.52183961e-08 max_abs=2.38418579e-07
LAYER FP8 projection/product rel_l2=7.0637575e-09 max_abs=5.96046448e-08
LAYER FP8 projection/product rel_l2=5.47778089e-08 max_abs=4.47034836e-08
LAYER BF16 projection/product rel_l2=3.53311903e-07 max_abs=8.34465027e-07
LAYER BF16 projection/product rel_l2=7.23375163e-07 max_abs=4.76837158e-07
LAYER BF16 projection/product rel_l2=5.79329615e-08 max_abs=2.38418579e-07
LAYER Q transform rel_l2=3.52361897e-05 max_abs=0.00390625
LAYER K transform rel_l2=0 max_abs=0
LAYER V transform rel_l2=0 max_abs=0
LAYER attention Y rel_l2=6.79680448e-08 max_abs=1.93386443e-07
LAYER attention dQ rel_l2=1.40601205e-07 max_abs=2.43423493e-08
LAYER attention dK rel_l2=1.4362578e-07 max_abs=3.44654813e-08
LAYER attention dV rel_l2=1.09631522e-07 max_abs=7.76584245e-08
LAYER post Y rel_l2=3.06552322e-08 max_abs=1.34580122e-07
LAYER post dY rel_l2=2.59151102e-08 max_abs=1.75358454e-08
LAYER post dV side rel_l2=9.83111687e-08 max_abs=2.96360095e-08
LAYER post dAlpha rel_l2=6.08985526e-08 max_abs=7.13450383e-08
LAYER post dGate rel_l2=0 max_abs=0
LAYER QKV backward rel_l2=4.16957383e-08 max_abs=4.45488137e-08
LAYER gain gradients rel_l2=7.50135531e-08 max_abs=3.7360121e-07
LAYER SMOKE tokens=32 qk=64 v=64 paired=0 xsa=1 gate=0 tasks=1875 gains=5.62479,-3.1392,-2.4416
PASS: connected attention layer, independent stage references and exact replay
========= ERROR SUMMARY: 0 errors
compute-sanitizer --tool racecheck --error-exitcode 1 ./layer --quick 
========= COMPUTE-SANITIZER
GPU[0]=NVIDIA H100 80GB HBM3 SMs=132 runtime=12080
LAYER FP8 projection/product rel_l2=3.26069308e-08 max_abs=2.38418579e-07
LAYER FP8 projection/product rel_l2=7.52559618e-09 max_abs=1.1920929e-07
LAYER FP8 projection/product rel_l2=7.14791976e-08 max_abs=8.94069672e-08
LAYER BF16 projection/product rel_l2=6.82017445e-07 max_abs=1.78813934e-06
LAYER BF16 projection/product rel_l2=7.27824221e-07 max_abs=3.87430191e-07
LAYER BF16 projection/product rel_l2=5.5782683e-08 max_abs=1.78813934e-07
LAYER Q transform rel_l2=0 max_abs=0
LAYER K transform rel_l2=0 max_abs=0
LAYER V transform rel_l2=0 max_abs=0
LAYER attention Y rel_l2=6.50500077e-08 max_abs=2.06561368e-07
LAYER attention dQ rel_l2=1.60156328e-07 max_abs=9.57452164e-08
LAYER attention dK rel_l2=1.61299685e-07 max_abs=7.23865766e-08
LAYER attention dV rel_l2=1.17839593e-07 max_abs=9.50735384e-08
LAYER post Y rel_l2=0 max_abs=0
LAYER post dY rel_l2=0 max_abs=0
LAYER post dV side rel_l2=0 max_abs=0
LAYER post dAlpha rel_l2=0 max_abs=0
LAYER post dGate rel_l2=0 max_abs=0
LAYER QKV backward rel_l2=4.14319098e-08 max_abs=8.64222663e-08
LAYER gain gradients rel_l2=7.75336475e-08 max_abs=6.38695695e-07
LAYER SMOKE tokens=32 qk=64 v=128 paired=0 xsa=0 gate=0 tasks=2607 gains=-6.14603,-8.12121,-6.31649
LAYER FP8 projection/product rel_l2=3.1730639e-08 max_abs=2.38418579e-07
LAYER FP8 projection/product rel_l2=3.34623631e-08 max_abs=2.38418579e-07
LAYER FP8 projection/product rel_l2=6.33514308e-09 max_abs=5.96046448e-08
LAYER FP8 projection/product rel_l2=7.09053124e-08 max_abs=8.94069672e-08
LAYER BF16 projection/product rel_l2=7.4705293e-07 max_abs=1.66893005e-06
LAYER BF16 projection/product rel_l2=7.27824221e-07 max_abs=3.87430191e-07
LAYER BF16 projection/product rel_l2=5.70808966e-08 max_abs=1.78813934e-07
LAYER Q transform rel_l2=0 max_abs=0
LAYER K transform rel_l2=0 max_abs=0
LAYER V transform rel_l2=0 max_abs=0
LAYER attention Y rel_l2=8.89268062e-08 max_abs=2.2145326e-07
LAYER attention dQ rel_l2=1.58155333e-07 max_abs=4.17302575e-08
LAYER attention dK rel_l2=1.74671502e-07 max_abs=7.26893417e-08
LAYER attention dV rel_l2=1.40849155e-07 max_abs=1.08551039e-07
LAYER post Y rel_l2=0 max_abs=0
LAYER post dY rel_l2=0 max_abs=0
LAYER post dV side rel_l2=0 max_abs=0
LAYER post dAlpha rel_l2=0 max_abs=0
LAYER post dGate rel_l2=0 max_abs=0
LAYER QKV backward rel_l2=4.30403778e-08 max_abs=4.83995836e-08
LAYER gain gradients rel_l2=5.61291217e-08 max_abs=4.68672049e-07
LAYER SMOKE tokens=32 qk=64 v=128 paired=1 xsa=0 gate=0 tasks=2607 gains=0.925956,-7.49602,-5.83024
LAYER FP8 projection/product rel_l2=3.44855726e-08 max_abs=1.78813934e-07
LAYER FP8 projection/product rel_l2=9.44478576e-09 max_abs=5.96046448e-08
LAYER FP8 projection/product rel_l2=9.65925117e-08 max_abs=5.96046448e-08
LAYER BF16 projection/product rel_l2=7.91676169e-07 max_abs=1.01327896e-06
LAYER BF16 projection/product rel_l2=7.31660526e-07 max_abs=4.76837158e-07
LAYER BF16 projection/product rel_l2=7.24097938e-08 max_abs=1.1920929e-07
LAYER Q transform rel_l2=8.46468544e-11 max_abs=1.32713467e-08
LAYER K transform rel_l2=0 max_abs=0
LAYER V transform rel_l2=0 max_abs=0
LAYER attention Y rel_l2=6.99414694e-08 max_abs=1.84638636e-07
LAYER attention dQ rel_l2=1.59669328e-07 max_abs=3.63943266e-08
LAYER attention dK rel_l2=1.59571123e-07 max_abs=2.74852966e-08
LAYER attention dV rel_l2=1.14505248e-07 max_abs=5.06381395e-08
LAYER post Y rel_l2=3.8315918e-08 max_abs=6.1550389e-08
LAYER post dY rel_l2=2.58664899e-08 max_abs=1.46500708e-08
LAYER post dV side rel_l2=8.67993825e-08 max_abs=7.99930241e-09
LAYER post dAlpha rel_l2=6.33252993e-08 max_abs=3.28990931e-08
LAYER post dGate rel_l2=7.37930098e-08 max_abs=8.86135235e-08
LAYER QKV backward rel_l2=4.54348191e-08 max_abs=4.67452492e-08
LAYER gain gradients rel_l2=1.79683155e-07 max_abs=1.52463247e-07
LAYER SMOKE tokens=32 qk=128 v=128 paired=0 xsa=1 gate=1 tasks=3339 gains=0.766214,0.822864,0.640006
LAYER FP8 projection/product rel_l2=3.52183961e-08 max_abs=2.38418579e-07
LAYER FP8 projection/product rel_l2=7.0637575e-09 max_abs=5.96046448e-08
LAYER FP8 projection/product rel_l2=5.47778089e-08 max_abs=4.47034836e-08
LAYER BF16 projection/product rel_l2=3.53311903e-07 max_abs=8.34465027e-07
LAYER BF16 projection/product rel_l2=7.23375163e-07 max_abs=4.76837158e-07
LAYER BF16 projection/product rel_l2=5.79329615e-08 max_abs=2.38418579e-07
LAYER Q transform rel_l2=3.52361897e-05 max_abs=0.00390625
LAYER K transform rel_l2=0 max_abs=0
LAYER V transform rel_l2=0 max_abs=0
LAYER attention Y rel_l2=6.79680448e-08 max_abs=1.93386443e-07
LAYER attention dQ rel_l2=1.40601205e-07 max_abs=2.43423493e-08
LAYER attention dK rel_l2=1.4362578e-07 max_abs=3.44654813e-08
LAYER attention dV rel_l2=1.09631522e-07 max_abs=7.76584245e-08
LAYER post Y rel_l2=3.06552322e-08 max_abs=1.34580122e-07
LAYER post dY rel_l2=2.59151102e-08 max_abs=1.75358454e-08
LAYER post dV side rel_l2=9.83111687e-08 max_abs=2.96360095e-08
LAYER post dAlpha rel_l2=6.08985526e-08 max_abs=7.13450383e-08
LAYER post dGate rel_l2=0 max_abs=0
LAYER QKV backward rel_l2=4.16957383e-08 max_abs=4.45488137e-08
LAYER gain gradients rel_l2=7.50135531e-08 max_abs=3.7360121e-07
LAYER SMOKE tokens=32 qk=64 v=64 paired=0 xsa=1 gate=0 tasks=1875 gains=5.62479,-3.1392,-2.4416
PASS: connected attention layer, independent stage references and exact replay
========= RACECHECK SUMMARY: 0 hazards displayed (0 errors, 0 warnings)
compute-sanitizer --tool synccheck --error-exitcode 1 ./layer --quick 
========= COMPUTE-SANITIZER
GPU[0]=NVIDIA H100 80GB HBM3 SMs=132 runtime=12080
LAYER FP8 projection/product rel_l2=3.26069308e-08 max_abs=2.38418579e-07
LAYER FP8 projection/product rel_l2=7.52559618e-09 max_abs=1.1920929e-07
LAYER FP8 projection/product rel_l2=7.14791976e-08 max_abs=8.94069672e-08
LAYER BF16 projection/product rel_l2=6.82017445e-07 max_abs=1.78813934e-06
LAYER BF16 projection/product rel_l2=7.27824221e-07 max_abs=3.87430191e-07
LAYER BF16 projection/product rel_l2=5.5782683e-08 max_abs=1.78813934e-07
LAYER Q transform rel_l2=0 max_abs=0
LAYER K transform rel_l2=0 max_abs=0
LAYER V transform rel_l2=0 max_abs=0
LAYER attention Y rel_l2=6.50500077e-08 max_abs=2.06561368e-07
LAYER attention dQ rel_l2=1.60156328e-07 max_abs=9.57452164e-08
LAYER attention dK rel_l2=1.61299685e-07 max_abs=7.23865766e-08
LAYER attention dV rel_l2=1.17839593e-07 max_abs=9.50735384e-08
LAYER post Y rel_l2=0 max_abs=0
LAYER post dY rel_l2=0 max_abs=0
LAYER post dV side rel_l2=0 max_abs=0
LAYER post dAlpha rel_l2=0 max_abs=0
LAYER post dGate rel_l2=0 max_abs=0
LAYER QKV backward rel_l2=4.14319098e-08 max_abs=8.64222663e-08
LAYER gain gradients rel_l2=7.75336475e-08 max_abs=6.38695695e-07
LAYER SMOKE tokens=32 qk=64 v=128 paired=0 xsa=0 gate=0 tasks=2607 gains=-6.14603,-8.12121,-6.31649
LAYER FP8 projection/product rel_l2=3.1730639e-08 max_abs=2.38418579e-07
LAYER FP8 projection/product rel_l2=3.34623631e-08 max_abs=2.38418579e-07
LAYER FP8 projection/product rel_l2=6.33514308e-09 max_abs=5.96046448e-08
LAYER FP8 projection/product rel_l2=7.09053124e-08 max_abs=8.94069672e-08
LAYER BF16 projection/product rel_l2=7.4705293e-07 max_abs=1.66893005e-06
LAYER BF16 projection/product rel_l2=7.27824221e-07 max_abs=3.87430191e-07
LAYER BF16 projection/product rel_l2=5.70808966e-08 max_abs=1.78813934e-07
LAYER Q transform rel_l2=0 max_abs=0
LAYER K transform rel_l2=0 max_abs=0
LAYER V transform rel_l2=0 max_abs=0
LAYER attention Y rel_l2=8.89268062e-08 max_abs=2.2145326e-07
LAYER attention dQ rel_l2=1.58155333e-07 max_abs=4.17302575e-08
LAYER attention dK rel_l2=1.74671502e-07 max_abs=7.26893417e-08
LAYER attention dV rel_l2=1.40849155e-07 max_abs=1.08551039e-07
LAYER post Y rel_l2=0 max_abs=0
LAYER post dY rel_l2=0 max_abs=0
LAYER post dV side rel_l2=0 max_abs=0
LAYER post dAlpha rel_l2=0 max_abs=0
LAYER post dGate rel_l2=0 max_abs=0
LAYER QKV backward rel_l2=4.30403778e-08 max_abs=4.83995836e-08
LAYER gain gradients rel_l2=5.61291217e-08 max_abs=4.68672049e-07
LAYER SMOKE tokens=32 qk=64 v=128 paired=1 xsa=0 gate=0 tasks=2607 gains=0.925956,-7.49602,-5.83024
LAYER FP8 projection/product rel_l2=3.44855726e-08 max_abs=1.78813934e-07
LAYER FP8 projection/product rel_l2=9.44478576e-09 max_abs=5.96046448e-08
LAYER FP8 projection/product rel_l2=9.65925117e-08 max_abs=5.96046448e-08
LAYER BF16 projection/product rel_l2=7.91676169e-07 max_abs=1.01327896e-06
LAYER BF16 projection/product rel_l2=7.31660526e-07 max_abs=4.76837158e-07
LAYER BF16 projection/product rel_l2=7.24097938e-08 max_abs=1.1920929e-07
LAYER Q transform rel_l2=8.46468544e-11 max_abs=1.32713467e-08
LAYER K transform rel_l2=0 max_abs=0
LAYER V transform rel_l2=0 max_abs=0
LAYER attention Y rel_l2=6.99414694e-08 max_abs=1.84638636e-07
LAYER attention dQ rel_l2=1.59669328e-07 max_abs=3.63943266e-08
LAYER attention dK rel_l2=1.59571123e-07 max_abs=2.74852966e-08
LAYER attention dV rel_l2=1.14505248e-07 max_abs=5.06381395e-08
LAYER post Y rel_l2=3.8315918e-08 max_abs=6.1550389e-08
LAYER post dY rel_l2=2.58664899e-08 max_abs=1.46500708e-08
LAYER post dV side rel_l2=8.67993825e-08 max_abs=7.99930241e-09
LAYER post dAlpha rel_l2=6.33252993e-08 max_abs=3.28990931e-08
LAYER post dGate rel_l2=7.37930098e-08 max_abs=8.86135235e-08
LAYER QKV backward rel_l2=4.54348191e-08 max_abs=4.67452492e-08
LAYER gain gradients rel_l2=1.79683155e-07 max_abs=1.52463247e-07
LAYER SMOKE tokens=32 qk=128 v=128 paired=0 xsa=1 gate=1 tasks=3339 gains=0.766214,0.822864,0.640006
LAYER FP8 projection/product rel_l2=3.52183961e-08 max_abs=2.38418579e-07
LAYER FP8 projection/product rel_l2=7.0637575e-09 max_abs=5.96046448e-08
LAYER FP8 projection/product rel_l2=5.47778089e-08 max_abs=4.47034836e-08
LAYER BF16 projection/product rel_l2=3.53311903e-07 max_abs=8.34465027e-07
LAYER BF16 projection/product rel_l2=7.23375163e-07 max_abs=4.76837158e-07
LAYER BF16 projection/product rel_l2=5.79329615e-08 max_abs=2.38418579e-07
LAYER Q transform rel_l2=3.52361897e-05 max_abs=0.00390625
LAYER K transform rel_l2=0 max_abs=0
LAYER V transform rel_l2=0 max_abs=0
LAYER attention Y rel_l2=6.79680448e-08 max_abs=1.93386443e-07
LAYER attention dQ rel_l2=1.40601205e-07 max_abs=2.43423493e-08
LAYER attention dK rel_l2=1.4362578e-07 max_abs=3.44654813e-08
LAYER attention dV rel_l2=1.09631522e-07 max_abs=7.76584245e-08
LAYER post Y rel_l2=3.06552322e-08 max_abs=1.34580122e-07
LAYER post dY rel_l2=2.59151102e-08 max_abs=1.75358454e-08
LAYER post dV side rel_l2=9.83111687e-08 max_abs=2.96360095e-08
LAYER post dAlpha rel_l2=6.08985526e-08 max_abs=7.13450383e-08
LAYER post dGate rel_l2=0 max_abs=0
LAYER QKV backward rel_l2=4.16957383e-08 max_abs=4.45488137e-08
LAYER gain gradients rel_l2=7.50135531e-08 max_abs=3.7360121e-07
LAYER SMOKE tokens=32 qk=64 v=64 paired=0 xsa=1 gate=0 tasks=1875 gains=5.62479,-3.1392,-2.4416
PASS: connected attention layer, independent stage references and exact replay
========= ERROR SUMMARY: 0 errors
make: Leaving directory '/workspace/cuda'

Static SASS instruction counts for _ZN4nano10megakernelILb0ELb0ELb1ELb1ELb0ELb1EEEvNS_5GraphE: {'HMMA': 56, 'HGMMA': 0, 'LDGSTS': 56, 'LDL': 1, 'STL': 1}