sha256 4cdbaa3321affc61a7e0a8dc23c94c1e910d5c285450675b537190b168d9ffa1 cuda/Makefile
sha256 489a50ab144cd30e1e42d2029754c92de2ef09a2051f1a6034f9fe840fc8d2c2 cuda/anvil.cu
sha256 1dc9217e8b64c5b061aff94ec81e26279bf1a64c9d3cc8386cc97568adc41936 cuda/anvil.cuh
sha256 96d97e1fdc6596c83415a4d0ceff7138686ea3c1aecf1c99b8d8f28d38690409 cuda/anvil_graph.cuh
sha256 5a55ce388ca131f3fcac75df07010da61a2899a0889e3f04028c49b655639607 cuda/attention.cu
sha256 6d69702e9860e6d332a768bffef66ab1542b04d7b3815caab9e153f92c909156 cuda/attention.cuh
sha256 761bdf2690dab77d02aa19caae271942bed7c39eceab666c18bebc70354b597a cuda/attention_layer.cu
sha256 5e23df96de295a12c6770293bb3724e58ffee06f6310f0dbf43293c5c377ffac cuda/attention_layer.cuh
sha256 e43b134f524130c5fcc5b7ea3dfca072fed7dfcb72ff0957dbb0bd2e7d4f7733 cuda/attention_layer_reference.cuh
sha256 e8c9d493882f43781cb0cf48e1ae59a39c3d87f2901a33c07d3b52c30e092220 cuda/attention_post.cuh
sha256 7bae7cc6d4defc9026d5882b9e970dc184b2ff492d6735c7f67f40403dcfc239 cuda/attention_reference.cuh
sha256 a3be2ab6c64f030ca01f7d30c6a6bb7604b3bbe62257ba0aad9bb72bca232c76 cuda/bench.cuh
sha256 9dddb4cda1b99b427d6a5726c8a69513deb50cb06a97e36cdeac0893a600ac26 cuda/bf16.cu
sha256 6e99a879dfa2957f3ef9ba1bab8065f3a66191b157b6129b191b86265fd962f6 cuda/bf16_gemm.cuh
sha256 b6013fa23a801d8e288bf261029957d6931556cc18d7e7fc2de9974ad7887d6d cuda/embeddings.cuh
sha256 dd38c6d6039e09b954f14669ec4cd0877700ba1011719e8d784a5629f1a728d1 cuda/evaluation_head.cuh
sha256 ec94fd114bd2b8b97e2e890697973afe316a7ce5e2535476815f9db9e12a4778 cuda/evaluation_head_check.cuh
sha256 d4b3c092f09347b8d6cefd89d84d64bc7bea040a24b64c0dd8614fbfe7c8b621 cuda/frontier.cuh
sha256 75c4137f95d8b352fb02671ea4995ab6d8857390eb27d11479f7d6e628f02ce5 cuda/gates.cuh
sha256 acb42b1055ea9b02dc5e738c6f83b14a442784287dbd42d3e8a17a1b47aa33c8 cuda/head.cu
sha256 6c7816f88d3635a7a72d3db3eb5fb7b09dd04f5350db0b76e7769ec0b570e361 cuda/hopper.cuh
sha256 f5f9cb041309dc6e7d5ef3bc1fc456b77235b3aedfa440281a7a11cf8414eccc cuda/last_layer.cu
sha256 2b5e51d0612d34780b53c7033528f27d3463ee423a66444408bc5a388f04ef57 cuda/loss.cu
sha256 ec5ce81e7d72d16e30109bed5faef7347c12da459a03e057e927eda7defbba26 cuda/megakernel.cuh
sha256 650935fbe0799cec650ebe91331f83e58b23a3461c0a9df0f01a27a6dcebaec7 cuda/mlp_evaluation.cuh
sha256 abc976abdeaa14db113f1e1c880af4aa6b3399bb04b70e1f3718ac8abbc3d888 cuda/mlp_evaluation_check.cuh
sha256 130c9720933bf2a28d2114d5533a153971d9684d2be27fb4c962a67fe98ad357 cuda/mlp_training.cuh
sha256 960256e6097b5eb5a2a3e5505c14fabf62213b218441a16405ed0adceaa9ea9f cuda/model_evaluation.cuh
sha256 eafe6723a2b8a770528517590aa92e014ae315d4d9cbd9dea25bdd3139db22c4 cuda/model_evaluation_check.cuh
sha256 2cfe05bf690ca0783fddd52ff5337f292baff00fd328c5d851d55264aadddf36 cuda/qkv.cuh
sha256 cef57ceb07ba44e55effc962c75d7f96485a7f1b80a5555438c99016553708d9 cuda/quantize.cu
sha256 9075da55b9c101c83b3683c723f318808b2655b7b2b7219976b812520dc6deb2 cuda/routing.cu
sha256 ca484b3e8d99319779949171f011f533443b6cd387ad8d5459fdb676e072f33a cuda/routing.cuh
sha256 243d4a5e87f8b191f17f22b79bc4d5043e3b2620f9436bfcad7a671d81894182 cuda/suffix.cu
sha256 a7e11fd9d0b2c99162b82641a9512b574dc46161e36e7f50585bed85d99f6ef8 cuda/tail.cu
sha256 0d560717a19a59e5505d3567890ca1e93d0fe3b4aeec191cbd711e3d28988e4c cuda/tail_backward.cuh
sha256 0621799b3cb02485e39460b3fef825966fe42cf436ebcf76275a8cad3919dd79 cuda/tail_reference.cpp
sha256 0ebd41279767d6a31a504734fa15929f9502c2558209aac93e31b8444c498221 cuda/tail_reference.h
sha256 f2bff3dccf7c4d0f34cf0013fecc638bf73931d93eb069f5791551950ad2a43b cuda/tokenizer.cpp
sha256 5de4df83cf0040e94b7189fdc2752e58710298b69a71d7cb160ed09b0b471154 cuda/training_loss.cuh
sha256 15b680ed94a53c4bfe715d9a1a763a5bff7f9b071581ee54c5d76bfbe636a685 cuda/training_loss_reference.cu
sha256 4b6bd76acd9939104cab51766feddd2a4e1ff4b8499799d3091658c31f352d8b cuda/training_pack.cuh
sha256 6162af3343d30737858843abf1b3e930bee0e4af510aa75df73a810816d39da9 cuda/transport.cu
sha256 4c74b0dba9a3a754d4fff90f9cab402ed715067484f50079efdc703ddb8ef6fe cuda/validate.cu
sha256 c84052aad401b2d8c9ab6e347e77d14b4ed173a5ba5a7d9ec1d65cc70fbd6a37 train_gpt.py
sha256 8b43f4d0f584c1ae4f67dc90c2d2110c1013c4ef1454f1b0cef04de342105881 frontier.lock.json
PASS: 44 native source/build hashes match final archive, remote upload and current files; Python glue and frontier lock also match.
Frontier reference verified: PR #360 at c924f68e4d72e80307fc27a7bb3a55cfb6ad43c7
maintainer-approved techniques; open submission; not locally reproduced
Native status: token-to-loss BF16 evaluation graph with a tiled full-vocabulary head; FP8 training components, residual/RMS backward primitives and rank-local ANVIL; compiled-trainer parity, full backward, rotary state updates, sparse-cache transport, optimizer integration and distributed training/validation remain incomplete
train_gpt.py syntax OK
PASS: 20260919T092702884912Z-ef056db5: all 44 archived native source/build hashes match remote log.
PASS: 20260919T092821407453Z-9698f3b3: all 44 archived native source/build hashes match remote log.
PASS: 20260919T092821407453Z-f4d1eaef: all 44 archived native source/build hashes match remote log.
PASS: 20260919T093010465634Z-7eeac9af: all 44 archived native source/build hashes match remote log.
PASS: 20260919T093102040686Z-0c17da1e: all 44 archived native source/build hashes match remote log.
PASS: 20260919T093548217106Z-e7f0f1ab: all 44 archived native source/build hashes match remote log.
PASS: 20260919T093948040198Z-9eef376e: all 44 archived native source/build hashes match remote log.
PASS: 20260919T092702884912Z-ef056db5: 1 binary variant(s), 4 clean native sanitizer runs.
PASS: 20260919T092821407453Z-9698f3b3: 1 binary variant(s), 4 clean native sanitizer runs.
PASS: 20260919T092821407453Z-f4d1eaef: 1 binary variant(s), 4 clean native sanitizer runs.
PASS: 20260919T093102040686Z-0c17da1e: 2 binary variant(s), 8 clean native sanitizer runs.
PASS: 20260919T093548217106Z-e7f0f1ab: 2 binary variant(s), 8 clean native sanitizer runs.
PASS: 20260919T093948040198Z-9eef376e: 1 binary variant(s), 4 clean native sanitizer runs.
